../drivers/fsl_ctimer.c:71:17:CTIMER_GetInstance	0	static
../drivers/fsl_ctimer.c:98:6:CTIMER_Init	16	static
../drivers/fsl_ctimer.c:127:6:CTIMER_Deinit	0	static
../drivers/fsl_ctimer.c:153:6:CTIMER_GetDefaultConfig	8	static
../drivers/fsl_ctimer.c:190:10:CTIMER_SetupPwm	40	static
../drivers/fsl_ctimer.c:280:10:CTIMER_SetupPwmPeriod	40	static
../drivers/fsl_ctimer.c:347:6:CTIMER_UpdatePwmDutycycle	16	static
../drivers/fsl_ctimer.c:380:6:CTIMER_SetupMatch	32	static
../drivers/fsl_ctimer.c:433:10:CTIMER_GetOutputMatchStatus	0	static
../drivers/fsl_ctimer.c:448:6:CTIMER_SetupCapture	16	static
../drivers/fsl_ctimer.c:480:6:CTIMER_RegisterCallBack	16	static
../drivers/fsl_ctimer.c:536:6:CTIMER0_DriverIRQHandler	16	static
