../drivers/fsl_usart.c:65:10:USART_GetInstance	0	static
../drivers/fsl_usart.c:88:8:USART_TransferGetRxRingBufferLength	12	static
../drivers/fsl_usart.c:888:6:USART_TransferHandleIRQ	40	static
../drivers/fsl_usart.c:143:6:USART_TransferStartRingBuffer	0	static
../drivers/fsl_usart.c:169:6:USART_TransferStopRingBuffer	0	static
../drivers/fsl_usart.c:275:6:USART_Deinit	8	static
../drivers/fsl_usart.c:308:6:USART_GetDefaultConfig	8	static
../drivers/fsl_usart.c:349:10:USART_SetBaudRate	48	static
../drivers/fsl_usart.c:209:10:USART_Init	24	static
../drivers/fsl_usart.c:435:10:USART_WriteBlocking	8	static
../drivers/fsl_usart.c:496:10:USART_ReadBlocking	32	static
../drivers/fsl_usart.c:572:10:USART_TransferCreateHandle	24	static
../drivers/fsl_usart.c:620:10:USART_TransferSendNonBlocking	8	static
../drivers/fsl_usart.c:655:6:USART_TransferAbortSend	0	static
../drivers/fsl_usart.c:679:10:USART_TransferGetSendCount	0	static
../drivers/fsl_usart.c:725:10:USART_TransferReceiveNonBlocking	32	static
../drivers/fsl_usart.c:835:6:USART_TransferAbortReceive	0	static
../drivers/fsl_usart.c:862:10:USART_TransferGetReceiveCount	0	static
../drivers/fsl_usart.c:1007:6:USART0_DriverIRQHandler	8	static
../drivers/fsl_usart.c:1015:6:USART1_DriverIRQHandler	8	static
../drivers/fsl_usart.c:1023:6:USART2_DriverIRQHandler	8	static
../drivers/fsl_usart.c:1031:6:PIN_INT6_USART3_DriverIRQHandler	8	static
../drivers/fsl_usart.c:1039:6:PIN_INT7_USART4_DriverIRQHandler	8	static
