C:\Users\plasz\Documents\MCUXpressoIDE_11.7.0_9198\workspace\onlab\LPC845_Project\CMSIS/core_cm0plus.h:741:22:__NVIC_EnableIRQ	16	static
C:\Users\plasz\Documents\MCUXpressoIDE_11.7.0_9198\workspace\onlab\LPC845_Project\CMSIS/core_cm0plus.h:850:22:__NVIC_SetPriority	24	static
C:\Users\plasz\Documents\MCUXpressoIDE_11.7.0_9198\workspace\onlab\LPC845_Project\drivers/fsl_common_arm.h:499:24:EnableIRQ	24	static
C:\Users\plasz\Documents\MCUXpressoIDE_11.7.0_9198\workspace\onlab\LPC845_Project\drivers/fsl_usart.h:415:20:USART_EnableInterrupts	16	static
C:\Users\plasz\Documents\MCUXpressoIDE_11.7.0_9198\workspace\onlab\LPC845_Project\drivers/fsl_ctimer.h:497:20:CTIMER_StartTimer	16	static
C:\Users\plasz\Documents\MCUXpressoIDE_11.7.0_9198\workspace\onlab\LPC845_Project\drivers/fsl_adc.h:453:20:ADC_EnableConvSeqA	16	static
C:\Users\plasz\Documents\MCUXpressoIDE_11.7.0_9198\workspace\onlab\LPC845_Project\drivers/fsl_adc.h:708:20:ADC_EnableInterrupts	16	static
C:\Users\plasz\Documents\MCUXpressoIDE_11.7.0_9198\workspace\onlab\LPC845_Project\drivers/fsl_adc.h:731:20:ADC_EnableThresholdCompareInterrupt	24	static
C:\Users\plasz\Documents\MCUXpressoIDE_11.7.0_9198\workspace\onlab\LPC845_Project\drivers/fsl_sctimer.h:503:20:SCTIMER_StartTimer	16	static
C:\Users\plasz\Documents\MCUXpressoIDE_11.7.0_9198\workspace\onlab\LPC845_Project\drivers/fsl_mrt.h:129:20:MRT_SetupChannelMode	24	static
C:\Users\plasz\Documents\MCUXpressoIDE_11.7.0_9198\workspace\onlab\LPC845_Project\drivers/fsl_mrt.h:158:20:MRT_EnableInterrupts	24	static
C:\Users\plasz\Documents\MCUXpressoIDE_11.7.0_9198\workspace\onlab\LPC845_Project\drivers/fsl_mrt.h:290:20:MRT_StartTimer	24	static
../board/peripherals.c:111:13:USART1_init	8	static
../board/peripherals.c:181:13:CTIMER0_init	8	static
../board/peripherals.c:243:13:USART0_init	8	static
../board/peripherals.c:375:13:ADC0_init	8	static
../board/peripherals.c:481:13:SCT0_init	16	static
../board/peripherals.c:551:13:MRT0_init	8	static
../board/peripherals.c:587:6:BOARD_InitPeripherals	8	static
../board/peripherals.c:601:6:BOARD_InitBootPeripherals	8	static
