C:\Users\plasz\Documents\MCUXpressoIDE_11.7.0_9198\workspace\onlab\LPC845_Project\drivers/fsl_clock.h:558:20:CLOCK_EnableClock	16	static
C:\Users\plasz\Documents\MCUXpressoIDE_11.7.0_9198\workspace\onlab\LPC845_Project\drivers/fsl_clock.h:569:20:CLOCK_DisableClock	16	static
C:\Users\plasz\Documents\MCUXpressoIDE_11.7.0_9198\workspace\onlab\LPC845_Project\drivers/fsl_iocon.h:102:22:IOCON_PinMuxSet	24	static
../board/pin_mux.c:54:6:BOARD_InitBootPins	8	static
../board/pin_mux.c:99:6:BOARD_InitPins	32	static
../board/pin_mux.c:221:6:BOARD_InitLEDsPins	32	static
../board/pin_mux.c:319:6:BOARD_InitDEBUG_UARTPins	16	static
../board/pin_mux.c:389:6:BOARD_InitSWD_DEBUGPins	24	static
../board/pin_mux.c:473:6:BOARD_InitBUTTONsPins	16	static
../board/pin_mux.c:531:6:BOARD_InitCAPTPins	24	static
