../source/car.c:13:6:InitComponents	8	static
../source/car.c:24:6:InitCar	8	static
../source/car.c:53:6:ProcessPrompt	40	static
../source/car.c:173:6:GoForward	8	static
../source/car.c:177:6:GoBackward	8	static
../source/car.c:182:6:TurnRight	8	static
../source/car.c:187:6:TurnLeft	8	static
../source/car.c:192:6:TurnRightStationary	8	static
../source/car.c:197:6:TurnLeftStationary	8	static
../source/car.c:202:6:StopCar	8	static
../source/car.c:207:6:isObstacleDetected	8	static
../source/car.c:216:6:isRoadBlockedinEveryDirection	8	static
../source/car.c:228:6:SetSpeed	8	static
../source/car.c:250:7:CalculateSpeedfromRPM	16	static
../source/car.c:254:7:CalculateRPMfromSpeed	16	static
