C:\Users\plasz\Documents\MCUXpressoIDE_11.7.0_9198\workspace\onlab\LPC845_Project\drivers/fsl_mrt.h:290:20:MRT_StartTimer	24	static
C:\Users\plasz\Documents\MCUXpressoIDE_11.7.0_9198\workspace\onlab\LPC845_Project\drivers/fsl_mrt.h:306:20:MRT_StopTimer	16	static
../source/car.c:13:6:InitComponents	8	static
../source/car.c:23:6:InitCar	8	static
../source/car.c:42:6:ProcessPrompt	32	static
../source/car.c:150:6:GoForward	8	static
../source/car.c:154:6:GoBackward	8	static
../source/car.c:159:6:TurnRight	8	static
../source/car.c:164:6:TurnLeft	8	static
../source/car.c:169:6:TurnRightStationary	8	static
../source/car.c:174:6:TurnLeftStationary	8	static
../source/car.c:179:6:StopCar	8	static
../source/car.c:184:6:isObstacleDetected	8	static
../source/car.c:193:6:isRoadBlockedinEveryDirection	8	static
../source/car.c:204:6:DetectCollision	8	static
../source/car.c:211:6:SetSpeed	8	static
../source/car.c:233:7:CalculateSpeedfromRPM	16	static
../source/car.c:237:7:CalculateRPMfromSpeed	16	static
