C:\Users\plasz\Documents\MCUXpressoIDE_11.7.0_9198\workspace\onlab\LPC845_Project\drivers/fsl_gpio.h:153:20:GPIO_PinWrite	24	static
C:\Users\plasz\Documents\MCUXpressoIDE_11.7.0_9198\workspace\onlab\LPC845_Project\drivers/fsl_sctimer.h:503:20:SCTIMER_StartTimer	16	static
C:\Users\plasz\Documents\MCUXpressoIDE_11.7.0_9198\workspace\onlab\LPC845_Project\drivers/fsl_sctimer.h:545:20:SCTIMER_StopTimer	16	static
../source/motor.c:13:6:InitMotors	8	static
../source/motor.c:27:6:SetPWM	16	static
../source/motor.c:36:6:SetRPM	16	static
../source/motor.c:41:6:RotateForward	16	static
../source/motor.c:47:6:RotateBackward	16	static
../source/motor.c:53:6:StopMotor	16	static
../source/motor.c:62:6:UpdatePwmDutycycleScaledUp	72	static
