../source/SysTimer.c:19:6:SysTimer_Tou	16	static
../source/SysTimer.c:34:6:StartTimeout	16	static
../source/SysTimer.c:42:9:TimeoutDone	24	static
../source/SysTimer.c:60:6:SysTimer_Tou1	8	static
../source/SysTimer.c:65:6:StartTimeout1	16	static
../source/SysTimer.c:70:9:TimeoutDone1	8	static
../source/SysTimer.c:77:6:SysTimer_Tou2	8	static
../source/SysTimer.c:82:6:StartTimeout2	16	static
../source/SysTimer.c:87:9:TimeoutDone2	8	static
../source/SysTimer.c:94:6:SysTimer_Tou3	8	static
../source/SysTimer.c:99:6:StartTimeout3	16	static
../source/SysTimer.c:104:9:TimeoutDone3	8	static
../source/SysTimer.c:111:6:SysTimer_Tou4	8	static
../source/SysTimer.c:116:6:StartTimeout4	16	static
../source/SysTimer.c:121:9:TimeoutDone4	8	static
../source/SysTimer.c:127:6:TimeoutExtension	8	static
