C:\Users\plasz\Documents\MCUXpressoIDE_11.7.0_9198\workspace\onlab\LPC845_Project\drivers/fsl_gpio.h:153:20:GPIO_PinWrite	24	static
../source/ultrasonic.c:8:6:InitUltrasonicMeasurement	16	static
../source/ultrasonic.c:16:6:UltrasonicMeasure	8	static
../source/ultrasonic.c:26:6:TriggerUltrasonicSensor	8	static
../source/ultrasonic.c:32:6:EndTriggerUltrasonicSensor	8	static
../source/ultrasonic.c:39:6:InvalidateMeasurement	8	static
../source/ultrasonic.c:44:6:Ultrasonic_Callback	32	static
../source/ultrasonic.c:70:9:GetUltrasonicTreshold	16	static
