C:\Users\plasz\Documents\MCUXpressoIDE_11.7.0_9198\workspace\onlab\LPC845_Project\drivers/fsl_usart.h:415:20:USART_EnableInterrupts	16	static
C:\Users\plasz\Documents\MCUXpressoIDE_11.7.0_9198\workspace\onlab\LPC845_Project\drivers/fsl_usart.h:432:20:USART_DisableInterrupts	16	static
../source/USART.c:60:6:INIT_USART	8	static
../source/USART.c:64:6:UsartBufferInit	16	static
../source/USART.c:71:6:PrintUSART1_NB	24	static
../source/USART.c:84:9:GetUSART	24	static
../source/USART.c:101:6:GetUSARTMessage	16	static
../source/USART.c:121:6:ParsePrompt	16	static
../source/USART.c:132:6:ClearBuffer	16	static
../source/USART.c:140:9:GetString_TillEndChar	24	static
