C:\Users\plasz\Documents\MCUXpressoIDE_11.7.0_9198\workspace\onlab\LPC845_Project\drivers/fsl_usart.h:415:20:USART_EnableInterrupts	16	static
C:\Users\plasz\Documents\MCUXpressoIDE_11.7.0_9198\workspace\onlab\LPC845_Project\drivers/fsl_usart.h:432:20:USART_DisableInterrupts	16	static
../source/USART.c:60:6:INIT_USART	8	static
../source/USART.c:64:6:UsartBufferInit	16	static
../source/USART.c:72:6:PrintUSART1_NB	24	static
../source/USART.c:85:9:GetUSART1	24	static
../source/USART.c:102:6:GetUSARTMessage	16	static
../source/USART.c:123:6:ParsePrompt	24	static
../source/USART.c:155:6:ClearBuffer	16	static
../source/USART.c:164:9:GetString_TillEndChar	24	static
