Archive member included to satisfy reference by file (symbol)

c:/nxp/mcuxpressoide_11.7.0_9198/ide/plugins/com.nxp.mcuxpresso.tools.win32_11.7.0.202209140929/tools/bin/../lib/gcc/arm-none-eabi/10.3.1/../../../../arm-none-eabi/lib/thumb/v6-m/nofp\libcr_nohost_nf.a(_cr__main.o)
                              ./startup/startup_lpc845.o (__main)
c:/nxp/mcuxpressoide_11.7.0_9198/ide/plugins/com.nxp.mcuxpresso.tools.win32_11.7.0.202209140929/tools/bin/../lib/gcc/arm-none-eabi/10.3.1/../../../../arm-none-eabi/lib/thumb/v6-m/nofp\libcr_c.a(ceilf.o)
                              ./source/SysTimer.o (ceilf)
c:/nxp/mcuxpressoide_11.7.0_9198/ide/plugins/com.nxp.mcuxpresso.tools.win32_11.7.0.202209140929/tools/bin/../lib/gcc/arm-none-eabi/10.3.1/../../../../arm-none-eabi/lib/thumb/v6-m/nofp\libcr_c.a(memcpy.o)
                              ./utilities/fsl_debug_console.o (memcpy)
c:/nxp/mcuxpressoide_11.7.0_9198/ide/plugins/com.nxp.mcuxpresso.tools.win32_11.7.0.202209140929/tools/bin/../lib/gcc/arm-none-eabi/10.3.1/../../../../arm-none-eabi/lib/thumb/v6-m/nofp\libcr_c.a(memset.o)
                              ./drivers/fsl_adc.o (memset)
c:/nxp/mcuxpressoide_11.7.0_9198/ide/plugins/com.nxp.mcuxpresso.tools.win32_11.7.0.202209140929/tools/bin/../lib/gcc/arm-none-eabi/10.3.1/../../../../arm-none-eabi/lib/thumb/v6-m/nofp\libcr_c.a(alloc.o)
                              ./drivers/fsl_common.o (malloc)
c:/nxp/mcuxpressoide_11.7.0_9198/ide/plugins/com.nxp.mcuxpresso.tools.win32_11.7.0.202209140929/tools/bin/../lib/gcc/arm-none-eabi/10.3.1/../../../../arm-none-eabi/lib/thumb/v6-m/nofp\libcr_c.a(errno.o)
                              ./utilities/fsl_str.o (errno)
c:/nxp/mcuxpressoide_11.7.0_9198/ide/plugins/com.nxp.mcuxpresso.tools.win32_11.7.0.202209140929/tools/bin/../lib/gcc/arm-none-eabi/10.3.1/../../../../arm-none-eabi/lib/thumb/v6-m/nofp\libcr_c.a(floor.o)
                              ./source/PID.o (floor)
c:/nxp/mcuxpressoide_11.7.0_9198/ide/plugins/com.nxp.mcuxpresso.tools.win32_11.7.0.202209140929/tools/bin/../lib/gcc/arm-none-eabi/10.3.1/../../../../arm-none-eabi/lib/thumb/v6-m/nofp\libcr_c.a(initio.o)
                              c:/nxp/mcuxpressoide_11.7.0_9198/ide/plugins/com.nxp.mcuxpresso.tools.win32_11.7.0.202209140929/tools/bin/../lib/gcc/arm-none-eabi/10.3.1/../../../../arm-none-eabi/lib/thumb/v6-m/nofp\libcr_nohost_nf.a(_cr__main.o) (_initio)
c:/nxp/mcuxpressoide_11.7.0_9198/ide/plugins/com.nxp.mcuxpresso.tools.win32_11.7.0.202209140929/tools/bin/../lib/gcc/arm-none-eabi/10.3.1/../../../../arm-none-eabi/lib/thumb/v6-m/nofp\libcr_c.a(scanf.o)
                              ./utilities/fsl_str.o (strtoul)
c:/nxp/mcuxpressoide_11.7.0_9198/ide/plugins/com.nxp.mcuxpresso.tools.win32_11.7.0.202209140929/tools/bin/../lib/gcc/arm-none-eabi/10.3.1/../../../../arm-none-eabi/lib/thumb/v6-m/nofp\libcr_c.a(setvbuf.o)
                              c:/nxp/mcuxpressoide_11.7.0_9198/ide/plugins/com.nxp.mcuxpresso.tools.win32_11.7.0.202209140929/tools/bin/../lib/gcc/arm-none-eabi/10.3.1/../../../../arm-none-eabi/lib/thumb/v6-m/nofp\libcr_c.a(initio.o) (setvbuf)
c:/nxp/mcuxpressoide_11.7.0_9198/ide/plugins/com.nxp.mcuxpresso.tools.win32_11.7.0.202209140929/tools/bin/../lib/gcc/arm-none-eabi/10.3.1/../../../../arm-none-eabi/lib/thumb/v6-m/nofp\libcr_c.a(stdlib.o)
                              ./source/collision.o (abs)
c:/nxp/mcuxpressoide_11.7.0_9198/ide/plugins/com.nxp.mcuxpresso.tools.win32_11.7.0.202209140929/tools/bin/../lib/gcc/arm-none-eabi/10.3.1/../../../../arm-none-eabi/lib/thumb/v6-m/nofp\libcr_c.a(strchr.o)
                              ./source/USART.o (strchr)
c:/nxp/mcuxpressoide_11.7.0_9198/ide/plugins/com.nxp.mcuxpresso.tools.win32_11.7.0.202209140929/tools/bin/../lib/gcc/arm-none-eabi/10.3.1/../../../../arm-none-eabi/lib/thumb/v6-m/nofp\libcr_c.a(strcmp.o)
                              ./source/car.o (strcmp)
c:/nxp/mcuxpressoide_11.7.0_9198/ide/plugins/com.nxp.mcuxpresso.tools.win32_11.7.0.202209140929/tools/bin/../lib/gcc/arm-none-eabi/10.3.1/../../../../arm-none-eabi/lib/thumb/v6-m/nofp\libcr_c.a(strcpy.o)
                              ./source/USART.o (strcpy)
c:/nxp/mcuxpressoide_11.7.0_9198/ide/plugins/com.nxp.mcuxpresso.tools.win32_11.7.0.202209140929/tools/bin/../lib/gcc/arm-none-eabi/10.3.1/../../../../arm-none-eabi/lib/thumb/v6-m/nofp\libcr_c.a(strlen.o)
                              ./utilities/fsl_debug_console.o (strlen)
c:/nxp/mcuxpressoide_11.7.0_9198/ide/plugins/com.nxp.mcuxpresso.tools.win32_11.7.0.202209140929/tools/bin/../lib/gcc/arm-none-eabi/10.3.1/../../../../arm-none-eabi/lib/thumb/v6-m/nofp\libcr_c.a(ungetc.o)
                              c:/nxp/mcuxpressoide_11.7.0_9198/ide/plugins/com.nxp.mcuxpresso.tools.win32_11.7.0.202209140929/tools/bin/../lib/gcc/arm-none-eabi/10.3.1/../../../../arm-none-eabi/lib/thumb/v6-m/nofp\libcr_c.a(scanf.o) (ungetc)
[...]
Memory Configuration

Name             Origin             Length             Attributes
PROGRAM_FLASH    0x00000000         0x00010000         xr
SRAM             0x10000000         0x00003fe0         xrw
IAP_SRAM         0x10003fe0         0x00000020         xrw
*default*        0x00000000         0xffffffff

Linker script and memory map

LOAD ./utilities/fsl_assert.o
LOAD ./utilities/fsl_debug_console.o
LOAD ./utilities/fsl_str.o
LOAD ./startup/startup_lpc845.o
LOAD ./source/MRT.o
LOAD ./source/PID.o
LOAD ./source/SysTimer.o
LOAD ./source/USART.o
LOAD ./source/car.o
LOAD ./source/collision.o
LOAD ./source/direction.o
LOAD ./source/distance.o
LOAD ./source/encoder.o
LOAD ./source/main.o
LOAD ./source/motor.o
LOAD ./source/mtb.o
LOAD ./source/optic.o
LOAD ./source/semihost_hardfault.o
LOAD ./source/servo.o
LOAD ./source/sys.o
LOAD ./source/ultrasonic.o
LOAD ./drivers/fsl_adc.o
LOAD ./drivers/fsl_capt.o
LOAD ./drivers/fsl_clock.o
LOAD ./drivers/fsl_common.o
LOAD ./drivers/fsl_common_arm.o
LOAD ./drivers/fsl_ctimer.o
LOAD ./drivers/fsl_gpio.o
LOAD ./drivers/fsl_mrt.o
LOAD ./drivers/fsl_power.o
LOAD ./drivers/fsl_reset.o
LOAD ./drivers/fsl_sctimer.o
LOAD ./drivers/fsl_swm.o
LOAD ./drivers/fsl_usart.o
LOAD ./device/system_LPC845.o
LOAD ./component/uart/fsl_adapter_miniusart.o
LOAD ./board/board.o
LOAD ./board/clock_config.o
LOAD ./board/peripherals.o
LOAD ./board/pin_mux.o
START GROUP
LOAD c:/nxp/mcuxpressoide_11.7.0_9198/ide/plugins/com.nxp.mcuxpresso.tools.win32_11.7.0.202209140929/tools/bin/../lib/gcc/arm-none-eabi/10.3.1/../../../../arm-none-eabi/lib/thumb/v6-m/nofp\libcr_nohost_nf.a
LOAD c:/nxp/mcuxpressoide_11.7.0_9198/ide/plugins/com.nxp.mcuxpresso.tools.win32_11.7.0.202209140929/tools/bin/../lib/gcc/arm-none-eabi/10.3.1/../../../../arm-none-eabi/lib/thumb/v6-m/nofp\libcr_c.a
LOAD c:/nxp/mcuxpressoide_11.7.0_9198/ide/plugins/com.nxp.mcuxpresso.tools.win32_11.7.0.202209140929/tools/bin/../lib/gcc/arm-none-eabi/10.3.1/thumb/v6-m/nofp\libcr_eabihelpers.a
LOAD c:/nxp/mcuxpressoide_11.7.0_9198/ide/plugins/com.nxp.mcuxpresso.tools.win32_11.7.0.202209140929/tools/bin/../lib/gcc/arm-none-eabi/10.3.1/thumb/v6-m/nofp\libgcc.a
END GROUP
                0x00000000                __base_PROGRAM_FLASH = 0x0
                0x00000000                __base_Flash = 0x0
                0x00010000                __top_PROGRAM_FLASH = 0x10000
                0x00010000                __top_Flash = 0x10000
                0x10000000                __base_SRAM = 0x10000000
                0x10000000                __base_RAM = 0x10000000
                0x10003fe0                __top_SRAM = 0x10003fe0
                0x10003fe0                __top_RAM = 0x10003fe0
                0x10003fe0                __base_IAP_SRAM = 0x10003fe0
                0x10003fe0                __base_RAM2 = 0x10003fe0
                0x10004000                __top_IAP_SRAM = 0x10004000
                0x10004000                __top_RAM2 = 0x10004000

.text           0x00000000     0xa5f8
 FILL mask 0xff
                0x00000000                __vectors_start__ = ABSOLUTE (.)
 *(SORT_BY_ALIGNMENT(.isr_vector))
 .isr_vector    0x00000000       0xc0 ./startup/startup_lpc845.o
                0x00000000                g_pfnVectors
                0x00000000                __Vectors
                0x000000c0                . = ALIGN (0x4)
                0x000000c0                __section_table_start = .
                0x000000c0                __data_section_table = .
                0x000000c0        0x4 LONG 0xa5f8 LOADADDR (.data)
                0x000000c4        0x4 LONG 0x10000080 ADDR (.data)
                0x000000c8        0x4 LONG 0x38 SIZEOF (.data)
                0x000000cc        0x4 LONG 0xa5f8 LOADADDR (.data_RAM2)
                0x000000d0        0x4 LONG 0x10003fe0 ADDR (.data_RAM2)
                0x000000d4        0x4 LONG 0x0 SIZEOF (.data_RAM2)
                0x000000d8                __data_section_table_end = .
                0x000000d8                __bss_section_table = .
                0x000000d8        0x4 LONG 0x100000b8 ADDR (.bss)
                0x000000dc        0x4 LONG 0x33c SIZEOF (.bss)
                0x000000e0        0x4 LONG 0x10003fe0 ADDR (.bss_RAM2)
                0x000000e4        0x4 LONG 0x0 SIZEOF (.bss_RAM2)
                0x000000e8                __bss_section_table_end = .
                0x000000e8                __section_table_end = .
 *(SORT_BY_ALIGNMENT(.after_vectors*))
 .after_vectors.reset
                0x000000e8       0x54 ./startup/startup_lpc845.o
                0x000000e8                ResetISR
 .after_vectors.init_data
                0x0000013c       0x12 ./startup/startup_lpc845.o
                0x0000013c                data_init
 .after_vectors.init_bss
                0x0000014e       0x10 ./startup/startup_lpc845.o
                0x0000014e                bss_init
 .after_vectors
                0x0000015e      0x10c ./startup/startup_lpc845.o
                0x0000015e                NMI_Handler
                0x00000162                SVC_Handler
                0x00000164                PendSV_Handler
                0x00000168                BOD_DriverIRQHandler
                0x00000168                SPI1_DriverIRQHandler
                0x00000168                I2C1_DriverIRQHandler
                0x00000168                I2C0_DriverIRQHandler
                0x00000168                DMA0_DriverIRQHandler
                0x00000168                ADC0_OVR_DriverIRQHandler
                0x00000168                PIN_INT1_DriverIRQHandler
                0x00000168                I2C3_DriverIRQHandler
                0x00000168                WDT_DriverIRQHandler
                0x00000168                PIN_INT3_DriverIRQHandler
                0x00000168                PIN_INT5_DAC1_DriverIRQHandler
                0x00000168                PIN_INT2_DriverIRQHandler
                0x00000168                ADC0_SEQB_DriverIRQHandler
                0x00000168                I2C2_DriverIRQHandler
                0x00000168                PIN_INT0_DriverIRQHandler
                0x00000168                FLASH_DriverIRQHandler
                0x00000168                IntDefaultHandler
                0x00000168                Reserved22_DriverIRQHandler
                0x00000168                WKT_DriverIRQHandler
                0x00000168                DAC0_DriverIRQHandler
                0x00000168                MRT0_DriverIRQHandler
                0x00000168                PIN_INT4_DriverIRQHandler
                0x00000168                SPI0_DriverIRQHandler
                0x00000168                CMP_CAPT_DriverIRQHandler
                0x00000168                ADC0_THCMP_DriverIRQHandler
                0x00000168                ADC0_SEQA_DriverIRQHandler
                0x0000016a                SPI0_IRQHandler
                0x00000172                SPI1_IRQHandler
                0x0000017a                DAC0_IRQHandler
                0x00000182                USART0_IRQHandler
                0x0000018a                USART1_IRQHandler
                0x00000192                USART2_IRQHandler
                0x0000019a                Reserved22_IRQHandler
                0x000001a2                I2C1_IRQHandler
                0x000001aa                I2C0_IRQHandler
                0x000001b2                SCT0_IRQHandler
                0x000001c2                CMP_CAPT_IRQHandler
                0x000001ca                WDT_IRQHandler
                0x000001d2                BOD_IRQHandler
                0x000001da                FLASH_IRQHandler
                0x000001e2                WKT_IRQHandler
                0x000001f2                ADC0_SEQB_IRQHandler
                0x000001fa                ADC0_THCMP_IRQHandler
                0x00000202                ADC0_OVR_IRQHandler
                0x0000020a                DMA0_IRQHandler
                0x00000212                I2C2_IRQHandler
                0x0000021a                I2C3_IRQHandler
                0x00000222                CTIMER0_IRQHandler
                0x0000022a                PIN_INT0_IRQHandler
                0x00000232                PIN_INT1_IRQHandler
                0x0000023a                PIN_INT2_IRQHandler
                0x00000242                PIN_INT3_IRQHandler
                0x0000024a                PIN_INT4_IRQHandler
                0x00000252                PIN_INT5_DAC1_IRQHandler
                0x0000025a                PIN_INT6_USART3_IRQHandler
                0x00000262                PIN_INT7_USART4_IRQHandler
                0x000002fc                . = 0x2fc
 *fill*         0x0000026a       0x92 ff
                0x000002fc                PROVIDE (__CRP_WORD_START__ = .)
 *(SORT_BY_ALIGNMENT(.crp))
 .crp           0x000002fc        0x4 ./startup/startup_lpc845.o
                0x000002fc                CRP_WORD
                0x00000300                PROVIDE (__CRP_WORD_END__ = .)
                0x00000001                ASSERT (! ((__CRP_WORD_START__ == __CRP_WORD_END__)), Linker CRP Enabled, but no CRP_WORD provided within application)
 *(SORT_BY_ALIGNMENT(.text*))
 .text.__assertion_failed
                0x00000300       0x1c ./utilities/fsl_assert.o
                0x00000300                __assertion_failed
 .text.DbgConsole_Init
                0x0000031c       0xa8 ./utilities/fsl_debug_console.o
                0x0000031c                DbgConsole_Init
 .text.DbgConsole_Vprintf
                0x000003c4       0x40 ./utilities/fsl_debug_console.o
                0x000003c4                DbgConsole_Vprintf
 .text.DbgConsole_Putchar
                0x00000404       0x30 ./utilities/fsl_debug_console.o
                0x00000404                DbgConsole_Putchar
 .text.MRT_GetStatusFlags
                0x00000434       0x3c ./source/MRT.o
 .text.MRT_ClearStatusFlags
                0x00000470       0x44 ./source/MRT.o
 .text.MRT0_IRQHandler
                0x000004b4       0xac ./source/MRT.o
                0x000004b4                MRT0_IRQHandler
 .text.PIDInit  0x00000560       0x78 ./source/PID.o
                0x00000560                PIDInit
 .text.PIDContollerUpdate
                0x000005d8      0x114 ./source/PID.o
                0x000005d8                PIDContollerUpdate
 .text.ScaleUpRPM
                0x000006ec       0x44 ./source/PID.o
                0x000006ec                ScaleUpRPM
 .text.PIDTIMERHandler
                0x00000730      0x17c ./source/PID.o
                0x00000730                PIDTIMERHandler
 .text.SysTimer_Tou1
                0x000008ac       0x18 ./source/SysTimer.o
                0x000008ac                SysTimer_Tou1
 .text.StartTimeout1
                0x000008c4       0x28 ./source/SysTimer.o
                0x000008c4                StartTimeout1
 .text.TimeoutDone1
                0x000008ec       0x18 ./source/SysTimer.o
                0x000008ec                TimeoutDone1
 .text.SysTimer_Tou2
                0x00000904       0x18 ./source/SysTimer.o
                0x00000904                SysTimer_Tou2
 .text.StartTimeout2
                0x0000091c       0x28 ./source/SysTimer.o
                0x0000091c                StartTimeout2
 .text.TimeoutDone2
                0x00000944       0x18 ./source/SysTimer.o
                0x00000944                TimeoutDone2
 .text.SysTimer_Tou3
                0x0000095c       0x18 ./source/SysTimer.o
                0x0000095c                SysTimer_Tou3
 .text.SysTimer_Tou4
                0x00000974       0x18 ./source/SysTimer.o
                0x00000974                SysTimer_Tou4
 .text.INIT_USART
                0x0000098c       0x24 ./source/USART.o
                0x0000098c                INIT_USART
 .text.UsartBufferInit
                0x000009b0       0x34 ./source/USART.o
                0x000009b0                UsartBufferInit
 .text.PrintUSART1_NB
                0x000009e4       0x5c ./source/USART.o
                0x000009e4                PrintUSART1_NB
 .text.GetUSART1
                0x00000a40       0x98 ./source/USART.o
                0x00000a40                GetUSART1
 .text.GetUSARTMessage
                0x00000ad8       0x58 ./source/USART.o
                0x00000ad8                GetUSARTMessage
 .text.ParsePrompt
                0x00000b30       0x4c ./source/USART.o
                0x00000b30                ParsePrompt
 .text.ClearBuffer
                0x00000b7c       0x38 ./source/USART.o
                0x00000b7c                ClearBuffer
 .text.GetString_TillEndChar
                0x00000bb4      0x108 ./source/USART.o
                0x00000bb4                GetString_TillEndChar
 .text.MRT_StartTimer
                0x00000cbc       0x3c ./source/car.o
 .text.MRT_StopTimer
                0x00000cf8       0x38 ./source/car.o
 .text.InitComponents
                0x00000d30       0x48 ./source/car.o
                0x00000d30                InitComponents
 .text.InitCar  0x00000d78       0x80 ./source/car.o
                0x00000d78                InitCar
 .text.ProcessPrompt
                0x00000df8      0x498 ./source/car.o
                0x00000df8                ProcessPrompt
 .text.GoForward
                0x00001290       0x24 ./source/car.o
                0x00001290                GoForward
 .text.GoBackward
                0x000012b4       0x24 ./source/car.o
                0x000012b4                GoBackward
 .text.TurnRight
                0x000012d8       0x24 ./source/car.o
                0x000012d8                TurnRight
 .text.TurnLeft
                0x000012fc       0x24 ./source/car.o
                0x000012fc                TurnLeft
 .text.TurnRightStationary
                0x00001320       0x24 ./source/car.o
                0x00001320                TurnRightStationary
 .text.TurnLeftStationary
                0x00001344       0x24 ./source/car.o
                0x00001344                TurnLeftStationary
 .text.StopCar  0x00001368       0x24 ./source/car.o
                0x00001368                StopCar
 .text.isObstacleDetected
                0x0000138c       0x68 ./source/car.o
                0x0000138c                isObstacleDetected
 .text.isRoadBlockedinEveryDirection
                0x000013f4       0x68 ./source/car.o
                0x000013f4                isRoadBlockedinEveryDirection
 .text.CalculateSpeedfromRPM
                0x0000145c       0x48 ./source/car.o
                0x0000145c                CalculateSpeedfromRPM
 .text.CalculateRPMfromSpeed
                0x000014a4       0x48 ./source/car.o
                0x000014a4                CalculateRPMfromSpeed
 .text.UpdateDirection
                0x000014ec      0x180 ./source/direction.o
                0x000014ec                UpdateDirection
 .text.FindClearRouteIndependent
                0x0000166c       0x94 ./source/direction.o
                0x0000166c                FindClearRouteIndependent
 .text.FindClearRoute
                0x00001700       0x48 ./source/direction.o
                0x00001700                FindClearRoute
 .text.FindClearRouteNoCollision
                0x00001748      0x120 ./source/direction.o
                0x00001748                FindClearRouteNoCollision
 .text.FindClearRouteCollision
                0x00001868       0x3c ./source/direction.o
                0x00001868                FindClearRouteCollision
 .text.lowPassFilter
                0x000018a4       0x90 ./source/encoder.o
                0x000018a4                lowPassFilter
 .text.EncoderRightCallback
                0x00001934       0xf4 ./source/encoder.o
                0x00001934                EncoderRightCallback
 .text.EncoderLeftCallback
                0x00001a28       0xf4 ./source/encoder.o
                0x00001a28                EncoderLeftCallback
 .text.__NVIC_SetPriority
                0x00001b1c       0xdc ./source/main.o
 .text.SysTick_Config
                0x00001bf8       0x48 ./source/main.o
 .text.POWER_DisablePD
                0x00001c40       0x2c ./source/main.o
 .text.main     0x00001c6c       0x9c ./source/main.o
                0x00001c6c                main
 .text.SCTIMER_StartTimer
                0x00001d08       0xe4 ./source/motor.o
 .text.SCTIMER_StopTimer
                0x00001dec       0xe0 ./source/motor.o
 .text.InitMotors
                0x00001ecc       0x38 ./source/motor.o
                0x00001ecc                InitMotors
 .text.SetPWM   0x00001f04       0x50 ./source/motor.o
                0x00001f04                SetPWM
 .text.UpdatePwmDutycycleScaledUp
                0x00001f54      0x1a8 ./source/motor.o
                0x00001f54                UpdatePwmDutycycleScaledUp
 .text.ADC0_SEQA_IRQHandler
                0x000020fc      0x23c ./source/optic.o
                0x000020fc                ADC0_SEQA_IRQHandler
 .text.ADCTIMERHandler
                0x00002338       0x14 ./source/optic.o
                0x00002338                ADCTIMERHandler
 .text.AveragingMeasurements
                0x0000234c       0x60 ./source/optic.o
                0x0000234c                AveragingMeasurements
 .text.HardFault_Handler
                0x000023ac       0x30 ./source/semihost_hardfault.o
                0x000023ac                HardFault_Handler
 .text.SysTick_Handler
                0x000023dc       0x24 ./source/sys.o
                0x000023dc                SysTick_Handler
 .text.UltrasonicMeasure
                0x00002400       0x58 ./source/ultrasonic.o
                0x00002400                UltrasonicMeasure
 .text.TriggerUltrasonicSensor
                0x00002458       0x28 ./source/ultrasonic.o
                0x00002458                TriggerUltrasonicSensor
 .text.EndTriggerUltrasonicSensor
                0x00002480       0x28 ./source/ultrasonic.o
                0x00002480                EndTriggerUltrasonicSensor
 .text.InvalidateMeasurement
                0x000024a8       0x1c ./source/ultrasonic.o
                0x000024a8                InvalidateMeasurement
 .text.Ultrasonic_Callback
                0x000024c4       0xb4 ./source/ultrasonic.o
                0x000024c4                Ultrasonic_Callback
 .text.CLOCK_EnableClock
                0x00002578       0x54 ./drivers/fsl_adc.o
 .text.ADC_GetInstance
                0x000025cc       0x48 ./drivers/fsl_adc.o
 .text.ADC_Init
                0x00002614       0x98 ./drivers/fsl_adc.o
                0x00002614                ADC_Init
 .text.ADC_DoSelfCalibration
                0x000026ac       0xb4 ./drivers/fsl_adc.o
                0x000026ac                ADC_DoSelfCalibration
 .text.ADC_SetConvSeqAConfig
                0x00002760       0x94 ./drivers/fsl_adc.o
                0x00002760                ADC_SetConvSeqAConfig
 .text.CLOCK_GetSystemPLLFreq
                0x000027f4       0x20 ./drivers/fsl_clock.o
 .text.CLOCK_GetWdtOscFreq
                0x00002814       0x14 ./drivers/fsl_clock.o
 .text.CLOCK_GetExtClkFreq
                0x00002828       0x14 ./drivers/fsl_clock.o
 .text.CLOCK_UpdateClkSrc
                0x0000283c       0x4c ./drivers/fsl_clock.o
 .text.CLOCK_GetMainClkFreq
                0x00002888       0x78 ./drivers/fsl_clock.o
                0x00002888                CLOCK_GetMainClkFreq
 .text.CLOCK_GetFroFreq
                0x00002900       0x78 ./drivers/fsl_clock.o
                0x00002900                CLOCK_GetFroFreq
 .text.CLOCK_GetSystemPLLInClockRate
                0x00002978       0x64 ./drivers/fsl_clock.o
                0x00002978                CLOCK_GetSystemPLLInClockRate
 .text.CLOCK_SetMainClkSrc
                0x000029dc       0x9c ./drivers/fsl_clock.o
                0x000029dc                CLOCK_SetMainClkSrc
 .text.CLOCK_SetFroOutClkSrc
                0x00002a78       0x48 ./drivers/fsl_clock.o
                0x00002a78                CLOCK_SetFroOutClkSrc
 .text.SDK_DelayAtLeastUs
                0x00002ac0       0x78 ./drivers/fsl_common_arm.o
                0x00002ac0                SDK_DelayAtLeastUs
 .text.__NVIC_EnableIRQ
                0x00002b38       0x34 ./drivers/fsl_ctimer.o
 .text.CLOCK_EnableClock
                0x00002b6c       0x54 ./drivers/fsl_ctimer.o
 .text.CTIMER_GetInstance
                0x00002bc0       0x50 ./drivers/fsl_ctimer.o
 .text.CTIMER_Init
                0x00002c10       0x68 ./drivers/fsl_ctimer.o
                0x00002c10                CTIMER_Init
 .text.CTIMER_RegisterCallBack
                0x00002c78       0x40 ./drivers/fsl_ctimer.o
                0x00002c78                CTIMER_RegisterCallBack
 .text.CTIMER_GenericIRQHandler
                0x00002cb8       0xb0 ./drivers/fsl_ctimer.o
 .text.CLOCK_EnableClock
                0x00002d68       0x54 ./drivers/fsl_gpio.o
 .text.GPIO_EnablePortClock
                0x00002dbc       0x38 ./drivers/fsl_gpio.o
 .text.CLOCK_EnableClock
                0x00002df4       0x54 ./drivers/fsl_mrt.o
 .text.MRT_GetInstance
                0x00002e48       0x50 ./drivers/fsl_mrt.o
 .text.MRT_Init
                0x00002e98       0x44 ./drivers/fsl_mrt.o
                0x00002e98                MRT_Init
 .text.RESET_SetPeripheralReset
                0x00002edc       0x70 ./drivers/fsl_reset.o
 .text.RESET_ClearPeripheralReset
                0x00002f4c       0x6c ./drivers/fsl_reset.o
 .text.CLOCK_EnableClock
                0x00002fb8       0x54 ./drivers/fsl_sctimer.o
 .text.SCTIMER_StartTimer
                0x0000300c       0xe4 ./drivers/fsl_sctimer.o
 .text.SCTIMER_StopTimer
                0x000030f0       0xe0 ./drivers/fsl_sctimer.o
 .text.SCTIMER_SetupOutputSetAction
                0x000031d0       0x48 ./drivers/fsl_sctimer.o
 .text.SCTIMER_SetupOutputClearAction
                0x00003218       0x4c ./drivers/fsl_sctimer.o
 .text.SCTIMER_SetupCounterLimitAction
                0x00003264       0xc4 ./drivers/fsl_sctimer.o
 .text.SCTIMER_GetInstance
                0x00003328       0x50 ./drivers/fsl_sctimer.o
 .text.SCTIMER_Init
                0x00003378      0x148 ./drivers/fsl_sctimer.o
                0x00003378                SCTIMER_Init
 .text.SCTIMER_SetupPwm
                0x000034c0      0x2dc ./drivers/fsl_sctimer.o
                0x000034c0                SCTIMER_SetupPwm
 .text.SCTIMER_UpdatePwmDutycycle
                0x0000379c      0x19c ./drivers/fsl_sctimer.o
                0x0000379c                SCTIMER_UpdatePwmDutycycle
 .text.SCTIMER_CreateAndScheduleEvent
                0x00003938      0x248 ./drivers/fsl_sctimer.o
                0x00003938                SCTIMER_CreateAndScheduleEvent
 .text.SCTIMER_EventHandleIRQ
                0x00003b80       0x78 ./drivers/fsl_sctimer.o
                0x00003b80                SCTIMER_EventHandleIRQ
 .text.SCT0_DriverIRQHandler
                0x00003bf8       0x1c ./drivers/fsl_sctimer.o
                0x00003bf8                SCT0_DriverIRQHandler
 .text.SWM_SetMovablePinSelect
                0x00003c14       0x98 ./drivers/fsl_swm.o
                0x00003c14                SWM_SetMovablePinSelect
 .text.SWM_SetFixedPinSelect
                0x00003cac       0xa0 ./drivers/fsl_swm.o
                0x00003cac                SWM_SetFixedPinSelect
 .text.__NVIC_EnableIRQ
                0x00003d4c       0x34 ./drivers/fsl_usart.o
 .text.CLOCK_EnableClock
                0x00003d80       0x54 ./drivers/fsl_usart.o
 .text.USART_EnableContinuousSCLK
                0x00003dd4       0x40 ./drivers/fsl_usart.o
 .text.USART_GetInstance
                0x00003e14       0x4c ./drivers/fsl_usart.o
                0x00003e14                USART_GetInstance
 .text.USART_TransferGetRxRingBufferLength
                0x00003e60       0x6c ./drivers/fsl_usart.o
                0x00003e60                USART_TransferGetRxRingBufferLength
 .text.USART_TransferIsRxRingBufferFull
                0x00003ecc       0x58 ./drivers/fsl_usart.o
 .text.USART_TransferStartRingBuffer
                0x00003f24       0x74 ./drivers/fsl_usart.o
                0x00003f24                USART_TransferStartRingBuffer
 .text.USART_Init
                0x00003f98      0x12c ./drivers/fsl_usart.o
                0x00003f98                USART_Init
 .text.USART_GetDefaultConfig
                0x000040c4       0x74 ./drivers/fsl_usart.o
                0x000040c4                USART_GetDefaultConfig
 .text.USART_SetBaudRate
                0x00004138      0x148 ./drivers/fsl_usart.o
                0x00004138                USART_SetBaudRate
 .text.USART_WriteBlocking
                0x00004280       0x64 ./drivers/fsl_usart.o
                0x00004280                USART_WriteBlocking
 .text.USART_ReadBlocking
                0x000042e4       0xc0 ./drivers/fsl_usart.o
                0x000042e4                USART_ReadBlocking
 .text.USART_TransferCreateHandle
                0x000043a4       0x98 ./drivers/fsl_usart.o
                0x000043a4                USART_TransferCreateHandle
 .text.USART_TransferSendNonBlocking
                0x0000443c       0x9c ./drivers/fsl_usart.o
                0x0000443c                USART_TransferSendNonBlocking
 .text.USART_TransferGetSendCount
                0x000044d8       0x60 ./drivers/fsl_usart.o
                0x000044d8                USART_TransferGetSendCount
 .text.USART_TransferHandleIRQ
                0x00004538      0x230 ./drivers/fsl_usart.o
                0x00004538                USART_TransferHandleIRQ
 .text.USART0_DriverIRQHandler
                0x00004768       0x24 ./drivers/fsl_usart.o
                0x00004768                USART0_DriverIRQHandler
 .text.USART1_DriverIRQHandler
                0x0000478c       0x24 ./drivers/fsl_usart.o
                0x0000478c                USART1_DriverIRQHandler
 .text.USART2_DriverIRQHandler
                0x000047b0       0x24 ./drivers/fsl_usart.o
                0x000047b0                USART2_DriverIRQHandler
 .text.PIN_INT6_USART3_DriverIRQHandler
                0x000047d4       0x24 ./drivers/fsl_usart.o
                0x000047d4                PIN_INT6_USART3_DriverIRQHandler
 .text.PIN_INT7_USART4_DriverIRQHandler
                0x000047f8       0x24 ./drivers/fsl_usart.o
                0x000047f8                PIN_INT7_USART4_DriverIRQHandler
 .text.SystemInit
                0x0000481c       0x3c ./device/system_LPC845.o
                0x0000481c                SystemInit
 .text.HAL_UartGetStatus
                0x00004858       0x20 ./component/uart/fsl_adapter_miniusart.o
 .text.HAL_UartInit
                0x00004878      0x11c ./component/uart/fsl_adapter_miniusart.o
                0x00004878                HAL_UartInit
 .text.HAL_UartReceiveBlocking
                0x00004994       0x78 ./component/uart/fsl_adapter_miniusart.o
                0x00004994                HAL_UartReceiveBlocking
 .text.HAL_UartSendBlocking
                0x00004a0c       0x6c ./component/uart/fsl_adapter_miniusart.o
                0x00004a0c                HAL_UartSendBlocking
 .text.CLOCK_Select
                0x00004a78       0x38 ./board/board.o
 .text.BOARD_InitDebugConsole
                0x00004ab0       0x4c ./board/board.o
                0x00004ab0                BOARD_InitDebugConsole
 .text.CLOCK_Select
                0x00004afc       0x38 ./board/clock_config.o
 .text.CLOCK_SetClkDivider
                0x00004b34       0x30 ./board/clock_config.o
 .text.CLOCK_SetCoreSysClkDiv
                0x00004b64       0x3c ./board/clock_config.o
 .text.CLOCK_SetFroOscFreq
                0x00004ba0       0x24 ./board/clock_config.o
 .text.POWER_DisablePD
                0x00004bc4       0x2c ./board/clock_config.o
 .text.BOARD_BootClockFRO18M
                0x00004bf0       0x80 ./board/clock_config.o
                0x00004bf0                BOARD_BootClockFRO18M
 .text.__NVIC_EnableIRQ
                0x00004c70       0x34 ./board/peripherals.o
 .text.__NVIC_SetPriority
                0x00004ca4       0xdc ./board/peripherals.o
 .text.SCTIMER_StartTimer
                0x00004d80       0xe4 ./board/peripherals.o
 .text.MRT_SetupChannelMode
                0x00004e64       0x68 ./board/peripherals.o
 .text.MRT_EnableInterrupts
                0x00004ecc       0x50 ./board/peripherals.o
 .text.MRT_StartTimer
                0x00004f1c       0x3c ./board/peripherals.o
 .text.USART1_init
                0x00004f58       0x34 ./board/peripherals.o
 .text.CTIMER0_init
                0x00004f8c       0x74 ./board/peripherals.o
 .text.USART0_init
                0x00005000       0x24 ./board/peripherals.o
 .text.ADC0_init
                0x00005024       0x9c ./board/peripherals.o
 .text.SCT0_init
                0x000050c0       0x70 ./board/peripherals.o
 .text.MRT0_init
                0x00005130       0x94 ./board/peripherals.o
 .text.CLOCK_EnableClock
                0x000051c4       0x54 ./board/pin_mux.o
 .text.CLOCK_DisableClock
                0x00005218       0x58 ./board/pin_mux.o
 .text.BOARD_InitPins
                0x00005270      0x19c ./board/pin_mux.o
                0x00005270                BOARD_InitPins
 .text.BOARD_InitLEDsPins
                0x0000540c       0x9c ./board/pin_mux.o
                0x0000540c                BOARD_InitLEDsPins
 .text.BOARD_InitDEBUG_UARTPins
                0x000054a8       0x60 ./board/pin_mux.o
                0x000054a8                BOARD_InitDEBUG_UARTPins
 .text.BOARD_InitSWD_DEBUGPins
                0x00005508       0x80 ./board/pin_mux.o
                0x00005508                BOARD_InitSWD_DEBUGPins
 .text.BOARD_InitBUTTONsPins
                0x00005588       0x50 ./board/pin_mux.o
                0x00005588                BOARD_InitBUTTONsPins
 .text.BOARD_InitCAPTPins
                0x000055d8       0xa4 ./board/pin_mux.o
                0x000055d8                BOARD_InitCAPTPins
 .text.ceilf    0x0000567c       0x54 c:/nxp/mcuxpressoide_11.7.0_9198/ide/plugins/com.nxp.mcuxpresso.tools.win32_11.7.0.202209140929/tools/bin/../lib/gcc/arm-none-eabi/10.3.1/../../../../arm-none-eabi/lib/thumb/v6-m/nofp\libcr_c.a(ceilf.o)
                0x0000567c                ceilf
 .text.malloc   0x000056d0       0xcc c:/nxp/mcuxpressoide_11.7.0_9198/ide/plugins/com.nxp.mcuxpresso.tools.win32_11.7.0.202209140929/tools/bin/../lib/gcc/arm-none-eabi/10.3.1/../../../../arm-none-eabi/lib/thumb/v6-m/nofp\libcr_c.a(alloc.o)
                0x000056d0                malloc
 .text._Csys_alloc
                0x0000579c       0x20 c:/nxp/mcuxpressoide_11.7.0_9198/ide/plugins/com.nxp.mcuxpresso.tools.win32_11.7.0.202209140929/tools/bin/../lib/gcc/arm-none-eabi/10.3.1/../../../../arm-none-eabi/lib/thumb/v6-m/nofp\libcr_c.a(alloc.o)
                0x0000579c                _Csys_alloc
 .text.floor    0x000057bc       0xa0 c:/nxp/mcuxpressoide_11.7.0_9198/ide/plugins/com.nxp.mcuxpresso.tools.win32_11.7.0.202209140929/tools/bin/../lib/gcc/arm-none-eabi/10.3.1/../../../../arm-none-eabi/lib/thumb/v6-m/nofp\libcr_c.a(floor.o)
                0x000057bc                floor
 .text._initio  0x0000585c       0x7c c:/nxp/mcuxpressoide_11.7.0_9198/ide/plugins/com.nxp.mcuxpresso.tools.win32_11.7.0.202209140929/tools/bin/../lib/gcc/arm-none-eabi/10.3.1/../../../../arm-none-eabi/lib/thumb/v6-m/nofp\libcr_c.a(initio.o)
                0x0000585c                _initio
 .text.ch_val   0x000058d8       0x30 c:/nxp/mcuxpressoide_11.7.0_9198/ide/plugins/com.nxp.mcuxpresso.tools.win32_11.7.0.202209140929/tools/bin/../lib/gcc/arm-none-eabi/10.3.1/../../../../arm-none-eabi/lib/thumb/v6-m/nofp\libcr_c.a(scanf.o)
 .text.cr_rd_int
                0x00005908      0x1c8 c:/nxp/mcuxpressoide_11.7.0_9198/ide/plugins/com.nxp.mcuxpresso.tools.win32_11.7.0.202209140929/tools/bin/../lib/gcc/arm-none-eabi/10.3.1/../../../../arm-none-eabi/lib/thumb/v6-m/nofp\libcr_c.a(scanf.o)
 .text.vfscanf  0x00005ad0      0x958 c:/nxp/mcuxpressoide_11.7.0_9198/ide/plugins/com.nxp.mcuxpresso.tools.win32_11.7.0.202209140929/tools/bin/../lib/gcc/arm-none-eabi/10.3.1/../../../../arm-none-eabi/lib/thumb/v6-m/nofp\libcr_c.a(scanf.o)
                0x00005ad0                vfscanf
 .text.strtod   0x00006428       0x38 c:/nxp/mcuxpressoide_11.7.0_9198/ide/plugins/com.nxp.mcuxpresso.tools.win32_11.7.0.202209140929/tools/bin/../lib/gcc/arm-none-eabi/10.3.1/../../../../arm-none-eabi/lib/thumb/v6-m/nofp\libcr_c.a(scanf.o)
                0x00006428                strtod
 .text.atof     0x00006460       0x14 c:/nxp/mcuxpressoide_11.7.0_9198/ide/plugins/com.nxp.mcuxpresso.tools.win32_11.7.0.202209140929/tools/bin/../lib/gcc/arm-none-eabi/10.3.1/../../../../arm-none-eabi/lib/thumb/v6-m/nofp\libcr_c.a(scanf.o)
                0x00006460                atof
 .text.setvbuf  0x00006474       0x4c c:/nxp/mcuxpressoide_11.7.0_9198/ide/plugins/com.nxp.mcuxpresso.tools.win32_11.7.0.202209140929/tools/bin/../lib/gcc/arm-none-eabi/10.3.1/../../../../arm-none-eabi/lib/thumb/v6-m/nofp\libcr_c.a(setvbuf.o)
                0x00006474                setvbuf
 .text.strcmp   0x000064c0       0x44 c:/nxp/mcuxpressoide_11.7.0_9198/ide/plugins/com.nxp.mcuxpresso.tools.win32_11.7.0.202209140929/tools/bin/../lib/gcc/arm-none-eabi/10.3.1/../../../../arm-none-eabi/lib/thumb/v6-m/nofp\libcr_c.a(strcmp.o)
                0x000064c0                strcmp
 .text.strcpy   0x00006504       0x44 c:/nxp/mcuxpressoide_11.7.0_9198/ide/plugins/com.nxp.mcuxpresso.tools.win32_11.7.0.202209140929/tools/bin/../lib/gcc/arm-none-eabi/10.3.1/../../../../arm-none-eabi/lib/thumb/v6-m/nofp\libcr_c.a(strcpy.o)
                0x00006504                strcpy
 .text.strlen   0x00006548       0x58 c:/nxp/mcuxpressoide_11.7.0_9198/ide/plugins/com.nxp.mcuxpresso.tools.win32_11.7.0.202209140929/tools/bin/../lib/gcc/arm-none-eabi/10.3.1/../../../../arm-none-eabi/lib/thumb/v6-m/nofp\libcr_c.a(strlen.o)
                0x00006548                strlen
 .text.ungetc   0x000065a0       0x3c c:/nxp/mcuxpressoide_11.7.0_9198/ide/plugins/com.nxp.mcuxpresso.tools.win32_11.7.0.202209140929/tools/bin/../lib/gcc/arm-none-eabi/10.3.1/../../../../arm-none-eabi/lib/thumb/v6-m/nofp\libcr_c.a(ungetc.o)
                0x000065a0                ungetc
 .text.__filbuf
                0x000065dc      0x188 c:/nxp/mcuxpressoide_11.7.0_9198/ide/plugins/com.nxp.mcuxpresso.tools.win32_11.7.0.202209140929/tools/bin/../lib/gcc/arm-none-eabi/10.3.1/../../../../arm-none-eabi/lib/thumb/v6-m/nofp\libcr_c.a(__fillbuf.o)
                0x000065dc                __filbuf
 .text._sbrk    0x00006764       0x44 c:/nxp/mcuxpressoide_11.7.0_9198/ide/plugins/com.nxp.mcuxpresso.tools.win32_11.7.0.202209140929/tools/bin/../lib/gcc/arm-none-eabi/10.3.1/../../../../arm-none-eabi/lib/thumb/v6-m/nofp\libcr_c.a(_cr_sbrk.o)
                0x00006764                _sbrk
 .text._deferredlazyseek
                0x000067a8       0x40 c:/nxp/mcuxpressoide_11.7.0_9198/ide/plugins/com.nxp.mcuxpresso.tools.win32_11.7.0.202209140929/tools/bin/../lib/gcc/arm-none-eabi/10.3.1/../../../../arm-none-eabi/lib/thumb/v6-m/nofp\libcr_c.a(_deferredlazyseek.o)
                0x000067a8                _deferredlazyseek
 .text._fdopen  0x000067e8       0x74 c:/nxp/mcuxpressoide_11.7.0_9198/ide/plugins/com.nxp.mcuxpresso.tools.win32_11.7.0.202209140929/tools/bin/../lib/gcc/arm-none-eabi/10.3.1/../../../../arm-none-eabi/lib/thumb/v6-m/nofp\libcr_c.a(_fdopen.o)
                0x000067e8                _fdopen
 .text._fflush  0x0000685c       0x60 c:/nxp/mcuxpressoide_11.7.0_9198/ide/plugins/com.nxp.mcuxpresso.tools.win32_11.7.0.202209140929/tools/bin/../lib/gcc/arm-none-eabi/10.3.1/../../../../arm-none-eabi/lib/thumb/v6-m/nofp\libcr_c.a(_fflush.o)
                0x0000685c                _fflush
 .text._frexpl  0x000068bc       0x80 c:/nxp/mcuxpressoide_11.7.0_9198/ide/plugins/com.nxp.mcuxpresso.tools.win32_11.7.0.202209140929/tools/bin/../lib/gcc/arm-none-eabi/10.3.1/../../../../arm-none-eabi/lib/thumb/v6-m/nofp\libcr_c.a(_frexpl.o)
                0x000068bc                _frexpl
 .text._ldexpl  0x0000693c       0x58 c:/nxp/mcuxpressoide_11.7.0_9198/ide/plugins/com.nxp.mcuxpresso.tools.win32_11.7.0.202209140929/tools/bin/../lib/gcc/arm-none-eabi/10.3.1/../../../../arm-none-eabi/lib/thumb/v6-m/nofp\libcr_c.a(_ldexpl.o)
                0x0000693c                _ldexpl
 .text._Cwritebuf
                0x00006994       0x68 c:/nxp/mcuxpressoide_11.7.0_9198/ide/plugins/com.nxp.mcuxpresso.tools.win32_11.7.0.202209140929/tools/bin/../lib/gcc/arm-none-eabi/10.3.1/../../../../arm-none-eabi/lib/thumb/v6-m/nofp\libcr_c.a(_writebuf.o)
                0x00006994                _Cwritebuf
 .text.fclose   0x000069fc       0x5c c:/nxp/mcuxpressoide_11.7.0_9198/ide/plugins/com.nxp.mcuxpresso.tools.win32_11.7.0.202209140929/tools/bin/../lib/gcc/arm-none-eabi/10.3.1/../../../../arm-none-eabi/lib/thumb/v6-m/nofp\libcr_c.a(fclose.o)
                0x000069fc                fclose
 .text.fflush   0x00006a58       0x44 c:/nxp/mcuxpressoide_11.7.0_9198/ide/plugins/com.nxp.mcuxpresso.tools.win32_11.7.0.202209140929/tools/bin/../lib/gcc/arm-none-eabi/10.3.1/../../../../arm-none-eabi/lib/thumb/v6-m/nofp\libcr_c.a(fflush.o)
                0x00006a58                fflush
 .text.fseek    0x00006a9c       0xf0 c:/nxp/mcuxpressoide_11.7.0_9198/ide/plugins/com.nxp.mcuxpresso.tools.win32_11.7.0.202209140929/tools/bin/../lib/gcc/arm-none-eabi/10.3.1/../../../../arm-none-eabi/lib/thumb/v6-m/nofp\libcr_c.a(fseek.o)
                0x00006a9c                fseek
 .text.ftell    0x00006b8c       0x48 c:/nxp/mcuxpressoide_11.7.0_9198/ide/plugins/com.nxp.mcuxpresso.tools.win32_11.7.0.202209140929/tools/bin/../lib/gcc/arm-none-eabi/10.3.1/../../../../arm-none-eabi/lib/thumb/v6-m/nofp\libcr_c.a(ftell.o)
                0x00006b8c                ftell
 .text.__check_heap_overflow
                0x00006bd4       0x18 c:/nxp/mcuxpressoide_11.7.0_9198/ide/plugins/com.nxp.mcuxpresso.tools.win32_11.7.0.202209140929/tools/bin/../lib/gcc/arm-none-eabi/10.3.1/../../../../arm-none-eabi/lib/thumb/v6-m/nofp\libcr_c.a(_cr_check_heap.o)
                0x00006bd4                __check_heap_overflow
 .text._do_fflush
                0x00006bec       0x48 c:/nxp/mcuxpressoide_11.7.0_9198/ide/plugins/com.nxp.mcuxpresso.tools.win32_11.7.0.202209140929/tools/bin/../lib/gcc/arm-none-eabi/10.3.1/../../../../arm-none-eabi/lib/thumb/v6-m/nofp\libcr_c.a(_do_fflush.o)
                0x00006bec                _do_fflush
 .text.__aeabi_dmul
                0x00006c34      0x184 c:/nxp/mcuxpressoide_11.7.0_9198/ide/plugins/com.nxp.mcuxpresso.tools.win32_11.7.0.202209140929/tools/bin/../lib/gcc/arm-none-eabi/10.3.1/thumb/v6-m/nofp\libcr_eabihelpers.a(double.o)
                0x00006c34                __aeabi_dmul
 .text.__aeabi_ddiv
                0x00006db8      0x14c c:/nxp/mcuxpressoide_11.7.0_9198/ide/plugins/com.nxp.mcuxpresso.tools.win32_11.7.0.202209140929/tools/bin/../lib/gcc/arm-none-eabi/10.3.1/thumb/v6-m/nofp\libcr_eabihelpers.a(double.o)
                0x00006db8                __aeabi_ddiv
 .text.__aeabi_dsub
                0x00006f04      0x1c0 c:/nxp/mcuxpressoide_11.7.0_9198/ide/plugins/com.nxp.mcuxpresso.tools.win32_11.7.0.202209140929/tools/bin/../lib/gcc/arm-none-eabi/10.3.1/thumb/v6-m/nofp\libcr_eabihelpers.a(double.o)
                0x00006f04                __aeabi_dsub
 .text.__aeabi_dadd
                0x000070c4      0x134 c:/nxp/mcuxpressoide_11.7.0_9198/ide/plugins/com.nxp.mcuxpresso.tools.win32_11.7.0.202209140929/tools/bin/../lib/gcc/arm-none-eabi/10.3.1/thumb/v6-m/nofp\libcr_eabihelpers.a(double.o)
                0x000070c4                __aeabi_dadd
 .text.__aeabi_d2f
                0x000071f8       0x60 c:/nxp/mcuxpressoide_11.7.0_9198/ide/plugins/com.nxp.mcuxpresso.tools.win32_11.7.0.202209140929/tools/bin/../lib/gcc/arm-none-eabi/10.3.1/thumb/v6-m/nofp\libcr_eabihelpers.a(double.o)
                0x000071f8                __aeabi_d2f
 .text.__aeabi_d2uiz
                0x00007258       0x38 c:/nxp/mcuxpressoide_11.7.0_9198/ide/plugins/com.nxp.mcuxpresso.tools.win32_11.7.0.202209140929/tools/bin/../lib/gcc/arm-none-eabi/10.3.1/thumb/v6-m/nofp\libcr_eabihelpers.a(double.o)
                0x00007258                __aeabi_d2uiz
 .text.__aeabi_dcmpeq
                0x00007290       0x30 c:/nxp/mcuxpressoide_11.7.0_9198/ide/plugins/com.nxp.mcuxpresso.tools.win32_11.7.0.202209140929/tools/bin/../lib/gcc/arm-none-eabi/10.3.1/thumb/v6-m/nofp\libcr_eabihelpers.a(double.o)
                0x00007290                __aeabi_dcmpeq
 .text.__aeabi_dcmpge
                0x000072c0       0x5c c:/nxp/mcuxpressoide_11.7.0_9198/ide/plugins/com.nxp.mcuxpresso.tools.win32_11.7.0.202209140929/tools/bin/../lib/gcc/arm-none-eabi/10.3.1/thumb/v6-m/nofp\libcr_eabihelpers.a(double.o)
                0x000072c0                __aeabi_dcmpge
 .text.__aeabi_fmul
                0x0000731c       0xc0 c:/nxp/mcuxpressoide_11.7.0_9198/ide/plugins/com.nxp.mcuxpresso.tools.win32_11.7.0.202209140929/tools/bin/../lib/gcc/arm-none-eabi/10.3.1/thumb/v6-m/nofp\libcr_eabihelpers.a(float.o)
                0x0000731c                __aeabi_fmul
 .text.__aeabi_fdiv
                0x000073dc       0xe8 c:/nxp/mcuxpressoide_11.7.0_9198/ide/plugins/com.nxp.mcuxpresso.tools.win32_11.7.0.202209140929/tools/bin/../lib/gcc/arm-none-eabi/10.3.1/thumb/v6-m/nofp\libcr_eabihelpers.a(float.o)
                0x000073dc                __aeabi_fdiv
 .text.__aeabi_fsub
                0x000074c4      0x128 c:/nxp/mcuxpressoide_11.7.0_9198/ide/plugins/com.nxp.mcuxpresso.tools.win32_11.7.0.202209140929/tools/bin/../lib/gcc/arm-none-eabi/10.3.1/thumb/v6-m/nofp\libcr_eabihelpers.a(float.o)
                0x000074c4                __aeabi_fsub
 .text.__aeabi_fadd
                0x000075ec       0xac c:/nxp/mcuxpressoide_11.7.0_9198/ide/plugins/com.nxp.mcuxpresso.tools.win32_11.7.0.202209140929/tools/bin/../lib/gcc/arm-none-eabi/10.3.1/thumb/v6-m/nofp\libcr_eabihelpers.a(float.o)
                0x000075ec                __aeabi_fadd
 .text.__aeabi_f2iz
                0x00007698       0x3c c:/nxp/mcuxpressoide_11.7.0_9198/ide/plugins/com.nxp.mcuxpresso.tools.win32_11.7.0.202209140929/tools/bin/../lib/gcc/arm-none-eabi/10.3.1/thumb/v6-m/nofp\libcr_eabihelpers.a(float.o)
                0x00007698                __aeabi_f2iz
 .text.__aeabi_f2d
                0x000076d4       0x40 c:/nxp/mcuxpressoide_11.7.0_9198/ide/plugins/com.nxp.mcuxpresso.tools.win32_11.7.0.202209140929/tools/bin/../lib/gcc/arm-none-eabi/10.3.1/thumb/v6-m/nofp\libcr_eabihelpers.a(float.o)
                0x000076d4                __aeabi_f2d
 .text.DbgConsole_Printf
                0x00007714       0x32 ./utilities/fsl_debug_console.o
                0x00007714                DbgConsole_Printf
 .text.DbgConsole_PrintfPaddingCharacter
                0x00007746       0x48 ./utilities/fsl_debug_console.o
 .text.DbgConsole_ConvertRadixNumToString
                0x0000778e       0xc2 ./utilities/fsl_debug_console.o
 .text.DbgConsole_PrintfFormattedData
                0x00007850      0x3da ./utilities/fsl_debug_console.o
 .text.RoundPIDOutput
                0x00007c2a       0x84 ./source/PID.o
                0x00007c2a                RoundPIDOutput
 .text.SysTimer_Tou
                0x00007cae       0x34 ./source/SysTimer.o
                0x00007cae                SysTimer_Tou
 .text.StartTimeout
                0x00007ce2       0x44 ./source/SysTimer.o
                0x00007ce2                StartTimeout
 .text.TimeoutDone
                0x00007d26       0x3a ./source/SysTimer.o
                0x00007d26                TimeoutDone
 .text.TimeoutExtension
                0x00007d60       0x1a ./source/SysTimer.o
                0x00007d60                TimeoutExtension
 .text.USART_EnableInterrupts
                0x00007d7a       0x1c ./source/USART.o
 .text.USART_DisableInterrupts
                0x00007d96       0x1c ./source/USART.o
 .text.SenseDistance
                0x00007db2        0xe ./source/distance.o
                0x00007db2                SenseDistance
 .text.InitEncoder
                0x00007dc0       0x22 ./source/encoder.o
                0x00007dc0                InitEncoder
 .text.GPIO_PinWrite
                0x00007de2       0x2c ./source/motor.o
 .text.RotateForward
                0x00007e0e       0x34 ./source/motor.o
                0x00007e0e                RotateForward
 .text.RotateBackward
                0x00007e42       0x34 ./source/motor.o
                0x00007e42                RotateBackward
 .text.StopMotor
                0x00007e76       0x34 ./source/motor.o
                0x00007e76                StopMotor
 .text.ADC_ClearStatusFlags
                0x00007eaa       0x18 ./source/optic.o
 .text.InitOpticMeasurement
                0x00007ec2       0x76 ./source/optic.o
                0x00007ec2                InitOpticMeasurement
 .text.GPIO_PinWrite
                0x00007f38       0x2c ./source/ultrasonic.o
 .text.InitUltrasonicMeasurement
                0x00007f64       0x24 ./source/ultrasonic.o
                0x00007f64                InitUltrasonicMeasurement
 .text.DelayLoop
                0x00007f88       0x1a ./drivers/fsl_common_arm.o
 .text.EnableIRQ
                0x00007fa2       0x36 ./drivers/fsl_ctimer.o
 .text.CTIMER_GetStatusFlags
                0x00007fd8       0x14 ./drivers/fsl_ctimer.o
 .text.CTIMER_ClearStatusFlags
                0x00007fec       0x18 ./drivers/fsl_ctimer.o
 .text.CTIMER_SetupMatch
                0x00008004      0x132 ./drivers/fsl_ctimer.o
                0x00008004                CTIMER_SetupMatch
 .text.CTIMER_SetupCapture
                0x00008136       0xa8 ./drivers/fsl_ctimer.o
                0x00008136                CTIMER_SetupCapture
 .text.CTIMER0_DriverIRQHandler
                0x000081de       0x10 ./drivers/fsl_ctimer.o
                0x000081de                CTIMER0_DriverIRQHandler
 .text.GPIO_PinInit
                0x000081ee       0xc0 ./drivers/fsl_gpio.o
                0x000081ee                GPIO_PinInit
 .text.RESET_PeripheralReset
                0x000082ae       0x20 ./drivers/fsl_reset.o
                0x000082ae                RESET_PeripheralReset
 .text.EnableIRQ
                0x000082ce       0x36 ./drivers/fsl_usart.o
 .text.USART_GetStatusFlags
                0x00008304       0x14 ./drivers/fsl_usart.o
 .text.USART_EnableInterrupts
                0x00008318       0x1c ./drivers/fsl_usart.o
 .text.USART_DisableInterrupts
                0x00008334       0x1c ./drivers/fsl_usart.o
 .text.USART_EnableTx
                0x00008350       0x46 ./drivers/fsl_usart.o
 .text.USART_EnableRx
                0x00008396       0x44 ./drivers/fsl_usart.o
 .text.SystemInitHook
                0x000083da        0xa ./device/system_LPC845.o
                0x000083da                SystemInitHook
 .text.BOARD_InitBootClocks
                0x000083e4        0xe ./board/clock_config.o
                0x000083e4                BOARD_InitBootClocks
 .text.EnableIRQ
                0x000083f2       0x36 ./board/peripherals.o
 .text.CTIMER_StartTimer
                0x00008428       0x1c ./board/peripherals.o
 .text.ADC_EnableConvSeqA
                0x00008444       0x3a ./board/peripherals.o
 .text.ADC_EnableInterrupts
                0x0000847e       0x22 ./board/peripherals.o
 .text.ADC_EnableThresholdCompareInterrupt
                0x000084a0       0x3e ./board/peripherals.o
 .text.BOARD_InitPeripherals
                0x000084de       0x22 ./board/peripherals.o
                0x000084de                BOARD_InitPeripherals
 .text.IOCON_PinMuxSet
                0x00008500       0x26 ./board/pin_mux.o
 .text.BOARD_InitBootPins
                0x00008526       0x22 ./board/pin_mux.o
                0x00008526                BOARD_InitBootPins
 .text.__main   0x00008548        0xc c:/nxp/mcuxpressoide_11.7.0_9198/ide/plugins/com.nxp.mcuxpresso.tools.win32_11.7.0.202209140929/tools/bin/../lib/gcc/arm-none-eabi/10.3.1/../../../../arm-none-eabi/lib/thumb/v6-m/nofp\libcr_nohost_nf.a(_cr__main.o)
                0x00008548                __main
 .text.memcpy   0x00008554        0x8 c:/nxp/mcuxpressoide_11.7.0_9198/ide/plugins/com.nxp.mcuxpresso.tools.win32_11.7.0.202209140929/tools/bin/../lib/gcc/arm-none-eabi/10.3.1/../../../../arm-none-eabi/lib/thumb/v6-m/nofp\libcr_c.a(memcpy.o)
                0x00008554                memcpy
 .text.memset   0x0000855c        0x8 c:/nxp/mcuxpressoide_11.7.0_9198/ide/plugins/com.nxp.mcuxpresso.tools.win32_11.7.0.202209140929/tools/bin/../lib/gcc/arm-none-eabi/10.3.1/../../../../arm-none-eabi/lib/thumb/v6-m/nofp\libcr_c.a(memset.o)
                0x0000855c                memset
 .text.free     0x00008564       0x2c c:/nxp/mcuxpressoide_11.7.0_9198/ide/plugins/com.nxp.mcuxpresso.tools.win32_11.7.0.202209140929/tools/bin/../lib/gcc/arm-none-eabi/10.3.1/../../../../arm-none-eabi/lib/thumb/v6-m/nofp\libcr_c.a(alloc.o)
                0x00008564                free
 .text.sscanf   0x00008590       0x3c c:/nxp/mcuxpressoide_11.7.0_9198/ide/plugins/com.nxp.mcuxpresso.tools.win32_11.7.0.202209140929/tools/bin/../lib/gcc/arm-none-eabi/10.3.1/../../../../arm-none-eabi/lib/thumb/v6-m/nofp\libcr_c.a(scanf.o)
                0x00008590                sscanf
 .text.strchr   0x000085cc       0x14 c:/nxp/mcuxpressoide_11.7.0_9198/ide/plugins/com.nxp.mcuxpresso.tools.win32_11.7.0.202209140929/tools/bin/../lib/gcc/arm-none-eabi/10.3.1/../../../../arm-none-eabi/lib/thumb/v6-m/nofp\libcr_c.a(strchr.o)
                0x000085cc                strchr
 .text._Csys_read_
                0x000085e0       0x24 c:/nxp/mcuxpressoide_11.7.0_9198/ide/plugins/com.nxp.mcuxpresso.tools.win32_11.7.0.202209140929/tools/bin/../lib/gcc/arm-none-eabi/10.3.1/../../../../arm-none-eabi/lib/thumb/v6-m/nofp\libcr_c.a(__fillbuf.o)
                0x000085e0                _Csys_read_
 .text.remove   0x00008604       0x12 c:/nxp/mcuxpressoide_11.7.0_9198/ide/plugins/com.nxp.mcuxpresso.tools.win32_11.7.0.202209140929/tools/bin/../lib/gcc/arm-none-eabi/10.3.1/../../../../arm-none-eabi/lib/thumb/v6-m/nofp\libcr_c.a(remove.o)
                0x00008604                remove
 .text.__aeabi_division_idivmod
                0x00008616       0x78 c:/nxp/mcuxpressoide_11.7.0_9198/ide/plugins/com.nxp.mcuxpresso.tools.win32_11.7.0.202209140929/tools/bin/../lib/gcc/arm-none-eabi/10.3.1/thumb/v6-m/nofp\libcr_eabihelpers.a(division_32.o)
                0x00008616                __aeabi_idivmod
                0x00008616                __aeabi_idiv
                0x0000861c                __aeabi_uidivmod
                0x0000861c                __aeabi_uidiv
 .text.__aeabi_division_uldivmod
                0x0000868e       0x5a c:/nxp/mcuxpressoide_11.7.0_9198/ide/plugins/com.nxp.mcuxpresso.tools.win32_11.7.0.202209140929/tools/bin/../lib/gcc/arm-none-eabi/10.3.1/thumb/v6-m/nofp\libcr_eabihelpers.a(division_64.o)
                0x0000868e                __aeabi_uldivmod
 .text.__aeabi_division_idiv0
                0x000086e8        0x2 c:/nxp/mcuxpressoide_11.7.0_9198/ide/plugins/com.nxp.mcuxpresso.tools.win32_11.7.0.202209140929/tools/bin/../lib/gcc/arm-none-eabi/10.3.1/thumb/v6-m/nofp\libcr_eabihelpers.a(division_idiv0.o)
                0x000086e8                __aeabi_idiv0
 .text.__bhs_ui2d
                0x000086ea       0x5e c:/nxp/mcuxpressoide_11.7.0_9198/ide/plugins/com.nxp.mcuxpresso.tools.win32_11.7.0.202209140929/tools/bin/../lib/gcc/arm-none-eabi/10.3.1/thumb/v6-m/nofp\libcr_eabihelpers.a(double.o)
                0x000086ea                __bhs_ui2d
 .text.__aeabi_i2d
                0x00008748       0x18 c:/nxp/mcuxpressoide_11.7.0_9198/ide/plugins/com.nxp.mcuxpresso.tools.win32_11.7.0.202209140929/tools/bin/../lib/gcc/arm-none-eabi/10.3.1/thumb/v6-m/nofp\libcr_eabihelpers.a(double.o)
                0x00008748                __aeabi_i2d
 .text.__aeabi_ui2d
                0x00008760        0xc c:/nxp/mcuxpressoide_11.7.0_9198/ide/plugins/com.nxp.mcuxpresso.tools.win32_11.7.0.202209140929/tools/bin/../lib/gcc/arm-none-eabi/10.3.1/thumb/v6-m/nofp\libcr_eabihelpers.a(double.o)
                0x00008760                __aeabi_ui2d
 .text.__aeabi_f2uiz
                0x0000876c       0x2a c:/nxp/mcuxpressoide_11.7.0_9198/ide/plugins/com.nxp.mcuxpresso.tools.win32_11.7.0.202209140929/tools/bin/../lib/gcc/arm-none-eabi/10.3.1/thumb/v6-m/nofp\libcr_eabihelpers.a(float.o)
                0x0000876c                __aeabi_f2uiz
 .text.__bhs_ui2f
                0x00008796       0x60 c:/nxp/mcuxpressoide_11.7.0_9198/ide/plugins/com.nxp.mcuxpresso.tools.win32_11.7.0.202209140929/tools/bin/../lib/gcc/arm-none-eabi/10.3.1/thumb/v6-m/nofp\libcr_eabihelpers.a(float.o)
                0x00008796                __bhs_ui2f
 .text.__aeabi_i2f
                0x000087f6       0x18 c:/nxp/mcuxpressoide_11.7.0_9198/ide/plugins/com.nxp.mcuxpresso.tools.win32_11.7.0.202209140929/tools/bin/../lib/gcc/arm-none-eabi/10.3.1/thumb/v6-m/nofp\libcr_eabihelpers.a(float.o)
                0x000087f6                __aeabi_i2f
 .text.__aeabi_ui2f
                0x0000880e        0xc c:/nxp/mcuxpressoide_11.7.0_9198/ide/plugins/com.nxp.mcuxpresso.tools.win32_11.7.0.202209140929/tools/bin/../lib/gcc/arm-none-eabi/10.3.1/thumb/v6-m/nofp\libcr_eabihelpers.a(float.o)
                0x0000880e                __aeabi_ui2f
 .text.__aeabi_fcmpeq
                0x0000881a       0x20 c:/nxp/mcuxpressoide_11.7.0_9198/ide/plugins/com.nxp.mcuxpresso.tools.win32_11.7.0.202209140929/tools/bin/../lib/gcc/arm-none-eabi/10.3.1/thumb/v6-m/nofp\libcr_eabihelpers.a(float.o)
                0x0000881a                __aeabi_fcmpeq
 .text.__aeabi_fcmplt
                0x0000883a       0x42 c:/nxp/mcuxpressoide_11.7.0_9198/ide/plugins/com.nxp.mcuxpresso.tools.win32_11.7.0.202209140929/tools/bin/../lib/gcc/arm-none-eabi/10.3.1/thumb/v6-m/nofp\libcr_eabihelpers.a(float.o)
                0x0000883a                __aeabi_fcmplt
 .text.__aeabi_fcmpgt
                0x0000887c       0x3e c:/nxp/mcuxpressoide_11.7.0_9198/ide/plugins/com.nxp.mcuxpresso.tools.win32_11.7.0.202209140929/tools/bin/../lib/gcc/arm-none-eabi/10.3.1/thumb/v6-m/nofp\libcr_eabihelpers.a(float.o)
                0x0000887c                __aeabi_fcmpgt
 .text.__aeabi_fcmple
                0x000088ba       0x44 c:/nxp/mcuxpressoide_11.7.0_9198/ide/plugins/com.nxp.mcuxpresso.tools.win32_11.7.0.202209140929/tools/bin/../lib/gcc/arm-none-eabi/10.3.1/thumb/v6-m/nofp\libcr_eabihelpers.a(float.o)
                0x000088ba                __aeabi_fcmple
 .text.__aeabi_fcmpge
                0x000088fe       0x42 c:/nxp/mcuxpressoide_11.7.0_9198/ide/plugins/com.nxp.mcuxpresso.tools.win32_11.7.0.202209140929/tools/bin/../lib/gcc/arm-none-eabi/10.3.1/thumb/v6-m/nofp\libcr_eabihelpers.a(float.o)
                0x000088fe                __aeabi_fcmpge
 .text.__aeabi_llong_lmul
                0x00008940       0x2e c:/nxp/mcuxpressoide_11.7.0_9198/ide/plugins/com.nxp.mcuxpresso.tools.win32_11.7.0.202209140929/tools/bin/../lib/gcc/arm-none-eabi/10.3.1/thumb/v6-m/nofp\libcr_eabihelpers.a(llong.o)
                0x00008940                __aeabi_lmul
 .text.__aeabi_memcpy
                0x0000896e       0x2c c:/nxp/mcuxpressoide_11.7.0_9198/ide/plugins/com.nxp.mcuxpresso.tools.win32_11.7.0.202209140929/tools/bin/../lib/gcc/arm-none-eabi/10.3.1/thumb/v6-m/nofp\libcr_eabihelpers.a(memcpy.o)
                0x0000896e                __aeabi_memcpy4
                0x0000896e                __aeabi_memcpy8
                0x0000896e                __aeabi_memcpy
 .text.__aeabi_memset_lowlevel
                0x0000899a       0x2a c:/nxp/mcuxpressoide_11.7.0_9198/ide/plugins/com.nxp.mcuxpresso.tools.win32_11.7.0.202209140929/tools/bin/../lib/gcc/arm-none-eabi/10.3.1/thumb/v6-m/nofp\libcr_eabihelpers.a(memcpy.o)
                0x0000899a                __aeabi_lowlevel_memset
 .text.__gnu_thumb1_case_shi
                0x000089c4       0x10 c:/nxp/mcuxpressoide_11.7.0_9198/ide/plugins/com.nxp.mcuxpresso.tools.win32_11.7.0.202209140929/tools/bin/../lib/gcc/arm-none-eabi/10.3.1/thumb/v6-m/nofp\libcr_eabihelpers.a(thumb1_switch_helpers.o)
                0x000089c4                __gnu_thumb1_case_shi
 .text.__sys_appexit
                0x000089d4        0x2 c:/nxp/mcuxpressoide_11.7.0_9198/ide/plugins/com.nxp.mcuxpresso.tools.win32_11.7.0.202209140929/tools/bin/../lib/gcc/arm-none-eabi/10.3.1/../../../../arm-none-eabi/lib/thumb/v6-m/nofp\libcr_nohost_nf.a(__sys_appexit.o)
                0x000089d4                __sys_appexit
                0x000089d4                __exit
 .text.__sys_close
                0x000089d6        0x6 c:/nxp/mcuxpressoide_11.7.0_9198/ide/plugins/com.nxp.mcuxpresso.tools.win32_11.7.0.202209140929/tools/bin/../lib/gcc/arm-none-eabi/10.3.1/../../../../arm-none-eabi/lib/thumb/v6-m/nofp\libcr_nohost_nf.a(__sys_close.o)
                0x000089d6                __sys_close
 .text.__sys_flen
                0x000089dc        0x6 c:/nxp/mcuxpressoide_11.7.0_9198/ide/plugins/com.nxp.mcuxpresso.tools.win32_11.7.0.202209140929/tools/bin/../lib/gcc/arm-none-eabi/10.3.1/../../../../arm-none-eabi/lib/thumb/v6-m/nofp\libcr_nohost_nf.a(__sys_flen.o)
                0x000089dc                __sys_flen
 .text.__sys_istty
                0x000089e2        0x6 c:/nxp/mcuxpressoide_11.7.0_9198/ide/plugins/com.nxp.mcuxpresso.tools.win32_11.7.0.202209140929/tools/bin/../lib/gcc/arm-none-eabi/10.3.1/../../../../arm-none-eabi/lib/thumb/v6-m/nofp\libcr_nohost_nf.a(__sys_istty.o)
                0x000089e2                __sys_istty
 .text.__sys_read
                0x000089e8        0x4 c:/nxp/mcuxpressoide_11.7.0_9198/ide/plugins/com.nxp.mcuxpresso.tools.win32_11.7.0.202209140929/tools/bin/../lib/gcc/arm-none-eabi/10.3.1/../../../../arm-none-eabi/lib/thumb/v6-m/nofp\libcr_nohost_nf.a(__sys_read.o)
                0x000089e8                __sys_read
 .text.__sys_readc
                0x000089ec        0x6 c:/nxp/mcuxpressoide_11.7.0_9198/ide/plugins/com.nxp.mcuxpresso.tools.win32_11.7.0.202209140929/tools/bin/../lib/gcc/arm-none-eabi/10.3.1/../../../../arm-none-eabi/lib/thumb/v6-m/nofp\libcr_nohost_nf.a(__sys_readc.o)
                0x000089ec                __sys_readc
                0x000089ec                __readc
 .text.__sys_remove
                0x000089f2        0x6 c:/nxp/mcuxpressoide_11.7.0_9198/ide/plugins/com.nxp.mcuxpresso.tools.win32_11.7.0.202209140929/tools/bin/../lib/gcc/arm-none-eabi/10.3.1/../../../../arm-none-eabi/lib/thumb/v6-m/nofp\libcr_nohost_nf.a(__sys_remove.o)
                0x000089f2                __sys_remove
 .text.__sys_seek
                0x000089f8        0x6 c:/nxp/mcuxpressoide_11.7.0_9198/ide/plugins/com.nxp.mcuxpresso.tools.win32_11.7.0.202209140929/tools/bin/../lib/gcc/arm-none-eabi/10.3.1/../../../../arm-none-eabi/lib/thumb/v6-m/nofp\libcr_nohost_nf.a(__sys_seek.o)
                0x000089f8                __sys_seek
 .text.__sys_tmpnam
                0x000089fe        0x6 c:/nxp/mcuxpressoide_11.7.0_9198/ide/plugins/com.nxp.mcuxpresso.tools.win32_11.7.0.202209140929/tools/bin/../lib/gcc/arm-none-eabi/10.3.1/../../../../arm-none-eabi/lib/thumb/v6-m/nofp\libcr_nohost_nf.a(__sys_tmpnam.o)
                0x000089fe                __sys_tmpnam
 .text.__sys_write
                0x00008a04        0x4 c:/nxp/mcuxpressoide_11.7.0_9198/ide/plugins/com.nxp.mcuxpresso.tools.win32_11.7.0.202209140929/tools/bin/../lib/gcc/arm-none-eabi/10.3.1/../../../../arm-none-eabi/lib/thumb/v6-m/nofp\libcr_nohost_nf.a(__sys_write.o)
                0x00008a04                __sys_write
 *(SORT_BY_ALIGNMENT(.rodata) SORT_BY_ALIGNMENT(.rodata.*) SORT_BY_ALIGNMENT(.constdata) SORT_BY_ALIGNMENT(.constdata.*))
 .rodata.__assertion_failed.str1.4
                0x00008a08       0x14 ./utilities/fsl_assert.o
 .rodata.MRT_GetStatusFlags.str1.4
                0x00008a1c       0xa9 ./source/MRT.o
 *fill*         0x00008ac5        0x3 ff
 .rodata.MRT_ClearStatusFlags.str1.4
                0x00008ac8       0xa9 ./source/MRT.o
 *fill*         0x00008b71        0x3 ff
 .rodata.MRT0_IRQHandler.str1.4
                0x00008b74        0x5 ./source/MRT.o
 *fill*         0x00008b79        0x3 ff
 .rodata.PIDTIMERHandler.str1.4
                0x00008b7c       0x10 ./source/PID.o
 .rodata.MRT_StartTimer.str1.4
                0x00008b8c       0xa9 ./source/car.o
 *fill*         0x00008c35        0x3 ff
 .rodata.MRT_StopTimer.str1.4
                0x00008c38       0xa9 ./source/car.o
 *fill*         0x00008ce1        0x3 ff
 .rodata        0x00008ce4       0x33 ./source/car.o
 *fill*         0x00008d17        0x1 ff
 .rodata.ProcessPrompt.str1.4
                0x00008d18       0x17 ./source/car.o
 *fill*         0x00008d2f        0x1 ff
 .rodata.UpdateDirection
                0x00008d30       0x1c ./source/direction.o
 .rodata.SCTIMER_StartTimer.str1.4
                0x00008d4c      0x2e4 ./source/motor.o
 .rodata.SCTIMER_StopTimer.str1.4
                0x00009030      0x2e4 ./source/motor.o
 .rodata.UpdatePwmDutycycleScaledUp.str1.4
                0x00009314       0xb6 ./source/motor.o
 *fill*         0x000093ca        0x2 ff
 .rodata.ADC_GetInstance.str1.4
                0x000093cc       0x31 ./drivers/fsl_adc.o
 *fill*         0x000093fd        0x3 ff
 .rodata.ADC_Init.str1.4
                0x00009400       0x1e ./drivers/fsl_adc.o
 *fill*         0x0000941e        0x2 ff
 .rodata.ADC_DoSelfCalibration.str1.4
                0x00009420       0x20 ./drivers/fsl_adc.o
 .rodata.ADC_SetConvSeqAConfig.str1.4
                0x00009440       0x1f ./drivers/fsl_adc.o
 *fill*         0x0000945f        0x1 ff
 .rodata.CLOCK_UpdateClkSrc.str1.4
                0x00009460       0x17 ./drivers/fsl_clock.o
 *fill*         0x00009477        0x1 ff
 .rodata.SDK_DelayAtLeastUs.str1.4
                0x00009478       0x2b ./drivers/fsl_common_arm.o
 *fill*         0x000094a3        0x1 ff
 .rodata.CTIMER_GetInstance.str1.4
                0x000094a4       0x2e ./drivers/fsl_ctimer.o
 *fill*         0x000094d2        0x2 ff
 .rodata.CTIMER_Init.str1.4
                0x000094d4       0x22 ./drivers/fsl_ctimer.o
 *fill*         0x000094f6        0x2 ff
 .rodata.s_gpioClockName
                0x000094f8        0x4 ./drivers/fsl_gpio.o
 .rodata.GPIO_EnablePortClock.str1.4
                0x000094fc       0x33 ./drivers/fsl_gpio.o
 *fill*         0x0000952f        0x1 ff
 .rodata.MRT_GetInstance.str1.4
                0x00009530       0x28 ./drivers/fsl_mrt.o
 .rodata.MRT_Init.str1.4
                0x00009558       0x1e ./drivers/fsl_mrt.o
 *fill*         0x00009576        0x2 ff
 .rodata.RESET_SetPeripheralReset.str1.4
                0x00009578       0x1f ./drivers/fsl_reset.o
 *fill*         0x00009597        0x1 ff
 .rodata.RESET_ClearPeripheralReset.str1.4
                0x00009598       0x1f ./drivers/fsl_reset.o
 *fill*         0x000095b7        0x1 ff
 .rodata.SCTIMER_StartTimer.str1.4
                0x000095b8      0x12a ./drivers/fsl_sctimer.o
 *fill*         0x000096e2        0x2 ff
 .rodata.SCTIMER_StopTimer.str1.4
                0x000096e4      0x12a ./drivers/fsl_sctimer.o
 *fill*         0x0000980e        0x2 ff
 .rodata.SCTIMER_SetupOutputSetAction.str1.4
                0x00009810       0x4a ./drivers/fsl_sctimer.o
 *fill*         0x0000985a        0x2 ff
 .rodata.SCTIMER_SetupOutputClearAction.str1.4
                0x0000985c       0x4a ./drivers/fsl_sctimer.o
 *fill*         0x000098a6        0x2 ff
 .rodata.SCTIMER_SetupCounterLimitAction.str1.4
                0x000098a8       0xc9 ./drivers/fsl_sctimer.o
 *fill*         0x00009971        0x3 ff
 .rodata.SCTIMER_GetInstance.str1.4
                0x00009974       0x2c ./drivers/fsl_sctimer.o
 .rodata.SCTIMER_Init.str1.4
                0x000099a0       0x23 ./drivers/fsl_sctimer.o
 *fill*         0x000099c3        0x1 ff
 .rodata.SCTIMER_SetupPwm.str1.4
                0x000099c4      0x119 ./drivers/fsl_sctimer.o
 *fill*         0x00009add        0x3 ff
 .rodata.SCTIMER_UpdatePwmDutycycle.str1.4
                0x00009ae0       0xc5 ./drivers/fsl_sctimer.o
 *fill*         0x00009ba5        0x3 ff
 .rodata.SWM_SetMovablePinSelect.str1.4
                0x00009ba8       0x49 ./drivers/fsl_swm.o
 *fill*         0x00009bf1        0x3 ff
 .rodata.SWM_SetFixedPinSelect.str1.4
                0x00009bf4       0x1d ./drivers/fsl_swm.o
 *fill*         0x00009c11        0x3 ff
 .rodata.s_usartIRQ
                0x00009c14        0x5 ./drivers/fsl_usart.o
 *fill*         0x00009c19        0x3 ff
 .rodata.s_usartBaseAddrs
                0x00009c1c       0x14 ./drivers/fsl_usart.o
 .rodata.s_usartClock
                0x00009c30        0xa ./drivers/fsl_usart.o
 *fill*         0x00009c3a        0x2 ff
 .rodata.s_usartRest
                0x00009c3c       0x14 ./drivers/fsl_usart.o
 .rodata.USART_GetInstance.str1.4
                0x00009c50       0x3b ./drivers/fsl_usart.o
 *fill*         0x00009c8b        0x1 ff
 .rodata.USART_TransferGetRxRingBufferLength.str1.4
                0x00009c8c       0x20 ./drivers/fsl_usart.o
 .rodata.USART_TransferIsRxRingBufferFull.str1.4
                0x00009cac       0x21 ./drivers/fsl_usart.o
 *fill*         0x00009ccd        0x3 ff
 .rodata.USART_TransferStartRingBuffer.str1.4
                0x00009cd0       0x69 ./drivers/fsl_usart.o
 *fill*         0x00009d39        0x3 ff
 .rodata.USART_Init.str1.4
                0x00009d3c       0x4f ./drivers/fsl_usart.o
 *fill*         0x00009d8b        0x1 ff
 .rodata.USART_GetDefaultConfig.str1.4
                0x00009d8c       0x21 ./drivers/fsl_usart.o
 *fill*         0x00009dad        0x3 ff
 .rodata.USART_SetBaudRate.str1.4
                0x00009db0       0x8f ./drivers/fsl_usart.o
 *fill*         0x00009e3f        0x1 ff
 .rodata.USART_WriteBlocking.str1.4
                0x00009e40       0x36 ./drivers/fsl_usart.o
 *fill*         0x00009e76        0x2 ff
 .rodata.USART_ReadBlocking.str1.4
                0x00009e78       0x36 ./drivers/fsl_usart.o
 *fill*         0x00009eae        0x2 ff
 .rodata.USART_TransferCreateHandle.str1.4
                0x00009eb0       0x38 ./drivers/fsl_usart.o
 .rodata.USART_TransferSendNonBlocking.str1.4
                0x00009ee8       0x92 ./drivers/fsl_usart.o
 *fill*         0x00009f7a        0x2 ff
 .rodata.USART_TransferGetSendCount.str1.4
                0x00009f7c       0x44 ./drivers/fsl_usart.o
 .rodata.USART_TransferHandleIRQ.str1.4
                0x00009fc0       0x35 ./drivers/fsl_usart.o
 *fill*         0x00009ff5        0x3 ff
 .rodata.s_UsartAdapterBase
                0x00009ff8       0x14 ./component/uart/fsl_adapter_miniusart.o
 .rodata.HAL_UartInit.str1.4
                0x0000a00c       0xfb ./component/uart/fsl_adapter_miniusart.o
 *fill*         0x0000a107        0x1 ff
 .rodata.HAL_UartReceiveBlocking.str1.4
                0x0000a108       0x71 ./component/uart/fsl_adapter_miniusart.o
 *fill*         0x0000a179        0x3 ff
 .rodata.HAL_UartSendBlocking.str1.4
                0x0000a17c       0x71 ./component/uart/fsl_adapter_miniusart.o
 *fill*         0x0000a1ed        0x3 ff
 .rodata.BOARD_InitDebugConsole.str1.4
                0x0000a1f0       0x27 ./board/board.o
 *fill*         0x0000a217        0x1 ff
 .rodata.CLOCK_SetCoreSysClkDiv.str1.4
                0x0000a218       0x78 ./board/clock_config.o
 .rodata.SCTIMER_StartTimer.str1.4
                0x0000a290      0x2e4 ./board/peripherals.o
 .rodata.MRT_SetupChannelMode.str1.4
                0x0000a290       0xa9 ./board/peripherals.o
 *fill*         0x0000a339        0x3 ff
 .rodata.MRT_EnableInterrupts.str1.4
                0x0000a33c       0xa9 ./board/peripherals.o
 .rodata.MRT_StartTimer.str1.4
                0x0000a3e5       0xa9 ./board/peripherals.o
 *fill*         0x0000a3e5        0x3 ff
 .rodata.USART1_config
                0x0000a3e8       0x10 ./board/peripherals.o
                0x0000a3e8                USART1_config
 .rodata.CTIMER0_config
                0x0000a3f8        0x8 ./board/peripherals.o
                0x0000a3f8                CTIMER0_config
 .rodata.CTIMER0_Match_0_config
                0x0000a400        0xc ./board/peripherals.o
                0x0000a400                CTIMER0_Match_0_config
 .rodata.USART0_config
                0x0000a40c       0x10 ./board/peripherals.o
                0x0000a40c                USART0_config
 .rodata.ADC0configStruct
                0x0000a41c        0xc ./board/peripherals.o
                0x0000a41c                ADC0configStruct
 .rodata.ADC0ConvSeqAConfigStruct
                0x0000a428        0xc ./board/peripherals.o
                0x0000a428                ADC0ConvSeqAConfigStruct
 .rodata.SCT0_initConfig
                0x0000a434        0x9 ./board/peripherals.o
                0x0000a434                SCT0_initConfig
 *fill*         0x0000a43d        0x3 ff
 .rodata.SCT0_pwmSignalsConfig
                0x0000a440        0x6 ./board/peripherals.o
                0x0000a440                SCT0_pwmSignalsConfig
 *fill*         0x0000a446        0x2 ff
 .rodata.MRT0_config
                0x0000a448        0x1 ./board/peripherals.o
                0x0000a448                MRT0_config
 *fill*         0x0000a449        0x3 ff
 .rodata        0x0000a44c        0x2 ./board/pin_mux.o
 *fill*         0x0000a44e        0x2 ff
 .rodata.__num_Ciob_streams
                0x0000a450        0x4 c:/nxp/mcuxpressoide_11.7.0_9198/ide/plugins/com.nxp.mcuxpresso.tools.win32_11.7.0.202209140929/tools/bin/../lib/gcc/arm-none-eabi/10.3.1/../../../../arm-none-eabi/lib/thumb/v6-m/nofp\libcr_nohost_nf.a(__ciob.o)
                0x0000a450                __num_Ciob_streams
 .rodata._Csys_alloc.str1.1
                0x0000a454       0x18 c:/nxp/mcuxpressoide_11.7.0_9198/ide/plugins/com.nxp.mcuxpresso.tools.win32_11.7.0.202209140929/tools/bin/../lib/gcc/arm-none-eabi/10.3.1/../../../../arm-none-eabi/lib/thumb/v6-m/nofp\libcr_c.a(alloc.o)
 .rodata._initio.str1.1
                0x0000a46c        0x4 c:/nxp/mcuxpressoide_11.7.0_9198/ide/plugins/com.nxp.mcuxpresso.tools.win32_11.7.0.202209140929/tools/bin/../lib/gcc/arm-none-eabi/10.3.1/../../../../arm-none-eabi/lib/thumb/v6-m/nofp\libcr_c.a(initio.o)
 .rodata.strtod.str1.1
                0x0000a470        0x6 c:/nxp/mcuxpressoide_11.7.0_9198/ide/plugins/com.nxp.mcuxpresso.tools.win32_11.7.0.202209140929/tools/bin/../lib/gcc/arm-none-eabi/10.3.1/../../../../arm-none-eabi/lib/thumb/v6-m/nofp\libcr_c.a(scanf.o)
 .rodata.__ctype
                0x0000a476      0x180 c:/nxp/mcuxpressoide_11.7.0_9198/ide/plugins/com.nxp.mcuxpresso.tools.win32_11.7.0.202209140929/tools/bin/../lib/gcc/arm-none-eabi/10.3.1/../../../../arm-none-eabi/lib/thumb/v6-m/nofp\libcr_c.a(ctype.o)
                0x0000a476                __ctype
                0x0000a5f8                . = ALIGN (0x4)
 *fill*         0x0000a5f6        0x2 ff

.glue_7         0x0000a5f8        0x0
 .glue_7        0x0000a5f8        0x0 linker stubs

.glue_7t        0x0000a5f8        0x0
 .glue_7t       0x0000a5f8        0x0 linker stubs

.vfp11_veneer   0x0000a5f8        0x0
 .vfp11_veneer  0x0000a5f8        0x0 linker stubs

.v4_bx          0x0000a5f8        0x0
 .v4_bx         0x0000a5f8        0x0 linker stubs

.iplt           0x0000a5f8        0x0
 .iplt          0x0000a5f8        0x0 ./utilities/fsl_assert.o

.rel.dyn        0x0000a5f8        0x0
 .rel.iplt      0x0000a5f8        0x0 ./utilities/fsl_assert.o

.ARM.extab
 *(SORT_BY_ALIGNMENT(.ARM.extab*) SORT_BY_ALIGNMENT(.gnu.linkonce.armextab.*))

.ARM.exidx      0x0000a5f8        0x0
                0x0000a5f8                __exidx_start = .
 *(SORT_BY_ALIGNMENT(.ARM.exidx*) SORT_BY_ALIGNMENT(.gnu.linkonce.armexidx.*))
                0x0000a5f8                __exidx_end = .
                0x0000a5f8                _etext = .

.mtb_buffer_RAM2
 *(SORT_BY_ALIGNMENT(.mtb.$RAM2*))
 *(SORT_BY_ALIGNMENT(.mtb.$IAP_SRAM*))

.data_RAM2      0x10003fe0        0x0 load address 0x0000a5f8
 FILL mask 0xff
                [!provide]                PROVIDE (__start_data_RAM2 = .)
                [!provide]                PROVIDE (__start_data_IAP_SRAM = .)
 *(SORT_BY_ALIGNMENT(.ramfunc.$RAM2))
 *(SORT_BY_ALIGNMENT(.ramfunc.$IAP_SRAM))
 *(SORT_BY_ALIGNMENT(.data.$RAM2))
 *(SORT_BY_ALIGNMENT(.data.$IAP_SRAM))
 *(SORT_BY_ALIGNMENT(.data.$RAM2.*))
 *(SORT_BY_ALIGNMENT(.data.$IAP_SRAM.*))
                0x10003fe0                . = ALIGN (0x4)
                [!provide]                PROVIDE (__end_data_RAM2 = .)
                [!provide]                PROVIDE (__end_data_IAP_SRAM = .)

.mtb_buffer_default
                0x10000000       0x80
 *(SORT_BY_ALIGNMENT(.mtb*))
 .mtb.$RAM1     0x10000000       0x80 ./source/mtb.o
                0x10000000                __mtb_buffer__

.uninit_RESERVED
                0x10000080        0x0
                0x10000080                _start_uninit_RESERVED = .
 *(SORT_BY_ALIGNMENT(.bss.$RESERVED*))
                0x10000080                . = ALIGN (0x4)
                0x10000080                _end_uninit_RESERVED = .

.data           0x10000080       0x38 load address 0x0000a5f8
 FILL mask 0xff
                0x10000080                _data = .
                [!provide]                PROVIDE (__start_data_RAM = .)
                [!provide]                PROVIDE (__start_data_SRAM = .)
 *(SORT_BY_ALIGNMENT(vtable))
 *(SORT_BY_ALIGNMENT(.ramfunc*))
 *(SORT_BY_ALIGNMENT(CodeQuickAccess))
 *(SORT_BY_ALIGNMENT(DataQuickAccess))
 *(SORT_BY_ALIGNMENT(RamFunction))
 *(SORT_BY_ALIGNMENT(.data*))
 .data.reset.4  0x10000080        0x4 ./source/USART.o
 .data.SystemCoreClock
                0x10000084        0x4 ./device/system_LPC845.o
                0x10000084                SystemCoreClock
 .data.USART1_txTransfer
                0x10000088        0x8 ./board/peripherals.o
                0x10000088                USART1_txTransfer
 .data.CTIMER0_callback
                0x10000090       0x20 ./board/peripherals.o
                0x10000090                CTIMER0_callback
 .data.neginf.0
                0x100000b0        0x4 c:/nxp/mcuxpressoide_11.7.0_9198/ide/plugins/com.nxp.mcuxpresso.tools.win32_11.7.0.202209140929/tools/bin/../lib/gcc/arm-none-eabi/10.3.1/../../../../arm-none-eabi/lib/thumb/v6-m/nofp\libcr_c.a(scanf.o)
 .data.posinf.1
                0x100000b4        0x4 c:/nxp/mcuxpressoide_11.7.0_9198/ide/plugins/com.nxp.mcuxpresso.tools.win32_11.7.0.202209140929/tools/bin/../lib/gcc/arm-none-eabi/10.3.1/../../../../arm-none-eabi/lib/thumb/v6-m/nofp\libcr_c.a(scanf.o)
                0x100000b8                . = ALIGN (0x4)
                0x100000b8                _edata = .
                [!provide]                PROVIDE (__end_data_RAM = .)
                [!provide]                PROVIDE (__end_data_SRAM = .)

.igot.plt       0x100000b8        0x0 load address 0x0000a630
 .igot.plt      0x100000b8        0x0 ./utilities/fsl_assert.o

.bss_RAM2       0x10003fe0        0x0
                [!provide]                PROVIDE (__start_bss_RAM2 = .)
                [!provide]                PROVIDE (__start_bss_IAP_SRAM = .)
 *(SORT_BY_ALIGNMENT(.bss.$RAM2))
 *(SORT_BY_ALIGNMENT(.bss.$IAP_SRAM))
 *(SORT_BY_ALIGNMENT(.bss.$RAM2.*))
 *(SORT_BY_ALIGNMENT(.bss.$IAP_SRAM.*))
                0x10003fe0                . = ALIGN ((. != 0x0)?0x4:0x1)
                [!provide]                PROVIDE (__end_bss_RAM2 = .)
                [!provide]                PROVIDE (__end_bss_IAP_SRAM = .)

.bss            0x100000b8      0x33c
                0x100000b8                _bss = .
                [!provide]                PROVIDE (__start_bss_RAM = .)
                [!provide]                PROVIDE (__start_bss_SRAM = .)
 *(SORT_BY_ALIGNMENT(.bss*))
 .bss.microseconds_elapsed_right
                0x100000b8        0x8 ./source/encoder.o
                0x100000b8                microseconds_elapsed_right
 .bss.microseconds_elapsed_left
                0x100000c0        0x8 ./source/encoder.o
                0x100000c0                microseconds_elapsed_left
 .bss.s_debugConsole
                0x100000c8       0x14 ./utilities/fsl_debug_console.o
 .bss.pid_right
                0x100000dc       0x1c ./source/PID.o
                0x100000dc                pid_right
 .bss.pid_left  0x100000f8       0x1c ./source/PID.o
                0x100000f8                pid_left
 .bss.prevRpmLeft.3
                0x10000114        0x4 ./source/PID.o
 .bss.prevRpmRight.1
                0x10000118        0x4 ./source/PID.o
 .bss.Tou1      0x1000011c        0x4 ./source/SysTimer.o
 .bss.Tou2      0x10000120        0x4 ./source/SysTimer.o
 .bss.Tou3      0x10000124        0x4 ./source/SysTimer.o
 .bss.Tou4      0x10000128        0x4 ./source/SysTimer.o
 .bss.buffer    0x1000012c       0x44 ./source/USART.o
                0x1000012c                buffer
 .bss.car       0x10000170        0x9 ./source/car.o
                0x10000170                car
 *fill*         0x10000179        0x3 
 .bss.car_prev  0x1000017c        0x9 ./source/car.o
                0x1000017c                car_prev
 *fill*         0x10000185        0x3 
 .bss.captured_time_right
                0x10000188        0x4 ./source/encoder.o
                0x10000188                captured_time_right
 .bss.captured_time_left
                0x1000018c        0x4 ./source/encoder.o
                0x1000018c                captured_time_left
 .bss.captured_time_right_prev
                0x10000190        0x4 ./source/encoder.o
                0x10000190                captured_time_right_prev
 .bss.captured_time_left_prev
                0x10000194        0x4 ./source/encoder.o
                0x10000194                captured_time_left_prev
 .bss.Encoder_right
                0x10000198        0xc ./source/encoder.o
                0x10000198                Encoder_right
 .bss.Encoder_left
                0x100001a4        0xc ./source/encoder.o
                0x100001a4                Encoder_left
 .bss.deltaTimeRight.2
                0x100001b0        0x4 ./source/encoder.o
 .bss.deltaTimeLeft.1
                0x100001b4        0x4 ./source/encoder.o
 .bss.motor_left
                0x100001b8        0x3 ./source/motor.o
                0x100001b8                motor_left
 *fill*         0x100001bb        0x1 
 .bss.motor_right
                0x100001bc        0x3 ./source/motor.o
                0x100001bc                motor_right
 *fill*         0x100001bf        0x1 
 .bss.optic_measurement
                0x100001c0       0x34 ./source/optic.o
                0x100001c0                optic_measurement
 .bss.g_systickCounter
                0x100001f4        0x4 ./source/sys.o
 .bss.capture_value_0
                0x100001f8        0x4 ./source/ultrasonic.o
                0x100001f8                capture_value_0
 .bss.capture_value_1
                0x100001fc        0x4 ./source/ultrasonic.o
                0x100001fc                capture_value_1
 .bss.microseconds_elapsed
                0x10000200        0x4 ./source/ultrasonic.o
                0x10000200                microseconds_elapsed
 .bss.ultrasonic_measurement
                0x10000204        0x4 ./source/ultrasonic.o
                0x10000204                ultrasonic_measurement
 .bss.g_Ext_Clk_Freq
                0x10000208        0x4 ./drivers/fsl_clock.o
                0x10000208                g_Ext_Clk_Freq
 .bss.g_Wdt_Osc_Freq
                0x1000020c        0x4 ./drivers/fsl_clock.o
                0x1000020c                g_Wdt_Osc_Freq
 .bss.s_ctimerCallback
                0x10000210        0x4 ./drivers/fsl_ctimer.o
 .bss.ctimerCallbackType
                0x10000214        0x1 ./drivers/fsl_ctimer.o
 *fill*         0x10000215        0x3 
 .bss.s_eventCallback
                0x10000218       0x20 ./drivers/fsl_sctimer.o
 .bss.s_currentEvent
                0x10000238        0x4 ./drivers/fsl_sctimer.o
 .bss.s_currentState
                0x1000023c        0x4 ./drivers/fsl_sctimer.o
 .bss.s_currentMatch
                0x10000240        0x4 ./drivers/fsl_sctimer.o
 .bss.s_currentMatchhigh
                0x10000244        0x4 ./drivers/fsl_sctimer.o
 .bss.s_sctimerIsr
                0x10000248        0x4 ./drivers/fsl_sctimer.o
 .bss.s_usartHandle
                0x1000024c       0x14 ./drivers/fsl_usart.o
 .bss.s_usartIsr
                0x10000260        0x4 ./drivers/fsl_usart.o
 .bss.USART1_handle
                0x10000264       0x30 ./board/peripherals.o
                0x10000264                USART1_handle
 .bss.USART1_rxBuffer
                0x10000294       0x40 ./board/peripherals.o
                0x10000294                USART1_rxBuffer
 .bss.USART1_txBuffer
                0x100002d4       0x40 ./board/peripherals.o
                0x100002d4                USART1_txBuffer
 .bss.SCT0_pwmEvent
                0x10000314        0x8 ./board/peripherals.o
                0x10000314                SCT0_pwmEvent
 .bss.errno     0x1000031c        0x4 c:/nxp/mcuxpressoide_11.7.0_9198/ide/plugins/com.nxp.mcuxpresso.tools.win32_11.7.0.202209140929/tools/bin/../lib/gcc/arm-none-eabi/10.3.1/../../../../arm-none-eabi/lib/thumb/v6-m/nofp\libcr_c.a(errno.o)
                0x1000031c                errno
 .bss.__end_of_heap
                0x10000320        0x4 c:/nxp/mcuxpressoide_11.7.0_9198/ide/plugins/com.nxp.mcuxpresso.tools.win32_11.7.0.202209140929/tools/bin/../lib/gcc/arm-none-eabi/10.3.1/../../../../arm-none-eabi/lib/thumb/v6-m/nofp\libcr_c.a(__init_alloc.o)
                0x10000320                __end_of_heap
 .bss.__heaps   0x10000324        0x4 c:/nxp/mcuxpressoide_11.7.0_9198/ide/plugins/com.nxp.mcuxpresso.tools.win32_11.7.0.202209140929/tools/bin/../lib/gcc/arm-none-eabi/10.3.1/../../../../arm-none-eabi/lib/thumb/v6-m/nofp\libcr_c.a(__init_alloc.o)
                0x10000324                __heaps
 .bss.__Ciob    0x10000328       0xb4 c:/nxp/mcuxpressoide_11.7.0_9198/ide/plugins/com.nxp.mcuxpresso.tools.win32_11.7.0.202209140929/tools/bin/../lib/gcc/arm-none-eabi/10.3.1/../../../../arm-none-eabi/lib/thumb/v6-m/nofp\libcr_nohost_nf.a(__ciob.o)
                0x10000328                __Ciob
 .bss.front_right_first
                0x100003dc        0x2 ./source/optic.o
                0x100003dc                front_right_first
 .bss.front_left_first
                0x100003de        0x2 ./source/optic.o
                0x100003de                front_left_first
 .bss.back_right_first
                0x100003e0        0x2 ./source/optic.o
                0x100003e0                back_right_first
 .bss.back_left_first
                0x100003e2        0x2 ./source/optic.o
                0x100003e2                back_left_first
 .bss.front_right_second
                0x100003e4        0x2 ./source/optic.o
                0x100003e4                front_right_second
 .bss.front_left_second
                0x100003e6        0x2 ./source/optic.o
                0x100003e6                front_left_second
 .bss.back_right_second
                0x100003e8        0x2 ./source/optic.o
                0x100003e8                back_right_second
 .bss.back_left_second
                0x100003ea        0x2 ./source/optic.o
                0x100003ea                back_left_second
 .bss.consecutiveMeasurementsLeft.2
                0x100003ec        0x1 ./source/PID.o
 .bss.consecutiveMeasurementsRight.0
                0x100003ed        0x1 ./source/PID.o
 .bss.GstrState.3
                0x100003ee        0x1 ./source/USART.o
 .bss.i.2       0x100003ef        0x1 ./source/USART.o
 .bss.ret_val.1
                0x100003f0        0x1 ./source/USART.o
 .bss.data.0    0x100003f1        0x1 ./source/USART.o
 .bss.first     0x100003f2        0x1 ./source/car.o
                0x100003f2                first
 .bss.counter.0
                0x100003f3        0x1 ./source/optic.o
 *(SORT_BY_ALIGNMENT(COMMON))
                0x100003f4                . = ALIGN (0x4)
                0x100003f4                _ebss = .
                [!provide]                PROVIDE (__end_bss_RAM = .)
                [!provide]                PROVIDE (__end_bss_SRAM = .)
                [!provide]                PROVIDE (end = .)

.noinit_RAM2    0x10003fe0        0x0
                [!provide]                PROVIDE (__start_noinit_RAM2 = .)
                [!provide]                PROVIDE (__start_noinit_IAP_SRAM = .)
 *(SORT_BY_ALIGNMENT(.noinit.$RAM2))
 *(SORT_BY_ALIGNMENT(.noinit.$IAP_SRAM))
 *(SORT_BY_ALIGNMENT(.noinit.$RAM2.*))
 *(SORT_BY_ALIGNMENT(.noinit.$IAP_SRAM.*))
                0x10003fe0                . = ALIGN (0x4)
                [!provide]                PROVIDE (__end_noinit_RAM2 = .)
                [!provide]                PROVIDE (__end_noinit_IAP_SRAM = .)

.noinit         0x100003f4        0x0
                0x100003f4                _noinit = .
                [!provide]                PROVIDE (__start_noinit_RAM = .)
                [!provide]                PROVIDE (__start_noinit_SRAM = .)
 *(SORT_BY_ALIGNMENT(.noinit*))
                0x100003f4                . = ALIGN (0x4)
                0x100003f4                _end_noinit = .
                [!provide]                PROVIDE (__end_noinit_RAM = .)
                [!provide]                PROVIDE (__end_noinit_SRAM = .)
                0x000003f8                _HeapSize = 0x3f8

.heap           0x100003f4      0x3f8
                0x100003f4                _pvHeapStart = .
                0x100007ec                . = (. + _HeapSize)
 *fill*         0x100003f4      0x3f8 
                0x100007ec                . = ALIGN (0x4)
                0x100007ec                _pvHeapLimit = .
                0x000003f8                _StackSize = 0x3f8

.heap2stackfill
                0x100007ec      0x3f8
                0x10000be4                . = (. + _StackSize)
 *fill*         0x100007ec      0x3f8 

.stack          0x10003be8        0x0
                0x10003be8                _vStackBase = .
                0x10003be8                . = ALIGN (0x4)
                0x10003fe0                _vStackTop = (. + _StackSize)
                0xefff9a2b                PROVIDE (__valid_user_code_checksum = (0x0 - (((_vStackTop + (ResetISR + 0x1)) + (DEFINED (NMI_Handler)?NMI_Handler:M0_NMI_Handler + 0x1)) + (DEFINED (HardFault_Handler)?HardFault_Handler:M0_HardFault_Handler + 0x1))))
                0x00000000                _image_start = LOADADDR (.text)
                0x0000a630                _image_end = (LOADADDR (.data) + SIZEOF (.data))
                0x0000a630                _image_size = (_image_end - _image_start)
OUTPUT(LPC845_Project.axf elf32-littlearm)
LOAD linker stubs

.debug_info     0x00000000    0x1a640
 .debug_info    0x00000000       0xa3 ./utilities/fsl_assert.o
 .debug_info    0x000000a3     0x1026 ./utilities/fsl_debug_console.o
 .debug_info    0x000010c9      0x4a6 ./startup/startup_lpc845.o
 .debug_info    0x0000156f      0x2fa ./source/MRT.o
 .debug_info    0x00001869      0xd0e ./source/PID.o
 .debug_info    0x00002577      0x2f8 ./source/SysTimer.o
 .debug_info    0x0000286f      0xe92 ./source/USART.o
 .debug_info    0x00003701     0x1678 ./source/car.o
 .debug_info    0x00004d79      0x9f6 ./source/direction.o
 .debug_info    0x0000576f       0x90 ./source/distance.o
 .debug_info    0x000057ff      0xcc0 ./source/encoder.o
 .debug_info    0x000064bf      0xe57 ./source/main.o
 .debug_info    0x00007316     0x13cb ./source/motor.o
 .debug_info    0x000086e1       0x53 ./source/mtb.o
 .debug_info    0x00008734     0x12fb ./source/optic.o
 .debug_info    0x00009a2f       0x3c ./source/semihost_hardfault.o
 .debug_info    0x00009a6b       0xa5 ./source/sys.o
 .debug_info    0x00009b10      0xd2c ./source/ultrasonic.o
 .debug_info    0x0000a83c     0x1010 ./drivers/fsl_adc.o
 .debug_info    0x0000b84c     0x11d0 ./drivers/fsl_clock.o
 .debug_info    0x0000ca1c       0xee ./drivers/fsl_common_arm.o
 .debug_info    0x0000cb0a     0x171f ./drivers/fsl_ctimer.o
 .debug_info    0x0000e229      0xdb2 ./drivers/fsl_gpio.o
 .debug_info    0x0000efdb      0xd76 ./drivers/fsl_mrt.o
 .debug_info    0x0000fd51      0x724 ./drivers/fsl_reset.o
 .debug_info    0x00010475     0x1c61 ./drivers/fsl_sctimer.o
 .debug_info    0x000120d6      0x71c ./drivers/fsl_swm.o
 .debug_info    0x000127f2     0x1ba8 ./drivers/fsl_usart.o
 .debug_info    0x0001439a      0x77e ./device/system_LPC845.o
 .debug_info    0x00014b18      0xecb ./component/uart/fsl_adapter_miniusart.o
 .debug_info    0x000159e3      0xc70 ./board/board.o
 .debug_info    0x00016653      0xacb ./board/clock_config.o
 .debug_info    0x0001711e     0x23f1 ./board/peripherals.o
 .debug_info    0x0001950f     0x1131 ./board/pin_mux.o

.debug_abbrev   0x00000000     0x3f59
 .debug_abbrev  0x00000000       0x66 ./utilities/fsl_assert.o
 .debug_abbrev  0x00000066      0x281 ./utilities/fsl_debug_console.o
 .debug_abbrev  0x000002e7      0x1ba ./startup/startup_lpc845.o
 .debug_abbrev  0x000004a1      0x197 ./source/MRT.o
 .debug_abbrev  0x00000638      0x25e ./source/PID.o
 .debug_abbrev  0x00000896      0x14d ./source/SysTimer.o
 .debug_abbrev  0x000009e3      0x2c7 ./source/USART.o
 .debug_abbrev  0x00000caa      0x2e6 ./source/car.o
 .debug_abbrev  0x00000f90      0x1d2 ./source/direction.o
 .debug_abbrev  0x00001162       0x45 ./source/distance.o
 .debug_abbrev  0x000011a7      0x1f7 ./source/encoder.o
 .debug_abbrev  0x0000139e      0x20d ./source/main.o
 .debug_abbrev  0x000015ab      0x24f ./source/motor.o
 .debug_abbrev  0x000017fa       0x46 ./source/mtb.o
 .debug_abbrev  0x00001840      0x2cc ./source/optic.o
 .debug_abbrev  0x00001b0c       0x31 ./source/semihost_hardfault.o
 .debug_abbrev  0x00001b3d       0x6e ./source/sys.o
 .debug_abbrev  0x00001bab      0x1f8 ./source/ultrasonic.o
 .debug_abbrev  0x00001da3      0x210 ./drivers/fsl_adc.o
 .debug_abbrev  0x00001fb3      0x2cd ./drivers/fsl_clock.o
 .debug_abbrev  0x00002280       0x92 ./drivers/fsl_common_arm.o
 .debug_abbrev  0x00002312      0x32a ./drivers/fsl_ctimer.o
 .debug_abbrev  0x0000263c      0x1c3 ./drivers/fsl_gpio.o
 .debug_abbrev  0x000027ff      0x1e8 ./drivers/fsl_mrt.o
 .debug_abbrev  0x000029e7      0x15c ./drivers/fsl_reset.o
 .debug_abbrev  0x00002b43      0x359 ./drivers/fsl_sctimer.o
 .debug_abbrev  0x00002e9c      0x16e ./drivers/fsl_swm.o
 .debug_abbrev  0x0000300a      0x316 ./drivers/fsl_usart.o
 .debug_abbrev  0x00003320      0x143 ./device/system_LPC845.o
 .debug_abbrev  0x00003463      0x1cb ./component/uart/fsl_adapter_miniusart.o
 .debug_abbrev  0x0000362e      0x188 ./board/board.o
 .debug_abbrev  0x000037b6      0x217 ./board/clock_config.o
 .debug_abbrev  0x000039cd      0x338 ./board/peripherals.o
 .debug_abbrev  0x00003d05      0x254 ./board/pin_mux.o

.debug_aranges  0x00000000      0xde0
 .debug_aranges
                0x00000000       0x20 ./utilities/fsl_assert.o
 .debug_aranges
                0x00000020       0x68 ./utilities/fsl_debug_console.o
 .debug_aranges
                0x00000088      0x160 ./startup/startup_lpc845.o
 .debug_aranges
                0x000001e8       0x30 ./source/MRT.o
 .debug_aranges
                0x00000218       0x48 ./source/PID.o
 .debug_aranges
                0x00000260       0x98 ./source/SysTimer.o
 .debug_aranges
                0x000002f8       0x68 ./source/USART.o
 .debug_aranges
                0x00000360       0xa0 ./source/car.o
 .debug_aranges
                0x00000400       0x40 ./source/direction.o
 .debug_aranges
                0x00000440       0x20 ./source/distance.o
 .debug_aranges
                0x00000460       0x50 ./source/encoder.o
 .debug_aranges
                0x000004b0       0x38 ./source/main.o
 .debug_aranges
                0x000004e8       0x68 ./source/motor.o
 .debug_aranges
                0x00000550       0x18 ./source/mtb.o
 .debug_aranges
                0x00000568       0x90 ./source/optic.o
 .debug_aranges
                0x000005f8       0x20 ./source/semihost_hardfault.o
 .debug_aranges
                0x00000618       0x20 ./source/sys.o
 .debug_aranges
                0x00000638       0x50 ./source/ultrasonic.o
 .debug_aranges
                0x00000688       0x78 ./drivers/fsl_adc.o
 .debug_aranges
                0x00000700      0x100 ./drivers/fsl_clock.o
 .debug_aranges
                0x00000800       0x28 ./drivers/fsl_common_arm.o
 .debug_aranges
                0x00000828       0xc0 ./drivers/fsl_ctimer.o
 .debug_aranges
                0x000008e8       0x38 ./drivers/fsl_gpio.o
 .debug_aranges
                0x00000920       0x50 ./drivers/fsl_mrt.o
 .debug_aranges
                0x00000970       0x30 ./drivers/fsl_reset.o
 .debug_aranges
                0x000009a0       0xc8 ./drivers/fsl_sctimer.o
 .debug_aranges
                0x00000a68       0x28 ./drivers/fsl_swm.o
 .debug_aranges
                0x00000a90      0x128 ./drivers/fsl_usart.o
 .debug_aranges
                0x00000bb8       0x30 ./device/system_LPC845.o
 .debug_aranges
                0x00000be8       0x50 ./component/uart/fsl_adapter_miniusart.o
 .debug_aranges
                0x00000c38       0x28 ./board/board.o
 .debug_aranges
                0x00000c60       0x68 ./board/clock_config.o
 .debug_aranges
                0x00000cc8       0xb0 ./board/peripherals.o
 .debug_aranges
                0x00000d78       0x68 ./board/pin_mux.o

.debug_ranges   0x00000000      0xbb8
 .debug_ranges  0x00000000       0x10 ./utilities/fsl_assert.o
 .debug_ranges  0x00000010       0x58 ./utilities/fsl_debug_console.o
 .debug_ranges  0x00000068      0x150 ./startup/startup_lpc845.o
 .debug_ranges  0x000001b8       0x20 ./source/MRT.o
 .debug_ranges  0x000001d8       0x38 ./source/PID.o
 .debug_ranges  0x00000210       0x88 ./source/SysTimer.o
 .debug_ranges  0x00000298       0x58 ./source/USART.o
 .debug_ranges  0x000002f0       0x90 ./source/car.o
 .debug_ranges  0x00000380       0x30 ./source/direction.o
 .debug_ranges  0x000003b0       0x10 ./source/distance.o
 .debug_ranges  0x000003c0       0x40 ./source/encoder.o
 .debug_ranges  0x00000400       0x28 ./source/main.o
 .debug_ranges  0x00000428       0x58 ./source/motor.o
 .debug_ranges  0x00000480       0x80 ./source/optic.o
 .debug_ranges  0x00000500       0x10 ./source/semihost_hardfault.o
 .debug_ranges  0x00000510       0x10 ./source/sys.o
 .debug_ranges  0x00000520       0x40 ./source/ultrasonic.o
 .debug_ranges  0x00000560       0x68 ./drivers/fsl_adc.o
 .debug_ranges  0x000005c8       0xf0 ./drivers/fsl_clock.o
 .debug_ranges  0x000006b8       0x18 ./drivers/fsl_common_arm.o
 .debug_ranges  0x000006d0       0xb0 ./drivers/fsl_ctimer.o
 .debug_ranges  0x00000780       0x28 ./drivers/fsl_gpio.o