Archive member included to satisfy reference by file (symbol)

c:/nxp/mcuxpressoide_11.7.0_9198/ide/plugins/com.nxp.mcuxpresso.tools.win32_11.7.0.202209140929/tools/bin/../lib/gcc/arm-none-eabi/10.3.1/../../../../arm-none-eabi/lib/thumb/v6-m/nofp\libcr_nohost_nf.a(_cr__main.o)
                              ./startup/startup_lpc845.o (__main)
c:/nxp/mcuxpressoide_11.7.0_9198/ide/plugins/com.nxp.mcuxpresso.tools.win32_11.7.0.202209140929/tools/bin/../lib/gcc/arm-none-eabi/10.3.1/../../../../arm-none-eabi/lib/thumb/v6-m/nofp\libcr_c.a(ceilf.o)
                              ./source/SysTimer.o (ceilf)
c:/nxp/mcuxpressoide_11.7.0_9198/ide/plugins/com.nxp.mcuxpresso.tools.win32_11.7.0.202209140929/tools/bin/../lib/gcc/arm-none-eabi/10.3.1/../../../../arm-none-eabi/lib/thumb/v6-m/nofp\libcr_c.a(memcpy.o)
                              ./utilities/fsl_debug_console.o (memcpy)
c:/nxp/mcuxpressoide_11.7.0_9198/ide/plugins/com.nxp.mcuxpresso.tools.win32_11.7.0.202209140929/tools/bin/../lib/gcc/arm-none-eabi/10.3.1/../../../../arm-none-eabi/lib/thumb/v6-m/nofp\libcr_c.a(memset.o)
                              ./drivers/fsl_adc.o (memset)
c:/nxp/mcuxpressoide_11.7.0_9198/ide/plugins/com.nxp.mcuxpresso.tools.win32_11.7.0.202209140929/tools/bin/../lib/gcc/arm-none-eabi/10.3.1/../../../../arm-none-eabi/lib/thumb/v6-m/nofp\libcr_c.a(alloc.o)
                              ./drivers/fsl_common.o (malloc)
c:/nxp/mcuxpressoide_11.7.0_9198/ide/plugins/com.nxp.mcuxpresso.tools.win32_11.7.0.202209140929/tools/bin/../lib/gcc/arm-none-eabi/10.3.1/../../../../arm-none-eabi/lib/thumb/v6-m/nofp\libcr_c.a(errno.o)
                              ./utilities/fsl_str.o (errno)
c:/nxp/mcuxpressoide_11.7.0_9198/ide/plugins/com.nxp.mcuxpresso.tools.win32_11.7.0.202209140929/tools/bin/../lib/gcc/arm-none-eabi/10.3.1/../../../../arm-none-eabi/lib/thumb/v6-m/nofp\libcr_c.a(floor.o)
                              ./source/PID.o (floor)
c:/nxp/mcuxpressoide_11.7.0_9198/ide/plugins/com.nxp.mcuxpresso.tools.win32_11.7.0.202209140929/tools/bin/../lib/gcc/arm-none-eabi/10.3.1/../../../../arm-none-eabi/lib/thumb/v6-m/nofp\libcr_c.a(initio.o)
                              c:/nxp/mcuxpressoide_11.7.0_9198/ide/plugins/com.nxp.mcuxpresso.tools.win32_11.7.0.202209140929/tools/bin/../lib/gcc/arm-none-eabi/10.3.1/../../../../arm-none-eabi/lib/thumb/v6-m/nofp\libcr_nohost_nf.a(_cr__main.o) (_initio)
c:/nxp/mcuxpressoide_11.7.0_9198/ide/plugins/com.nxp.mcuxpresso.tools.win32_11.7.0.202209140929/tools/bin/../lib/gcc/arm-none-eabi/10.3.1/../../../../arm-none-eabi/lib/thumb/v6-m/nofp\libcr_c.a(scanf.o)
                              ./utilities/fsl_str.o (strtoul)
c:/nxp/mcuxpressoide_11.7.0_9198/ide/plugins/com.nxp.mcuxpresso.tools.win32_11.7.0.202209140929/tools/bin/../lib/gcc/arm-none-eabi/10.3.1/../../../../arm-none-eabi/lib/thumb/v6-m/nofp\libcr_c.a(setvbuf.o)
                              c:/nxp/mcuxpressoide_11.7.0_9198/ide/plugins/com.nxp.mcuxpresso.tools.win32_11.7.0.202209140929/tools/bin/../lib/gcc/arm-none-eabi/10.3.1/../../../../arm-none-eabi/lib/thumb/v6-m/nofp\libcr_c.a(initio.o) (setvbuf)
c:/nxp/mcuxpressoide_11.7.0_9198/ide/plugins/com.nxp.mcuxpresso.tools.win32_11.7.0.202209140929/tools/bin/../lib/gcc/arm-none-eabi/10.3.1/../../../../arm-none-eabi/lib/thumb/v6-m/nofp\libcr_c.a(stdlib.o)
                              ./source/car.o (abs)
c:/nxp/mcuxpressoide_11.7.0_9198/ide/plugins/com.nxp.mcuxpresso.tools.win32_11.7.0.202209140929/tools/bin/../lib/gcc/arm-none-eabi/10.3.1/../../../../arm-none-eabi/lib/thumb/v6-m/nofp\libcr_c.a(strchr.o)
                              ./source/USART.o (strchr)
c:/nxp/mcuxpressoide_11.7.0_9198/ide/plugins/com.nxp.mcuxpresso.tools.win32_11.7.0.202209140929/tools/bin/../lib/gcc/arm-none-eabi/10.3.1/../../../../arm-none-eabi/lib/thumb/v6-m/nofp\libcr_c.a(strcmp.o)
                              ./source/car.o (strcmp)
c:/nxp/mcuxpressoide_11.7.0_9198/ide/plugins/com.nxp.mcuxpresso.tools.win32_11.7.0.202209140929/tools/bin/../lib/gcc/arm-none-eabi/10.3.1/../../../../arm-none-eabi/lib/thumb/v6-m/nofp\libcr_c.a(strcpy.o)
                              ./source/USART.o (strcpy)
c:/nxp/mcuxpressoide_11.7.0_9198/ide/plugins/com.nxp.mcuxpresso.tools.win32_11.7.0.202209140929/tools/bin/../lib/gcc/arm-none-eabi/10.3.1/../../../../arm-none-eabi/lib/thumb/v6-m/nofp\libcr_c.a(strlen.o)
                              ./utilities/fsl_debug_console.o (strlen)
c:/nxp/mcuxpressoide_11.7.0_9198/ide/plugins/com.nxp.mcuxpresso.tools.win32_11.7.0.202209140929/tools/bin/../lib/gcc/arm-none-eabi/10.3.1/../../../../arm-none-eabi/lib/thumb/v6-m/nofp\libcr_c.a(ungetc.o)
                              c:/nxp/mcuxpressoide_11.7.0_9198/ide/plugins/com.nxp.mcuxpresso.tools.win32_11.7.0.202209140929/tools/bin/../lib/gcc/arm-none-eabi/10.3.1/../../../../arm-none-eabi/lib/thumb/v6-m/nofp\libcr_c.a(scanf.o) (ungetc)
[...]
Memory Configuration

Name             Origin             Length             Attributes
PROGRAM_FLASH    0x00000000         0x00010000         xr
SRAM             0x10000000         0x00003fe0         xrw
IAP_SRAM         0x10003fe0         0x00000020         xrw
*default*        0x00000000         0xffffffff

Linker script and memory map

LOAD ./utilities/fsl_assert.o
LOAD ./utilities/fsl_debug_console.o
LOAD ./utilities/fsl_str.o
LOAD ./startup/startup_lpc845.o
LOAD ./source/MRT.o
LOAD ./source/PID.o
LOAD ./source/SysTimer.o
LOAD ./source/USART.o
LOAD ./source/car.o
LOAD ./source/direction.o
LOAD ./source/distance.o
LOAD ./source/encoder.o
LOAD ./source/main.o
LOAD ./source/motor.o
LOAD ./source/mtb.o
LOAD ./source/optic.o
LOAD ./source/semihost_hardfault.o
LOAD ./source/servo.o
LOAD ./source/sys.o
LOAD ./source/ultrasonic.o
LOAD ./drivers/fsl_adc.o
LOAD ./drivers/fsl_capt.o
LOAD ./drivers/fsl_clock.o
LOAD ./drivers/fsl_common.o
LOAD ./drivers/fsl_common_arm.o
LOAD ./drivers/fsl_ctimer.o
LOAD ./drivers/fsl_gpio.o
LOAD ./drivers/fsl_mrt.o
LOAD ./drivers/fsl_power.o
LOAD ./drivers/fsl_reset.o
LOAD ./drivers/fsl_sctimer.o
LOAD ./drivers/fsl_swm.o
LOAD ./drivers/fsl_usart.o
LOAD ./device/system_LPC845.o
LOAD ./component/uart/fsl_adapter_miniusart.o
LOAD ./board/board.o
LOAD ./board/clock_config.o
LOAD ./board/peripherals.o
LOAD ./board/pin_mux.o
START GROUP
LOAD c:/nxp/mcuxpressoide_11.7.0_9198/ide/plugins/com.nxp.mcuxpresso.tools.win32_11.7.0.202209140929/tools/bin/../lib/gcc/arm-none-eabi/10.3.1/../../../../arm-none-eabi/lib/thumb/v6-m/nofp\libcr_nohost_nf.a
LOAD c:/nxp/mcuxpressoide_11.7.0_9198/ide/plugins/com.nxp.mcuxpresso.tools.win32_11.7.0.202209140929/tools/bin/../lib/gcc/arm-none-eabi/10.3.1/../../../../arm-none-eabi/lib/thumb/v6-m/nofp\libcr_c.a
LOAD c:/nxp/mcuxpressoide_11.7.0_9198/ide/plugins/com.nxp.mcuxpresso.tools.win32_11.7.0.202209140929/tools/bin/../lib/gcc/arm-none-eabi/10.3.1/thumb/v6-m/nofp\libcr_eabihelpers.a
LOAD c:/nxp/mcuxpressoide_11.7.0_9198/ide/plugins/com.nxp.mcuxpresso.tools.win32_11.7.0.202209140929/tools/bin/../lib/gcc/arm-none-eabi/10.3.1/thumb/v6-m/nofp\libgcc.a
END GROUP
                0x00000000                __base_PROGRAM_FLASH = 0x0
                0x00000000                __base_Flash = 0x0
                0x00010000                __top_PROGRAM_FLASH = 0x10000
                0x00010000                __top_Flash = 0x10000
                0x10000000                __base_SRAM = 0x10000000
                0x10000000                __base_RAM = 0x10000000
                0x10003fe0                __top_SRAM = 0x10003fe0
                0x10003fe0                __top_RAM = 0x10003fe0
                0x10003fe0                __base_IAP_SRAM = 0x10003fe0
                0x10003fe0                __base_RAM2 = 0x10003fe0
                0x10004000                __top_IAP_SRAM = 0x10004000
                0x10004000                __top_RAM2 = 0x10004000

.text           0x00000000     0xa068
 FILL mask 0xff
                0x00000000                __vectors_start__ = ABSOLUTE (.)
 *(SORT_BY_ALIGNMENT(.isr_vector))
 .isr_vector    0x00000000       0xc0 ./startup/startup_lpc845.o
                0x00000000                g_pfnVectors
                0x00000000                __Vectors
                0x000000c0                . = ALIGN (0x4)
                0x000000c0                __section_table_start = .
                0x000000c0                __data_section_table = .
                0x000000c0        0x4 LONG 0xa068 LOADADDR (.data)
                0x000000c4        0x4 LONG 0x10000080 ADDR (.data)
                0x000000c8        0x4 LONG 0x38 SIZEOF (.data)
                0x000000cc        0x4 LONG 0xa068 LOADADDR (.data_RAM2)
                0x000000d0        0x4 LONG 0x10003fe0 ADDR (.data_RAM2)
                0x000000d4        0x4 LONG 0x0 SIZEOF (.data_RAM2)
                0x000000d8                __data_section_table_end = .
                0x000000d8                __bss_section_table = .
                0x000000d8        0x4 LONG 0x100000b8 ADDR (.bss)
                0x000000dc        0x4 LONG 0x324 SIZEOF (.bss)
                0x000000e0        0x4 LONG 0x10003fe0 ADDR (.bss_RAM2)
                0x000000e4        0x4 LONG 0x0 SIZEOF (.bss_RAM2)
                0x000000e8                __bss_section_table_end = .
                0x000000e8                __section_table_end = .
 *(SORT_BY_ALIGNMENT(.after_vectors*))
 .after_vectors.reset
                0x000000e8       0x54 ./startup/startup_lpc845.o
                0x000000e8                ResetISR
 .after_vectors.init_data
                0x0000013c       0x12 ./startup/startup_lpc845.o
                0x0000013c                data_init
 .after_vectors.init_bss
                0x0000014e       0x10 ./startup/startup_lpc845.o
                0x0000014e                bss_init
 .after_vectors
                0x0000015e      0x10c ./startup/startup_lpc845.o
                0x0000015e                NMI_Handler
                0x00000162                SVC_Handler
                0x00000164                PendSV_Handler
                0x00000168                BOD_DriverIRQHandler
                0x00000168                SPI1_DriverIRQHandler
                0x00000168                I2C1_DriverIRQHandler
                0x00000168                I2C0_DriverIRQHandler
                0x00000168                DMA0_DriverIRQHandler
                0x00000168                ADC0_OVR_DriverIRQHandler
                0x00000168                PIN_INT1_DriverIRQHandler
                0x00000168                I2C3_DriverIRQHandler
                0x00000168                WDT_DriverIRQHandler
                0x00000168                PIN_INT3_DriverIRQHandler
                0x00000168                PIN_INT5_DAC1_DriverIRQHandler
                0x00000168                PIN_INT2_DriverIRQHandler
                0x00000168                ADC0_SEQB_DriverIRQHandler
                0x00000168                I2C2_DriverIRQHandler
                0x00000168                PIN_INT0_DriverIRQHandler
                0x00000168                FLASH_DriverIRQHandler
                0x00000168                IntDefaultHandler
                0x00000168                Reserved22_DriverIRQHandler
                0x00000168                WKT_DriverIRQHandler
                0x00000168                DAC0_DriverIRQHandler
                0x00000168                MRT0_DriverIRQHandler
                0x00000168                PIN_INT4_DriverIRQHandler
                0x00000168                SPI0_DriverIRQHandler
                0x00000168                CMP_CAPT_DriverIRQHandler
                0x00000168                ADC0_THCMP_DriverIRQHandler
                0x00000168                ADC0_SEQA_DriverIRQHandler
                0x0000016a                SPI0_IRQHandler
                0x00000172                SPI1_IRQHandler
                0x0000017a                DAC0_IRQHandler
                0x00000182                USART0_IRQHandler
                0x0000018a                USART1_IRQHandler
                0x00000192                USART2_IRQHandler
                0x0000019a                Reserved22_IRQHandler
                0x000001a2                I2C1_IRQHandler
                0x000001aa                I2C0_IRQHandler
                0x000001b2                SCT0_IRQHandler
                0x000001c2                CMP_CAPT_IRQHandler
                0x000001ca                WDT_IRQHandler
                0x000001d2                BOD_IRQHandler
                0x000001da                FLASH_IRQHandler
                0x000001e2                WKT_IRQHandler
                0x000001f2                ADC0_SEQB_IRQHandler
                0x000001fa                ADC0_THCMP_IRQHandler
                0x00000202                ADC0_OVR_IRQHandler
                0x0000020a                DMA0_IRQHandler
                0x00000212                I2C2_IRQHandler
                0x0000021a                I2C3_IRQHandler
                0x00000222                CTIMER0_IRQHandler
                0x0000022a                PIN_INT0_IRQHandler
                0x00000232                PIN_INT1_IRQHandler
                0x0000023a                PIN_INT2_IRQHandler
                0x00000242                PIN_INT3_IRQHandler
                0x0000024a                PIN_INT4_IRQHandler
                0x00000252                PIN_INT5_DAC1_IRQHandler
                0x0000025a                PIN_INT6_USART3_IRQHandler
                0x00000262                PIN_INT7_USART4_IRQHandler
                0x000002fc                . = 0x2fc
 *fill*         0x0000026a       0x92 ff
                0x000002fc                PROVIDE (__CRP_WORD_START__ = .)
 *(SORT_BY_ALIGNMENT(.crp))
 .crp           0x000002fc        0x4 ./startup/startup_lpc845.o
                0x000002fc                CRP_WORD
                0x00000300                PROVIDE (__CRP_WORD_END__ = .)
                0x00000001                ASSERT (! ((__CRP_WORD_START__ == __CRP_WORD_END__)), Linker CRP Enabled, but no CRP_WORD provided within application)
 *(SORT_BY_ALIGNMENT(.text*))
 .text.__assertion_failed
                0x00000300       0x1c ./utilities/fsl_assert.o
                0x00000300                __assertion_failed
 .text.DbgConsole_Init
                0x0000031c       0xa8 ./utilities/fsl_debug_console.o
                0x0000031c                DbgConsole_Init
 .text.DbgConsole_Vprintf
                0x000003c4       0x40 ./utilities/fsl_debug_console.o
                0x000003c4                DbgConsole_Vprintf
 .text.DbgConsole_Putchar
                0x00000404       0x30 ./utilities/fsl_debug_console.o
                0x00000404                DbgConsole_Putchar
 .text.MRT_GetStatusFlags
                0x00000434       0x3c ./source/MRT.o
 .text.MRT_ClearStatusFlags
                0x00000470       0x44 ./source/MRT.o
 .text.MRT_StopTimer
                0x000004b4       0x38 ./source/MRT.o
 .text.MRT0_IRQHandler
                0x000004ec       0xac ./source/MRT.o
                0x000004ec                MRT0_IRQHandler
 .text.PIDInit  0x00000598       0x74 ./source/PID.o
                0x00000598                PIDInit
 .text.PIDContollerUpdate
                0x0000060c      0x10c ./source/PID.o
                0x0000060c                PIDContollerUpdate
 .text.isPIDUpdated
                0x00000718       0x14 ./source/PID.o
                0x00000718                isPIDUpdated
 .text.ScaleUpSetpoint
                0x0000072c       0x44 ./source/PID.o
                0x0000072c                ScaleUpSetpoint
 .text.PIDTIMERHandler
                0x00000770       0x40 ./source/PID.o
                0x00000770                PIDTIMERHandler
 .text.SysTimer_Tou1
                0x000007b0       0x18 ./source/SysTimer.o
                0x000007b0                SysTimer_Tou1
 .text.StartTimeout1
                0x000007c8       0x28 ./source/SysTimer.o
                0x000007c8                StartTimeout1
 .text.TimeoutDone1
                0x000007f0       0x18 ./source/SysTimer.o
                0x000007f0                TimeoutDone1
 .text.SysTimer_Tou2
                0x00000808       0x18 ./source/SysTimer.o
                0x00000808                SysTimer_Tou2
 .text.StartTimeout2
                0x00000820       0x28 ./source/SysTimer.o
                0x00000820                StartTimeout2
 .text.TimeoutDone2
                0x00000848       0x18 ./source/SysTimer.o
                0x00000848                TimeoutDone2
 .text.SysTimer_Tou3
                0x00000860       0x18 ./source/SysTimer.o
                0x00000860                SysTimer_Tou3
 .text.SysTimer_Tou4
                0x00000878       0x18 ./source/SysTimer.o
                0x00000878                SysTimer_Tou4
 .text.INIT_USART
                0x00000890       0x24 ./source/USART.o
                0x00000890                INIT_USART
 .text.UsartBufferInit
                0x000008b4       0x3c ./source/USART.o
                0x000008b4                UsartBufferInit
 .text.PrintUSART1_NB
                0x000008f0       0x5c ./source/USART.o
                0x000008f0                PrintUSART1_NB
 .text.GetUSART1
                0x0000094c       0x98 ./source/USART.o
                0x0000094c                GetUSART1
 .text.GetUSARTMessage
                0x000009e4       0x70 ./source/USART.o
                0x000009e4                GetUSARTMessage
 .text.ParsePrompt
                0x00000a54       0x70 ./source/USART.o
                0x00000a54                ParsePrompt
 .text.ClearBuffer
                0x00000ac4       0x1c ./source/USART.o
                0x00000ac4                ClearBuffer
 .text.GetString_TillEndChar
                0x00000ae0      0x108 ./source/USART.o
                0x00000ae0                GetString_TillEndChar
 .text.MRT_StartTimer
                0x00000be8       0x3c ./source/car.o
 .text.MRT_StopTimer
                0x00000c24       0x38 ./source/car.o
 .text.InitComponents
                0x00000c5c       0x34 ./source/car.o
                0x00000c5c                InitComponents
 .text.InitCar  0x00000c90       0x74 ./source/car.o
                0x00000c90                InitCar
 .text.ProcessPrompt
                0x00000d04      0x338 ./source/car.o
                0x00000d04                ProcessPrompt
 .text.GoForward
                0x0000103c       0x24 ./source/car.o
                0x0000103c                GoForward
 .text.GoBackward
                0x00001060       0x24 ./source/car.o
                0x00001060                GoBackward
 .text.TurnRight
                0x00001084       0x24 ./source/car.o
                0x00001084                TurnRight
 .text.TurnLeft
                0x000010a8       0x24 ./source/car.o
                0x000010a8                TurnLeft
 .text.TurnRightStationary
                0x000010cc       0x24 ./source/car.o
                0x000010cc                TurnRightStationary
 .text.StopCar  0x000010f0       0x24 ./source/car.o
                0x000010f0                StopCar
 .text.isObstacleDetected
                0x00001114       0x74 ./source/car.o
                0x00001114                isObstacleDetected
 .text.isRoadBlockedinEveryDirection
                0x00001188       0x74 ./source/car.o
                0x00001188                isRoadBlockedinEveryDirection
 .text.SetSpeed
                0x000011fc       0xbc ./source/car.o
                0x000011fc                SetSpeed
 .text.CalculateRPMfromSpeed
                0x000012b8       0x48 ./source/car.o
                0x000012b8                CalculateRPMfromSpeed
 .text.UpdateDirection
                0x00001300      0x140 ./source/direction.o
                0x00001300                UpdateDirection
 .text.FindClearRoute
                0x00001440      0x148 ./source/direction.o
                0x00001440                FindClearRoute
 .text.InitEncoders
                0x00001588       0x2c ./source/encoder.o
                0x00001588                InitEncoders
 .text.EncoderRightCallback
                0x000015b4       0xa4 ./source/encoder.o
                0x000015b4                EncoderRightCallback
 .text.EncoderLeftCallback
                0x00001658       0xa4 ./source/encoder.o
                0x00001658                EncoderLeftCallback
 .text.__NVIC_SetPriority
                0x000016fc       0xdc ./source/main.o
 .text.SysTick_Config
                0x000017d8       0x48 ./source/main.o
 .text.POWER_DisablePD
                0x00001820       0x2c ./source/main.o
 .text.main     0x0000184c       0xac ./source/main.o
                0x0000184c                main
 .text.SCTIMER_StartTimer
                0x000018f8       0xe4 ./source/motor.o
 .text.SCTIMER_StopTimer
                0x000019dc       0xe0 ./source/motor.o
 .text.InitMotors
                0x00001abc       0x38 ./source/motor.o
                0x00001abc                InitMotors
 .text.SetPWM   0x00001af4       0x50 ./source/motor.o
                0x00001af4                SetPWM
 .text.UpdatePwmDutycycleScaledUp
                0x00001b44      0x1a8 ./source/motor.o
                0x00001b44                UpdatePwmDutycycleScaledUp
 .text.__NVIC_EnableIRQ
                0x00001cec       0x34 ./source/optic.o
 .text.OpticMeasure
                0x00001d20       0x54 ./source/optic.o
                0x00001d20                OpticMeasure
 .text.MoveToNextState
                0x00001d74       0x3c ./source/optic.o
                0x00001d74                MoveToNextState
 .text.StartConversion
                0x00001db0       0x28 ./source/optic.o
                0x00001db0                StartConversion
 .text.ADC0_SEQA_IRQHandler
                0x00001dd8      0x23c ./source/optic.o
                0x00001dd8                ADC0_SEQA_IRQHandler
 .text.ADCTIMERHandler
                0x00002014       0x14 ./source/optic.o
                0x00002014                ADCTIMERHandler
 .text.AveragingMeasurements
                0x00002028       0x60 ./source/optic.o
                0x00002028                AveragingMeasurements
 .text.HardFault_Handler
                0x00002088       0x30 ./source/semihost_hardfault.o
                0x00002088                HardFault_Handler
 .text.SysTick_Handler
                0x000020b8       0x24 ./source/sys.o
                0x000020b8                SysTick_Handler
 .text.UltrasonicMeasure
                0x000020dc       0x58 ./source/ultrasonic.o
                0x000020dc                UltrasonicMeasure
 .text.TriggerUltrasonicSensor
                0x00002134       0x28 ./source/ultrasonic.o
                0x00002134                TriggerUltrasonicSensor
 .text.EndTriggerUltrasonicSensor
                0x0000215c       0x28 ./source/ultrasonic.o
                0x0000215c                EndTriggerUltrasonicSensor
 .text.InvalidateMeasurement
                0x00002184       0x1c ./source/ultrasonic.o
                0x00002184                InvalidateMeasurement
 .text.Ultrasonic_Callback
                0x000021a0       0xb0 ./source/ultrasonic.o
                0x000021a0                Ultrasonic_Callback
 .text.CLOCK_EnableClock
                0x00002250       0x54 ./drivers/fsl_adc.o
 .text.ADC_GetInstance
                0x000022a4       0x48 ./drivers/fsl_adc.o
 .text.ADC_Init
                0x000022ec       0x98 ./drivers/fsl_adc.o
                0x000022ec                ADC_Init
 .text.ADC_DoSelfCalibration
                0x00002384       0xb4 ./drivers/fsl_adc.o
                0x00002384                ADC_DoSelfCalibration
 .text.ADC_SetConvSeqAConfig
                0x00002438       0x94 ./drivers/fsl_adc.o
                0x00002438                ADC_SetConvSeqAConfig
 .text.CLOCK_GetSystemPLLFreq
                0x000024cc       0x20 ./drivers/fsl_clock.o
 .text.CLOCK_GetWdtOscFreq
                0x000024ec       0x14 ./drivers/fsl_clock.o
 .text.CLOCK_GetExtClkFreq
                0x00002500       0x14 ./drivers/fsl_clock.o
 .text.CLOCK_UpdateClkSrc
                0x00002514       0x4c ./drivers/fsl_clock.o
 .text.CLOCK_GetMainClkFreq
                0x00002560       0x78 ./drivers/fsl_clock.o
                0x00002560                CLOCK_GetMainClkFreq
 .text.CLOCK_GetFroFreq
                0x000025d8       0x78 ./drivers/fsl_clock.o
                0x000025d8                CLOCK_GetFroFreq
 .text.CLOCK_GetSystemPLLInClockRate
                0x00002650       0x64 ./drivers/fsl_clock.o
                0x00002650                CLOCK_GetSystemPLLInClockRate
 .text.CLOCK_SetMainClkSrc
                0x000026b4       0x9c ./drivers/fsl_clock.o
                0x000026b4                CLOCK_SetMainClkSrc
 .text.CLOCK_SetFroOutClkSrc
                0x00002750       0x48 ./drivers/fsl_clock.o
                0x00002750                CLOCK_SetFroOutClkSrc
 .text.SDK_DelayAtLeastUs
                0x00002798       0x78 ./drivers/fsl_common_arm.o
                0x00002798                SDK_DelayAtLeastUs
 .text.__NVIC_EnableIRQ
                0x00002810       0x34 ./drivers/fsl_ctimer.o
 .text.CLOCK_EnableClock
                0x00002844       0x54 ./drivers/fsl_ctimer.o
 .text.CTIMER_GetInstance
                0x00002898       0x50 ./drivers/fsl_ctimer.o
 .text.CTIMER_Init
                0x000028e8       0x68 ./drivers/fsl_ctimer.o
                0x000028e8                CTIMER_Init
 .text.CTIMER_RegisterCallBack
                0x00002950       0x40 ./drivers/fsl_ctimer.o
                0x00002950                CTIMER_RegisterCallBack
 .text.CTIMER_GenericIRQHandler
                0x00002990       0xb0 ./drivers/fsl_ctimer.o
 .text.CLOCK_EnableClock
                0x00002a40       0x54 ./drivers/fsl_gpio.o
 .text.GPIO_EnablePortClock
                0x00002a94       0x38 ./drivers/fsl_gpio.o
 .text.CLOCK_EnableClock
                0x00002acc       0x54 ./drivers/fsl_mrt.o
 .text.MRT_GetInstance
                0x00002b20       0x50 ./drivers/fsl_mrt.o
 .text.MRT_Init
                0x00002b70       0x44 ./drivers/fsl_mrt.o
                0x00002b70                MRT_Init
 .text.RESET_SetPeripheralReset
                0x00002bb4       0x70 ./drivers/fsl_reset.o
 .text.RESET_ClearPeripheralReset
                0x00002c24       0x6c ./drivers/fsl_reset.o
 .text.CLOCK_EnableClock
                0x00002c90       0x54 ./drivers/fsl_sctimer.o
 .text.SCTIMER_StartTimer
                0x00002ce4       0xe4 ./drivers/fsl_sctimer.o
 .text.SCTIMER_StopTimer
                0x00002dc8       0xe0 ./drivers/fsl_sctimer.o
 .text.SCTIMER_SetupOutputSetAction
                0x00002ea8       0x48 ./drivers/fsl_sctimer.o
 .text.SCTIMER_SetupOutputClearAction
                0x00002ef0       0x4c ./drivers/fsl_sctimer.o
 .text.SCTIMER_SetupCounterLimitAction
                0x00002f3c       0xc4 ./drivers/fsl_sctimer.o
 .text.SCTIMER_GetInstance
                0x00003000       0x50 ./drivers/fsl_sctimer.o
 .text.SCTIMER_Init
                0x00003050      0x148 ./drivers/fsl_sctimer.o
                0x00003050                SCTIMER_Init
 .text.SCTIMER_SetupPwm
                0x00003198      0x2dc ./drivers/fsl_sctimer.o
                0x00003198                SCTIMER_SetupPwm
 .text.SCTIMER_UpdatePwmDutycycle
                0x00003474      0x19c ./drivers/fsl_sctimer.o
                0x00003474                SCTIMER_UpdatePwmDutycycle
 .text.SCTIMER_CreateAndScheduleEvent
                0x00003610      0x248 ./drivers/fsl_sctimer.o
                0x00003610                SCTIMER_CreateAndScheduleEvent
 .text.SCTIMER_EventHandleIRQ
                0x00003858       0x78 ./drivers/fsl_sctimer.o
                0x00003858                SCTIMER_EventHandleIRQ
 .text.SCT0_DriverIRQHandler
                0x000038d0       0x1c ./drivers/fsl_sctimer.o
                0x000038d0                SCT0_DriverIRQHandler
 .text.SWM_SetMovablePinSelect
                0x000038ec       0x98 ./drivers/fsl_swm.o
                0x000038ec                SWM_SetMovablePinSelect
 .text.SWM_SetFixedPinSelect
                0x00003984       0xa0 ./drivers/fsl_swm.o
                0x00003984                SWM_SetFixedPinSelect
 .text.__NVIC_EnableIRQ
                0x00003a24       0x34 ./drivers/fsl_usart.o
 .text.CLOCK_EnableClock
                0x00003a58       0x54 ./drivers/fsl_usart.o
 .text.USART_EnableContinuousSCLK
                0x00003aac       0x40 ./drivers/fsl_usart.o
 .text.USART_GetInstance
                0x00003aec       0x4c ./drivers/fsl_usart.o
                0x00003aec                USART_GetInstance
 .text.USART_TransferGetRxRingBufferLength
                0x00003b38       0x6c ./drivers/fsl_usart.o
                0x00003b38                USART_TransferGetRxRingBufferLength
 .text.USART_TransferIsRxRingBufferFull
                0x00003ba4       0x58 ./drivers/fsl_usart.o
 .text.USART_TransferStartRingBuffer
                0x00003bfc       0x74 ./drivers/fsl_usart.o
                0x00003bfc                USART_TransferStartRingBuffer
 .text.USART_Init
                0x00003c70      0x12c ./drivers/fsl_usart.o
                0x00003c70                USART_Init
 .text.USART_GetDefaultConfig
                0x00003d9c       0x74 ./drivers/fsl_usart.o
                0x00003d9c                USART_GetDefaultConfig
 .text.USART_SetBaudRate
                0x00003e10      0x148 ./drivers/fsl_usart.o
                0x00003e10                USART_SetBaudRate
 .text.USART_WriteBlocking
                0x00003f58       0x64 ./drivers/fsl_usart.o
                0x00003f58                USART_WriteBlocking
 .text.USART_ReadBlocking
                0x00003fbc       0xc0 ./drivers/fsl_usart.o
                0x00003fbc                USART_ReadBlocking
 .text.USART_TransferCreateHandle
                0x0000407c       0x98 ./drivers/fsl_usart.o
                0x0000407c                USART_TransferCreateHandle
 .text.USART_TransferSendNonBlocking
                0x00004114       0x9c ./drivers/fsl_usart.o
                0x00004114                USART_TransferSendNonBlocking
 .text.USART_TransferGetSendCount
                0x000041b0       0x60 ./drivers/fsl_usart.o
                0x000041b0                USART_TransferGetSendCount
 .text.USART_TransferHandleIRQ
                0x00004210      0x230 ./drivers/fsl_usart.o
                0x00004210                USART_TransferHandleIRQ
 .text.USART0_DriverIRQHandler
                0x00004440       0x24 ./drivers/fsl_usart.o
                0x00004440                USART0_DriverIRQHandler
 .text.USART1_DriverIRQHandler
                0x00004464       0x24 ./drivers/fsl_usart.o
                0x00004464                USART1_DriverIRQHandler
 .text.USART2_DriverIRQHandler
                0x00004488       0x24 ./drivers/fsl_usart.o
                0x00004488                USART2_DriverIRQHandler
 .text.PIN_INT6_USART3_DriverIRQHandler
                0x000044ac       0x24 ./drivers/fsl_usart.o
                0x000044ac                PIN_INT6_USART3_DriverIRQHandler
 .text.PIN_INT7_USART4_DriverIRQHandler
                0x000044d0       0x24 ./drivers/fsl_usart.o
                0x000044d0                PIN_INT7_USART4_DriverIRQHandler
 .text.SystemInit
                0x000044f4       0x3c ./device/system_LPC845.o
                0x000044f4                SystemInit
 .text.HAL_UartGetStatus
                0x00004530       0x20 ./component/uart/fsl_adapter_miniusart.o
 .text.HAL_UartInit
                0x00004550      0x11c ./component/uart/fsl_adapter_miniusart.o
                0x00004550                HAL_UartInit
 .text.HAL_UartReceiveBlocking
                0x0000466c       0x78 ./component/uart/fsl_adapter_miniusart.o
                0x0000466c                HAL_UartReceiveBlocking
 .text.HAL_UartSendBlocking
                0x000046e4       0x6c ./component/uart/fsl_adapter_miniusart.o
                0x000046e4                HAL_UartSendBlocking
 .text.CLOCK_Select
                0x00004750       0x38 ./board/board.o
 .text.BOARD_InitDebugConsole
                0x00004788       0x4c ./board/board.o
                0x00004788                BOARD_InitDebugConsole
 .text.CLOCK_Select
                0x000047d4       0x38 ./board/clock_config.o
 .text.CLOCK_SetClkDivider
                0x0000480c       0x30 ./board/clock_config.o
 .text.CLOCK_SetCoreSysClkDiv
                0x0000483c       0x3c ./board/clock_config.o
 .text.CLOCK_SetFroOscFreq
                0x00004878       0x24 ./board/clock_config.o
 .text.POWER_DisablePD
                0x0000489c       0x2c ./board/clock_config.o
 .text.BOARD_BootClockFRO18M
                0x000048c8       0x80 ./board/clock_config.o
                0x000048c8                BOARD_BootClockFRO18M
 .text.__NVIC_EnableIRQ
                0x00004948       0x34 ./board/peripherals.o
 .text.__NVIC_SetPriority
                0x0000497c       0xdc ./board/peripherals.o
 .text.SCTIMER_StartTimer
                0x00004a58       0xe4 ./board/peripherals.o
 .text.MRT_SetupChannelMode
                0x00004b3c       0x68 ./board/peripherals.o
 .text.MRT_EnableInterrupts
                0x00004ba4       0x50 ./board/peripherals.o
 .text.MRT_StartTimer
                0x00004bf4       0x3c ./board/peripherals.o
 .text.USART1_init
                0x00004c30       0x34 ./board/peripherals.o
 .text.CTIMER0_init
                0x00004c64       0x64 ./board/peripherals.o
 .text.USART0_init
                0x00004cc8       0x24 ./board/peripherals.o
 .text.ADC0_init
                0x00004cec       0x9c ./board/peripherals.o
 .text.SCT0_init
                0x00004d88       0x70 ./board/peripherals.o
 .text.MRT0_init
                0x00004df8       0x9c ./board/peripherals.o
 .text.CLOCK_EnableClock
                0x00004e94       0x54 ./board/pin_mux.o
 .text.CLOCK_DisableClock
                0x00004ee8       0x58 ./board/pin_mux.o
 .text.BOARD_InitPins
                0x00004f40      0x19c ./board/pin_mux.o
                0x00004f40                BOARD_InitPins
 .text.BOARD_InitLEDsPins
                0x000050dc       0x9c ./board/pin_mux.o
                0x000050dc                BOARD_InitLEDsPins
 .text.BOARD_InitDEBUG_UARTPins
                0x00005178       0x60 ./board/pin_mux.o
                0x00005178                BOARD_InitDEBUG_UARTPins
 .text.BOARD_InitSWD_DEBUGPins
                0x000051d8       0x80 ./board/pin_mux.o
                0x000051d8                BOARD_InitSWD_DEBUGPins
 .text.BOARD_InitBUTTONsPins
                0x00005258       0x50 ./board/pin_mux.o
                0x00005258                BOARD_InitBUTTONsPins
 .text.BOARD_InitCAPTPins
                0x000052a8       0xa4 ./board/pin_mux.o
                0x000052a8                BOARD_InitCAPTPins
 .text.ceilf    0x0000534c       0x54 c:/nxp/mcuxpressoide_11.7.0_9198/ide/plugins/com.nxp.mcuxpresso.tools.win32_11.7.0.202209140929/tools/bin/../lib/gcc/arm-none-eabi/10.3.1/../../../../arm-none-eabi/lib/thumb/v6-m/nofp\libcr_c.a(ceilf.o)
                0x0000534c                ceilf
 .text.malloc   0x000053a0       0xcc c:/nxp/mcuxpressoide_11.7.0_9198/ide/plugins/com.nxp.mcuxpresso.tools.win32_11.7.0.202209140929/tools/bin/../lib/gcc/arm-none-eabi/10.3.1/../../../../arm-none-eabi/lib/thumb/v6-m/nofp\libcr_c.a(alloc.o)
                0x000053a0                malloc
 .text._Csys_alloc
                0x0000546c       0x20 c:/nxp/mcuxpressoide_11.7.0_9198/ide/plugins/com.nxp.mcuxpresso.tools.win32_11.7.0.202209140929/tools/bin/../lib/gcc/arm-none-eabi/10.3.1/../../../../arm-none-eabi/lib/thumb/v6-m/nofp\libcr_c.a(alloc.o)
                0x0000546c                _Csys_alloc
 .text.floor    0x0000548c       0xa0 c:/nxp/mcuxpressoide_11.7.0_9198/ide/plugins/com.nxp.mcuxpresso.tools.win32_11.7.0.202209140929/tools/bin/../lib/gcc/arm-none-eabi/10.3.1/../../../../arm-none-eabi/lib/thumb/v6-m/nofp\libcr_c.a(floor.o)
                0x0000548c                floor
 .text._initio  0x0000552c       0x7c c:/nxp/mcuxpressoide_11.7.0_9198/ide/plugins/com.nxp.mcuxpresso.tools.win32_11.7.0.202209140929/tools/bin/../lib/gcc/arm-none-eabi/10.3.1/../../../../arm-none-eabi/lib/thumb/v6-m/nofp\libcr_c.a(initio.o)
                0x0000552c                _initio
 .text.ch_val   0x000055a8       0x30 c:/nxp/mcuxpressoide_11.7.0_9198/ide/plugins/com.nxp.mcuxpresso.tools.win32_11.7.0.202209140929/tools/bin/../lib/gcc/arm-none-eabi/10.3.1/../../../../arm-none-eabi/lib/thumb/v6-m/nofp\libcr_c.a(scanf.o)
 .text.cr_rd_int
                0x000055d8      0x1c8 c:/nxp/mcuxpressoide_11.7.0_9198/ide/plugins/com.nxp.mcuxpresso.tools.win32_11.7.0.202209140929/tools/bin/../lib/gcc/arm-none-eabi/10.3.1/../../../../arm-none-eabi/lib/thumb/v6-m/nofp\libcr_c.a(scanf.o)
 .text.vfscanf  0x000057a0      0x958 c:/nxp/mcuxpressoide_11.7.0_9198/ide/plugins/com.nxp.mcuxpresso.tools.win32_11.7.0.202209140929/tools/bin/../lib/gcc/arm-none-eabi/10.3.1/../../../../arm-none-eabi/lib/thumb/v6-m/nofp\libcr_c.a(scanf.o)
                0x000057a0                vfscanf
 .text.strtod   0x000060f8       0x38 c:/nxp/mcuxpressoide_11.7.0_9198/ide/plugins/com.nxp.mcuxpresso.tools.win32_11.7.0.202209140929/tools/bin/../lib/gcc/arm-none-eabi/10.3.1/../../../../arm-none-eabi/lib/thumb/v6-m/nofp\libcr_c.a(scanf.o)
                0x000060f8                strtod
 .text.atof     0x00006130       0x14 c:/nxp/mcuxpressoide_11.7.0_9198/ide/plugins/com.nxp.mcuxpresso.tools.win32_11.7.0.202209140929/tools/bin/../lib/gcc/arm-none-eabi/10.3.1/../../../../arm-none-eabi/lib/thumb/v6-m/nofp\libcr_c.a(scanf.o)
                0x00006130                atof
 .text.setvbuf  0x00006144       0x4c c:/nxp/mcuxpressoide_11.7.0_9198/ide/plugins/com.nxp.mcuxpresso.tools.win32_11.7.0.202209140929/tools/bin/../lib/gcc/arm-none-eabi/10.3.1/../../../../arm-none-eabi/lib/thumb/v6-m/nofp\libcr_c.a(setvbuf.o)
                0x00006144                setvbuf
 .text.strcmp   0x00006190       0x44 c:/nxp/mcuxpressoide_11.7.0_9198/ide/plugins/com.nxp.mcuxpresso.tools.win32_11.7.0.202209140929/tools/bin/../lib/gcc/arm-none-eabi/10.3.1/../../../../arm-none-eabi/lib/thumb/v6-m/nofp\libcr_c.a(strcmp.o)
                0x00006190                strcmp
 .text.strcpy   0x000061d4       0x44 c:/nxp/mcuxpressoide_11.7.0_9198/ide/plugins/com.nxp.mcuxpresso.tools.win32_11.7.0.202209140929/tools/bin/../lib/gcc/arm-none-eabi/10.3.1/../../../../arm-none-eabi/lib/thumb/v6-m/nofp\libcr_c.a(strcpy.o)
                0x000061d4                strcpy
 .text.strlen   0x00006218       0x58 c:/nxp/mcuxpressoide_11.7.0_9198/ide/plugins/com.nxp.mcuxpresso.tools.win32_11.7.0.202209140929/tools/bin/../lib/gcc/arm-none-eabi/10.3.1/../../../../arm-none-eabi/lib/thumb/v6-m/nofp\libcr_c.a(strlen.o)
                0x00006218                strlen
 .text.ungetc   0x00006270       0x3c c:/nxp/mcuxpressoide_11.7.0_9198/ide/plugins/com.nxp.mcuxpresso.tools.win32_11.7.0.202209140929/tools/bin/../lib/gcc/arm-none-eabi/10.3.1/../../../../arm-none-eabi/lib/thumb/v6-m/nofp\libcr_c.a(ungetc.o)
                0x00006270                ungetc
 .text.__filbuf
                0x000062ac      0x188 c:/nxp/mcuxpressoide_11.7.0_9198/ide/plugins/com.nxp.mcuxpresso.tools.win32_11.7.0.202209140929/tools/bin/../lib/gcc/arm-none-eabi/10.3.1/../../../../arm-none-eabi/lib/thumb/v6-m/nofp\libcr_c.a(__fillbuf.o)
                0x000062ac                __filbuf
 .text._sbrk    0x00006434       0x44 c:/nxp/mcuxpressoide_11.7.0_9198/ide/plugins/com.nxp.mcuxpresso.tools.win32_11.7.0.202209140929/tools/bin/../lib/gcc/arm-none-eabi/10.3.1/../../../../arm-none-eabi/lib/thumb/v6-m/nofp\libcr_c.a(_cr_sbrk.o)
                0x00006434                _sbrk
 .text._deferredlazyseek
                0x00006478       0x40 c:/nxp/mcuxpressoide_11.7.0_9198/ide/plugins/com.nxp.mcuxpresso.tools.win32_11.7.0.202209140929/tools/bin/../lib/gcc/arm-none-eabi/10.3.1/../../../../arm-none-eabi/lib/thumb/v6-m/nofp\libcr_c.a(_deferredlazyseek.o)
                0x00006478                _deferredlazyseek
 .text._fdopen  0x000064b8       0x74 c:/nxp/mcuxpressoide_11.7.0_9198/ide/plugins/com.nxp.mcuxpresso.tools.win32_11.7.0.202209140929/tools/bin/../lib/gcc/arm-none-eabi/10.3.1/../../../../arm-none-eabi/lib/thumb/v6-m/nofp\libcr_c.a(_fdopen.o)
                0x000064b8                _fdopen
 .text._fflush  0x0000652c       0x60 c:/nxp/mcuxpressoide_11.7.0_9198/ide/plugins/com.nxp.mcuxpresso.tools.win32_11.7.0.202209140929/tools/bin/../lib/gcc/arm-none-eabi/10.3.1/../../../../arm-none-eabi/lib/thumb/v6-m/nofp\libcr_c.a(_fflush.o)
                0x0000652c                _fflush
 .text._frexpl  0x0000658c       0x80 c:/nxp/mcuxpressoide_11.7.0_9198/ide/plugins/com.nxp.mcuxpresso.tools.win32_11.7.0.202209140929/tools/bin/../lib/gcc/arm-none-eabi/10.3.1/../../../../arm-none-eabi/lib/thumb/v6-m/nofp\libcr_c.a(_frexpl.o)
                0x0000658c                _frexpl
 .text._ldexpl  0x0000660c       0x58 c:/nxp/mcuxpressoide_11.7.0_9198/ide/plugins/com.nxp.mcuxpresso.tools.win32_11.7.0.202209140929/tools/bin/../lib/gcc/arm-none-eabi/10.3.1/../../../../arm-none-eabi/lib/thumb/v6-m/nofp\libcr_c.a(_ldexpl.o)
                0x0000660c                _ldexpl
 .text._Cwritebuf
                0x00006664       0x68 c:/nxp/mcuxpressoide_11.7.0_9198/ide/plugins/com.nxp.mcuxpresso.tools.win32_11.7.0.202209140929/tools/bin/../lib/gcc/arm-none-eabi/10.3.1/../../../../arm-none-eabi/lib/thumb/v6-m/nofp\libcr_c.a(_writebuf.o)
                0x00006664                _Cwritebuf
 .text.fclose   0x000066cc       0x5c c:/nxp/mcuxpressoide_11.7.0_9198/ide/plugins/com.nxp.mcuxpresso.tools.win32_11.7.0.202209140929/tools/bin/../lib/gcc/arm-none-eabi/10.3.1/../../../../arm-none-eabi/lib/thumb/v6-m/nofp\libcr_c.a(fclose.o)
                0x000066cc                fclose
 .text.fflush   0x00006728       0x44 c:/nxp/mcuxpressoide_11.7.0_9198/ide/plugins/com.nxp.mcuxpresso.tools.win32_11.7.0.202209140929/tools/bin/../lib/gcc/arm-none-eabi/10.3.1/../../../../arm-none-eabi/lib/thumb/v6-m/nofp\libcr_c.a(fflush.o)
                0x00006728                fflush
 .text.fseek    0x0000676c       0xf0 c:/nxp/mcuxpressoide_11.7.0_9198/ide/plugins/com.nxp.mcuxpresso.tools.win32_11.7.0.202209140929/tools/bin/../lib/gcc/arm-none-eabi/10.3.1/../../../../arm-none-eabi/lib/thumb/v6-m/nofp\libcr_c.a(fseek.o)
                0x0000676c                fseek
 .text.ftell    0x0000685c       0x48 c:/nxp/mcuxpressoide_11.7.0_9198/ide/plugins/com.nxp.mcuxpresso.tools.win32_11.7.0.202209140929/tools/bin/../lib/gcc/arm-none-eabi/10.3.1/../../../../arm-none-eabi/lib/thumb/v6-m/nofp\libcr_c.a(ftell.o)
                0x0000685c                ftell
 .text.__check_heap_overflow
                0x000068a4       0x18 c:/nxp/mcuxpressoide_11.7.0_9198/ide/plugins/com.nxp.mcuxpresso.tools.win32_11.7.0.202209140929/tools/bin/../lib/gcc/arm-none-eabi/10.3.1/../../../../arm-none-eabi/lib/thumb/v6-m/nofp\libcr_c.a(_cr_check_heap.o)
                0x000068a4                __check_heap_overflow
 .text._do_fflush
                0x000068bc       0x48 c:/nxp/mcuxpressoide_11.7.0_9198/ide/plugins/com.nxp.mcuxpresso.tools.win32_11.7.0.202209140929/tools/bin/../lib/gcc/arm-none-eabi/10.3.1/../../../../arm-none-eabi/lib/thumb/v6-m/nofp\libcr_c.a(_do_fflush.o)
                0x000068bc                _do_fflush
 .text.__aeabi_dmul
                0x00006904      0x184 c:/nxp/mcuxpressoide_11.7.0_9198/ide/plugins/com.nxp.mcuxpresso.tools.win32_11.7.0.202209140929/tools/bin/../lib/gcc/arm-none-eabi/10.3.1/thumb/v6-m/nofp\libcr_eabihelpers.a(double.o)
                0x00006904                __aeabi_dmul
 .text.__aeabi_ddiv
                0x00006a88      0x14c c:/nxp/mcuxpressoide_11.7.0_9198/ide/plugins/com.nxp.mcuxpresso.tools.win32_11.7.0.202209140929/tools/bin/../lib/gcc/arm-none-eabi/10.3.1/thumb/v6-m/nofp\libcr_eabihelpers.a(double.o)
                0x00006a88                __aeabi_ddiv
 .text.__aeabi_dsub
                0x00006bd4      0x1c0 c:/nxp/mcuxpressoide_11.7.0_9198/ide/plugins/com.nxp.mcuxpresso.tools.win32_11.7.0.202209140929/tools/bin/../lib/gcc/arm-none-eabi/10.3.1/thumb/v6-m/nofp\libcr_eabihelpers.a(double.o)
                0x00006bd4                __aeabi_dsub
 .text.__aeabi_dadd
                0x00006d94      0x134 c:/nxp/mcuxpressoide_11.7.0_9198/ide/plugins/com.nxp.mcuxpresso.tools.win32_11.7.0.202209140929/tools/bin/../lib/gcc/arm-none-eabi/10.3.1/thumb/v6-m/nofp\libcr_eabihelpers.a(double.o)
                0x00006d94                __aeabi_dadd
 .text.__aeabi_d2f
                0x00006ec8       0x60 c:/nxp/mcuxpressoide_11.7.0_9198/ide/plugins/com.nxp.mcuxpresso.tools.win32_11.7.0.202209140929/tools/bin/../lib/gcc/arm-none-eabi/10.3.1/thumb/v6-m/nofp\libcr_eabihelpers.a(double.o)
                0x00006ec8                __aeabi_d2f
 .text.__aeabi_dcmpeq
                0x00006f28       0x30 c:/nxp/mcuxpressoide_11.7.0_9198/ide/plugins/com.nxp.mcuxpresso.tools.win32_11.7.0.202209140929/tools/bin/../lib/gcc/arm-none-eabi/10.3.1/thumb/v6-m/nofp\libcr_eabihelpers.a(double.o)
                0x00006f28                __aeabi_dcmpeq
 .text.__aeabi_dcmpge
                0x00006f58       0x5c c:/nxp/mcuxpressoide_11.7.0_9198/ide/plugins/com.nxp.mcuxpresso.tools.win32_11.7.0.202209140929/tools/bin/../lib/gcc/arm-none-eabi/10.3.1/thumb/v6-m/nofp\libcr_eabihelpers.a(double.o)
                0x00006f58                __aeabi_dcmpge
 .text.__aeabi_fmul
                0x00006fb4       0xc0 c:/nxp/mcuxpressoide_11.7.0_9198/ide/plugins/com.nxp.mcuxpresso.tools.win32_11.7.0.202209140929/tools/bin/../lib/gcc/arm-none-eabi/10.3.1/thumb/v6-m/nofp\libcr_eabihelpers.a(float.o)
                0x00006fb4                __aeabi_fmul
 .text.__aeabi_fsub
                0x00007074      0x128 c:/nxp/mcuxpressoide_11.7.0_9198/ide/plugins/com.nxp.mcuxpresso.tools.win32_11.7.0.202209140929/tools/bin/../lib/gcc/arm-none-eabi/10.3.1/thumb/v6-m/nofp\libcr_eabihelpers.a(float.o)
                0x00007074                __aeabi_fsub
 .text.__aeabi_fadd
                0x0000719c       0xac c:/nxp/mcuxpressoide_11.7.0_9198/ide/plugins/com.nxp.mcuxpresso.tools.win32_11.7.0.202209140929/tools/bin/../lib/gcc/arm-none-eabi/10.3.1/thumb/v6-m/nofp\libcr_eabihelpers.a(float.o)
                0x0000719c                __aeabi_fadd
 .text.__aeabi_f2iz
                0x00007248       0x3c c:/nxp/mcuxpressoide_11.7.0_9198/ide/plugins/com.nxp.mcuxpresso.tools.win32_11.7.0.202209140929/tools/bin/../lib/gcc/arm-none-eabi/10.3.1/thumb/v6-m/nofp\libcr_eabihelpers.a(float.o)
                0x00007248                __aeabi_f2iz
 .text.__aeabi_f2d
                0x00007284       0x40 c:/nxp/mcuxpressoide_11.7.0_9198/ide/plugins/com.nxp.mcuxpresso.tools.win32_11.7.0.202209140929/tools/bin/../lib/gcc/arm-none-eabi/10.3.1/thumb/v6-m/nofp\libcr_eabihelpers.a(float.o)
                0x00007284                __aeabi_f2d
 .text.DbgConsole_Printf
                0x000072c4       0x32 ./utilities/fsl_debug_console.o
                0x000072c4                DbgConsole_Printf
 .text.DbgConsole_PrintfPaddingCharacter
                0x000072f6       0x48 ./utilities/fsl_debug_console.o
 .text.DbgConsole_ConvertRadixNumToString
                0x0000733e       0xc2 ./utilities/fsl_debug_console.o
 .text.DbgConsole_PrintfFormattedData
                0x00007400      0x3da ./utilities/fsl_debug_console.o
 .text.GPIO_PinWrite
                0x000077da       0x2c ./source/MRT.o
 .text.RoundPIDOutput
                0x00007806       0x84 ./source/PID.o
                0x00007806                RoundPIDOutput
 .text.SysTimer_Tou
                0x0000788a       0x34 ./source/SysTimer.o
                0x0000788a                SysTimer_Tou
 .text.StartTimeout
                0x000078be       0x44 ./source/SysTimer.o
                0x000078be                StartTimeout
 .text.TimeoutDone
                0x00007902       0x3a ./source/SysTimer.o
                0x00007902                TimeoutDone
 .text.TimeoutExtension
                0x0000793c       0x1a ./source/SysTimer.o
                0x0000793c                TimeoutExtension
 .text.USART_EnableInterrupts
                0x00007956       0x1c ./source/USART.o
 .text.USART_DisableInterrupts
                0x00007972       0x1c ./source/USART.o
 .text.SenseDistance
                0x0000798e       0x12 ./source/distance.o
                0x0000798e                SenseDistance
 .text.GPIO_PinWrite
                0x000079a0       0x2c ./source/motor.o
 .text.RotateForward
                0x000079cc       0x34 ./source/motor.o
                0x000079cc                RotateForward
 .text.RotateBackward
                0x00007a00       0x34 ./source/motor.o
                0x00007a00                RotateBackward
 .text.StopMotor
                0x00007a34       0x34 ./source/motor.o
                0x00007a34                StopMotor
 .text.EnableIRQ
                0x00007a68       0x36 ./source/optic.o
 .text.ADC_DoSoftwareTriggerConvSeqA
                0x00007a9e       0x1e ./source/optic.o
 .text.ADC_EnableInterrupts
                0x00007abc       0x22 ./source/optic.o
 .text.ADC_ClearStatusFlags
                0x00007ade       0x18 ./source/optic.o
 .text.GPIO_PinWrite
                0x00007af6       0x2c ./source/optic.o
 .text.InitOpticMeasurement
                0x00007b22       0x36 ./source/optic.o
                0x00007b22                InitOpticMeasurement
 .text.SET_IR_LED
                0x00007b58       0x18 ./source/optic.o
                0x00007b58                SET_IR_LED
 .text.RESET_IR_LED
                0x00007b70       0x18 ./source/optic.o
                0x00007b70                RESET_IR_LED
 .text.GPIO_PinWrite
                0x00007b88       0x2c ./source/ultrasonic.o
 .text.InitUltrasonicMeasurement
                0x00007bb4       0x22 ./source/ultrasonic.o
                0x00007bb4                InitUltrasonicMeasurement
 .text.DelayLoop
                0x00007bd6       0x1a ./drivers/fsl_common_arm.o
 .text.EnableIRQ
                0x00007bf0       0x36 ./drivers/fsl_ctimer.o
 .text.CTIMER_GetStatusFlags
                0x00007c26       0x14 ./drivers/fsl_ctimer.o
 .text.CTIMER_ClearStatusFlags
                0x00007c3a       0x18 ./drivers/fsl_ctimer.o
 .text.CTIMER_SetupCapture
                0x00007c52       0xa8 ./drivers/fsl_ctimer.o
                0x00007c52                CTIMER_SetupCapture
 .text.CTIMER0_DriverIRQHandler
                0x00007cfa       0x10 ./drivers/fsl_ctimer.o
                0x00007cfa                CTIMER0_DriverIRQHandler
 .text.GPIO_PinInit
                0x00007d0a       0xc0 ./drivers/fsl_gpio.o
                0x00007d0a                GPIO_PinInit
 .text.RESET_PeripheralReset
                0x00007dca       0x20 ./drivers/fsl_reset.o
                0x00007dca                RESET_PeripheralReset
 .text.EnableIRQ
                0x00007dea       0x36 ./drivers/fsl_usart.o
 .text.USART_GetStatusFlags
                0x00007e20       0x14 ./drivers/fsl_usart.o
 .text.USART_EnableInterrupts
                0x00007e34       0x1c ./drivers/fsl_usart.o
 .text.USART_DisableInterrupts
                0x00007e50       0x1c ./drivers/fsl_usart.o
 .text.USART_EnableTx
                0x00007e6c       0x46 ./drivers/fsl_usart.o
 .text.USART_EnableRx
                0x00007eb2       0x44 ./drivers/fsl_usart.o
 .text.SystemInitHook
                0x00007ef6        0xa ./device/system_LPC845.o
                0x00007ef6                SystemInitHook
 .text.BOARD_InitBootClocks
                0x00007f00        0xe ./board/clock_config.o
                0x00007f00                BOARD_InitBootClocks
 .text.EnableIRQ
                0x00007f0e       0x36 ./board/peripherals.o
 .text.CTIMER_StartTimer
                0x00007f44       0x1c ./board/peripherals.o
 .text.ADC_EnableConvSeqA
                0x00007f60       0x3a ./board/peripherals.o
 .text.ADC_EnableInterrupts
                0x00007f9a       0x22 ./board/peripherals.o
 .text.ADC_EnableThresholdCompareInterrupt
                0x00007fbc       0x3e ./board/peripherals.o
 .text.BOARD_InitPeripherals
                0x00007ffa       0x22 ./board/peripherals.o
                0x00007ffa                BOARD_InitPeripherals
 .text.IOCON_PinMuxSet
                0x0000801c       0x26 ./board/pin_mux.o
 .text.BOARD_InitBootPins
                0x00008042       0x22 ./board/pin_mux.o
                0x00008042                BOARD_InitBootPins
 .text.__main   0x00008064        0xc c:/nxp/mcuxpressoide_11.7.0_9198/ide/plugins/com.nxp.mcuxpresso.tools.win32_11.7.0.202209140929/tools/bin/../lib/gcc/arm-none-eabi/10.3.1/../../../../arm-none-eabi/lib/thumb/v6-m/nofp\libcr_nohost_nf.a(_cr__main.o)
                0x00008064                __main
 .text.memcpy   0x00008070        0x8 c:/nxp/mcuxpressoide_11.7.0_9198/ide/plugins/com.nxp.mcuxpresso.tools.win32_11.7.0.202209140929/tools/bin/../lib/gcc/arm-none-eabi/10.3.1/../../../../arm-none-eabi/lib/thumb/v6-m/nofp\libcr_c.a(memcpy.o)
                0x00008070                memcpy
 .text.memset   0x00008078        0x8 c:/nxp/mcuxpressoide_11.7.0_9198/ide/plugins/com.nxp.mcuxpresso.tools.win32_11.7.0.202209140929/tools/bin/../lib/gcc/arm-none-eabi/10.3.1/../../../../arm-none-eabi/lib/thumb/v6-m/nofp\libcr_c.a(memset.o)
                0x00008078                memset
 .text.free     0x00008080       0x2c c:/nxp/mcuxpressoide_11.7.0_9198/ide/plugins/com.nxp.mcuxpresso.tools.win32_11.7.0.202209140929/tools/bin/../lib/gcc/arm-none-eabi/10.3.1/../../../../arm-none-eabi/lib/thumb/v6-m/nofp\libcr_c.a(alloc.o)
                0x00008080                free
 .text.sscanf   0x000080ac       0x3c c:/nxp/mcuxpressoide_11.7.0_9198/ide/plugins/com.nxp.mcuxpresso.tools.win32_11.7.0.202209140929/tools/bin/../lib/gcc/arm-none-eabi/10.3.1/../../../../arm-none-eabi/lib/thumb/v6-m/nofp\libcr_c.a(scanf.o)
                0x000080ac                sscanf
 .text.strchr   0x000080e8       0x14 c:/nxp/mcuxpressoide_11.7.0_9198/ide/plugins/com.nxp.mcuxpresso.tools.win32_11.7.0.202209140929/tools/bin/../lib/gcc/arm-none-eabi/10.3.1/../../../../arm-none-eabi/lib/thumb/v6-m/nofp\libcr_c.a(strchr.o)
                0x000080e8                strchr
 .text._Csys_read_
                0x000080fc       0x24 c:/nxp/mcuxpressoide_11.7.0_9198/ide/plugins/com.nxp.mcuxpresso.tools.win32_11.7.0.202209140929/tools/bin/../lib/gcc/arm-none-eabi/10.3.1/../../../../arm-none-eabi/lib/thumb/v6-m/nofp\libcr_c.a(__fillbuf.o)
                0x000080fc                _Csys_read_
 .text.remove   0x00008120       0x12 c:/nxp/mcuxpressoide_11.7.0_9198/ide/plugins/com.nxp.mcuxpresso.tools.win32_11.7.0.202209140929/tools/bin/../lib/gcc/arm-none-eabi/10.3.1/../../../../arm-none-eabi/lib/thumb/v6-m/nofp\libcr_c.a(remove.o)
                0x00008120                remove
 .text.__aeabi_division_idivmod
                0x00008132       0x78 c:/nxp/mcuxpressoide_11.7.0_9198/ide/plugins/com.nxp.mcuxpresso.tools.win32_11.7.0.202209140929/tools/bin/../lib/gcc/arm-none-eabi/10.3.1/thumb/v6-m/nofp\libcr_eabihelpers.a(division_32.o)
                0x00008132                __aeabi_idivmod
                0x00008132                __aeabi_idiv
                0x00008138                __aeabi_uidivmod
                0x00008138                __aeabi_uidiv
 .text.__aeabi_division_uldivmod
                0x000081aa       0x5a c:/nxp/mcuxpressoide_11.7.0_9198/ide/plugins/com.nxp.mcuxpresso.tools.win32_11.7.0.202209140929/tools/bin/../lib/gcc/arm-none-eabi/10.3.1/thumb/v6-m/nofp\libcr_eabihelpers.a(division_64.o)
                0x000081aa                __aeabi_uldivmod
 .text.__aeabi_division_idiv0
                0x00008204        0x2 c:/nxp/mcuxpressoide_11.7.0_9198/ide/plugins/com.nxp.mcuxpresso.tools.win32_11.7.0.202209140929/tools/bin/../lib/gcc/arm-none-eabi/10.3.1/thumb/v6-m/nofp\libcr_eabihelpers.a(division_idiv0.o)
                0x00008204                __aeabi_idiv0
 .text.__bhs_ui2d
                0x00008206       0x5e c:/nxp/mcuxpressoide_11.7.0_9198/ide/plugins/com.nxp.mcuxpresso.tools.win32_11.7.0.202209140929/tools/bin/../lib/gcc/arm-none-eabi/10.3.1/thumb/v6-m/nofp\libcr_eabihelpers.a(double.o)
                0x00008206                __bhs_ui2d
 .text.__aeabi_i2d
                0x00008264       0x18 c:/nxp/mcuxpressoide_11.7.0_9198/ide/plugins/com.nxp.mcuxpresso.tools.win32_11.7.0.202209140929/tools/bin/../lib/gcc/arm-none-eabi/10.3.1/thumb/v6-m/nofp\libcr_eabihelpers.a(double.o)
                0x00008264                __aeabi_i2d
 .text.__aeabi_ui2d
                0x0000827c        0xc c:/nxp/mcuxpressoide_11.7.0_9198/ide/plugins/com.nxp.mcuxpresso.tools.win32_11.7.0.202209140929/tools/bin/../lib/gcc/arm-none-eabi/10.3.1/thumb/v6-m/nofp\libcr_eabihelpers.a(double.o)
                0x0000827c                __aeabi_ui2d
 .text.__aeabi_f2uiz
                0x00008288       0x2a c:/nxp/mcuxpressoide_11.7.0_9198/ide/plugins/com.nxp.mcuxpresso.tools.win32_11.7.0.202209140929/tools/bin/../lib/gcc/arm-none-eabi/10.3.1/thumb/v6-m/nofp\libcr_eabihelpers.a(float.o)
                0x00008288                __aeabi_f2uiz
 .text.__bhs_ui2f
                0x000082b2       0x60 c:/nxp/mcuxpressoide_11.7.0_9198/ide/plugins/com.nxp.mcuxpresso.tools.win32_11.7.0.202209140929/tools/bin/../lib/gcc/arm-none-eabi/10.3.1/thumb/v6-m/nofp\libcr_eabihelpers.a(float.o)
                0x000082b2                __bhs_ui2f
 .text.__aeabi_i2f
                0x00008312       0x18 c:/nxp/mcuxpressoide_11.7.0_9198/ide/plugins/com.nxp.mcuxpresso.tools.win32_11.7.0.202209140929/tools/bin/../lib/gcc/arm-none-eabi/10.3.1/thumb/v6-m/nofp\libcr_eabihelpers.a(float.o)
                0x00008312                __aeabi_i2f
 .text.__aeabi_ui2f
                0x0000832a        0xc c:/nxp/mcuxpressoide_11.7.0_9198/ide/plugins/com.nxp.mcuxpresso.tools.win32_11.7.0.202209140929/tools/bin/../lib/gcc/arm-none-eabi/10.3.1/thumb/v6-m/nofp\libcr_eabihelpers.a(float.o)
                0x0000832a                __aeabi_ui2f
 .text.__aeabi_fcmpeq
                0x00008336       0x20 c:/nxp/mcuxpressoide_11.7.0_9198/ide/plugins/com.nxp.mcuxpresso.tools.win32_11.7.0.202209140929/tools/bin/../lib/gcc/arm-none-eabi/10.3.1/thumb/v6-m/nofp\libcr_eabihelpers.a(float.o)
                0x00008336                __aeabi_fcmpeq
 .text.__aeabi_fcmplt
                0x00008356       0x42 c:/nxp/mcuxpressoide_11.7.0_9198/ide/plugins/com.nxp.mcuxpresso.tools.win32_11.7.0.202209140929/tools/bin/../lib/gcc/arm-none-eabi/10.3.1/thumb/v6-m/nofp\libcr_eabihelpers.a(float.o)
                0x00008356                __aeabi_fcmplt
 .text.__aeabi_fcmpgt
                0x00008398       0x3e c:/nxp/mcuxpressoide_11.7.0_9198/ide/plugins/com.nxp.mcuxpresso.tools.win32_11.7.0.202209140929/tools/bin/../lib/gcc/arm-none-eabi/10.3.1/thumb/v6-m/nofp\libcr_eabihelpers.a(float.o)
                0x00008398                __aeabi_fcmpgt
 .text.__aeabi_llong_lmul
                0x000083d6       0x2e c:/nxp/mcuxpressoide_11.7.0_9198/ide/plugins/com.nxp.mcuxpresso.tools.win32_11.7.0.202209140929/tools/bin/../lib/gcc/arm-none-eabi/10.3.1/thumb/v6-m/nofp\libcr_eabihelpers.a(llong.o)
                0x000083d6                __aeabi_lmul
 .text.__aeabi_memcpy
                0x00008404       0x2c c:/nxp/mcuxpressoide_11.7.0_9198/ide/plugins/com.nxp.mcuxpresso.tools.win32_11.7.0.202209140929/tools/bin/../lib/gcc/arm-none-eabi/10.3.1/thumb/v6-m/nofp\libcr_eabihelpers.a(memcpy.o)
                0x00008404                __aeabi_memcpy4
                0x00008404                __aeabi_memcpy8
                0x00008404                __aeabi_memcpy
 .text.__aeabi_memset_lowlevel
                0x00008430       0x2a c:/nxp/mcuxpressoide_11.7.0_9198/ide/plugins/com.nxp.mcuxpresso.tools.win32_11.7.0.202209140929/tools/bin/../lib/gcc/arm-none-eabi/10.3.1/thumb/v6-m/nofp\libcr_eabihelpers.a(memcpy.o)
                0x00008430                __aeabi_lowlevel_memset
 .text.__gnu_thumb1_case_shi
                0x0000845a       0x10 c:/nxp/mcuxpressoide_11.7.0_9198/ide/plugins/com.nxp.mcuxpresso.tools.win32_11.7.0.202209140929/tools/bin/../lib/gcc/arm-none-eabi/10.3.1/thumb/v6-m/nofp\libcr_eabihelpers.a(thumb1_switch_helpers.o)
                0x0000845a                __gnu_thumb1_case_shi
 .text.__sys_appexit
                0x0000846a        0x2 c:/nxp/mcuxpressoide_11.7.0_9198/ide/plugins/com.nxp.mcuxpresso.tools.win32_11.7.0.202209140929/tools/bin/../lib/gcc/arm-none-eabi/10.3.1/../../../../arm-none-eabi/lib/thumb/v6-m/nofp\libcr_nohost_nf.a(__sys_appexit.o)
                0x0000846a                __sys_appexit
                0x0000846a                __exit
 .text.__sys_close
                0x0000846c        0x6 c:/nxp/mcuxpressoide_11.7.0_9198/ide/plugins/com.nxp.mcuxpresso.tools.win32_11.7.0.202209140929/tools/bin/../lib/gcc/arm-none-eabi/10.3.1/../../../../arm-none-eabi/lib/thumb/v6-m/nofp\libcr_nohost_nf.a(__sys_close.o)
                0x0000846c                __sys_close
 .text.__sys_flen
                0x00008472        0x6 c:/nxp/mcuxpressoide_11.7.0_9198/ide/plugins/com.nxp.mcuxpresso.tools.win32_11.7.0.202209140929/tools/bin/../lib/gcc/arm-none-eabi/10.3.1/../../../../arm-none-eabi/lib/thumb/v6-m/nofp\libcr_nohost_nf.a(__sys_flen.o)
                0x00008472                __sys_flen
 .text.__sys_istty
                0x00008478        0x6 c:/nxp/mcuxpressoide_11.7.0_9198/ide/plugins/com.nxp.mcuxpresso.tools.win32_11.7.0.202209140929/tools/bin/../lib/gcc/arm-none-eabi/10.3.1/../../../../arm-none-eabi/lib/thumb/v6-m/nofp\libcr_nohost_nf.a(__sys_istty.o)
                0x00008478                __sys_istty
 .text.__sys_read
                0x0000847e        0x4 c:/nxp/mcuxpressoide_11.7.0_9198/ide/plugins/com.nxp.mcuxpresso.tools.win32_11.7.0.202209140929/tools/bin/../lib/gcc/arm-none-eabi/10.3.1/../../../../arm-none-eabi/lib/thumb/v6-m/nofp\libcr_nohost_nf.a(__sys_read.o)
                0x0000847e                __sys_read
 .text.__sys_readc
                0x00008482        0x6 c:/nxp/mcuxpressoide_11.7.0_9198/ide/plugins/com.nxp.mcuxpresso.tools.win32_11.7.0.202209140929/tools/bin/../lib/gcc/arm-none-eabi/10.3.1/../../../../arm-none-eabi/lib/thumb/v6-m/nofp\libcr_nohost_nf.a(__sys_readc.o)
                0x00008482                __sys_readc
                0x00008482                __readc
 .text.__sys_remove
                0x00008488        0x6 c:/nxp/mcuxpressoide_11.7.0_9198/ide/plugins/com.nxp.mcuxpresso.tools.win32_11.7.0.202209140929/tools/bin/../lib/gcc/arm-none-eabi/10.3.1/../../../../arm-none-eabi/lib/thumb/v6-m/nofp\libcr_nohost_nf.a(__sys_remove.o)
                0x00008488                __sys_remove
 .text.__sys_seek
                0x0000848e        0x6 c:/nxp/mcuxpressoide_11.7.0_9198/ide/plugins/com.nxp.mcuxpresso.tools.win32_11.7.0.202209140929/tools/bin/../lib/gcc/arm-none-eabi/10.3.1/../../../../arm-none-eabi/lib/thumb/v6-m/nofp\libcr_nohost_nf.a(__sys_seek.o)
                0x0000848e                __sys_seek
 .text.__sys_tmpnam
                0x00008494        0x6 c:/nxp/mcuxpressoide_11.7.0_9198/ide/plugins/com.nxp.mcuxpresso.tools.win32_11.7.0.202209140929/tools/bin/../lib/gcc/arm-none-eabi/10.3.1/../../../../arm-none-eabi/lib/thumb/v6-m/nofp\libcr_nohost_nf.a(__sys_tmpnam.o)
                0x00008494                __sys_tmpnam
 .text.__sys_write
                0x0000849a        0x4 c:/nxp/mcuxpressoide_11.7.0_9198/ide/plugins/com.nxp.mcuxpresso.tools.win32_11.7.0.202209140929/tools/bin/../lib/gcc/arm-none-eabi/10.3.1/../../../../arm-none-eabi/lib/thumb/v6-m/nofp\libcr_nohost_nf.a(__sys_write.o)
                0x0000849a                __sys_write
 *(SORT_BY_ALIGNMENT(.rodata) SORT_BY_ALIGNMENT(.rodata.*) SORT_BY_ALIGNMENT(.constdata) SORT_BY_ALIGNMENT(.constdata.*))
 *fill*         0x0000849e        0x2 ff
 .rodata.__assertion_failed.str1.4
                0x000084a0       0x14 ./utilities/fsl_assert.o
 .rodata.MRT_GetStatusFlags.str1.4
                0x000084b4       0xa9 ./source/MRT.o
 *fill*         0x0000855d        0x3 ff
 .rodata.MRT_ClearStatusFlags.str1.4
                0x00008560       0xa9 ./source/MRT.o
 *fill*         0x00008609        0x3 ff
 .rodata.MRT_StopTimer.str1.4
                0x0000860c       0xa9 ./source/MRT.o
 *fill*         0x000086b5        0x3 ff
 .rodata.MRT_StartTimer.str1.4
                0x000086b8       0xa9 ./source/car.o
 .rodata.MRT_StopTimer.str1.4
                0x00008761       0xa9 ./source/car.o
 *fill*         0x00008761        0x3 ff
 .rodata        0x00008764       0x2a ./source/car.o
 *fill*         0x0000878e        0x2 ff
 .rodata.ProcessPrompt.str1.4
                0x00008790       0x13 ./source/car.o
 *fill*         0x000087a3        0x1 ff
 .rodata.UpdateDirection
                0x000087a4       0x14 ./source/direction.o
 .rodata.EncoderRightCallback.str1.4
                0x000087b8        0x4 ./source/encoder.o
 .rodata.main.str1.4
                0x000087bc        0xc ./source/main.o
 .rodata.SCTIMER_StartTimer.str1.4
                0x000087c8      0x2e4 ./source/motor.o
 .rodata.SCTIMER_StopTimer.str1.4
                0x00008aac      0x2e4 ./source/motor.o
 .rodata.UpdatePwmDutycycleScaledUp.str1.4
                0x00008d90       0xb6 ./source/motor.o
 *fill*         0x00008e46        0x2 ff
 .rodata.ADC_GetInstance.str1.4
                0x00008e48       0x31 ./drivers/fsl_adc.o
 *fill*         0x00008e79        0x3 ff
 .rodata.ADC_Init.str1.4
                0x00008e7c       0x1e ./drivers/fsl_adc.o
 *fill*         0x00008e9a        0x2 ff
 .rodata.ADC_DoSelfCalibration.str1.4
                0x00008e9c       0x20 ./drivers/fsl_adc.o
 .rodata.ADC_SetConvSeqAConfig.str1.4
                0x00008ebc       0x1f ./drivers/fsl_adc.o
 *fill*         0x00008edb        0x1 ff
 .rodata.CLOCK_UpdateClkSrc.str1.4
                0x00008edc       0x17 ./drivers/fsl_clock.o
 *fill*         0x00008ef3        0x1 ff
 .rodata.SDK_DelayAtLeastUs.str1.4
                0x00008ef4       0x2b ./drivers/fsl_common_arm.o
 *fill*         0x00008f1f        0x1 ff
 .rodata.CTIMER_GetInstance.str1.4
                0x00008f20       0x2e ./drivers/fsl_ctimer.o
 *fill*         0x00008f4e        0x2 ff
 .rodata.CTIMER_Init.str1.4
                0x00008f50       0x22 ./drivers/fsl_ctimer.o
 *fill*         0x00008f72        0x2 ff
 .rodata.s_gpioClockName
                0x00008f74        0x4 ./drivers/fsl_gpio.o
 .rodata.GPIO_EnablePortClock.str1.4
                0x00008f78       0x33 ./drivers/fsl_gpio.o
 *fill*         0x00008fab        0x1 ff
 .rodata.MRT_GetInstance.str1.4
                0x00008fac       0x28 ./drivers/fsl_mrt.o
 .rodata.MRT_Init.str1.4
                0x00008fd4       0x1e ./drivers/fsl_mrt.o
 *fill*         0x00008ff2        0x2 ff
 .rodata.RESET_SetPeripheralReset.str1.4
                0x00008ff4       0x1f ./drivers/fsl_reset.o
 *fill*         0x00009013        0x1 ff
 .rodata.RESET_ClearPeripheralReset.str1.4
                0x00009014       0x1f ./drivers/fsl_reset.o
 *fill*         0x00009033        0x1 ff
 .rodata.SCTIMER_StartTimer.str1.4
                0x00009034      0x12a ./drivers/fsl_sctimer.o
 *fill*         0x0000915e        0x2 ff
 .rodata.SCTIMER_StopTimer.str1.4
                0x00009160      0x12a ./drivers/fsl_sctimer.o
 *fill*         0x0000928a        0x2 ff
 .rodata.SCTIMER_SetupOutputSetAction.str1.4
                0x0000928c       0x4a ./drivers/fsl_sctimer.o
 *fill*         0x000092d6        0x2 ff
 .rodata.SCTIMER_SetupOutputClearAction.str1.4
                0x000092d8       0x4a ./drivers/fsl_sctimer.o
 *fill*         0x00009322        0x2 ff
 .rodata.SCTIMER_SetupCounterLimitAction.str1.4
                0x00009324       0xc9 ./drivers/fsl_sctimer.o
 *fill*         0x000093ed        0x3 ff
 .rodata.SCTIMER_GetInstance.str1.4
                0x000093f0       0x2c ./drivers/fsl_sctimer.o
 .rodata.SCTIMER_Init.str1.4
                0x0000941c       0x23 ./drivers/fsl_sctimer.o
 *fill*         0x0000943f        0x1 ff
 .rodata.SCTIMER_SetupPwm.str1.4
                0x00009440      0x119 ./drivers/fsl_sctimer.o
 *fill*         0x00009559        0x3 ff
 .rodata.SCTIMER_UpdatePwmDutycycle.str1.4
                0x0000955c       0xc5 ./drivers/fsl_sctimer.o
 *fill*         0x00009621        0x3 ff
 .rodata.SWM_SetMovablePinSelect.str1.4
                0x00009624       0x49 ./drivers/fsl_swm.o
 *fill*         0x0000966d        0x3 ff
 .rodata.SWM_SetFixedPinSelect.str1.4
                0x00009670       0x1d ./drivers/fsl_swm.o
 *fill*         0x0000968d        0x3 ff
 .rodata.s_usartIRQ
                0x00009690        0x5 ./drivers/fsl_usart.o
 *fill*         0x00009695        0x3 ff
 .rodata.s_usartBaseAddrs
                0x00009698       0x14 ./drivers/fsl_usart.o
 .rodata.s_usartClock
                0x000096ac        0xa ./drivers/fsl_usart.o
 *fill*         0x000096b6        0x2 ff
 .rodata.s_usartRest
                0x000096b8       0x14 ./drivers/fsl_usart.o
 .rodata.USART_GetInstance.str1.4
                0x000096cc       0x3b ./drivers/fsl_usart.o
 *fill*         0x00009707        0x1 ff
 .rodata.USART_TransferGetRxRingBufferLength.str1.4
                0x00009708       0x20 ./drivers/fsl_usart.o
 .rodata.USART_TransferIsRxRingBufferFull.str1.4
                0x00009728       0x21 ./drivers/fsl_usart.o
 *fill*         0x00009749        0x3 ff
 .rodata.USART_TransferStartRingBuffer.str1.4
                0x0000974c       0x69 ./drivers/fsl_usart.o
 *fill*         0x000097b5        0x3 ff
 .rodata.USART_Init.str1.4
                0x000097b8       0x4f ./drivers/fsl_usart.o
 *fill*         0x00009807        0x1 ff
 .rodata.USART_GetDefaultConfig.str1.4
                0x00009808       0x21 ./drivers/fsl_usart.o
 *fill*         0x00009829        0x3 ff
 .rodata.USART_SetBaudRate.str1.4
                0x0000982c       0x8f ./drivers/fsl_usart.o
 *fill*         0x000098bb        0x1 ff
 .rodata.USART_WriteBlocking.str1.4
                0x000098bc       0x36 ./drivers/fsl_usart.o
 *fill*         0x000098f2        0x2 ff
 .rodata.USART_ReadBlocking.str1.4
                0x000098f4       0x36 ./drivers/fsl_usart.o
 *fill*         0x0000992a        0x2 ff
 .rodata.USART_TransferCreateHandle.str1.4
                0x0000992c       0x38 ./drivers/fsl_usart.o
 .rodata.USART_TransferSendNonBlocking.str1.4
                0x00009964       0x92 ./drivers/fsl_usart.o
 *fill*         0x000099f6        0x2 ff
 .rodata.USART_TransferGetSendCount.str1.4
                0x000099f8       0x44 ./drivers/fsl_usart.o
 .rodata.USART_TransferHandleIRQ.str1.4
                0x00009a3c       0x35 ./drivers/fsl_usart.o
 *fill*         0x00009a71        0x3 ff
 .rodata.s_UsartAdapterBase
                0x00009a74       0x14 ./component/uart/fsl_adapter_miniusart.o
 .rodata.HAL_UartInit.str1.4
                0x00009a88       0xfb ./component/uart/fsl_adapter_miniusart.o
 *fill*         0x00009b83        0x1 ff
 .rodata.HAL_UartReceiveBlocking.str1.4
                0x00009b84       0x71 ./component/uart/fsl_adapter_miniusart.o
 *fill*         0x00009bf5        0x3 ff
 .rodata.HAL_UartSendBlocking.str1.4
                0x00009bf8       0x71 ./component/uart/fsl_adapter_miniusart.o
 *fill*         0x00009c69        0x3 ff
 .rodata.BOARD_InitDebugConsole.str1.4
                0x00009c6c       0x27 ./board/board.o
 *fill*         0x00009c93        0x1 ff
 .rodata.CLOCK_SetCoreSysClkDiv.str1.4
                0x00009c94       0x78 ./board/clock_config.o
 .rodata.SCTIMER_StartTimer.str1.4
                0x00009d0c      0x2e4 ./board/peripherals.o
 .rodata.MRT_SetupChannelMode.str1.4
                0x00009d0c       0xa9 ./board/peripherals.o
 *fill*         0x00009db5        0x3 ff
 .rodata.MRT_EnableInterrupts.str1.4
                0x00009db8       0xa9 ./board/peripherals.o
 .rodata.MRT_StartTimer.str1.4
                0x00009e61       0xa9 ./board/peripherals.o
 *fill*         0x00009e61        0x3 ff
 .rodata.USART1_config
                0x00009e64       0x10 ./board/peripherals.o
                0x00009e64                USART1_config
 .rodata.CTIMER0_config
                0x00009e74        0x8 ./board/peripherals.o
                0x00009e74                CTIMER0_config
 .rodata.USART0_config
                0x00009e7c       0x10 ./board/peripherals.o
                0x00009e7c                USART0_config
 .rodata.ADC0configStruct
                0x00009e8c        0xc ./board/peripherals.o
                0x00009e8c                ADC0configStruct
 .rodata.ADC0ConvSeqAConfigStruct
                0x00009e98        0xc ./board/peripherals.o
                0x00009e98                ADC0ConvSeqAConfigStruct
 .rodata.SCT0_initConfig
                0x00009ea4        0x9 ./board/peripherals.o
                0x00009ea4                SCT0_initConfig
 *fill*         0x00009ead        0x3 ff
 .rodata.SCT0_pwmSignalsConfig
                0x00009eb0        0x6 ./board/peripherals.o
                0x00009eb0                SCT0_pwmSignalsConfig
 *fill*         0x00009eb6        0x2 ff
 .rodata.MRT0_config
                0x00009eb8        0x1 ./board/peripherals.o
                0x00009eb8                MRT0_config
 *fill*         0x00009eb9        0x3 ff
 .rodata        0x00009ebc        0x2 ./board/pin_mux.o
 *fill*         0x00009ebe        0x2 ff
 .rodata.__num_Ciob_streams
                0x00009ec0        0x4 c:/nxp/mcuxpressoide_11.7.0_9198/ide/plugins/com.nxp.mcuxpresso.tools.win32_11.7.0.202209140929/tools/bin/../lib/gcc/arm-none-eabi/10.3.1/../../../../arm-none-eabi/lib/thumb/v6-m/nofp\libcr_nohost_nf.a(__ciob.o)
                0x00009ec0                __num_Ciob_streams
 .rodata._Csys_alloc.str1.1
                0x00009ec4       0x18 c:/nxp/mcuxpressoide_11.7.0_9198/ide/plugins/com.nxp.mcuxpresso.tools.win32_11.7.0.202209140929/tools/bin/../lib/gcc/arm-none-eabi/10.3.1/../../../../arm-none-eabi/lib/thumb/v6-m/nofp\libcr_c.a(alloc.o)
 .rodata._initio.str1.1
                0x00009edc        0x4 c:/nxp/mcuxpressoide_11.7.0_9198/ide/plugins/com.nxp.mcuxpresso.tools.win32_11.7.0.202209140929/tools/bin/../lib/gcc/arm-none-eabi/10.3.1/../../../../arm-none-eabi/lib/thumb/v6-m/nofp\libcr_c.a(initio.o)
 .rodata.strtod.str1.1
                0x00009ee0        0x6 c:/nxp/mcuxpressoide_11.7.0_9198/ide/plugins/com.nxp.mcuxpresso.tools.win32_11.7.0.202209140929/tools/bin/../lib/gcc/arm-none-eabi/10.3.1/../../../../arm-none-eabi/lib/thumb/v6-m/nofp\libcr_c.a(scanf.o)
 .rodata.__ctype
                0x00009ee6      0x180 c:/nxp/mcuxpressoide_11.7.0_9198/ide/plugins/com.nxp.mcuxpresso.tools.win32_11.7.0.202209140929/tools/bin/../lib/gcc/arm-none-eabi/10.3.1/../../../../arm-none-eabi/lib/thumb/v6-m/nofp\libcr_c.a(ctype.o)
                0x00009ee6                __ctype
                0x0000a068                . = ALIGN (0x4)
 *fill*         0x0000a066        0x2 ff

.glue_7         0x0000a068        0x0
 .glue_7        0x0000a068        0x0 linker stubs

.glue_7t        0x0000a068        0x0
 .glue_7t       0x0000a068        0x0 linker stubs

.vfp11_veneer   0x0000a068        0x0
 .vfp11_veneer  0x0000a068        0x0 linker stubs

.v4_bx          0x0000a068        0x0
 .v4_bx         0x0000a068        0x0 linker stubs

.iplt           0x0000a068        0x0
 .iplt          0x0000a068        0x0 ./utilities/fsl_assert.o

.rel.dyn        0x0000a068        0x0
 .rel.iplt      0x0000a068        0x0 ./utilities/fsl_assert.o

.ARM.extab
 *(SORT_BY_ALIGNMENT(.ARM.extab*) SORT_BY_ALIGNMENT(.gnu.linkonce.armextab.*))

.ARM.exidx      0x0000a068        0x0
                0x0000a068                __exidx_start = .
 *(SORT_BY_ALIGNMENT(.ARM.exidx*) SORT_BY_ALIGNMENT(.gnu.linkonce.armexidx.*))
                0x0000a068                __exidx_end = .
                0x0000a068                _etext = .

.mtb_buffer_RAM2
 *(SORT_BY_ALIGNMENT(.mtb.$RAM2*))
 *(SORT_BY_ALIGNMENT(.mtb.$IAP_SRAM*))

.data_RAM2      0x10003fe0        0x0 load address 0x0000a068
 FILL mask 0xff
                [!provide]                PROVIDE (__start_data_RAM2 = .)
                [!provide]                PROVIDE (__start_data_IAP_SRAM = .)
 *(SORT_BY_ALIGNMENT(.ramfunc.$RAM2))
 *(SORT_BY_ALIGNMENT(.ramfunc.$IAP_SRAM))
 *(SORT_BY_ALIGNMENT(.data.$RAM2))
 *(SORT_BY_ALIGNMENT(.data.$IAP_SRAM))
 *(SORT_BY_ALIGNMENT(.data.$RAM2.*))
 *(SORT_BY_ALIGNMENT(.data.$IAP_SRAM.*))
                0x10003fe0                . = ALIGN (0x4)
                [!provide]                PROVIDE (__end_data_RAM2 = .)
                [!provide]                PROVIDE (__end_data_IAP_SRAM = .)

.mtb_buffer_default
                0x10000000       0x80
 *(SORT_BY_ALIGNMENT(.mtb*))
 .mtb.$RAM1     0x10000000       0x80 ./source/mtb.o
                0x10000000                __mtb_buffer__

.uninit_RESERVED
                0x10000080        0x0
                0x10000080                _start_uninit_RESERVED = .
 *(SORT_BY_ALIGNMENT(.bss.$RESERVED*))
                0x10000080                . = ALIGN (0x4)
                0x10000080                _end_uninit_RESERVED = .

.data           0x10000080       0x38 load address 0x0000a068
 FILL mask 0xff
                0x10000080                _data = .
                [!provide]                PROVIDE (__start_data_RAM = .)
                [!provide]                PROVIDE (__start_data_SRAM = .)
 *(SORT_BY_ALIGNMENT(vtable))
 *(SORT_BY_ALIGNMENT(.ramfunc*))
 *(SORT_BY_ALIGNMENT(CodeQuickAccess))
 *(SORT_BY_ALIGNMENT(DataQuickAccess))
 *(SORT_BY_ALIGNMENT(RamFunction))
 *(SORT_BY_ALIGNMENT(.data*))
 .data.reset.4  0x10000080        0x4 ./source/USART.o
 .data.SystemCoreClock
                0x10000084        0x4 ./device/system_LPC845.o
                0x10000084                SystemCoreClock
 .data.USART1_txTransfer
                0x10000088        0x8 ./board/peripherals.o
                0x10000088                USART1_txTransfer
 .data.CTIMER0_callback
                0x10000090       0x20 ./board/peripherals.o
                0x10000090                CTIMER0_callback
 .data.neginf.0
                0x100000b0        0x4 c:/nxp/mcuxpressoide_11.7.0_9198/ide/plugins/com.nxp.mcuxpresso.tools.win32_11.7.0.202209140929/tools/bin/../lib/gcc/arm-none-eabi/10.3.1/../../../../arm-none-eabi/lib/thumb/v6-m/nofp\libcr_c.a(scanf.o)
 .data.posinf.1
                0x100000b4        0x4 c:/nxp/mcuxpressoide_11.7.0_9198/ide/plugins/com.nxp.mcuxpresso.tools.win32_11.7.0.202209140929/tools/bin/../lib/gcc/arm-none-eabi/10.3.1/../../../../arm-none-eabi/lib/thumb/v6-m/nofp\libcr_c.a(scanf.o)
                0x100000b8                . = ALIGN (0x4)
                0x100000b8                _edata = .
                [!provide]                PROVIDE (__end_data_RAM = .)
                [!provide]                PROVIDE (__end_data_SRAM = .)

.igot.plt       0x100000b8        0x0 load address 0x0000a0a0
 .igot.plt      0x100000b8        0x0 ./utilities/fsl_assert.o

.bss_RAM2       0x10003fe0        0x0
                [!provide]                PROVIDE (__start_bss_RAM2 = .)
                [!provide]                PROVIDE (__start_bss_IAP_SRAM = .)
 *(SORT_BY_ALIGNMENT(.bss.$RAM2))
 *(SORT_BY_ALIGNMENT(.bss.$IAP_SRAM))
 *(SORT_BY_ALIGNMENT(.bss.$RAM2.*))
 *(SORT_BY_ALIGNMENT(.bss.$IAP_SRAM.*))
                0x10003fe0                . = ALIGN ((. != 0x0)?0x4:0x1)
                [!provide]                PROVIDE (__end_bss_RAM2 = .)
                [!provide]                PROVIDE (__end_bss_IAP_SRAM = .)

.bss            0x100000b8      0x324
                0x100000b8                _bss = .
                [!provide]                PROVIDE (__start_bss_RAM = .)
                [!provide]                PROVIDE (__start_bss_SRAM = .)
 *(SORT_BY_ALIGNMENT(.bss*))
 .bss.microseconds_elapsed_right
                0x100000b8        0x8 ./source/encoder.o
                0x100000b8                microseconds_elapsed_right
 .bss.microseconds_elapsed_left
                0x100000c0        0x8 ./source/encoder.o
                0x100000c0                microseconds_elapsed_left
 .bss.s_debugConsole
                0x100000c8       0x14 ./utilities/fsl_debug_console.o
 .bss.pid_right
                0x100000dc       0x1c ./source/PID.o
                0x100000dc                pid_right
 .bss.pid_left  0x100000f8       0x1c ./source/PID.o
                0x100000f8                pid_left
 .bss.Tou1      0x10000114        0x4 ./source/SysTimer.o
 .bss.Tou2      0x10000118        0x4 ./source/SysTimer.o
 .bss.Tou3      0x1000011c        0x4 ./source/SysTimer.o
 .bss.Tou4      0x10000120        0x4 ./source/SysTimer.o
 .bss.buffer    0x10000124       0x48 ./source/USART.o
                0x10000124                buffer
 .bss.car       0x1000016c        0x8 ./source/car.o
                0x1000016c                car
 .bss.car_prev  0x10000174        0x8 ./source/car.o
                0x10000174                car_prev
 .bss.captured_time_right
                0x1000017c        0x4 ./source/encoder.o
                0x1000017c                captured_time_right
 .bss.captured_time_left
                0x10000180        0x4 ./source/encoder.o
                0x10000180                captured_time_left
 .bss.captured_time_right_prev
                0x10000184        0x4 ./source/encoder.o
                0x10000184                captured_time_right_prev
 .bss.captured_time_left_prev
                0x10000188        0x4 ./source/encoder.o
                0x10000188                captured_time_left_prev
 .bss.Encoder_right
                0x1000018c        0x8 ./source/encoder.o
                0x1000018c                Encoder_right
 .bss.Encoder_left
                0x10000194        0x8 ./source/encoder.o
                0x10000194                Encoder_left
 .bss.motor_left
                0x1000019c        0x3 ./source/motor.o
                0x1000019c                motor_left
 *fill*         0x1000019f        0x1 
 .bss.motor_right
                0x100001a0        0x3 ./source/motor.o
                0x100001a0                motor_right
 *fill*         0x100001a3        0x1 
 .bss.optic_measurement
                0x100001a4       0x34 ./source/optic.o
                0x100001a4                optic_measurement
 .bss.g_systickCounter
                0x100001d8        0x4 ./source/sys.o
 .bss.capture_value_0
                0x100001dc        0x4 ./source/ultrasonic.o
                0x100001dc                capture_value_0
 .bss.capture_value_1
                0x100001e0        0x4 ./source/ultrasonic.o
                0x100001e0                capture_value_1
 .bss.microseconds_elapsed
                0x100001e4        0x4 ./source/ultrasonic.o
                0x100001e4                microseconds_elapsed
 .bss.ultrasonic_measurement
                0x100001e8        0x8 ./source/ultrasonic.o
                0x100001e8                ultrasonic_measurement
 .bss.g_Ext_Clk_Freq
                0x100001f0        0x4 ./drivers/fsl_clock.o
                0x100001f0                g_Ext_Clk_Freq
 .bss.g_Wdt_Osc_Freq
                0x100001f4        0x4 ./drivers/fsl_clock.o
                0x100001f4                g_Wdt_Osc_Freq
 .bss.s_ctimerCallback
                0x100001f8        0x4 ./drivers/fsl_ctimer.o
 .bss.ctimerCallbackType
                0x100001fc        0x1 ./drivers/fsl_ctimer.o
 *fill*         0x100001fd        0x3 
 .bss.s_eventCallback
                0x10000200       0x20 ./drivers/fsl_sctimer.o
 .bss.s_currentEvent
                0x10000220        0x4 ./drivers/fsl_sctimer.o
 .bss.s_currentState
                0x10000224        0x4 ./drivers/fsl_sctimer.o
 .bss.s_currentMatch
                0x10000228        0x4 ./drivers/fsl_sctimer.o
 .bss.s_currentMatchhigh
                0x1000022c        0x4 ./drivers/fsl_sctimer.o
 .bss.s_sctimerIsr
                0x10000230        0x4 ./drivers/fsl_sctimer.o
 .bss.s_usartHandle
                0x10000234       0x14 ./drivers/fsl_usart.o
 .bss.s_usartIsr
                0x10000248        0x4 ./drivers/fsl_usart.o
 .bss.USART1_handle
                0x1000024c       0x30 ./board/peripherals.o
                0x1000024c                USART1_handle
 .bss.USART1_rxBuffer
                0x1000027c       0x40 ./board/peripherals.o
                0x1000027c                USART1_rxBuffer
 .bss.USART1_txBuffer
                0x100002bc       0x40 ./board/peripherals.o
                0x100002bc                USART1_txBuffer
 .bss.SCT0_pwmEvent
                0x100002fc        0x8 ./board/peripherals.o
                0x100002fc                SCT0_pwmEvent
 .bss.errno     0x10000304        0x4 c:/nxp/mcuxpressoide_11.7.0_9198/ide/plugins/com.nxp.mcuxpresso.tools.win32_11.7.0.202209140929/tools/bin/../lib/gcc/arm-none-eabi/10.3.1/../../../../arm-none-eabi/lib/thumb/v6-m/nofp\libcr_c.a(errno.o)
                0x10000304                errno
 .bss.__end_of_heap
                0x10000308        0x4 c:/nxp/mcuxpressoide_11.7.0_9198/ide/plugins/com.nxp.mcuxpresso.tools.win32_11.7.0.202209140929/tools/bin/../lib/gcc/arm-none-eabi/10.3.1/../../../../arm-none-eabi/lib/thumb/v6-m/nofp\libcr_c.a(__init_alloc.o)
                0x10000308                __end_of_heap
 .bss.__heaps   0x1000030c        0x4 c:/nxp/mcuxpressoide_11.7.0_9198/ide/plugins/com.nxp.mcuxpresso.tools.win32_11.7.0.202209140929/tools/bin/../lib/gcc/arm-none-eabi/10.3.1/../../../../arm-none-eabi/lib/thumb/v6-m/nofp\libcr_c.a(__init_alloc.o)
                0x1000030c                __heaps
 .bss.__Ciob    0x10000310       0xb4 c:/nxp/mcuxpressoide_11.7.0_9198/ide/plugins/com.nxp.mcuxpresso.tools.win32_11.7.0.202209140929/tools/bin/../lib/gcc/arm-none-eabi/10.3.1/../../../../arm-none-eabi/lib/thumb/v6-m/nofp\libcr_nohost_nf.a(__ciob.o)
                0x10000310                __Ciob
 .bss.front_right_first
                0x100003c4        0x2 ./source/optic.o
                0x100003c4                front_right_first
 .bss.front_left_first
                0x100003c6        0x2 ./source/optic.o
                0x100003c6                front_left_first
 .bss.back_right_first
                0x100003c8        0x2 ./source/optic.o
                0x100003c8                back_right_first
 .bss.back_left_first
                0x100003ca        0x2 ./source/optic.o
                0x100003ca                back_left_first
 .bss.front_right_second
                0x100003cc        0x2 ./source/optic.o
                0x100003cc                front_right_second
 .bss.front_left_second
                0x100003ce        0x2 ./source/optic.o
                0x100003ce                front_left_second
 .bss.back_right_second
                0x100003d0        0x2 ./source/optic.o
                0x100003d0                back_right_second
 .bss.back_left_second
                0x100003d2        0x2 ./source/optic.o
                0x100003d2                back_left_second
 .bss.pid_updated
                0x100003d4        0x1 ./source/PID.o
                0x100003d4                pid_updated
 .bss.GstrState.3
                0x100003d5        0x1 ./source/USART.o
 .bss.i.2       0x100003d6        0x1 ./source/USART.o
 .bss.ret_val.1
                0x100003d7        0x1 ./source/USART.o
 .bss.data.0    0x100003d8        0x1 ./source/USART.o
 .bss.counter.0
                0x100003d9        0x1 ./source/optic.o
 .bss.servo_turn_finished
                0x100003da        0x1 ./source/servo.o
                0x100003da                servo_turn_finished
 *(SORT_BY_ALIGNMENT(COMMON))
                0x100003dc                . = ALIGN (0x4)
 *fill*         0x100003db        0x1 
                0x100003dc                _ebss = .
                [!provide]                PROVIDE (__end_bss_RAM = .)
                [!provide]                PROVIDE (__end_bss_SRAM = .)
                [!provide]                PROVIDE (end = .)

.noinit_RAM2    0x10003fe0        0x0
                [!provide]                PROVIDE (__start_noinit_RAM2 = .)
                [!provide]                PROVIDE (__start_noinit_IAP_SRAM = .)
 *(SORT_BY_ALIGNMENT(.noinit.$RAM2))
 *(SORT_BY_ALIGNMENT(.noinit.$IAP_SRAM))
 *(SORT_BY_ALIGNMENT(.noinit.$RAM2.*))
 *(SORT_BY_ALIGNMENT(.noinit.$IAP_SRAM.*))
                0x10003fe0                . = ALIGN (0x4)
                [!provide]                PROVIDE (__end_noinit_RAM2 = .)
                [!provide]                PROVIDE (__end_noinit_IAP_SRAM = .)

.noinit         0x100003dc        0x0
                0x100003dc                _noinit = .
                [!provide]                PROVIDE (__start_noinit_RAM = .)
                [!provide]                PROVIDE (__start_noinit_SRAM = .)
 *(SORT_BY_ALIGNMENT(.noinit*))
                0x100003dc                . = ALIGN (0x4)
                0x100003dc                _end_noinit = .
                [!provide]                PROVIDE (__end_noinit_RAM = .)
                [!provide]                PROVIDE (__end_noinit_SRAM = .)
                0x000003f8                _HeapSize = 0x3f8

.heap           0x100003dc      0x3f8
                0x100003dc                _pvHeapStart = .
                0x100007d4                . = (. + _HeapSize)
 *fill*         0x100003dc      0x3f8 
                0x100007d4                . = ALIGN (0x4)
                0x100007d4                _pvHeapLimit = .
                0x000003f8                _StackSize = 0x3f8

.heap2stackfill
                0x100007d4      0x3f8
                0x10000bcc                . = (. + _StackSize)
 *fill*         0x100007d4      0x3f8 

.stack          0x10003be8        0x0
                0x10003be8                _vStackBase = .
                0x10003be8                . = ALIGN (0x4)
                0x10003fe0                _vStackTop = (. + _StackSize)
                0xefff9d4f                PROVIDE (__valid_user_code_checksum = (0x0 - (((_vStackTop + (ResetISR + 0x1)) + (DEFINED (NMI_Handler)?NMI_Handler:M0_NMI_Handler + 0x1)) + (DEFINED (HardFault_Handler)?HardFault_Handler:M0_HardFault_Handler + 0x1))))
                0x00000000                _image_start = LOADADDR (.text)
                0x0000a0a0                _image_end = (LOADADDR (.data) + SIZEOF (.data))
                0x0000a0a0                _image_size = (_image_end - _image_start)
OUTPUT(LPC845_Project.axf elf32-littlearm)
LOAD linker stubs

.debug_info     0x00000000    0x1ab6c
 .debug_info    0x00000000       0xa3 ./utilities/fsl_assert.o
 .debug_info    0x000000a3     0x1026 ./utilities/fsl_debug_console.o
 .debug_info    0x000010c9      0x4a6 ./startup/startup_lpc845.o
 .debug_info    0x0000156f      0x4d8 ./source/MRT.o
 .debug_info    0x00001a47      0xa79 ./source/PID.o
 .debug_info    0x000024c0      0x2f8 ./source/SysTimer.o
 .debug_info    0x000027b8      0xe83 ./source/USART.o
 .debug_info    0x0000363b     0x1618 ./source/car.o
 .debug_info    0x00004c53      0x958 ./source/direction.o
 .debug_info    0x000055ab       0x97 ./source/distance.o
 .debug_info    0x00005642      0xab3 ./source/encoder.o
 .debug_info    0x000060f5      0xb06 ./source/main.o
 .debug_info    0x00006bfb     0x13d2 ./source/motor.o
 .debug_info    0x00007fcd       0x53 ./source/mtb.o
 .debug_info    0x00008020     0x12cd ./source/optic.o
 .debug_info    0x000092ed       0x3c ./source/semihost_hardfault.o
 .debug_info    0x00009329      0xd5e ./source/servo.o
 .debug_info    0x0000a087       0xa5 ./source/sys.o
 .debug_info    0x0000a12c      0xd27 ./source/ultrasonic.o
 .debug_info    0x0000ae53     0x1010 ./drivers/fsl_adc.o
 .debug_info    0x0000be63     0x11d0 ./drivers/fsl_clock.o
 .debug_info    0x0000d033       0xee ./drivers/fsl_common_arm.o
 .debug_info    0x0000d121     0x171f ./drivers/fsl_ctimer.o
 .debug_info    0x0000e840      0xdb2 ./drivers/fsl_gpio.o
 .debug_info    0x0000f5f2      0xd76 ./drivers/fsl_mrt.o
 .debug_info    0x00010368      0x724 ./drivers/fsl_reset.o
 .debug_info    0x00010a8c     0x1c61 ./drivers/fsl_sctimer.o
 .debug_info    0x000126ed      0x71c ./drivers/fsl_swm.o
 .debug_info    0x00012e09     0x1ba8 ./drivers/fsl_usart.o
 .debug_info    0x000149b1      0x77e ./device/system_LPC845.o
 .debug_info    0x0001512f      0xecb ./component/uart/fsl_adapter_miniusart.o
 .debug_info    0x00015ffa      0xc70 ./board/board.o
 .debug_info    0x00016c6a      0xacb ./board/clock_config.o
 .debug_info    0x00017735     0x2306 ./board/peripherals.o
 .debug_info    0x00019a3b     0x1131 ./board/pin_mux.o

.debug_abbrev   0x00000000     0x414c
 .debug_abbrev  0x00000000       0x66 ./utilities/fsl_assert.o
 .debug_abbrev  0x00000066      0x281 ./utilities/fsl_debug_console.o
 .debug_abbrev  0x000002e7      0x1ba ./startup/startup_lpc845.o
 .debug_abbrev  0x000004a1      0x1c5 ./source/MRT.o
 .debug_abbrev  0x00000666      0x207 ./source/PID.o
 .debug_abbrev  0x0000086d      0x14d ./source/SysTimer.o
 .debug_abbrev  0x000009ba      0x2df ./source/USART.o
 .debug_abbrev  0x00000c99      0x2e6 ./source/car.o
 .debug_abbrev  0x00000f7f      0x1ba ./source/direction.o
 .debug_abbrev  0x00001139       0x45 ./source/distance.o
 .debug_abbrev  0x0000117e      0x190 ./source/encoder.o
 .debug_abbrev  0x0000130e      0x1fa ./source/main.o
 .debug_abbrev  0x00001508      0x24f ./source/motor.o
 .debug_abbrev  0x00001757       0x46 ./source/mtb.o
 .debug_abbrev  0x0000179d      0x2cc ./source/optic.o
 .debug_abbrev  0x00001a69       0x31 ./source/semihost_hardfault.o
 .debug_abbrev  0x00001a9a      0x296 ./source/servo.o
 .debug_abbrev  0x00001d30       0x6e ./source/sys.o
 .debug_abbrev  0x00001d9e      0x1f8 ./source/ultrasonic.o
 .debug_abbrev  0x00001f96      0x210 ./drivers/fsl_adc.o
 .debug_abbrev  0x000021a6      0x2cd ./drivers/fsl_clock.o
 .debug_abbrev  0x00002473       0x92 ./drivers/fsl_common_arm.o
 .debug_abbrev  0x00002505      0x32a ./drivers/fsl_ctimer.o
 .debug_abbrev  0x0000282f      0x1c3 ./drivers/fsl_gpio.o
 .debug_abbrev  0x000029f2      0x1e8 ./drivers/fsl_mrt.o
 .debug_abbrev  0x00002bda      0x15c ./drivers/fsl_reset.o
 .debug_abbrev  0x00002d36      0x359 ./drivers/fsl_sctimer.o
 .debug_abbrev  0x0000308f      0x16e ./drivers/fsl_swm.o
 .debug_abbrev  0x000031fd      0x316 ./drivers/fsl_usart.o
 .debug_abbrev  0x00003513      0x143 ./device/system_LPC845.o
 .debug_abbrev  0x00003656      0x1cb ./component/uart/fsl_adapter_miniusart.o
 .debug_abbrev  0x00003821      0x188 ./board/board.o
 .debug_abbrev  0x000039a9      0x217 ./board/clock_config.o
 .debug_abbrev  0x00003bc0      0x338 ./board/peripherals.o
 .debug_abbrev  0x00003ef8      0x254 ./board/pin_mux.o

.debug_aranges  0x00000000      0xe10
 .debug_aranges
                0x00000000       0x20 ./utilities/fsl_assert.o
 .debug_aranges
                0x00000020       0x68 ./utilities/fsl_debug_console.o
 .debug_aranges
                0x00000088      0x160 ./startup/startup_lpc845.o
 .debug_aranges
                0x000001e8       0x40 ./source/MRT.o
 .debug_aranges
                0x00000228       0x48 ./source/PID.o
 .debug_aranges
                0x00000270       0x98 ./source/SysTimer.o
 .debug_aranges
                0x00000308       0x68 ./source/USART.o
 .debug_aranges
                0x00000370       0xa8 ./source/car.o
 .debug_aranges
                0x00000418       0x28 ./source/direction.o
 .debug_aranges
                0x00000440       0x20 ./source/distance.o
 .debug_aranges
                0x00000460       0x30 ./source/encoder.o
 .debug_aranges
                0x00000490       0x38 ./source/main.o
 .debug_aranges
                0x000004c8       0x68 ./source/motor.o
 .debug_aranges
                0x00000530       0x18 ./source/mtb.o
 .debug_aranges
                0x00000548       0x90 ./source/optic.o
 .debug_aranges
                0x000005d8       0x20 ./source/semihost_hardfault.o
 .debug_aranges
                0x000005f8       0x50 ./source/servo.o
 .debug_aranges
                0x00000648       0x20 ./source/sys.o
 .debug_aranges
                0x00000668       0x50 ./source/ultrasonic.o
 .debug_aranges
                0x000006b8       0x78 ./drivers/fsl_adc.o
 .debug_aranges
                0x00000730      0x100 ./drivers/fsl_clock.o
 .debug_aranges
                0x00000830       0x28 ./drivers/fsl_common_arm.o
 .debug_aranges
                0x00000858       0xc0 ./drivers/fsl_ctimer.o
 .debug_aranges
                0x00000918       0x38 ./drivers/fsl_gpio.o
 .debug_aranges
                0x00000950       0x50 ./drivers/fsl_mrt.o
 .debug_aranges
                0x000009a0       0x30 ./drivers/fsl_reset.o
 .debug_aranges
                0x000009d0       0xc8 ./drivers/fsl_sctimer.o
 .debug_aranges
                0x00000a98       0x28 ./drivers/fsl_swm.o
 .debug_aranges
                0x00000ac0      0x128 ./drivers/fsl_usart.o
 .debug_aranges
                0x00000be8       0x30 ./device/system_LPC845.o
 .debug_aranges
                0x00000c18       0x50 ./component/uart/fsl_adapter_miniusart.o
 .debug_aranges
                0x00000c68       0x28 ./board/board.o
 .debug_aranges
                0x00000c90       0x68 ./board/clock_config.o
 .debug_aranges
                0x00000cf8       0xb0 ./board/peripherals.o
 .debug_aranges
                0x00000da8       0x68 ./board/pin_mux.o

.debug_ranges   0x00000000      0xbd8
 .debug_ranges  0x00000000       0x10 ./utilities/fsl_assert.o
 .debug_ranges  0x00000010       0x58 ./utilities/fsl_debug_console.o
 .debug_ranges  0x00000068      0x150 ./startup/startup_lpc845.o
 .debug_ranges  0x000001b8       0x30 ./source/MRT.o
 .debug_ranges  0x000001e8       0x38 ./source/PID.o
 .debug_ranges  0x00000220       0x88 ./source/SysTimer.o
 .debug_ranges  0x000002a8       0x58 ./source/USART.o
 .debug_ranges  0x00000300       0x98 ./source/car.o
 .debug_ranges  0x00000398       0x18 ./source/direction.o
 .debug_ranges  0x000003b0       0x10 ./source/distance.o
 .debug_ranges  0x000003c0       0x20 ./source/encoder.o
 .debug_ranges  0x000003e0       0x28 ./source/main.o
 .debug_ranges  0x00000408       0x58 ./source/motor.o
 .debug_ranges  0x00000460       0x80 ./source/optic.o
 .debug_ranges  0x000004e0       0x10 ./source/semihost_hardfault.o
 .debug_ranges  0x000004f0       0x40 ./source/servo.o
 .debug_ranges  0x00000530       0x10 ./source/sys.o
 .debug_ranges  0x00000540       0x40 ./source/ultrasonic.o
 .debug_ranges  0x00000580       0x68 ./drivers/fsl_adc.o
 .debug_ranges  0x000005e8       0xf0 ./drivers/fsl_clock.o
 .debug_ranges  0x000006d8       0x18 ./drivers/fsl_common_arm.o
 .debug_ranges  0x000006f0       0xb0 ./drivers/fsl_ctimer.o
 .debug_ranges  0x000007a0       0x28 ./drivers/fsl_gpio.o
 .debug_ranges  0x000007c8       0x40 ./drivers/fsl_mrt.o
 .debug_ranges  0x00000808       0x20 ./drivers/fsl_reset.o
 .debug_ranges  0x00000828       0xb8 ./drivers/fsl_sctimer.o
 .debug_ranges  0x000008e0       0x18 ./drivers/fsl_swm.o
 .debug_ranges  0x000008f8      0x118 ./drivers/fsl_usart.o
 .debug_ranges  0x00000a10       0x20 ./device/system_LPC845.o
 .debug_ranges  0x00000a30       0x40 ./component/uart/fsl_adapter_miniusart.o
 .debug_ranges  0x00000a70       0x18 ./board/board.o
 .debug_ranges  0x00000a88       0x58 ./board/clock_config.o
 .debug_ranges  0x00000ae0       0xa0 ./board/peripherals.o
 .debug_ranges  0x00000b80       0x58 ./board/pin_mux.o

.debug_macro    0x00000000     0xb502
 .debug_macro   0x00000000      0x13b ./utilities/fsl_assert.o
 .debug_macro   0x0000013b      0xa7e ./utilities/fsl_assert.o
 .debug_macro   0x00000bb9       0x10 ./utilities/fsl_assert.o
 .debug_macro   0x00000bc9       0x1c ./utilities/fsl_assert.o
 .debug_macro   0x00000be5       0x22 ./utilities/fsl_assert.o