C:\Users\plasz\Documents\MCUXpressoIDE_11.7.0_9198\workspace\onlab\LPC845_Project\drivers/fsl_clock.h:836:20:CLOCK_SetFroOscFreq	8	static
C:\Users\plasz\Documents\MCUXpressoIDE_11.7.0_9198\workspace\onlab\LPC845_Project\drivers/fsl_power.h:153:20:POWER_DisablePD	0	static
C:\Users\plasz\Documents\MCUXpressoIDE_11.7.0_9198\workspace\onlab\LPC845_Project\drivers/fsl_clock.h:612:20:CLOCK_SetCoreSysClkDiv.constprop	0	static
../board/clock_config.c:74:6:BOARD_BootClockFRO18M	8	static
../board/clock_config.c:36:6:BOARD_InitBootClocks	8	static
../board/clock_config.c:123:6:BOARD_BootClockFRO24M	8	static
../board/clock_config.c:166:6:BOARD_BootClockFRO30M	8	static
../board/clock_config.c:212:6:BOARD_BootClockPll24M	16	static
