23:20:24 **** Incremental Build of configuration Debug for project LPC845_Project ****
make -r -j4 all 
Building file: ../source/encoder.c
Invoking: MCU C Compiler
arm-none-eabi-gcc -D__REDLIB__ -DCPU_LPC845M301JBD48 -DCPU_LPC845M301JBD48_cm0plus -DSDK_OS_BAREMETAL -DSDK_DEBUGCONSOLE=1 -DCR_INTEGER_PRINTF -DPRINTF_FLOAT_ENABLE=0 -D__MCUXPRESSO -D__USE_CMSIS -DDEBUG -I"C:\Users\plasz\Documents\MCUXpressoIDE_11.7.0_9198\workspace\onlab\LPC845_Project\drivers" -I"C:\Users\plasz\Documents\MCUXpressoIDE_11.7.0_9198\workspace\onlab\LPC845_Project\CMSIS" -I"C:\Users\plasz\Documents\MCUXpressoIDE_11.7.0_9198\workspace\onlab\LPC845_Project\device" -I"C:\Users\plasz\Documents\MCUXpressoIDE_11.7.0_9198\workspace\onlab\LPC845_Project\component\uart" -I"C:\Users\plasz\Documents\MCUXpressoIDE_11.7.0_9198\workspace\onlab\LPC845_Project\utilities" -I"C:\Users\plasz\Documents\MCUXpressoIDE_11.7.0_9198\workspace\onlab\LPC845_Project\board" -I"C:\Users\plasz\Documents\MCUXpressoIDE_11.7.0_9198\workspace\onlab\LPC845_Project\drivers" -I"C:\Users\plasz\Documents\MCUXpressoIDE_11.7.0_9198\workspace\onlab\LPC845_Project\CMSIS" -I"C:\Users\plasz\Documents\MCUXpressoIDE_11.7.0_9198\workspace\onlab\LPC845_Project\device" -I"C:\Users\plasz\Documents\MCUXpressoIDE_11.7.0_9198\workspace\onlab\LPC845_Project\component\uart" -I"C:\Users\plasz\Documents\MCUXpressoIDE_11.7.0_9198\workspace\onlab\LPC845_Project\utilities" -I"C:\Users\plasz\Documents\MCUXpressoIDE_11.7.0_9198\workspace\onlab\LPC845_Project\board" -I"C:\Users\plasz\Documents\MCUXpressoIDE_11.7.0_9198\workspace\onlab\LPC845_Project\source" -O0 -fno-common -g3 -Wall -c -ffunction-sections -fdata-sections -ffreestanding -fno-builtin -fmerge-constants -fmacro-prefix-map="../source/"= -mcpu=cortex-m0plus -mthumb -D__REDLIB__ -fstack-usage -specs=redlib.specs -MMD -MP -MF"source/encoder.d" -MT"source/encoder.o" -MT"source/encoder.d" -o "source/encoder.o" "../source/encoder.c"
../source/encoder.c: In function 'EncoderLeftCallback':
../source/encoder.c:49:3: warning: implicit declaration of function 'snprintf' [-Wimplicit-function-declaration]
   49 |   snprintf(str_left, sizeof(str_left), "%d", Encoder_RPM_left);
      |   ^~~~~~~~
../source/encoder.c:9:1: note: 'snprintf' is defined in header '<stdio.h>'; did you forget to '#include <stdio.h>'?
    8 | #include "encoder.h"
  +++ |+#include <stdio.h>
    9 | 
Finished building: ../source/encoder.c
 
Building target: LPC845_Project.axf
Invoking: MCU Linker
arm-none-eabi-gcc -nostdlib -Xlinker -Map="LPC845_Project.map" -Xlinker --gc-sections -Xlinker -print-memory-usage -Xlinker --sort-section=alignment -Xlinker --cref -mcpu=cortex-m0plus -mthumb -T LPC845_Project_Debug.ld -o "LPC845_Project.axf" ./utilities/fsl_assert.o ./utilities/fsl_debug_console.o ./utilities/fsl_str.o  ./startup/startup_lpc845.o  ./source/MRT.o ./source/PID.o ./source/SysTimer.o ./source/USART.o ./source/bluetooth.o ./source/car.o ./source/direction.o ./source/distance.o ./source/encoder.o ./source/main.o ./source/motor.o ./source/mtb.o ./source/optic.o ./source/semihost_hardfault.o ./source/servo.o ./source/sys.o ./source/ultrasonic.o  ./drivers/fsl_adc.o ./drivers/fsl_capt.o ./drivers/fsl_clock.o ./drivers/fsl_common.o ./drivers/fsl_common_arm.o ./drivers/fsl_ctimer.o ./drivers/fsl_gpio.o ./drivers/fsl_mrt.o ./drivers/fsl_power.o ./drivers/fsl_reset.o ./drivers/fsl_sctimer.o ./drivers/fsl_swm.o ./drivers/fsl_usart.o  ./device/system_LPC845.o  ./component/uart/fsl_adapter_miniusart.o  ./board/board.o ./board/clock_config.o ./board/peripherals.o ./board/pin_mux.o   
Memory region         Used Size  Region Size  %age Used
   PROGRAM_FLASH:       43612 B        64 KB     66.55%
            SRAM:        3360 B      16352 B     20.55%
        IAP_SRAM:          0 GB         32 B      0.00%
Finished building target: LPC845_Project.axf
 
Performing post-build steps
arm-none-eabi-size "LPC845_Project.axf"; # arm-none-eabi-objcopy -v -O binary "LPC845_Project.axf" "LPC845_Project.bin" ; # checksum -p LPC845 -d "LPC845_Project.bin";
   text	   data	    bss	    dec	    hex	filename
  43564	     48	   3312	  46924	   b74c	LPC845_Project.axf
 

23:20:25 Build Finished. 0 errors, 1 warnings. (took 865ms)

