14:01:02 **** Incremental Build of configuration Debug for project LPC845_Project ****
make -r -j4 all 
make[1]: Nothing to be done for 'main-build'.
Performing post-build steps
arm-none-eabi-size "LPC845_Project.axf"; # arm-none-eabi-objcopy -v -O binary "LPC845_Project.axf" "LPC845_Project.bin" ; # checksum -p LPC845 -d "LPC845_Project.bin";
   text	   data	    bss	    dec	    hex	filename
  39952	     56	   3080	  43088	   a850	LPC845_Project.axf
 

14:01:02 Build Finished. 0 errors, 0 warnings. (took 314ms)

