03:26:01 **** Incremental Build of configuration Debug for project lpc845breakout_usart_transfer_interrupt ****
make -r -j4 all 
Building file: ../utilities/fsl_assert.c
Building file: ../utilities/fsl_debug_console.c
Building file: ../utilities/fsl_str.c
Invoking: MCU C Compiler
Building file: ../startup/startup_lpc845.c
arm-none-eabi-gcc -std=gnu99 -D__REDLIB__ -DCPU_LPC845M301JBD48 -DMCUXPRESSO_SDK -DCPU_LPC845M301JBD48_cm0plus -DSDK_DEBUGCONSOLE=1 -DCR_INTEGER_PRINTF -D__MCUXPRESSO -D__USE_CMSIS -DDEBUG -I"C:\Users\plasz\Documents\MCUXpressoIDE_11.7.0_9198\workspace\lpc845breakout_usart_transfer_interrupt\source" -I"C:\Users\plasz\Documents\MCUXpressoIDE_11.7.0_9198\workspace\lpc845breakout_usart_transfer_interrupt\utilities" -I"C:\Users\plasz\Documents\MCUXpressoIDE_11.7.0_9198\workspace\lpc845breakout_usart_transfer_interrupt\drivers" -I"C:\Users\plasz\Documents\MCUXpressoIDE_11.7.0_9198\workspace\lpc845breakout_usart_transfer_interrupt\device" -I"C:\Users\plasz\Documents\MCUXpressoIDE_11.7.0_9198\workspace\lpc845breakout_usart_transfer_interrupt\component\uart" -I"C:\Users\plasz\Documents\MCUXpressoIDE_11.7.0_9198\workspace\lpc845breakout_usart_transfer_interrupt\CMSIS" -I"C:\Users\plasz\Documents\MCUXpressoIDE_11.7.0_9198\workspace\lpc845breakout_usart_transfer_interrupt\board" -I"C:\Users\plasz\Documents\MCUXpressoIDE_11.7.0_9198\workspace\lpc845breakout_usart_transfer_interrupt\lpc845breakout\driver_examples\usart\transfer_interrupt" -O0 -fno-common -g3 -c -ffunction-sections -fdata-sections -ffreestanding -fno-builtin -fmerge-constants -fmacro-prefix-map="../utilities/"= -mcpu=cortex-m0plus -mthumb -D__REDLIB__ -fstack-usage -specs=redlib.specs -MMD -MP -MF"utilities/fsl_assert.d" -MT"utilities/fsl_assert.o" -MT"utilities/fsl_assert.d" -o "utilities/fsl_assert.o" "../utilities/fsl_assert.c"
Invoking: MCU C Compiler
Invoking: MCU C Compiler
arm-none-eabi-gcc -std=gnu99 -D__REDLIB__ -DCPU_LPC845M301JBD48 -DMCUXPRESSO_SDK -DCPU_LPC845M301JBD48_cm0plus -DSDK_DEBUGCONSOLE=1 -DCR_INTEGER_PRINTF -D__MCUXPRESSO -D__USE_CMSIS -DDEBUG -I"C:\Users\plasz\Documents\MCUXpressoIDE_11.7.0_9198\workspace\lpc845breakout_usart_transfer_interrupt\source" -I"C:\Users\plasz\Documents\MCUXpressoIDE_11.7.0_9198\workspace\lpc845breakout_usart_transfer_interrupt\utilities" -I"C:\Users\plasz\Documents\MCUXpressoIDE_11.7.0_9198\workspace\lpc845breakout_usart_transfer_interrupt\drivers" -I"C:\Users\plasz\Documents\MCUXpressoIDE_11.7.0_9198\workspace\lpc845breakout_usart_transfer_interrupt\device" -I"C:\Users\plasz\Documents\MCUXpressoIDE_11.7.0_9198\workspace\lpc845breakout_usart_transfer_interrupt\component\uart" -I"C:\Users\plasz\Documents\MCUXpressoIDE_11.7.0_9198\workspace\lpc845breakout_usart_transfer_interrupt\CMSIS" -I"C:\Users\plasz\Documents\MCUXpressoIDE_11.7.0_9198\workspace\lpc845breakout_usart_transfer_interrupt\board" -I"C:\Users\plasz\Documents\MCUXpressoIDE_11.7.0_9198\workspace\lpc845breakout_usart_transfer_interrupt\lpc845breakout\driver_examples\usart\transfer_interrupt" -O0 -fno-common -g3 -c -ffunction-sections -fdata-sections -ffreestanding -fno-builtin -fmerge-constants -fmacro-prefix-map="../utilities/"= -mcpu=cortex-m0plus -mthumb -D__REDLIB__ -fstack-usage -specs=redlib.specs -MMD -MP -MF"utilities/fsl_debug_console.d" -MT"utilities/fsl_debug_console.o" -MT"utilities/fsl_debug_console.d" -o "utilities/fsl_debug_console.o" "../utilities/fsl_debug_console.c"
Invoking: MCU C Compiler
arm-none-eabi-gcc -std=gnu99 -D__REDLIB__ -DCPU_LPC845M301JBD48 -DMCUXPRESSO_SDK -DCPU_LPC845M301JBD48_cm0plus -DSDK_DEBUGCONSOLE=1 -DCR_INTEGER_PRINTF -D__MCUXPRESSO -D__USE_CMSIS -DDEBUG -I"C:\Users\plasz\Documents\MCUXpressoIDE_11.7.0_9198\workspace\lpc845breakout_usart_transfer_interrupt\source" -I"C:\Users\plasz\Documents\MCUXpressoIDE_11.7.0_9198\workspace\lpc845breakout_usart_transfer_interrupt\utilities" -I"C:\Users\plasz\Documents\MCUXpressoIDE_11.7.0_9198\workspace\lpc845breakout_usart_transfer_interrupt\drivers" -I"C:\Users\plasz\Documents\MCUXpressoIDE_11.7.0_9198\workspace\lpc845breakout_usart_transfer_interrupt\device" -I"C:\Users\plasz\Documents\MCUXpressoIDE_11.7.0_9198\workspace\lpc845breakout_usart_transfer_interrupt\component\uart" -I"C:\Users\plasz\Documents\MCUXpressoIDE_11.7.0_9198\workspace\lpc845breakout_usart_transfer_interrupt\CMSIS" -I"C:\Users\plasz\Documents\MCUXpressoIDE_11.7.0_9198\workspace\lpc845breakout_usart_transfer_interrupt\board" -I"C:\Users\plasz\Documents\MCUXpressoIDE_11.7.0_9198\workspace\lpc845breakout_usart_transfer_interrupt\lpc845breakout\driver_examples\usart\transfer_interrupt" -O0 -fno-common -g3 -c -ffunction-sections -fdata-sections -ffreestanding -fno-builtin -fmerge-constants -fmacro-prefix-map="../utilities/"= -mcpu=cortex-m0plus -mthumb -D__REDLIB__ -fstack-usage -specs=redlib.specs -MMD -MP -MF"utilities/fsl_str.d" -MT"utilities/fsl_str.o" -MT"utilities/fsl_str.d" -o "utilities/fsl_str.o" "../utilities/fsl_str.c"
arm-none-eabi-gcc -std=gnu99 -D__REDLIB__ -DCPU_LPC845M301JBD48 -DMCUXPRESSO_SDK -DCPU_LPC845M301JBD48_cm0plus -DSDK_DEBUGCONSOLE=1 -DCR_INTEGER_PRINTF -D__MCUXPRESSO -D__USE_CMSIS -DDEBUG -I"C:\Users\plasz\Documents\MCUXpressoIDE_11.7.0_9198\workspace\lpc845breakout_usart_transfer_interrupt\source" -I"C:\Users\plasz\Documents\MCUXpressoIDE_11.7.0_9198\workspace\lpc845breakout_usart_transfer_interrupt\utilities" -I"C:\Users\plasz\Documents\MCUXpressoIDE_11.7.0_9198\workspace\lpc845breakout_usart_transfer_interrupt\drivers" -I"C:\Users\plasz\Documents\MCUXpressoIDE_11.7.0_9198\workspace\lpc845breakout_usart_transfer_interrupt\device" -I"C:\Users\plasz\Documents\MCUXpressoIDE_11.7.0_9198\workspace\lpc845breakout_usart_transfer_interrupt\component\uart" -I"C:\Users\plasz\Documents\MCUXpressoIDE_11.7.0_9198\workspace\lpc845breakout_usart_transfer_interrupt\CMSIS" -I"C:\Users\plasz\Documents\MCUXpressoIDE_11.7.0_9198\workspace\lpc845breakout_usart_transfer_interrupt\board" -I"C:\Users\plasz\Documents\MCUXpressoIDE_11.7.0_9198\workspace\lpc845breakout_usart_transfer_interrupt\lpc845breakout\driver_examples\usart\transfer_interrupt" -O0 -fno-common -g3 -c -ffunction-sections -fdata-sections -ffreestanding -fno-builtin -fmerge-constants -fmacro-prefix-map="../startup/"= -mcpu=cortex-m0plus -mthumb -D__REDLIB__ -fstack-usage -specs=redlib.specs -MMD -MP -MF"startup/startup_lpc845.d" -MT"startup/startup_lpc845.o" -MT"startup/startup_lpc845.d" -o "startup/startup_lpc845.o" "../startup/startup_lpc845.c"
Finished building: ../startup/startup_lpc845.c
Finished building: ../utilities/fsl_assert.c
Finished building: ../utilities/fsl_debug_console.c
Finished building: ../utilities/fsl_str.c
 
 
 
 
Building file: ../source/semihost_hardfault.c
Building file: ../source/usart_transfer_interrupt.c
Building file: ../drivers/fsl_clock.c
Invoking: MCU C Compiler
Building file: ../drivers/fsl_common.c
Invoking: MCU C Compiler
arm-none-eabi-gcc -std=gnu99 -D__REDLIB__ -DCPU_LPC845M301JBD48 -DMCUXPRESSO_SDK -DCPU_LPC845M301JBD48_cm0plus -DSDK_DEBUGCONSOLE=1 -DCR_INTEGER_PRINTF -D__MCUXPRESSO -D__USE_CMSIS -DDEBUG -I"C:\Users\plasz\Documents\MCUXpressoIDE_11.7.0_9198\workspace\lpc845breakout_usart_transfer_interrupt\source" -I"C:\Users\plasz\Documents\MCUXpressoIDE_11.7.0_9198\workspace\lpc845breakout_usart_transfer_interrupt\utilities" -I"C:\Users\plasz\Documents\MCUXpressoIDE_11.7.0_9198\workspace\lpc845breakout_usart_transfer_interrupt\drivers" -I"C:\Users\plasz\Documents\MCUXpressoIDE_11.7.0_9198\workspace\lpc845breakout_usart_transfer_interrupt\device" -I"C:\Users\plasz\Documents\MCUXpressoIDE_11.7.0_9198\workspace\lpc845breakout_usart_transfer_interrupt\component\uart" -I"C:\Users\plasz\Documents\MCUXpressoIDE_11.7.0_9198\workspace\lpc845breakout_usart_transfer_interrupt\CMSIS" -I"C:\Users\plasz\Documents\MCUXpressoIDE_11.7.0_9198\workspace\lpc845breakout_usart_transfer_interrupt\board" -I"C:\Users\plasz\Documents\MCUXpressoIDE_11.7.0_9198\workspace\lpc845breakout_usart_transfer_interrupt\lpc845breakout\driver_examples\usart\transfer_interrupt" -O0 -fno-common -g3 -c -ffunction-sections -fdata-sections -ffreestanding -fno-builtin -fmerge-constants -fmacro-prefix-map="../source/"= -mcpu=cortex-m0plus -mthumb -D__REDLIB__ -fstack-usage -specs=redlib.specs -MMD -MP -MF"source/semihost_hardfault.d" -MT"source/semihost_hardfault.o" -MT"source/semihost_hardfault.d" -o "source/semihost_hardfault.o" "../source/semihost_hardfault.c"
Invoking: MCU C Compiler
arm-none-eabi-gcc -std=gnu99 -D__REDLIB__ -DCPU_LPC845M301JBD48 -DMCUXPRESSO_SDK -DCPU_LPC845M301JBD48_cm0plus -DSDK_DEBUGCONSOLE=1 -DCR_INTEGER_PRINTF -D__MCUXPRESSO -D__USE_CMSIS -DDEBUG -I"C:\Users\plasz\Documents\MCUXpressoIDE_11.7.0_9198\workspace\lpc845breakout_usart_transfer_interrupt\source" -I"C:\Users\plasz\Documents\MCUXpressoIDE_11.7.0_9198\workspace\lpc845breakout_usart_transfer_interrupt\utilities" -I"C:\Users\plasz\Documents\MCUXpressoIDE_11.7.0_9198\workspace\lpc845breakout_usart_transfer_interrupt\drivers" -I"C:\Users\plasz\Documents\MCUXpressoIDE_11.7.0_9198\workspace\lpc845breakout_usart_transfer_interrupt\device" -I"C:\Users\plasz\Documents\MCUXpressoIDE_11.7.0_9198\workspace\lpc845breakout_usart_transfer_interrupt\component\uart" -I"C:\Users\plasz\Documents\MCUXpressoIDE_11.7.0_9198\workspace\lpc845breakout_usart_transfer_interrupt\CMSIS" -I"C:\Users\plasz\Documents\MCUXpressoIDE_11.7.0_9198\workspace\lpc845breakout_usart_transfer_interrupt\board" -I"C:\Users\plasz\Documents\MCUXpressoIDE_11.7.0_9198\workspace\lpc845breakout_usart_transfer_interrupt\lpc845breakout\driver_examples\usart\transfer_interrupt" -O0 -fno-common -g3 -c -ffunction-sections -fdata-sections -ffreestanding -fno-builtin -fmerge-constants -fmacro-prefix-map="../drivers/"= -mcpu=cortex-m0plus -mthumb -D__REDLIB__ -fstack-usage -specs=redlib.specs -MMD -MP -MF"drivers/fsl_clock.d" -MT"drivers/fsl_clock.o" -MT"drivers/fsl_clock.d" -o "drivers/fsl_clock.o" "../drivers/fsl_clock.c"
Invoking: MCU C Compiler
arm-none-eabi-gcc -std=gnu99 -D__REDLIB__ -DCPU_LPC845M301JBD48 -DMCUXPRESSO_SDK -DCPU_LPC845M301JBD48_cm0plus -DSDK_DEBUGCONSOLE=1 -DCR_INTEGER_PRINTF -D__MCUXPRESSO -D__USE_CMSIS -DDEBUG -I"C:\Users\plasz\Documents\MCUXpressoIDE_11.7.0_9198\workspace\lpc845breakout_usart_transfer_interrupt\source" -I"C:\Users\plasz\Documents\MCUXpressoIDE_11.7.0_9198\workspace\lpc845breakout_usart_transfer_interrupt\utilities" -I"C:\Users\plasz\Documents\MCUXpressoIDE_11.7.0_9198\workspace\lpc845breakout_usart_transfer_interrupt\drivers" -I"C:\Users\plasz\Documents\MCUXpressoIDE_11.7.0_9198\workspace\lpc845breakout_usart_transfer_interrupt\device" -I"C:\Users\plasz\Documents\MCUXpressoIDE_11.7.0_9198\workspace\lpc845breakout_usart_transfer_interrupt\component\uart" -I"C:\Users\plasz\Documents\MCUXpressoIDE_11.7.0_9198\workspace\lpc845breakout_usart_transfer_interrupt\CMSIS" -I"C:\Users\plasz\Documents\MCUXpressoIDE_11.7.0_9198\workspace\lpc845breakout_usart_transfer_interrupt\board" -I"C:\Users\plasz\Documents\MCUXpressoIDE_11.7.0_9198\workspace\lpc845breakout_usart_transfer_interrupt\lpc845breakout\driver_examples\usart\transfer_interrupt" -O0 -fno-common -g3 -c -ffunction-sections -fdata-sections -ffreestanding -fno-builtin -fmerge-constants -fmacro-prefix-map="../source/"= -mcpu=cortex-m0plus -mthumb -D__REDLIB__ -fstack-usage -specs=redlib.specs -MMD -MP -MF"source/usart_transfer_interrupt.d" -MT"source/usart_transfer_interrupt.o" -MT"source/usart_transfer_interrupt.d" -o "source/usart_transfer_interrupt.o" "../source/usart_transfer_interrupt.c"
arm-none-eabi-gcc -std=gnu99 -D__REDLIB__ -DCPU_LPC845M301JBD48 -DMCUXPRESSO_SDK -DCPU_LPC845M301JBD48_cm0plus -DSDK_DEBUGCONSOLE=1 -DCR_INTEGER_PRINTF -D__MCUXPRESSO -D__USE_CMSIS -DDEBUG -I"C:\Users\plasz\Documents\MCUXpressoIDE_11.7.0_9198\workspace\lpc845breakout_usart_transfer_interrupt\source" -I"C:\Users\plasz\Documents\MCUXpressoIDE_11.7.0_9198\workspace\lpc845breakout_usart_transfer_interrupt\utilities" -I"C:\Users\plasz\Documents\MCUXpressoIDE_11.7.0_9198\workspace\lpc845breakout_usart_transfer_interrupt\drivers" -I"C:\Users\plasz\Documents\MCUXpressoIDE_11.7.0_9198\workspace\lpc845breakout_usart_transfer_interrupt\device" -I"C:\Users\plasz\Documents\MCUXpressoIDE_11.7.0_9198\workspace\lpc845breakout_usart_transfer_interrupt\component\uart" -I"C:\Users\plasz\Documents\MCUXpressoIDE_11.7.0_9198\workspace\lpc845breakout_usart_transfer_interrupt\CMSIS" -I"C:\Users\plasz\Documents\MCUXpressoIDE_11.7.0_9198\workspace\lpc845breakout_usart_transfer_interrupt\board" -I"C:\Users\plasz\Documents\MCUXpressoIDE_11.7.0_9198\workspace\lpc845breakout_usart_transfer_interrupt\lpc845breakout\driver_examples\usart\transfer_interrupt" -O0 -fno-common -g3 -c -ffunction-sections -fdata-sections -ffreestanding -fno-builtin -fmerge-constants -fmacro-prefix-map="../drivers/"= -mcpu=cortex-m0plus -mthumb -D__REDLIB__ -fstack-usage -specs=redlib.specs -MMD -MP -MF"drivers/fsl_common.d" -MT"drivers/fsl_common.o" -MT"drivers/fsl_common.d" -o "drivers/fsl_common.o" "../drivers/fsl_common.c"
Finished building: ../source/semihost_hardfault.c
 
Building file: ../drivers/fsl_common_arm.c
Invoking: MCU C Compiler
arm-none-eabi-gcc -std=gnu99 -D__REDLIB__ -DCPU_LPC845M301JBD48 -DMCUXPRESSO_SDK -DCPU_LPC845M301JBD48_cm0plus -DSDK_DEBUGCONSOLE=1 -DCR_INTEGER_PRINTF -D__MCUXPRESSO -D__USE_CMSIS -DDEBUG -I"C:\Users\plasz\Documents\MCUXpressoIDE_11.7.0_9198\workspace\lpc845breakout_usart_transfer_interrupt\source" -I"C:\Users\plasz\Documents\MCUXpressoIDE_11.7.0_9198\workspace\lpc845breakout_usart_transfer_interrupt\utilities" -I"C:\Users\plasz\Documents\MCUXpressoIDE_11.7.0_9198\workspace\lpc845breakout_usart_transfer_interrupt\drivers" -I"C:\Users\plasz\Documents\MCUXpressoIDE_11.7.0_9198\workspace\lpc845breakout_usart_transfer_interrupt\device" -I"C:\Users\plasz\Documents\MCUXpressoIDE_11.7.0_9198\workspace\lpc845breakout_usart_transfer_interrupt\component\uart" -I"C:\Users\plasz\Documents\MCUXpressoIDE_11.7.0_9198\workspace\lpc845breakout_usart_transfer_interrupt\CMSIS" -I"C:\Users\plasz\Documents\MCUXpressoIDE_11.7.0_9198\workspace\lpc845breakout_usart_transfer_interrupt\board" -I"C:\Users\plasz\Documents\MCUXpressoIDE_11.7.0_9198\workspace\lpc845breakout_usart_transfer_interrupt\lpc845breakout\driver_examples\usart\transfer_interrupt" -O0 -fno-common -g3 -c -ffunction-sections -fdata-sections -ffreestanding -fno-builtin -fmerge-constants -fmacro-prefix-map="../drivers/"= -mcpu=cortex-m0plus -mthumb -D__REDLIB__ -fstack-usage -specs=redlib.specs -MMD -MP -MF"drivers/fsl_common_arm.d" -MT"drivers/fsl_common_arm.o" -MT"drivers/fsl_common_arm.d" -o "drivers/fsl_common_arm.o" "../drivers/fsl_common_arm.c"
Finished building: ../drivers/fsl_common.c
Finished building: ../source/usart_transfer_interrupt.c
Finished building: ../drivers/fsl_clock.c
 
 
Building file: ../drivers/fsl_gpio.c
 
Building file: ../drivers/fsl_inputmux.c
Invoking: MCU C Compiler
Invoking: MCU C Compiler
arm-none-eabi-gcc -std=gnu99 -D__REDLIB__ -DCPU_LPC845M301JBD48 -DMCUXPRESSO_SDK -DCPU_LPC845M301JBD48_cm0plus -DSDK_DEBUGCONSOLE=1 -DCR_INTEGER_PRINTF -D__MCUXPRESSO -D__USE_CMSIS -DDEBUG -I"C:\Users\plasz\Documents\MCUXpressoIDE_11.7.0_9198\workspace\lpc845breakout_usart_transfer_interrupt\source" -I"C:\Users\plasz\Documents\MCUXpressoIDE_11.7.0_9198\workspace\lpc845breakout_usart_transfer_interrupt\utilities" -I"C:\Users\plasz\Documents\MCUXpressoIDE_11.7.0_9198\workspace\lpc845breakout_usart_transfer_interrupt\drivers" -I"C:\Users\plasz\Documents\MCUXpressoIDE_11.7.0_9198\workspace\lpc845breakout_usart_transfer_interrupt\device" -I"C:\Users\plasz\Documents\MCUXpressoIDE_11.7.0_9198\workspace\lpc845breakout_usart_transfer_interrupt\component\uart" -I"C:\Users\plasz\Documents\MCUXpressoIDE_11.7.0_9198\workspace\lpc845breakout_usart_transfer_interrupt\CMSIS" -I"C:\Users\plasz\Documents\MCUXpressoIDE_11.7.0_9198\workspace\lpc845breakout_usart_transfer_interrupt\board" -I"C:\Users\plasz\Documents\MCUXpressoIDE_11.7.0_9198\workspace\lpc845breakout_usart_transfer_interrupt\lpc845breakout\driver_examples\usart\transfer_interrupt" -O0 -fno-common -g3 -c -ffunction-sections -fdata-sections -ffreestanding -fno-builtin -fmerge-constants -fmacro-prefix-map="../drivers/"= -mcpu=cortex-m0plus -mthumb -D__REDLIB__ -fstack-usage -specs=redlib.specs -MMD -MP -MF"drivers/fsl_gpio.d" -MT"drivers/fsl_gpio.o" -MT"drivers/fsl_gpio.d" -o "drivers/fsl_gpio.o" "../drivers/fsl_gpio.c"
arm-none-eabi-gcc -std=gnu99 -D__REDLIB__ -DCPU_LPC845M301JBD48 -DMCUXPRESSO_SDK -DCPU_LPC845M301JBD48_cm0plus -DSDK_DEBUGCONSOLE=1 -DCR_INTEGER_PRINTF -D__MCUXPRESSO -D__USE_CMSIS -DDEBUG -I"C:\Users\plasz\Documents\MCUXpressoIDE_11.7.0_9198\workspace\lpc845breakout_usart_transfer_interrupt\source" -I"C:\Users\plasz\Documents\MCUXpressoIDE_11.7.0_9198\workspace\lpc845breakout_usart_transfer_interrupt\utilities" -I"C:\Users\plasz\Documents\MCUXpressoIDE_11.7.0_9198\workspace\lpc845breakout_usart_transfer_interrupt\drivers" -I"C:\Users\plasz\Documents\MCUXpressoIDE_11.7.0_9198\workspace\lpc845breakout_usart_transfer_interrupt\device" -I"C:\Users\plasz\Documents\MCUXpressoIDE_11.7.0_9198\workspace\lpc845breakout_usart_transfer_interrupt\component\uart" -I"C:\Users\plasz\Documents\MCUXpressoIDE_11.7.0_9198\workspace\lpc845breakout_usart_transfer_interrupt\CMSIS" -I"C:\Users\plasz\Documents\MCUXpressoIDE_11.7.0_9198\workspace\lpc845breakout_usart_transfer_interrupt\board" -I"C:\Users\plasz\Documents\MCUXpressoIDE_11.7.0_9198\workspace\lpc845breakout_usart_transfer_interrupt\lpc845breakout\driver_examples\usart\transfer_interrupt" -O0 -fno-common -g3 -c -ffunction-sections -fdata-sections -ffreestanding -fno-builtin -fmerge-constants -fmacro-prefix-map="../drivers/"= -mcpu=cortex-m0plus -mthumb -D__REDLIB__ -fstack-usage -specs=redlib.specs -MMD -MP -MF"drivers/fsl_inputmux.d" -MT"drivers/fsl_inputmux.o" -MT"drivers/fsl_inputmux.d" -o "drivers/fsl_inputmux.o" "../drivers/fsl_inputmux.c"
Building file: ../drivers/fsl_power.c
Invoking: MCU C Compiler
arm-none-eabi-gcc -std=gnu99 -D__REDLIB__ -DCPU_LPC845M301JBD48 -DMCUXPRESSO_SDK -DCPU_LPC845M301JBD48_cm0plus -DSDK_DEBUGCONSOLE=1 -DCR_INTEGER_PRINTF -D__MCUXPRESSO -D__USE_CMSIS -DDEBUG -I"C:\Users\plasz\Documents\MCUXpressoIDE_11.7.0_9198\workspace\lpc845breakout_usart_transfer_interrupt\source" -I"C:\Users\plasz\Documents\MCUXpressoIDE_11.7.0_9198\workspace\lpc845breakout_usart_transfer_interrupt\utilities" -I"C:\Users\plasz\Documents\MCUXpressoIDE_11.7.0_9198\workspace\lpc845breakout_usart_transfer_interrupt\drivers" -I"C:\Users\plasz\Documents\MCUXpressoIDE_11.7.0_9198\workspace\lpc845breakout_usart_transfer_interrupt\device" -I"C:\Users\plasz\Documents\MCUXpressoIDE_11.7.0_9198\workspace\lpc845breakout_usart_transfer_interrupt\component\uart" -I"C:\Users\plasz\Documents\MCUXpressoIDE_11.7.0_9198\workspace\lpc845breakout_usart_transfer_interrupt\CMSIS" -I"C:\Users\plasz\Documents\MCUXpressoIDE_11.7.0_9198\workspace\lpc845breakout_usart_transfer_interrupt\board" -I"C:\Users\plasz\Documents\MCUXpressoIDE_11.7.0_9198\workspace\lpc845breakout_usart_transfer_interrupt\lpc845breakout\driver_examples\usart\transfer_interrupt" -O0 -fno-common -g3 -c -ffunction-sections -fdata-sections -ffreestanding -fno-builtin -fmerge-constants -fmacro-prefix-map="../drivers/"= -mcpu=cortex-m0plus -mthumb -D__REDLIB__ -fstack-usage -specs=redlib.specs -MMD -MP -MF"drivers/fsl_power.d" -MT"drivers/fsl_power.o" -MT"drivers/fsl_power.d" -o "drivers/fsl_power.o" "../drivers/fsl_power.c"
Finished building: ../drivers/fsl_common_arm.c
 
Building file: ../drivers/fsl_reset.c
Invoking: MCU C Compiler
arm-none-eabi-gcc -std=gnu99 -D__REDLIB__ -DCPU_LPC845M301JBD48 -DMCUXPRESSO_SDK -DCPU_LPC845M301JBD48_cm0plus -DSDK_DEBUGCONSOLE=1 -DCR_INTEGER_PRINTF -D__MCUXPRESSO -D__USE_CMSIS -DDEBUG -I"C:\Users\plasz\Documents\MCUXpressoIDE_11.7.0_9198\workspace\lpc845breakout_usart_transfer_interrupt\source" -I"C:\Users\plasz\Documents\MCUXpressoIDE_11.7.0_9198\workspace\lpc845breakout_usart_transfer_interrupt\utilities" -I"C:\Users\plasz\Documents\MCUXpressoIDE_11.7.0_9198\workspace\lpc845breakout_usart_transfer_interrupt\drivers" -I"C:\Users\plasz\Documents\MCUXpressoIDE_11.7.0_9198\workspace\lpc845breakout_usart_transfer_interrupt\device" -I"C:\Users\plasz\Documents\MCUXpressoIDE_11.7.0_9198\workspace\lpc845breakout_usart_transfer_interrupt\component\uart" -I"C:\Users\plasz\Documents\MCUXpressoIDE_11.7.0_9198\workspace\lpc845breakout_usart_transfer_interrupt\CMSIS" -I"C:\Users\plasz\Documents\MCUXpressoIDE_11.7.0_9198\workspace\lpc845breakout_usart_transfer_interrupt\board" -I"C:\Users\plasz\Documents\MCUXpressoIDE_11.7.0_9198\workspace\lpc845breakout_usart_transfer_interrupt\lpc845breakout\driver_examples\usart\transfer_interrupt" -O0 -fno-common -g3 -c -ffunction-sections -fdata-sections -ffreestanding -fno-builtin -fmerge-constants -fmacro-prefix-map="../drivers/"= -mcpu=cortex-m0plus -mthumb -D__REDLIB__ -fstack-usage -specs=redlib.specs -MMD -MP -MF"drivers/fsl_reset.d" -MT"drivers/fsl_reset.o" -MT"drivers/fsl_reset.d" -o "drivers/fsl_reset.o" "../drivers/fsl_reset.c"
Finished building: ../drivers/fsl_gpio.c
Finished building: ../drivers/fsl_inputmux.c
 
 
Building file: ../drivers/fsl_swm.c
Building file: ../drivers/fsl_syscon.c
Finished building: ../drivers/fsl_power.c
Invoking: MCU C Compiler
Invoking: MCU C Compiler
arm-none-eabi-gcc -std=gnu99 -D__REDLIB__ -DCPU_LPC845M301JBD48 -DMCUXPRESSO_SDK -DCPU_LPC845M301JBD48_cm0plus -DSDK_DEBUGCONSOLE=1 -DCR_INTEGER_PRINTF -D__MCUXPRESSO -D__USE_CMSIS -DDEBUG -I"C:\Users\plasz\Documents\MCUXpressoIDE_11.7.0_9198\workspace\lpc845breakout_usart_transfer_interrupt\source" -I"C:\Users\plasz\Documents\MCUXpressoIDE_11.7.0_9198\workspace\lpc845breakout_usart_transfer_interrupt\utilities" -I"C:\Users\plasz\Documents\MCUXpressoIDE_11.7.0_9198\workspace\lpc845breakout_usart_transfer_interrupt\drivers" -I"C:\Users\plasz\Documents\MCUXpressoIDE_11.7.0_9198\workspace\lpc845breakout_usart_transfer_interrupt\device" -I"C:\Users\plasz\Documents\MCUXpressoIDE_11.7.0_9198\workspace\lpc845breakout_usart_transfer_interrupt\component\uart" -I"C:\Users\plasz\Documents\MCUXpressoIDE_11.7.0_9198\workspace\lpc845breakout_usart_transfer_interrupt\CMSIS" -I"C:\Users\plasz\Documents\MCUXpressoIDE_11.7.0_9198\workspace\lpc845breakout_usart_transfer_interrupt\board" -I"C:\Users\plasz\Documents\MCUXpressoIDE_11.7.0_9198\workspace\lpc845breakout_usart_transfer_interrupt\lpc845breakout\driver_examples\usart\transfer_interrupt" -O0 -fno-common -g3 -c -ffunction-sections -fdata-sections -ffreestanding -fno-builtin -fmerge-constants -fmacro-prefix-map="../drivers/"= -mcpu=cortex-m0plus -mthumb -D__REDLIB__ -fstack-usage -specs=redlib.specs -MMD -MP -MF"drivers/fsl_swm.d" -MT"drivers/fsl_swm.o" -MT"drivers/fsl_swm.d" -o "drivers/fsl_swm.o" "../drivers/fsl_swm.c"
 
arm-none-eabi-gcc -std=gnu99 -D__REDLIB__ -DCPU_LPC845M301JBD48 -DMCUXPRESSO_SDK -DCPU_LPC845M301JBD48_cm0plus -DSDK_DEBUGCONSOLE=1 -DCR_INTEGER_PRINTF -D__MCUXPRESSO -D__USE_CMSIS -DDEBUG -I"C:\Users\plasz\Documents\MCUXpressoIDE_11.7.0_9198\workspace\lpc845breakout_usart_transfer_interrupt\source" -I"C:\Users\plasz\Documents\MCUXpressoIDE_11.7.0_9198\workspace\lpc845breakout_usart_transfer_interrupt\utilities" -I"C:\Users\plasz\Documents\MCUXpressoIDE_11.7.0_9198\workspace\lpc845breakout_usart_transfer_interrupt\drivers" -I"C:\Users\plasz\Documents\MCUXpressoIDE_11.7.0_9198\workspace\lpc845breakout_usart_transfer_interrupt\device" -I"C:\Users\plasz\Documents\MCUXpressoIDE_11.7.0_9198\workspace\lpc845breakout_usart_transfer_interrupt\component\uart" -I"C:\Users\plasz\Documents\MCUXpressoIDE_11.7.0_9198\workspace\lpc845breakout_usart_transfer_interrupt\CMSIS" -I"C:\Users\plasz\Documents\MCUXpressoIDE_11.7.0_9198\workspace\lpc845breakout_usart_transfer_interrupt\board" -I"C:\Users\plasz\Documents\MCUXpressoIDE_11.7.0_9198\workspace\lpc845breakout_usart_transfer_interrupt\lpc845breakout\driver_examples\usart\transfer_interrupt" -O0 -fno-common -g3 -c -ffunction-sections -fdata-sections -ffreestanding -fno-builtin -fmerge-constants -fmacro-prefix-map="../drivers/"= -mcpu=cortex-m0plus -mthumb -D__REDLIB__ -fstack-usage -specs=redlib.specs -MMD -MP -MF"drivers/fsl_syscon.d" -MT"drivers/fsl_syscon.o" -MT"drivers/fsl_syscon.d" -o "drivers/fsl_syscon.o" "../drivers/fsl_syscon.c"
Building file: ../drivers/fsl_usart.c
Invoking: MCU C Compiler
arm-none-eabi-gcc -std=gnu99 -D__REDLIB__ -DCPU_LPC845M301JBD48 -DMCUXPRESSO_SDK -DCPU_LPC845M301JBD48_cm0plus -DSDK_DEBUGCONSOLE=1 -DCR_INTEGER_PRINTF -D__MCUXPRESSO -D__USE_CMSIS -DDEBUG -I"C:\Users\plasz\Documents\MCUXpressoIDE_11.7.0_9198\workspace\lpc845breakout_usart_transfer_interrupt\source" -I"C:\Users\plasz\Documents\MCUXpressoIDE_11.7.0_9198\workspace\lpc845breakout_usart_transfer_interrupt\utilities" -I"C:\Users\plasz\Documents\MCUXpressoIDE_11.7.0_9198\workspace\lpc845breakout_usart_transfer_interrupt\drivers" -I"C:\Users\plasz\Documents\MCUXpressoIDE_11.7.0_9198\workspace\lpc845breakout_usart_transfer_interrupt\device" -I"C:\Users\plasz\Documents\MCUXpressoIDE_11.7.0_9198\workspace\lpc845breakout_usart_transfer_interrupt\component\uart" -I"C:\Users\plasz\Documents\MCUXpressoIDE_11.7.0_9198\workspace\lpc845breakout_usart_transfer_interrupt\CMSIS" -I"C:\Users\plasz\Documents\MCUXpressoIDE_11.7.0_9198\workspace\lpc845breakout_usart_transfer_interrupt\board" -I"C:\Users\plasz\Documents\MCUXpressoIDE_11.7.0_9198\workspace\lpc845breakout_usart_transfer_interrupt\lpc845breakout\driver_examples\usart\transfer_interrupt" -O0 -fno-common -g3 -c -ffunction-sections -fdata-sections -ffreestanding -fno-builtin -fmerge-constants -fmacro-prefix-map="../drivers/"= -mcpu=cortex-m0plus -mthumb -D__REDLIB__ -fstack-usage -specs=redlib.specs -MMD -MP -MF"drivers/fsl_usart.d" -MT"drivers/fsl_usart.o" -MT"drivers/fsl_usart.d" -o "drivers/fsl_usart.o" "../drivers/fsl_usart.c"
Finished building: ../drivers/fsl_reset.c
 
Building file: ../device/system_LPC845.c
Invoking: MCU C Compiler
arm-none-eabi-gcc -std=gnu99 -D__REDLIB__ -DCPU_LPC845M301JBD48 -DMCUXPRESSO_SDK -DCPU_LPC845M301JBD48_cm0plus -DSDK_DEBUGCONSOLE=1 -DCR_INTEGER_PRINTF -D__MCUXPRESSO -D__USE_CMSIS -DDEBUG -I"C:\Users\plasz\Documents\MCUXpressoIDE_11.7.0_9198\workspace\lpc845breakout_usart_transfer_interrupt\source" -I"C:\Users\plasz\Documents\MCUXpressoIDE_11.7.0_9198\workspace\lpc845breakout_usart_transfer_interrupt\utilities" -I"C:\Users\plasz\Documents\MCUXpressoIDE_11.7.0_9198\workspace\lpc845breakout_usart_transfer_interrupt\drivers" -I"C:\Users\plasz\Documents\MCUXpressoIDE_11.7.0_9198\workspace\lpc845breakout_usart_transfer_interrupt\device" -I"C:\Users\plasz\Documents\MCUXpressoIDE_11.7.0_9198\workspace\lpc845breakout_usart_transfer_interrupt\component\uart" -I"C:\Users\plasz\Documents\MCUXpressoIDE_11.7.0_9198\workspace\lpc845breakout_usart_transfer_interrupt\CMSIS" -I"C:\Users\plasz\Documents\MCUXpressoIDE_11.7.0_9198\workspace\lpc845breakout_usart_transfer_interrupt\board" -I"C:\Users\plasz\Documents\MCUXpressoIDE_11.7.0_9198\workspace\lpc845breakout_usart_transfer_interrupt\lpc845breakout\driver_examples\usart\transfer_interrupt" -O0 -fno-common -g3 -c -ffunction-sections -fdata-sections -ffreestanding -fno-builtin -fmerge-constants -fmacro-prefix-map="../device/"= -mcpu=cortex-m0plus -mthumb -D__REDLIB__ -fstack-usage -specs=redlib.specs -MMD -MP -MF"device/system_LPC845.d" -MT"device/system_LPC845.o" -MT"device/system_LPC845.d" -o "device/system_LPC845.o" "../device/system_LPC845.c"
Finished building: ../drivers/fsl_swm.c
Finished building: ../drivers/fsl_syscon.c
 
Building file: ../component/uart/fsl_adapter_miniusart.c
 
Invoking: MCU C Compiler
arm-none-eabi-gcc -std=gnu99 -D__REDLIB__ -DCPU_LPC845M301JBD48 -DMCUXPRESSO_SDK -DCPU_LPC845M301JBD48_cm0plus -DSDK_DEBUGCONSOLE=1 -DCR_INTEGER_PRINTF -D__MCUXPRESSO -D__USE_CMSIS -DDEBUG -I"C:\Users\plasz\Documents\MCUXpressoIDE_11.7.0_9198\workspace\lpc845breakout_usart_transfer_interrupt\source" -I"C:\Users\plasz\Documents\MCUXpressoIDE_11.7.0_9198\workspace\lpc845breakout_usart_transfer_interrupt\utilities" -I"C:\Users\plasz\Documents\MCUXpressoIDE_11.7.0_9198\workspace\lpc845breakout_usart_transfer_interrupt\drivers" -I"C:\Users\plasz\Documents\MCUXpressoIDE_11.7.0_9198\workspace\lpc845breakout_usart_transfer_interrupt\device" -I"C:\Users\plasz\Documents\MCUXpressoIDE_11.7.0_9198\workspace\lpc845breakout_usart_transfer_interrupt\component\uart" -I"C:\Users\plasz\Documents\MCUXpressoIDE_11.7.0_9198\workspace\lpc845breakout_usart_transfer_interrupt\CMSIS" -I"C:\Users\plasz\Documents\MCUXpressoIDE_11.7.0_9198\workspace\lpc845breakout_usart_transfer_interrupt\board" -I"C:\Users\plasz\Documents\MCUXpressoIDE_11.7.0_9198\workspace\lpc845breakout_usart_transfer_interrupt\lpc845breakout\driver_examples\usart\transfer_interrupt" -O0 -fno-common -g3 -c -ffunction-sections -fdata-sections -ffreestanding -fno-builtin -fmerge-constants -fmacro-prefix-map="../component/uart/"= -mcpu=cortex-m0plus -mthumb -D__REDLIB__ -fstack-usage -specs=redlib.specs -MMD -MP -MF"component/uart/fsl_adapter_miniusart.d" -MT"component/uart/fsl_adapter_miniusart.o" -MT"component/uart/fsl_adapter_miniusart.d" -o "component/uart/fsl_adapter_miniusart.o" "../component/uart/fsl_adapter_miniusart.c"
Building file: ../board/board.c
Invoking: MCU C Compiler
arm-none-eabi-gcc -std=gnu99 -D__REDLIB__ -DCPU_LPC845M301JBD48 -DMCUXPRESSO_SDK -DCPU_LPC845M301JBD48_cm0plus -DSDK_DEBUGCONSOLE=1 -DCR_INTEGER_PRINTF -D__MCUXPRESSO -D__USE_CMSIS -DDEBUG -I"C:\Users\plasz\Documents\MCUXpressoIDE_11.7.0_9198\workspace\lpc845breakout_usart_transfer_interrupt\source" -I"C:\Users\plasz\Documents\MCUXpressoIDE_11.7.0_9198\workspace\lpc845breakout_usart_transfer_interrupt\utilities" -I"C:\Users\plasz\Documents\MCUXpressoIDE_11.7.0_9198\workspace\lpc845breakout_usart_transfer_interrupt\drivers" -I"C:\Users\plasz\Documents\MCUXpressoIDE_11.7.0_9198\workspace\lpc845breakout_usart_transfer_interrupt\device" -I"C:\Users\plasz\Documents\MCUXpressoIDE_11.7.0_9198\workspace\lpc845breakout_usart_transfer_interrupt\component\uart" -I"C:\Users\plasz\Documents\MCUXpressoIDE_11.7.0_9198\workspace\lpc845breakout_usart_transfer_interrupt\CMSIS" -I"C:\Users\plasz\Documents\MCUXpressoIDE_11.7.0_9198\workspace\lpc845breakout_usart_transfer_interrupt\board" -I"C:\Users\plasz\Documents\MCUXpressoIDE_11.7.0_9198\workspace\lpc845breakout_usart_transfer_interrupt\lpc845breakout\driver_examples\usart\transfer_interrupt" -O0 -fno-common -g3 -c -ffunction-sections -fdata-sections -ffreestanding -fno-builtin -fmerge-constants -fmacro-prefix-map="../board/"= -mcpu=cortex-m0plus -mthumb -D__REDLIB__ -fstack-usage -specs=redlib.specs -MMD -MP -MF"board/board.d" -MT"board/board.o" -MT"board/board.d" -o "board/board.o" "../board/board.c"
Finished building: ../drivers/fsl_usart.c
 
Building file: ../board/clock_config.c
Finished building: ../device/system_LPC845.c
Invoking: MCU C Compiler
arm-none-eabi-gcc -std=gnu99 -D__REDLIB__ -DCPU_LPC845M301JBD48 -DMCUXPRESSO_SDK -DCPU_LPC845M301JBD48_cm0plus -DSDK_DEBUGCONSOLE=1 -DCR_INTEGER_PRINTF -D__MCUXPRESSO -D__USE_CMSIS -DDEBUG -I"C:\Users\plasz\Documents\MCUXpressoIDE_11.7.0_9198\workspace\lpc845breakout_usart_transfer_interrupt\source" -I"C:\Users\plasz\Documents\MCUXpressoIDE_11.7.0_9198\workspace\lpc845breakout_usart_transfer_interrupt\utilities" -I"C:\Users\plasz\Documents\MCUXpressoIDE_11.7.0_9198\workspace\lpc845breakout_usart_transfer_interrupt\drivers" -I"C:\Users\plasz\Documents\MCUXpressoIDE_11.7.0_9198\workspace\lpc845breakout_usart_transfer_interrupt\device" -I"C:\Users\plasz\Documents\MCUXpressoIDE_11.7.0_9198\workspace\lpc845breakout_usart_transfer_interrupt\component\uart" -I"C:\Users\plasz\Documents\MCUXpressoIDE_11.7.0_9198\workspace\lpc845breakout_usart_transfer_interrupt\CMSIS" -I"C:\Users\plasz\Documents\MCUXpressoIDE_11.7.0_9198\workspace\lpc845breakout_usart_transfer_interrupt\board" -I"C:\Users\plasz\Documents\MCUXpressoIDE_11.7.0_9198\workspace\lpc845breakout_usart_transfer_interrupt\lpc845breakout\driver_examples\usart\transfer_interrupt" -O0 -fno-common -g3 -c -ffunction-sections -fdata-sections -ffreestanding -fno-builtin -fmerge-constants -fmacro-prefix-map="../board/"= -mcpu=cortex-m0plus -mthumb -D__REDLIB__ -fstack-usage -specs=redlib.specs -MMD -MP -MF"board/clock_config.d" -MT"board/clock_config.o" -MT"board/clock_config.d" -o "board/clock_config.o" "../board/clock_config.c"
 
Building file: ../board/pin_mux.c
Invoking: MCU C Compiler
arm-none-eabi-gcc -std=gnu99 -D__REDLIB__ -DCPU_LPC845M301JBD48 -DMCUXPRESSO_SDK -DCPU_LPC845M301JBD48_cm0plus -DSDK_DEBUGCONSOLE=1 -DCR_INTEGER_PRINTF -D__MCUXPRESSO -D__USE_CMSIS -DDEBUG -I"C:\Users\plasz\Documents\MCUXpressoIDE_11.7.0_9198\workspace\lpc845breakout_usart_transfer_interrupt\source" -I"C:\Users\plasz\Documents\MCUXpressoIDE_11.7.0_9198\workspace\lpc845breakout_usart_transfer_interrupt\utilities" -I"C:\Users\plasz\Documents\MCUXpressoIDE_11.7.0_9198\workspace\lpc845breakout_usart_transfer_interrupt\drivers" -I"C:\Users\plasz\Documents\MCUXpressoIDE_11.7.0_9198\workspace\lpc845breakout_usart_transfer_interrupt\device" -I"C:\Users\plasz\Documents\MCUXpressoIDE_11.7.0_9198\workspace\lpc845breakout_usart_transfer_interrupt\component\uart" -I"C:\Users\plasz\Documents\MCUXpressoIDE_11.7.0_9198\workspace\lpc845breakout_usart_transfer_interrupt\CMSIS" -I"C:\Users\plasz\Documents\MCUXpressoIDE_11.7.0_9198\workspace\lpc845breakout_usart_transfer_interrupt\board" -I"C:\Users\plasz\Documents\MCUXpressoIDE_11.7.0_9198\workspace\lpc845breakout_usart_transfer_interrupt\lpc845breakout\driver_examples\usart\transfer_interrupt" -O0 -fno-common -g3 -c -ffunction-sections -fdata-sections -ffreestanding -fno-builtin -fmerge-constants -fmacro-prefix-map="../board/"= -mcpu=cortex-m0plus -mthumb -D__REDLIB__ -fstack-usage -specs=redlib.specs -MMD -MP -MF"board/pin_mux.d" -MT"board/pin_mux.o" -MT"board/pin_mux.d" -o "board/pin_mux.o" "../board/pin_mux.c"
Finished building: ../component/uart/fsl_adapter_miniusart.c
Finished building: ../board/board.c
 
 
Finished building: ../board/clock_config.c
 
Finished building: ../board/pin_mux.c
 
Building target: lpc845breakout_usart_transfer_interrupt.axf
Invoking: MCU Linker
arm-none-eabi-gcc -nostdlib -Xlinker -Map="lpc845breakout_usart_transfer_interrupt.map" -Xlinker --gc-sections -Xlinker -print-memory-usage -Xlinker --sort-section=alignment -Xlinker --cref -mcpu=cortex-m0plus -mthumb -T lpc845breakout_usart_transfer_interrupt_Debug.ld -o "lpc845breakout_usart_transfer_interrupt.axf" ./utilities/fsl_assert.o ./utilities/fsl_debug_console.o ./utilities/fsl_str.o  ./startup/startup_lpc845.o  ./source/semihost_hardfault.o ./source/usart_transfer_interrupt.o  ./drivers/fsl_clock.o ./drivers/fsl_common.o ./drivers/fsl_common_arm.o ./drivers/fsl_gpio.o ./drivers/fsl_inputmux.o ./drivers/fsl_power.o ./drivers/fsl_reset.o ./drivers/fsl_swm.o ./drivers/fsl_syscon.o ./drivers/fsl_usart.o  ./device/system_LPC845.o  ./component/uart/fsl_adapter_miniusart.o  ./board/board.o ./board/clock_config.o ./board/pin_mux.o   
Memory region         Used Size  Region Size  %age Used
        MFlash64:       11460 B        64 KB     17.49%
        RamLoc16:         444 B        16 KB      2.71%
Finished building target: lpc845breakout_usart_transfer_interrupt.axf
 
Performing post-build steps
arm-none-eabi-size "lpc845breakout_usart_transfer_interrupt.axf"; # arm-none-eabi-objcopy -v -O binary "lpc845breakout_usart_transfer_interrupt.axf" "lpc845breakout_usart_transfer_interrupt.bin" ; # checksum -p LPC845 -d "lpc845breakout_usart_transfer_interrupt.bin";
   text	   data	    bss	    dec	    hex	filename
  11344	    116	    328	  11788	   2e0c	lpc845breakout_usart_transfer_interrupt.axf
 

03:26:04 Build Finished. 0 errors, 0 warnings. (took 2s.889ms)

