Archive member included to satisfy reference by file (symbol)

c:/nxp/mcuxpressoide_11.7.0_9198/ide/plugins/com.nxp.mcuxpresso.tools.win32_11.7.0.202209140929/tools/bin/../lib/gcc/arm-none-eabi/10.3.1/../../../../arm-none-eabi/lib/thumb/v6-m/nofp\libcr_nohost_nf.a(_cr__main.o)
                              ./startup/startup_lpc845.o (__main)
c:/nxp/mcuxpressoide_11.7.0_9198/ide/plugins/com.nxp.mcuxpresso.tools.win32_11.7.0.202209140929/tools/bin/../lib/gcc/arm-none-eabi/10.3.1/../../../../arm-none-eabi/lib/thumb/v6-m/nofp\libcr_c.a(ceilf.o)
                              ./source/SysTimer.o (ceilf)
c:/nxp/mcuxpressoide_11.7.0_9198/ide/plugins/com.nxp.mcuxpresso.tools.win32_11.7.0.202209140929/tools/bin/../lib/gcc/arm-none-eabi/10.3.1/../../../../arm-none-eabi/lib/thumb/v6-m/nofp\libcr_c.a(memcpy.o)
                              ./utilities/fsl_debug_console.o (memcpy)
c:/nxp/mcuxpressoide_11.7.0_9198/ide/plugins/com.nxp.mcuxpresso.tools.win32_11.7.0.202209140929/tools/bin/../lib/gcc/arm-none-eabi/10.3.1/../../../../arm-none-eabi/lib/thumb/v6-m/nofp\libcr_c.a(memset.o)
                              ./drivers/fsl_adc.o (memset)
c:/nxp/mcuxpressoide_11.7.0_9198/ide/plugins/com.nxp.mcuxpresso.tools.win32_11.7.0.202209140929/tools/bin/../lib/gcc/arm-none-eabi/10.3.1/../../../../arm-none-eabi/lib/thumb/v6-m/nofp\libcr_c.a(alloc.o)
                              ./drivers/fsl_common.o (malloc)
c:/nxp/mcuxpressoide_11.7.0_9198/ide/plugins/com.nxp.mcuxpresso.tools.win32_11.7.0.202209140929/tools/bin/../lib/gcc/arm-none-eabi/10.3.1/../../../../arm-none-eabi/lib/thumb/v6-m/nofp\libcr_c.a(errno.o)
                              ./utilities/fsl_str.o (errno)
c:/nxp/mcuxpressoide_11.7.0_9198/ide/plugins/com.nxp.mcuxpresso.tools.win32_11.7.0.202209140929/tools/bin/../lib/gcc/arm-none-eabi/10.3.1/../../../../arm-none-eabi/lib/thumb/v6-m/nofp\libcr_c.a(floor.o)
                              ./source/PID.o (floor)
c:/nxp/mcuxpressoide_11.7.0_9198/ide/plugins/com.nxp.mcuxpresso.tools.win32_11.7.0.202209140929/tools/bin/../lib/gcc/arm-none-eabi/10.3.1/../../../../arm-none-eabi/lib/thumb/v6-m/nofp\libcr_c.a(fpprintf.o)
                              ./source/encoder.o (snprintf)
c:/nxp/mcuxpressoide_11.7.0_9198/ide/plugins/com.nxp.mcuxpresso.tools.win32_11.7.0.202209140929/tools/bin/../lib/gcc/arm-none-eabi/10.3.1/../../../../arm-none-eabi/lib/thumb/v6-m/nofp\libcr_c.a(initio.o)
                              c:/nxp/mcuxpressoide_11.7.0_9198/ide/plugins/com.nxp.mcuxpresso.tools.win32_11.7.0.202209140929/tools/bin/../lib/gcc/arm-none-eabi/10.3.1/../../../../arm-none-eabi/lib/thumb/v6-m/nofp\libcr_nohost_nf.a(_cr__main.o) (_initio)
c:/nxp/mcuxpressoide_11.7.0_9198/ide/plugins/com.nxp.mcuxpresso.tools.win32_11.7.0.202209140929/tools/bin/../lib/gcc/arm-none-eabi/10.3.1/../../../../arm-none-eabi/lib/thumb/v6-m/nofp\libcr_c.a(pow.o)
                              ./source/PID.o (pow)
c:/nxp/mcuxpressoide_11.7.0_9198/ide/plugins/com.nxp.mcuxpresso.tools.win32_11.7.0.202209140929/tools/bin/../lib/gcc/arm-none-eabi/10.3.1/../../../../arm-none-eabi/lib/thumb/v6-m/nofp\libcr_c.a(printf.o)
                              c:/nxp/mcuxpressoide_11.7.0_9198/ide/plugins/com.nxp.mcuxpresso.tools.win32_11.7.0.202209140929/tools/bin/../lib/gcc/arm-none-eabi/10.3.1/../../../../arm-none-eabi/lib/thumb/v6-m/nofp\libcr_c.a(fpprintf.o) (__vfprintf)
c:/nxp/mcuxpressoide_11.7.0_9198/ide/plugins/com.nxp.mcuxpresso.tools.win32_11.7.0.202209140929/tools/bin/../lib/gcc/arm-none-eabi/10.3.1/../../../../arm-none-eabi/lib/thumb/v6-m/nofp\libcr_c.a(scanf.o)
                              ./utilities/fsl_str.o (strtoul)
c:/nxp/mcuxpressoide_11.7.0_9198/ide/plugins/com.nxp.mcuxpresso.tools.win32_11.7.0.202209140929/tools/bin/../lib/gcc/arm-none-eabi/10.3.1/../../../../arm-none-eabi/lib/thumb/v6-m/nofp\libcr_c.a(setvbuf.o)
                              c:/nxp/mcuxpressoide_11.7.0_9198/ide/plugins/com.nxp.mcuxpresso.tools.win32_11.7.0.202209140929/tools/bin/../lib/gcc/arm-none-eabi/10.3.1/../../../../arm-none-eabi/lib/thumb/v6-m/nofp\libcr_c.a(initio.o) (setvbuf)
c:/nxp/mcuxpressoide_11.7.0_9198/ide/plugins/com.nxp.mcuxpresso.tools.win32_11.7.0.202209140929/tools/bin/../lib/gcc/arm-none-eabi/10.3.1/../../../../arm-none-eabi/lib/thumb/v6-m/nofp\libcr_c.a(strlen.o)
                              ./utilities/fsl_debug_console.o (strlen)
c:/nxp/mcuxpressoide_11.7.0_9198/ide/plugins/com.nxp.mcuxpresso.tools.win32_11.7.0.202209140929/tools/bin/../lib/gcc/arm-none-eabi/10.3.1/../../../../arm-none-eabi/lib/thumb/v6-m/nofp\libcr_c.a(ungetc.o)
                              c:/nxp/mcuxpressoide_11.7.0_9198/ide/plugins/com.nxp.mcuxpresso.tools.win32_11.7.0.202209140929/tools/bin/../lib/gcc/arm-none-eabi/10.3.1/../../../../arm-none-eabi/lib/thumb/v6-m/nofp\libcr_c.a(scanf.o) (ungetc)
c:/nxp/mcuxpressoide_11.7.0_9198/ide/plugins/com.nxp.mcuxpresso.tools.win32_11.7.0.202209140929/tools/bin/../lib/gcc/arm-none-eabi/10.3.1/../../../../arm-none-eabi/lib/thumb/v6-m/nofp\libcr_c.a(__fillbuf.o)
[...]
Memory Configuration

Name             Origin             Length             Attributes
PROGRAM_FLASH    0x00000000         0x00010000         xr
SRAM             0x10000000         0x00003fe0         xrw
IAP_SRAM         0x10003fe0         0x00000020         xrw
*default*        0x00000000         0xffffffff

Linker script and memory map

LOAD ./utilities/fsl_assert.o
LOAD ./utilities/fsl_debug_console.o
LOAD ./utilities/fsl_str.o
LOAD ./startup/startup_lpc845.o
LOAD ./source/MRT.o
LOAD ./source/PID.o
LOAD ./source/SysTimer.o
LOAD ./source/bluetooth.o
LOAD ./source/car.o
LOAD ./source/direction.o
LOAD ./source/distance.o
LOAD ./source/encoder.o
LOAD ./source/main.o
LOAD ./source/motor.o
LOAD ./source/mtb.o
LOAD ./source/optic.o
LOAD ./source/semihost_hardfault.o
LOAD ./source/servo.o
LOAD ./source/state.o
LOAD ./source/sys.o
LOAD ./source/ultrasonic.o
LOAD ./drivers/fsl_adc.o
LOAD ./drivers/fsl_capt.o
LOAD ./drivers/fsl_clock.o
LOAD ./drivers/fsl_common.o
LOAD ./drivers/fsl_common_arm.o
LOAD ./drivers/fsl_ctimer.o
LOAD ./drivers/fsl_gpio.o
LOAD ./drivers/fsl_mrt.o
LOAD ./drivers/fsl_power.o
LOAD ./drivers/fsl_reset.o
LOAD ./drivers/fsl_sctimer.o
LOAD ./drivers/fsl_swm.o
LOAD ./drivers/fsl_usart.o
LOAD ./device/system_LPC845.o
LOAD ./component/uart/fsl_adapter_miniusart.o
LOAD ./board/board.o
LOAD ./board/clock_config.o
LOAD ./board/peripherals.o
LOAD ./board/pin_mux.o
START GROUP
LOAD c:/nxp/mcuxpressoide_11.7.0_9198/ide/plugins/com.nxp.mcuxpresso.tools.win32_11.7.0.202209140929/tools/bin/../lib/gcc/arm-none-eabi/10.3.1/../../../../arm-none-eabi/lib/thumb/v6-m/nofp\libcr_nohost_nf.a
LOAD c:/nxp/mcuxpressoide_11.7.0_9198/ide/plugins/com.nxp.mcuxpresso.tools.win32_11.7.0.202209140929/tools/bin/../lib/gcc/arm-none-eabi/10.3.1/../../../../arm-none-eabi/lib/thumb/v6-m/nofp\libcr_c.a
LOAD c:/nxp/mcuxpressoide_11.7.0_9198/ide/plugins/com.nxp.mcuxpresso.tools.win32_11.7.0.202209140929/tools/bin/../lib/gcc/arm-none-eabi/10.3.1/thumb/v6-m/nofp\libcr_eabihelpers.a
LOAD c:/nxp/mcuxpressoide_11.7.0_9198/ide/plugins/com.nxp.mcuxpresso.tools.win32_11.7.0.202209140929/tools/bin/../lib/gcc/arm-none-eabi/10.3.1/thumb/v6-m/nofp\libgcc.a
END GROUP
                0x00000000                __base_PROGRAM_FLASH = 0x0
                0x00000000                __base_Flash = 0x0
                0x00010000                __top_PROGRAM_FLASH = 0x10000
                0x00010000                __top_Flash = 0x10000
                0x10000000                __base_SRAM = 0x10000000
                0x10000000                __base_RAM = 0x10000000
                0x10003fe0                __top_SRAM = 0x10003fe0
                0x10003fe0                __top_RAM = 0x10003fe0
                0x10003fe0                __base_IAP_SRAM = 0x10003fe0
                0x10003fe0                __base_RAM2 = 0x10003fe0
                0x10004000                __top_IAP_SRAM = 0x10004000
                0x10004000                __top_RAM2 = 0x10004000

.text           0x00000000     0x46c4
 FILL mask 0xff
                0x00000000                __vectors_start__ = ABSOLUTE (.)
 *(SORT_BY_ALIGNMENT(.isr_vector))
 .isr_vector    0x00000000       0xc0 ./startup/startup_lpc845.o
                0x00000000                g_pfnVectors
                0x00000000                __Vectors
                0x000000c0                . = ALIGN (0x4)
                0x000000c0                __section_table_start = .
                0x000000c0                __data_section_table = .
                0x000000c0        0x4 LONG 0x46c4 LOADADDR (.data)
                0x000000c4        0x4 LONG 0x10000080 ADDR (.data)
                0x000000c8        0x4 LONG 0x4 SIZEOF (.data)
                0x000000cc        0x4 LONG 0x46c4 LOADADDR (.data_RAM2)
                0x000000d0        0x4 LONG 0x10003fe0 ADDR (.data_RAM2)
                0x000000d4        0x4 LONG 0x0 SIZEOF (.data_RAM2)
                0x000000d8                __data_section_table_end = .
                0x000000d8                __bss_section_table = .
                0x000000d8        0x4 LONG 0x10000088 ADDR (.bss)
                0x000000dc        0x4 LONG 0x1f0 SIZEOF (.bss)
                0x000000e0        0x4 LONG 0x10003fe0 ADDR (.bss_RAM2)
                0x000000e4        0x4 LONG 0x0 SIZEOF (.bss_RAM2)
                0x000000e8                __bss_section_table_end = .
                0x000000e8                __section_table_end = .
 *(SORT_BY_ALIGNMENT(.after_vectors*))
 .after_vectors.reset
                0x000000e8       0x4c ./startup/startup_lpc845.o
                0x000000e8                ResetISR
 .after_vectors
                0x00000134      0x10c ./startup/startup_lpc845.o
                0x00000134                NMI_Handler
                0x00000138                SVC_Handler
                0x0000013a                PendSV_Handler
                0x0000013e                BOD_DriverIRQHandler
                0x0000013e                SPI1_DriverIRQHandler
                0x0000013e                PIN_INT1_DriverIRQHandler
                0x0000013e                I2C0_DriverIRQHandler
                0x0000013e                DMA0_DriverIRQHandler
                0x0000013e                ADC0_OVR_DriverIRQHandler
                0x0000013e                WDT_DriverIRQHandler
                0x0000013e                I2C3_DriverIRQHandler
                0x0000013e                I2C1_DriverIRQHandler
                0x0000013e                PIN_INT3_DriverIRQHandler
                0x0000013e                PIN_INT5_DAC1_DriverIRQHandler
                0x0000013e                PIN_INT2_DriverIRQHandler
                0x0000013e                ADC0_SEQB_DriverIRQHandler
                0x0000013e                I2C2_DriverIRQHandler
                0x0000013e                PIN_INT0_DriverIRQHandler
                0x0000013e                FLASH_DriverIRQHandler
                0x0000013e                IntDefaultHandler
                0x0000013e                SPI0_DriverIRQHandler
                0x0000013e                WKT_DriverIRQHandler
                0x0000013e                DAC0_DriverIRQHandler
                0x0000013e                MRT0_DriverIRQHandler
                0x0000013e                PIN_INT4_DriverIRQHandler
                0x0000013e                ADC0_SEQA_DriverIRQHandler
                0x0000013e                CMP_CAPT_DriverIRQHandler
                0x0000013e                ADC0_THCMP_DriverIRQHandler
                0x0000013e                Reserved22_DriverIRQHandler
                0x00000140                SPI0_IRQHandler
                0x00000148                SPI1_IRQHandler
                0x00000150                DAC0_IRQHandler
                0x00000158                USART0_IRQHandler
                0x00000168                USART2_IRQHandler
                0x00000170                Reserved22_IRQHandler
                0x00000178                I2C1_IRQHandler
                0x00000180                I2C0_IRQHandler
                0x00000188                SCT0_IRQHandler
                0x00000198                CMP_CAPT_IRQHandler
                0x000001a0                WDT_IRQHandler
                0x000001a8                BOD_IRQHandler
                0x000001b0                FLASH_IRQHandler
                0x000001b8                WKT_IRQHandler
                0x000001c8                ADC0_SEQB_IRQHandler
                0x000001d0                ADC0_THCMP_IRQHandler
                0x000001d8                ADC0_OVR_IRQHandler
                0x000001e0                DMA0_IRQHandler
                0x000001e8                I2C2_IRQHandler
                0x000001f0                I2C3_IRQHandler
                0x000001f8                CTIMER0_IRQHandler
                0x00000200                PIN_INT0_IRQHandler
                0x00000208                PIN_INT1_IRQHandler
                0x00000210                PIN_INT2_IRQHandler
                0x00000218                PIN_INT3_IRQHandler
                0x00000220                PIN_INT4_IRQHandler
                0x00000228                PIN_INT5_DAC1_IRQHandler
                0x00000230                PIN_INT6_USART3_IRQHandler
                0x00000238                PIN_INT7_USART4_IRQHandler
 .after_vectors.init_data
                0x00000240       0x16 ./startup/startup_lpc845.o
                0x00000240                data_init
 .after_vectors.init_bss
                0x00000256       0x14 ./startup/startup_lpc845.o
                0x00000256                bss_init
                0x000002fc                . = 0x2fc
 *fill*         0x0000026a       0x92 ff
                0x000002fc                PROVIDE (__CRP_WORD_START__ = .)
 *(SORT_BY_ALIGNMENT(.crp))
 .crp           0x000002fc        0x4 ./startup/startup_lpc845.o
                0x000002fc                CRP_WORD
                0x00000300                PROVIDE (__CRP_WORD_END__ = .)
                0x00000001                ASSERT (! ((__CRP_WORD_START__ == __CRP_WORD_END__)), Linker CRP Enabled, but no CRP_WORD provided within application)
 *(SORT_BY_ALIGNMENT(.text*))
 .text.DbgConsole_Putchar
                0x00000300       0x24 ./utilities/fsl_debug_console.o
                0x00000300                DbgConsole_Putchar
 .text.DbgConsole_Init
                0x00000324       0x4c ./utilities/fsl_debug_console.o
                0x00000324                DbgConsole_Init
 .text.DbgConsole_Vprintf
                0x00000370      0x208 ./utilities/fsl_debug_console.o
                0x00000370                DbgConsole_Vprintf
 .text.MRT0_IRQHandler
                0x00000578       0xa0 ./source/MRT.o
                0x00000578                MRT0_IRQHandler
 .text.isPIDUpdated
                0x00000618        0xc ./source/PID.o
                0x00000618                isPIDUpdated
 .text.PIDContollerUpdate
                0x00000624       0xa8 ./source/PID.o
                0x00000624                PIDContollerUpdate
 .text.SysTimer_Tou1
                0x000006cc       0x10 ./source/SysTimer.o
                0x000006cc                SysTimer_Tou1
 .text.StartTimeout1
                0x000006dc       0x10 ./source/SysTimer.o
                0x000006dc                StartTimeout1
 .text.TimeoutDone1
                0x000006ec       0x10 ./source/SysTimer.o
                0x000006ec                TimeoutDone1
 .text.SysTimer_Tou2
                0x000006fc       0x10 ./source/SysTimer.o
                0x000006fc                SysTimer_Tou2
 .text.StartTimeout2
                0x0000070c       0x10 ./source/SysTimer.o
                0x0000070c                StartTimeout2
 .text.TimeoutDone2
                0x0000071c       0x10 ./source/SysTimer.o
                0x0000071c                TimeoutDone2
 .text.SysTimer_Tou3
                0x0000072c       0x10 ./source/SysTimer.o
                0x0000072c                SysTimer_Tou3
 .text.SysTimer_Tou4
                0x0000073c       0x10 ./source/SysTimer.o
                0x0000073c                SysTimer_Tou4
 .text.hasNewPrompt
                0x0000074c        0xc ./source/bluetooth.o
                0x0000074c                hasNewPrompt
 .text.CopyMessage
                0x00000758       0x1c ./source/bluetooth.o
                0x00000758                CopyMessage
 .text.UsartBufferInit
                0x00000774       0x18 ./source/bluetooth.o
                0x00000774                UsartBufferInit
 .text.ClearBuffer
                0x0000078c       0x10 ./source/bluetooth.o
                0x0000078c                ClearBuffer
 .text.USART1_IRQHandler
                0x0000079c       0x38 ./source/bluetooth.o
                0x0000079c                USART1_IRQHandler
 .text.InitComponents
                0x000007d4       0x20 ./source/car.o
                0x000007d4                InitComponents
 .text.InitCar  0x000007f4       0x18 ./source/car.o
                0x000007f4                InitCar
 .text.ProcessPrompts
                0x0000080c       0x90 ./source/car.o
                0x0000080c                ProcessPrompts
 .text.TurnRight
                0x0000089c       0x18 ./source/car.o
                0x0000089c                TurnRight
 .text.TurnLeft
                0x000008b4       0x18 ./source/car.o
                0x000008b4                TurnLeft
 .text.FindClearRoute
                0x000008cc       0x68 ./source/car.o
                0x000008cc                FindClearRoute
 .text.startup.main
                0x00000934      0x15c ./source/main.o
                0x00000934                main
 .text.InitMotors
                0x00000a90       0x28 ./source/motor.o
                0x00000a90                InitMotors
 .text.SetPWM   0x00000ab8       0x28 ./source/motor.o
                0x00000ab8                SetPWM
 .text.MoveToNextState
                0x00000ae0       0x18 ./source/optic.o
                0x00000ae0                MoveToNextState
 .text.StartConversion
                0x00000af8       0x28 ./source/optic.o
                0x00000af8                StartConversion
 .text.OpticMeasure
                0x00000b20       0x3c ./source/optic.o
                0x00000b20                OpticMeasure
 .text.ADC0_SEQA_IRQHandler
                0x00000b5c       0xe0 ./source/optic.o
                0x00000b5c                ADC0_SEQA_IRQHandler
 .text.HardFault_Handler
                0x00000c3c       0x2c ./source/semihost_hardfault.o
                0x00000c3c                HardFault_Handler
 .text.LookToTheRight
                0x00000c68       0x2c ./source/servo.o
                0x00000c68                LookToTheRight
 .text.LookToTheLeft
                0x00000c94       0x2c ./source/servo.o
                0x00000c94                LookToTheLeft
 .text.LookStraight
                0x00000cc0       0x2c ./source/servo.o
                0x00000cc0                LookStraight
 .text.SysTick_Handler
                0x00000cec       0x1c ./source/sys.o
                0x00000cec                SysTick_Handler
 .text.TriggerUltrasonicSensor
                0x00000d08       0x1c ./source/ultrasonic.o
                0x00000d08                TriggerUltrasonicSensor
 .text.EndTriggerUltrasonicSensor
                0x00000d24       0x1c ./source/ultrasonic.o
                0x00000d24                EndTriggerUltrasonicSensor
 .text.InvalidateMeasurement
                0x00000d40       0x10 ./source/ultrasonic.o
                0x00000d40                InvalidateMeasurement
 .text.UltrasonicMeasure
                0x00000d50       0x3c ./source/ultrasonic.o
                0x00000d50                UltrasonicMeasure
 .text.CLOCK_GetFroFreq
                0x00000d8c       0x54 ./drivers/fsl_clock.o
                0x00000d8c                CLOCK_GetFroFreq
 .text.CLOCK_GetSystemPLLInClockRate
                0x00000de0       0x3c ./drivers/fsl_clock.o
                0x00000de0                CLOCK_GetSystemPLLInClockRate
 .text.CLOCK_GetSystemPLLFreq
                0x00000e1c       0x18 ./drivers/fsl_clock.o
 .text.CLOCK_GetMainClkFreq
                0x00000e34       0x4c ./drivers/fsl_clock.o
                0x00000e34                CLOCK_GetMainClkFreq
 .text.CLOCK_SetMainClkSrc
                0x00000e80       0x54 ./drivers/fsl_clock.o
                0x00000e80                CLOCK_SetMainClkSrc
 .text.CLOCK_SetFroOutClkSrc
                0x00000ed4       0x34 ./drivers/fsl_clock.o
                0x00000ed4                CLOCK_SetFroOutClkSrc
 .text.CTIMER0_DriverIRQHandler
                0x00000f08       0x50 ./drivers/fsl_ctimer.o
                0x00000f08                CTIMER0_DriverIRQHandler
 .text.GPIO_PinInit
                0x00000f58       0x64 ./drivers/fsl_gpio.o
                0x00000f58                GPIO_PinInit
 .text.RESET_PeripheralReset
                0x00000fbc       0x2c ./drivers/fsl_reset.o
                0x00000fbc                RESET_PeripheralReset
 .text.SCT0_DriverIRQHandler
                0x00000fe8       0x14 ./drivers/fsl_sctimer.o
                0x00000fe8                SCT0_DriverIRQHandler
 .text.USART_GetInstance
                0x00000ffc       0x44 ./drivers/fsl_usart.o
                0x00000ffc                USART_GetInstance
 .text.USART_SetBaudRate
                0x00001040       0xa4 ./drivers/fsl_usart.o
                0x00001040                USART_SetBaudRate
 .text.USART_Init
                0x000010e4      0x108 ./drivers/fsl_usart.o
                0x000010e4                USART_Init
 .text.USART_ReadBlocking
                0x000011ec       0x7c ./drivers/fsl_usart.o
                0x000011ec                USART_ReadBlocking
 .text.USART0_DriverIRQHandler
                0x00001268       0x1c ./drivers/fsl_usart.o
                0x00001268                USART0_DriverIRQHandler
 .text.USART1_DriverIRQHandler
                0x00001284       0x1c ./drivers/fsl_usart.o
                0x00001284                USART1_DriverIRQHandler
 .text.USART2_DriverIRQHandler
                0x000012a0       0x1c ./drivers/fsl_usart.o
                0x000012a0                USART2_DriverIRQHandler
 .text.PIN_INT6_USART3_DriverIRQHandler
                0x000012bc       0x1c ./drivers/fsl_usart.o
                0x000012bc                PIN_INT6_USART3_DriverIRQHandler
 .text.PIN_INT7_USART4_DriverIRQHandler
                0x000012d8       0x1c ./drivers/fsl_usart.o
                0x000012d8                PIN_INT7_USART4_DriverIRQHandler
 .text.SystemInit
                0x000012f4       0x34 ./device/system_LPC845.o
                0x000012f4                SystemInit
 .text.HAL_UartInit
                0x00001328       0x6c ./component/uart/fsl_adapter_miniusart.o
                0x00001328                HAL_UartInit
 .text.HAL_UartReceiveBlocking
                0x00001394       0x2c ./component/uart/fsl_adapter_miniusart.o
                0x00001394                HAL_UartReceiveBlocking
 .text.HAL_UartSendBlocking
                0x000013c0       0x18 ./component/uart/fsl_adapter_miniusart.o
                0x000013c0                HAL_UartSendBlocking
 .text.BOARD_InitDebugConsole
                0x000013d8       0x28 ./board/board.o
                0x000013d8                BOARD_InitDebugConsole
 .text.CLOCK_SetFroOscFreq
                0x00001400        0xc ./board/clock_config.o
 .text.POWER_DisablePD
                0x0000140c       0x14 ./board/clock_config.o
 .text.CLOCK_SetCoreSysClkDiv.constprop.0
                0x00001420       0x18 ./board/clock_config.o
 .text.BOARD_BootClockFRO18M
                0x00001438       0x70 ./board/clock_config.o
                0x00001438                BOARD_BootClockFRO18M
 .text.CLOCK_EnableClock
                0x000014a8       0x14 ./board/pin_mux.o
 .text.BOARD_InitPins
                0x000014bc      0x148 ./board/pin_mux.o
                0x000014bc                BOARD_InitPins
 .text.BOARD_InitLEDsPins
                0x00001604       0x80 ./board/pin_mux.o
                0x00001604                BOARD_InitLEDsPins
 .text.BOARD_InitDEBUG_UARTPins
                0x00001684       0x44 ./board/pin_mux.o
                0x00001684                BOARD_InitDEBUG_UARTPins
 .text.BOARD_InitSWD_DEBUGPins
                0x000016c8       0x54 ./board/pin_mux.o
                0x000016c8                BOARD_InitSWD_DEBUGPins
 .text.BOARD_InitBUTTONsPins
                0x0000171c       0x3c ./board/pin_mux.o
                0x0000171c                BOARD_InitBUTTONsPins
 .text.BOARD_InitCAPTPins
                0x00001758       0x70 ./board/pin_mux.o
                0x00001758                BOARD_InitCAPTPins
 .text.ceilf    0x000017c8       0x54 c:/nxp/mcuxpressoide_11.7.0_9198/ide/plugins/com.nxp.mcuxpresso.tools.win32_11.7.0.202209140929/tools/bin/../lib/gcc/arm-none-eabi/10.3.1/../../../../arm-none-eabi/lib/thumb/v6-m/nofp\libcr_c.a(ceilf.o)
                0x000017c8                ceilf
 .text.malloc   0x0000181c       0xcc c:/nxp/mcuxpressoide_11.7.0_9198/ide/plugins/com.nxp.mcuxpresso.tools.win32_11.7.0.202209140929/tools/bin/../lib/gcc/arm-none-eabi/10.3.1/../../../../arm-none-eabi/lib/thumb/v6-m/nofp\libcr_c.a(alloc.o)
                0x0000181c                malloc
 .text._Csys_alloc
                0x000018e8       0x20 c:/nxp/mcuxpressoide_11.7.0_9198/ide/plugins/com.nxp.mcuxpresso.tools.win32_11.7.0.202209140929/tools/bin/../lib/gcc/arm-none-eabi/10.3.1/../../../../arm-none-eabi/lib/thumb/v6-m/nofp\libcr_c.a(alloc.o)
                0x000018e8                _Csys_alloc
 .text.floor    0x00001908       0xa0 c:/nxp/mcuxpressoide_11.7.0_9198/ide/plugins/com.nxp.mcuxpresso.tools.win32_11.7.0.202209140929/tools/bin/../lib/gcc/arm-none-eabi/10.3.1/../../../../arm-none-eabi/lib/thumb/v6-m/nofp\libcr_c.a(floor.o)
                0x00001908                floor
 .text._initio  0x000019a8       0x7c c:/nxp/mcuxpressoide_11.7.0_9198/ide/plugins/com.nxp.mcuxpresso.tools.win32_11.7.0.202209140929/tools/bin/../lib/gcc/arm-none-eabi/10.3.1/../../../../arm-none-eabi/lib/thumb/v6-m/nofp\libcr_c.a(initio.o)
                0x000019a8                _initio
 .text.pow      0x00001a24      0x544 c:/nxp/mcuxpressoide_11.7.0_9198/ide/plugins/com.nxp.mcuxpresso.tools.win32_11.7.0.202209140929/tools/bin/../lib/gcc/arm-none-eabi/10.3.1/../../../../arm-none-eabi/lib/thumb/v6-m/nofp\libcr_c.a(pow.o)
                0x00001a24                pow
 .text.__vfprintf
                0x00001f68      0xd40 c:/nxp/mcuxpressoide_11.7.0_9198/ide/plugins/com.nxp.mcuxpresso.tools.win32_11.7.0.202209140929/tools/bin/../lib/gcc/arm-none-eabi/10.3.1/../../../../arm-none-eabi/lib/thumb/v6-m/nofp\libcr_c.a(printf.o)
                0x00001f68                __vfprintf
 .text._snprintf
                0x00002ca8       0x7c c:/nxp/mcuxpressoide_11.7.0_9198/ide/plugins/com.nxp.mcuxpresso.tools.win32_11.7.0.202209140929/tools/bin/../lib/gcc/arm-none-eabi/10.3.1/../../../../arm-none-eabi/lib/thumb/v6-m/nofp\libcr_c.a(printf.o)
                0x00002ca8                _snprintf
 .text.setvbuf  0x00002d24       0x4c c:/nxp/mcuxpressoide_11.7.0_9198/ide/plugins/com.nxp.mcuxpresso.tools.win32_11.7.0.202209140929/tools/bin/../lib/gcc/arm-none-eabi/10.3.1/../../../../arm-none-eabi/lib/thumb/v6-m/nofp\libcr_c.a(setvbuf.o)
                0x00002d24                setvbuf
 .text.strlen   0x00002d70       0x58 c:/nxp/mcuxpressoide_11.7.0_9198/ide/plugins/com.nxp.mcuxpresso.tools.win32_11.7.0.202209140929/tools/bin/../lib/gcc/arm-none-eabi/10.3.1/../../../../arm-none-eabi/lib/thumb/v6-m/nofp\libcr_c.a(strlen.o)
                0x00002d70                strlen
 .text._sbrk    0x00002dc8       0x44 c:/nxp/mcuxpressoide_11.7.0_9198/ide/plugins/com.nxp.mcuxpresso.tools.win32_11.7.0.202209140929/tools/bin/../lib/gcc/arm-none-eabi/10.3.1/../../../../arm-none-eabi/lib/thumb/v6-m/nofp\libcr_c.a(_cr_sbrk.o)
                0x00002dc8                _sbrk
 .text._deferredlazyseek
                0x00002e0c       0x40 c:/nxp/mcuxpressoide_11.7.0_9198/ide/plugins/com.nxp.mcuxpresso.tools.win32_11.7.0.202209140929/tools/bin/../lib/gcc/arm-none-eabi/10.3.1/../../../../arm-none-eabi/lib/thumb/v6-m/nofp\libcr_c.a(_deferredlazyseek.o)
                0x00002e0c                _deferredlazyseek
 .text.__flsbuf
                0x00002e4c      0x150 c:/nxp/mcuxpressoide_11.7.0_9198/ide/plugins/com.nxp.mcuxpresso.tools.win32_11.7.0.202209140929/tools/bin/../lib/gcc/arm-none-eabi/10.3.1/../../../../arm-none-eabi/lib/thumb/v6-m/nofp\libcr_c.a(_deferredlazyseek.o)
                0x00002e4c                __flsbuf
 .text._fdopen  0x00002f9c       0x74 c:/nxp/mcuxpressoide_11.7.0_9198/ide/plugins/com.nxp.mcuxpresso.tools.win32_11.7.0.202209140929/tools/bin/../lib/gcc/arm-none-eabi/10.3.1/../../../../arm-none-eabi/lib/thumb/v6-m/nofp\libcr_c.a(_fdopen.o)
                0x00002f9c                _fdopen
 .text._fflush  0x00003010       0x60 c:/nxp/mcuxpressoide_11.7.0_9198/ide/plugins/com.nxp.mcuxpresso.tools.win32_11.7.0.202209140929/tools/bin/../lib/gcc/arm-none-eabi/10.3.1/../../../../arm-none-eabi/lib/thumb/v6-m/nofp\libcr_c.a(_fflush.o)
                0x00003010                _fflush
 .text._Cwritebuf
                0x00003070       0x68 c:/nxp/mcuxpressoide_11.7.0_9198/ide/plugins/com.nxp.mcuxpresso.tools.win32_11.7.0.202209140929/tools/bin/../lib/gcc/arm-none-eabi/10.3.1/../../../../arm-none-eabi/lib/thumb/v6-m/nofp\libcr_c.a(_writebuf.o)
                0x00003070                _Cwritebuf
 .text.fclose   0x000030d8       0x5c c:/nxp/mcuxpressoide_11.7.0_9198/ide/plugins/com.nxp.mcuxpresso.tools.win32_11.7.0.202209140929/tools/bin/../lib/gcc/arm-none-eabi/10.3.1/../../../../arm-none-eabi/lib/thumb/v6-m/nofp\libcr_c.a(fclose.o)
                0x000030d8                fclose
 .text.fflush   0x00003134       0x44 c:/nxp/mcuxpressoide_11.7.0_9198/ide/plugins/com.nxp.mcuxpresso.tools.win32_11.7.0.202209140929/tools/bin/../lib/gcc/arm-none-eabi/10.3.1/../../../../arm-none-eabi/lib/thumb/v6-m/nofp\libcr_c.a(fflush.o)
                0x00003134                fflush
 .text.frexp    0x00003178       0x80 c:/nxp/mcuxpressoide_11.7.0_9198/ide/plugins/com.nxp.mcuxpresso.tools.win32_11.7.0.202209140929/tools/bin/../lib/gcc/arm-none-eabi/10.3.1/../../../../arm-none-eabi/lib/thumb/v6-m/nofp\libcr_c.a(frexp.o)
                0x00003178                frexp
 .text.fseek    0x000031f8       0xf0 c:/nxp/mcuxpressoide_11.7.0_9198/ide/plugins/com.nxp.mcuxpresso.tools.win32_11.7.0.202209140929/tools/bin/../lib/gcc/arm-none-eabi/10.3.1/../../../../arm-none-eabi/lib/thumb/v6-m/nofp\libcr_c.a(fseek.o)
                0x000031f8                fseek
 .text.ftell    0x000032e8       0x48 c:/nxp/mcuxpressoide_11.7.0_9198/ide/plugins/com.nxp.mcuxpresso.tools.win32_11.7.0.202209140929/tools/bin/../lib/gcc/arm-none-eabi/10.3.1/../../../../arm-none-eabi/lib/thumb/v6-m/nofp\libcr_c.a(ftell.o)
                0x000032e8                ftell
 .text.ldexp    0x00003330       0x58 c:/nxp/mcuxpressoide_11.7.0_9198/ide/plugins/com.nxp.mcuxpresso.tools.win32_11.7.0.202209140929/tools/bin/../lib/gcc/arm-none-eabi/10.3.1/../../../../arm-none-eabi/lib/thumb/v6-m/nofp\libcr_c.a(ldexp.o)
                0x00003330                ldexp
 .text.__check_heap_overflow
                0x00003388       0x18 c:/nxp/mcuxpressoide_11.7.0_9198/ide/plugins/com.nxp.mcuxpresso.tools.win32_11.7.0.202209140929/tools/bin/../lib/gcc/arm-none-eabi/10.3.1/../../../../arm-none-eabi/lib/thumb/v6-m/nofp\libcr_c.a(_cr_check_heap.o)
                0x00003388                __check_heap_overflow
 .text._do_fflush
                0x000033a0       0x48 c:/nxp/mcuxpressoide_11.7.0_9198/ide/plugins/com.nxp.mcuxpresso.tools.win32_11.7.0.202209140929/tools/bin/../lib/gcc/arm-none-eabi/10.3.1/../../../../arm-none-eabi/lib/thumb/v6-m/nofp\libcr_c.a(_do_fflush.o)
                0x000033a0                _do_fflush
 .text.__aeabi_dmul
                0x000033e8      0x184 c:/nxp/mcuxpressoide_11.7.0_9198/ide/plugins/com.nxp.mcuxpresso.tools.win32_11.7.0.202209140929/tools/bin/../lib/gcc/arm-none-eabi/10.3.1/thumb/v6-m/nofp\libcr_eabihelpers.a(double.o)
                0x000033e8                __aeabi_dmul
 .text.__aeabi_ddiv
                0x0000356c      0x14c c:/nxp/mcuxpressoide_11.7.0_9198/ide/plugins/com.nxp.mcuxpresso.tools.win32_11.7.0.202209140929/tools/bin/../lib/gcc/arm-none-eabi/10.3.1/thumb/v6-m/nofp\libcr_eabihelpers.a(double.o)
                0x0000356c                __aeabi_ddiv
 .text.__aeabi_dsub
                0x000036b8      0x1c0 c:/nxp/mcuxpressoide_11.7.0_9198/ide/plugins/com.nxp.mcuxpresso.tools.win32_11.7.0.202209140929/tools/bin/../lib/gcc/arm-none-eabi/10.3.1/thumb/v6-m/nofp\libcr_eabihelpers.a(double.o)
                0x000036b8                __aeabi_dsub
 .text.__aeabi_dadd
                0x00003878      0x134 c:/nxp/mcuxpressoide_11.7.0_9198/ide/plugins/com.nxp.mcuxpresso.tools.win32_11.7.0.202209140929/tools/bin/../lib/gcc/arm-none-eabi/10.3.1/thumb/v6-m/nofp\libcr_eabihelpers.a(double.o)
                0x00003878                __aeabi_dadd
 .text.__aeabi_d2f
                0x000039ac       0x60 c:/nxp/mcuxpressoide_11.7.0_9198/ide/plugins/com.nxp.mcuxpresso.tools.win32_11.7.0.202209140929/tools/bin/../lib/gcc/arm-none-eabi/10.3.1/thumb/v6-m/nofp\libcr_eabihelpers.a(double.o)
                0x000039ac                __aeabi_d2f
 .text.__aeabi_d2iz
                0x00003a0c       0x50 c:/nxp/mcuxpressoide_11.7.0_9198/ide/plugins/com.nxp.mcuxpresso.tools.win32_11.7.0.202209140929/tools/bin/../lib/gcc/arm-none-eabi/10.3.1/thumb/v6-m/nofp\libcr_eabihelpers.a(double.o)
                0x00003a0c                __aeabi_d2iz
 .text.__aeabi_dcmpeq
                0x00003a5c       0x30 c:/nxp/mcuxpressoide_11.7.0_9198/ide/plugins/com.nxp.mcuxpresso.tools.win32_11.7.0.202209140929/tools/bin/../lib/gcc/arm-none-eabi/10.3.1/thumb/v6-m/nofp\libcr_eabihelpers.a(double.o)
                0x00003a5c                __aeabi_dcmpeq
 .text.__aeabi_dcmplt
                0x00003a8c       0x60 c:/nxp/mcuxpressoide_11.7.0_9198/ide/plugins/com.nxp.mcuxpresso.tools.win32_11.7.0.202209140929/tools/bin/../lib/gcc/arm-none-eabi/10.3.1/thumb/v6-m/nofp\libcr_eabihelpers.a(double.o)
                0x00003a8c                __aeabi_dcmplt
 .text.__aeabi_dcmpgt
                0x00003aec       0x5c c:/nxp/mcuxpressoide_11.7.0_9198/ide/plugins/com.nxp.mcuxpresso.tools.win32_11.7.0.202209140929/tools/bin/../lib/gcc/arm-none-eabi/10.3.1/thumb/v6-m/nofp\libcr_eabihelpers.a(double.o)
                0x00003aec                __aeabi_dcmpgt
 .text.__aeabi_dcmple
                0x00003b48       0x5c c:/nxp/mcuxpressoide_11.7.0_9198/ide/plugins/com.nxp.mcuxpresso.tools.win32_11.7.0.202209140929/tools/bin/../lib/gcc/arm-none-eabi/10.3.1/thumb/v6-m/nofp\libcr_eabihelpers.a(double.o)
                0x00003b48                __aeabi_dcmple
 .text.__aeabi_dcmpge
                0x00003ba4       0x5c c:/nxp/mcuxpressoide_11.7.0_9198/ide/plugins/com.nxp.mcuxpresso.tools.win32_11.7.0.202209140929/tools/bin/../lib/gcc/arm-none-eabi/10.3.1/thumb/v6-m/nofp\libcr_eabihelpers.a(double.o)
                0x00003ba4                __aeabi_dcmpge
 .text.__aeabi_fmul
                0x00003c00       0xc0 c:/nxp/mcuxpressoide_11.7.0_9198/ide/plugins/com.nxp.mcuxpresso.tools.win32_11.7.0.202209140929/tools/bin/../lib/gcc/arm-none-eabi/10.3.1/thumb/v6-m/nofp\libcr_eabihelpers.a(float.o)
                0x00003c00                __aeabi_fmul
 .text.__aeabi_fsub
                0x00003cc0      0x128 c:/nxp/mcuxpressoide_11.7.0_9198/ide/plugins/com.nxp.mcuxpresso.tools.win32_11.7.0.202209140929/tools/bin/../lib/gcc/arm-none-eabi/10.3.1/thumb/v6-m/nofp\libcr_eabihelpers.a(float.o)
                0x00003cc0                __aeabi_fsub
 .text.__aeabi_fadd
                0x00003de8       0xac c:/nxp/mcuxpressoide_11.7.0_9198/ide/plugins/com.nxp.mcuxpresso.tools.win32_11.7.0.202209140929/tools/bin/../lib/gcc/arm-none-eabi/10.3.1/thumb/v6-m/nofp\libcr_eabihelpers.a(float.o)
                0x00003de8                __aeabi_fadd
 .text.__aeabi_f2iz
                0x00003e94       0x3c c:/nxp/mcuxpressoide_11.7.0_9198/ide/plugins/com.nxp.mcuxpresso.tools.win32_11.7.0.202209140929/tools/bin/../lib/gcc/arm-none-eabi/10.3.1/thumb/v6-m/nofp\libcr_eabihelpers.a(float.o)
                0x00003e94                __aeabi_f2iz
 .text.__aeabi_f2d
                0x00003ed0       0x40 c:/nxp/mcuxpressoide_11.7.0_9198/ide/plugins/com.nxp.mcuxpresso.tools.win32_11.7.0.202209140929/tools/bin/../lib/gcc/arm-none-eabi/10.3.1/thumb/v6-m/nofp\libcr_eabihelpers.a(float.o)
                0x00003ed0                __aeabi_f2d
 .text.DbgConsole_ConvertRadixNumToString.constprop.0
                0x00003f10       0x4a ./utilities/fsl_debug_console.o
 .text.DbgConsole_Printf
                0x00003f5a       0x16 ./utilities/fsl_debug_console.o
                0x00003f5a                DbgConsole_Printf
 .text.RoundPIDOutput
                0x00003f70       0x48 ./source/PID.o
                0x00003f70                RoundPIDOutput
 .text.SysTimer_Tou
                0x00003fb8       0x18 ./source/SysTimer.o
                0x00003fb8                SysTimer_Tou
 .text.StartTimeout
                0x00003fd0       0x1e ./source/SysTimer.o
                0x00003fd0                StartTimeout
 .text.TimeoutDone
                0x00003fee       0x16 ./source/SysTimer.o
                0x00003fee                TimeoutDone
 .text.TimeoutExtension
                0x00004004       0x14 ./source/SysTimer.o
                0x00004004                TimeoutExtension
 .text.SenseDistance
                0x00004018        0xc ./source/distance.o
                0x00004018                SenseDistance
 .text.RotateForward
                0x00004024       0x12 ./source/motor.o
                0x00004024                RotateForward
 .text.StopMotor
                0x00004036       0x10 ./source/motor.o
                0x00004036                StopMotor
 .text.UpdatePwmDutycycleScaledUp
                0x00004046       0x52 ./source/motor.o
                0x00004046                UpdatePwmDutycycleScaledUp
 .text.InitOpticMeasurement
                0x00004098       0x10 ./source/optic.o
                0x00004098                InitOpticMeasurement
 .text.InitUltrasonicMeasurement
                0x000040a8        0xc ./source/ultrasonic.o
                0x000040a8                InitUltrasonicMeasurement
 .text.CLOCK_UpdateClkSrc
                0x000040b4       0x14 ./drivers/fsl_clock.o
 .text.SWM_SetMovablePinSelect
                0x000040c8       0x1e ./drivers/fsl_swm.o
                0x000040c8                SWM_SetMovablePinSelect
 .text.SWM_SetFixedPinSelect
                0x000040e6       0x2a ./drivers/fsl_swm.o
                0x000040e6                SWM_SetFixedPinSelect
 .text.USART_GetDefaultConfig
                0x00004110       0x20 ./drivers/fsl_usart.o
                0x00004110                USART_GetDefaultConfig
 .text.USART_WriteBlocking
                0x00004130       0x24 ./drivers/fsl_usart.o
                0x00004130                USART_WriteBlocking
 .text.SystemInitHook
                0x00004154        0x2 ./device/system_LPC845.o
                0x00004154                SystemInitHook
 .text.BOARD_InitBootClocks
                0x00004156        0x8 ./board/clock_config.o
                0x00004156                BOARD_InitBootClocks
 .text.BOARD_InitBootPeripherals
                0x0000415e        0x2 ./board/peripherals.o
                0x0000415e                BOARD_InitBootPeripherals
 .text.BOARD_InitBootPins
                0x00004160       0x1c ./board/pin_mux.o
                0x00004160                BOARD_InitBootPins
 .text.__main   0x0000417c        0xc c:/nxp/mcuxpressoide_11.7.0_9198/ide/plugins/com.nxp.mcuxpresso.tools.win32_11.7.0.202209140929/tools/bin/../lib/gcc/arm-none-eabi/10.3.1/../../../../arm-none-eabi/lib/thumb/v6-m/nofp\libcr_nohost_nf.a(_cr__main.o)
                0x0000417c                __main
 .text.memcpy   0x00004188        0x8 c:/nxp/mcuxpressoide_11.7.0_9198/ide/plugins/com.nxp.mcuxpresso.tools.win32_11.7.0.202209140929/tools/bin/../lib/gcc/arm-none-eabi/10.3.1/../../../../arm-none-eabi/lib/thumb/v6-m/nofp\libcr_c.a(memcpy.o)
                0x00004188                memcpy
 .text.memset   0x00004190        0x8 c:/nxp/mcuxpressoide_11.7.0_9198/ide/plugins/com.nxp.mcuxpresso.tools.win32_11.7.0.202209140929/tools/bin/../lib/gcc/arm-none-eabi/10.3.1/../../../../arm-none-eabi/lib/thumb/v6-m/nofp\libcr_c.a(memset.o)
                0x00004190                memset
 .text.free     0x00004198       0x2c c:/nxp/mcuxpressoide_11.7.0_9198/ide/plugins/com.nxp.mcuxpresso.tools.win32_11.7.0.202209140929/tools/bin/../lib/gcc/arm-none-eabi/10.3.1/../../../../arm-none-eabi/lib/thumb/v6-m/nofp\libcr_c.a(alloc.o)
                0x00004198                free
 .text.no_fp_display
                0x000041c4        0x4 c:/nxp/mcuxpressoide_11.7.0_9198/ide/plugins/com.nxp.mcuxpresso.tools.win32_11.7.0.202209140929/tools/bin/../lib/gcc/arm-none-eabi/10.3.1/../../../../arm-none-eabi/lib/thumb/v6-m/nofp\libcr_c.a(printf.o)
 .text.remove   0x000041c8       0x12 c:/nxp/mcuxpressoide_11.7.0_9198/ide/plugins/com.nxp.mcuxpresso.tools.win32_11.7.0.202209140929/tools/bin/../lib/gcc/arm-none-eabi/10.3.1/../../../../arm-none-eabi/lib/thumb/v6-m/nofp\libcr_c.a(remove.o)
                0x000041c8                remove
 .text.__aeabi_division_idivmod
                0x000041da       0x78 c:/nxp/mcuxpressoide_11.7.0_9198/ide/plugins/com.nxp.mcuxpresso.tools.win32_11.7.0.202209140929/tools/bin/../lib/gcc/arm-none-eabi/10.3.1/thumb/v6-m/nofp\libcr_eabihelpers.a(division_32.o)
                0x000041da                __aeabi_idivmod
                0x000041da                __aeabi_idiv
                0x000041e0                __aeabi_uidivmod
                0x000041e0                __aeabi_uidiv
 .text.__aeabi_division_uldivmod
                0x00004252       0x5a c:/nxp/mcuxpressoide_11.7.0_9198/ide/plugins/com.nxp.mcuxpresso.tools.win32_11.7.0.202209140929/tools/bin/../lib/gcc/arm-none-eabi/10.3.1/thumb/v6-m/nofp\libcr_eabihelpers.a(division_64.o)
                0x00004252                __aeabi_uldivmod
 .text.__aeabi_division_idiv0
                0x000042ac        0x2 c:/nxp/mcuxpressoide_11.7.0_9198/ide/plugins/com.nxp.mcuxpresso.tools.win32_11.7.0.202209140929/tools/bin/../lib/gcc/arm-none-eabi/10.3.1/thumb/v6-m/nofp\libcr_eabihelpers.a(division_idiv0.o)
                0x000042ac                __aeabi_idiv0
 .text.__bhs_ui2d
                0x000042ae       0x5e c:/nxp/mcuxpressoide_11.7.0_9198/ide/plugins/com.nxp.mcuxpresso.tools.win32_11.7.0.202209140929/tools/bin/../lib/gcc/arm-none-eabi/10.3.1/thumb/v6-m/nofp\libcr_eabihelpers.a(double.o)
                0x000042ae                __bhs_ui2d
 .text.__aeabi_i2d
                0x0000430c       0x18 c:/nxp/mcuxpressoide_11.7.0_9198/ide/plugins/com.nxp.mcuxpresso.tools.win32_11.7.0.202209140929/tools/bin/../lib/gcc/arm-none-eabi/10.3.1/thumb/v6-m/nofp\libcr_eabihelpers.a(double.o)
                0x0000430c                __aeabi_i2d
 .text.__aeabi_f2uiz
                0x00004324       0x2a c:/nxp/mcuxpressoide_11.7.0_9198/ide/plugins/com.nxp.mcuxpresso.tools.win32_11.7.0.202209140929/tools/bin/../lib/gcc/arm-none-eabi/10.3.1/thumb/v6-m/nofp\libcr_eabihelpers.a(float.o)
                0x00004324                __aeabi_f2uiz
 .text.__bhs_ui2f
                0x0000434e       0x60 c:/nxp/mcuxpressoide_11.7.0_9198/ide/plugins/com.nxp.mcuxpresso.tools.win32_11.7.0.202209140929/tools/bin/../lib/gcc/arm-none-eabi/10.3.1/thumb/v6-m/nofp\libcr_eabihelpers.a(float.o)
                0x0000434e                __bhs_ui2f
 .text.__aeabi_i2f
                0x000043ae       0x18 c:/nxp/mcuxpressoide_11.7.0_9198/ide/plugins/com.nxp.mcuxpresso.tools.win32_11.7.0.202209140929/tools/bin/../lib/gcc/arm-none-eabi/10.3.1/thumb/v6-m/nofp\libcr_eabihelpers.a(float.o)
                0x000043ae                __aeabi_i2f
 .text.__aeabi_ui2f
                0x000043c6        0xc c:/nxp/mcuxpressoide_11.7.0_9198/ide/plugins/com.nxp.mcuxpresso.tools.win32_11.7.0.202209140929/tools/bin/../lib/gcc/arm-none-eabi/10.3.1/thumb/v6-m/nofp\libcr_eabihelpers.a(float.o)
                0x000043c6                __aeabi_ui2f
 .text.__aeabi_fcmpeq
                0x000043d2       0x20 c:/nxp/mcuxpressoide_11.7.0_9198/ide/plugins/com.nxp.mcuxpresso.tools.win32_11.7.0.202209140929/tools/bin/../lib/gcc/arm-none-eabi/10.3.1/thumb/v6-m/nofp\libcr_eabihelpers.a(float.o)
                0x000043d2                __aeabi_fcmpeq
 .text.__aeabi_fcmplt
                0x000043f2       0x42 c:/nxp/mcuxpressoide_11.7.0_9198/ide/plugins/com.nxp.mcuxpresso.tools.win32_11.7.0.202209140929/tools/bin/../lib/gcc/arm-none-eabi/10.3.1/thumb/v6-m/nofp\libcr_eabihelpers.a(float.o)
                0x000043f2                __aeabi_fcmplt
 .text.__aeabi_fcmpgt
                0x00004434       0x3e c:/nxp/mcuxpressoide_11.7.0_9198/ide/plugins/com.nxp.mcuxpresso.tools.win32_11.7.0.202209140929/tools/bin/../lib/gcc/arm-none-eabi/10.3.1/thumb/v6-m/nofp\libcr_eabihelpers.a(float.o)
                0x00004434                __aeabi_fcmpgt
 .text.__aeabi_llong_lmul
                0x00004472       0x2e c:/nxp/mcuxpressoide_11.7.0_9198/ide/plugins/com.nxp.mcuxpresso.tools.win32_11.7.0.202209140929/tools/bin/../lib/gcc/arm-none-eabi/10.3.1/thumb/v6-m/nofp\libcr_eabihelpers.a(llong.o)
                0x00004472                __aeabi_lmul
 .text.__aeabi_memcpy
                0x000044a0       0x2c c:/nxp/mcuxpressoide_11.7.0_9198/ide/plugins/com.nxp.mcuxpresso.tools.win32_11.7.0.202209140929/tools/bin/../lib/gcc/arm-none-eabi/10.3.1/thumb/v6-m/nofp\libcr_eabihelpers.a(memcpy.o)
                0x000044a0                __aeabi_memcpy4
                0x000044a0                __aeabi_memcpy8
                0x000044a0                __aeabi_memcpy
 .text.__aeabi_memset_lowlevel
                0x000044cc       0x2a c:/nxp/mcuxpressoide_11.7.0_9198/ide/plugins/com.nxp.mcuxpresso.tools.win32_11.7.0.202209140929/tools/bin/../lib/gcc/arm-none-eabi/10.3.1/thumb/v6-m/nofp\libcr_eabihelpers.a(memcpy.o)
                0x000044cc                __aeabi_lowlevel_memset
 .text.__gnu_thumb1_case_uqi
                0x000044f6       0x10 c:/nxp/mcuxpressoide_11.7.0_9198/ide/plugins/com.nxp.mcuxpresso.tools.win32_11.7.0.202209140929/tools/bin/../lib/gcc/arm-none-eabi/10.3.1/thumb/v6-m/nofp\libcr_eabihelpers.a(thumb1_switch_helpers.o)
                0x000044f6                __gnu_thumb1_case_uqi
 .text.__gnu_thumb1_case_shi
                0x00004506       0x10 c:/nxp/mcuxpressoide_11.7.0_9198/ide/plugins/com.nxp.mcuxpresso.tools.win32_11.7.0.202209140929/tools/bin/../lib/gcc/arm-none-eabi/10.3.1/thumb/v6-m/nofp\libcr_eabihelpers.a(thumb1_switch_helpers.o)
                0x00004506                __gnu_thumb1_case_shi
 .text.__sys_appexit
                0x00004516        0x2 c:/nxp/mcuxpressoide_11.7.0_9198/ide/plugins/com.nxp.mcuxpresso.tools.win32_11.7.0.202209140929/tools/bin/../lib/gcc/arm-none-eabi/10.3.1/../../../../arm-none-eabi/lib/thumb/v6-m/nofp\libcr_nohost_nf.a(__sys_appexit.o)
                0x00004516                __sys_appexit
                0x00004516                __exit
 .text.__sys_close
                0x00004518        0x6 c:/nxp/mcuxpressoide_11.7.0_9198/ide/plugins/com.nxp.mcuxpresso.tools.win32_11.7.0.202209140929/tools/bin/../lib/gcc/arm-none-eabi/10.3.1/../../../../arm-none-eabi/lib/thumb/v6-m/nofp\libcr_nohost_nf.a(__sys_close.o)
                0x00004518                __sys_close
 .text.__sys_flen
                0x0000451e        0x6 c:/nxp/mcuxpressoide_11.7.0_9198/ide/plugins/com.nxp.mcuxpresso.tools.win32_11.7.0.202209140929/tools/bin/../lib/gcc/arm-none-eabi/10.3.1/../../../../arm-none-eabi/lib/thumb/v6-m/nofp\libcr_nohost_nf.a(__sys_flen.o)
                0x0000451e                __sys_flen
 .text.__sys_istty
                0x00004524        0x6 c:/nxp/mcuxpressoide_11.7.0_9198/ide/plugins/com.nxp.mcuxpresso.tools.win32_11.7.0.202209140929/tools/bin/../lib/gcc/arm-none-eabi/10.3.1/../../../../arm-none-eabi/lib/thumb/v6-m/nofp\libcr_nohost_nf.a(__sys_istty.o)
                0x00004524                __sys_istty
 .text.__sys_remove
                0x0000452a        0x6 c:/nxp/mcuxpressoide_11.7.0_9198/ide/plugins/com.nxp.mcuxpresso.tools.win32_11.7.0.202209140929/tools/bin/../lib/gcc/arm-none-eabi/10.3.1/../../../../arm-none-eabi/lib/thumb/v6-m/nofp\libcr_nohost_nf.a(__sys_remove.o)
                0x0000452a                __sys_remove
 .text.__sys_seek
                0x00004530        0x6 c:/nxp/mcuxpressoide_11.7.0_9198/ide/plugins/com.nxp.mcuxpresso.tools.win32_11.7.0.202209140929/tools/bin/../lib/gcc/arm-none-eabi/10.3.1/../../../../arm-none-eabi/lib/thumb/v6-m/nofp\libcr_nohost_nf.a(__sys_seek.o)
                0x00004530                __sys_seek
 .text.__sys_tmpnam
                0x00004536        0x6 c:/nxp/mcuxpressoide_11.7.0_9198/ide/plugins/com.nxp.mcuxpresso.tools.win32_11.7.0.202209140929/tools/bin/../lib/gcc/arm-none-eabi/10.3.1/../../../../arm-none-eabi/lib/thumb/v6-m/nofp\libcr_nohost_nf.a(__sys_tmpnam.o)
                0x00004536                __sys_tmpnam
 .text.__sys_write
                0x0000453c        0x4 c:/nxp/mcuxpressoide_11.7.0_9198/ide/plugins/com.nxp.mcuxpresso.tools.win32_11.7.0.202209140929/tools/bin/../lib/gcc/arm-none-eabi/10.3.1/../../../../arm-none-eabi/lib/thumb/v6-m/nofp\libcr_nohost_nf.a(__sys_write.o)
                0x0000453c                __sys_write
 *(SORT_BY_ALIGNMENT(.rodata) SORT_BY_ALIGNMENT(.rodata.*) SORT_BY_ALIGNMENT(.constdata) SORT_BY_ALIGNMENT(.constdata.*))
 .rodata.a1.1   0x00004540       0x88 c:/nxp/mcuxpressoide_11.7.0_9198/ide/plugins/com.nxp.mcuxpresso.tools.win32_11.7.0.202209140929/tools/bin/../lib/gcc/arm-none-eabi/10.3.1/../../../../arm-none-eabi/lib/thumb/v6-m/nofp\libcr_c.a(pow.o)
 .rodata.a2.0   0x000045c8       0x40 c:/nxp/mcuxpressoide_11.7.0_9198/ide/plugins/com.nxp.mcuxpresso.tools.win32_11.7.0.202209140929/tools/bin/../lib/gcc/arm-none-eabi/10.3.1/../../../../arm-none-eabi/lib/thumb/v6-m/nofp\libcr_c.a(pow.o)
 .rodata.s_usartRest
                0x00004608       0x14 ./drivers/fsl_usart.o
 .rodata.s_UsartAdapterBase
                0x0000461c       0x14 ./component/uart/fsl_adapter_miniusart.o
 .rodata.__num_Ciob_streams
                0x00004630        0x4 c:/nxp/mcuxpressoide_11.7.0_9198/ide/plugins/com.nxp.mcuxpresso.tools.win32_11.7.0.202209140929/tools/bin/../lib/gcc/arm-none-eabi/10.3.1/../../../../arm-none-eabi/lib/thumb/v6-m/nofp\libcr_nohost_nf.a(__ciob.o)
                0x00004630                __num_Ciob_streams
 .rodata.s_gpioClockName
                0x00004634        0x4 ./drivers/fsl_gpio.o
 .rodata.s_usartClock
                0x00004638        0xa ./drivers/fsl_usart.o
 .rodata.main.str1.1
                0x00004642       0x16 ./source/main.o
                                 0x1a (size before relaxing)
 .rodata.ADC0_SEQA_IRQHandler.str1.1
                0x00004658       0x14 ./source/optic.o
 .rodata        0x0000466c        0x2 ./board/pin_mux.o
 .rodata._Csys_alloc.str1.1
                0x0000466e       0x18 c:/nxp/mcuxpressoide_11.7.0_9198/ide/plugins/com.nxp.mcuxpresso.tools.win32_11.7.0.202209140929/tools/bin/../lib/gcc/arm-none-eabi/10.3.1/../../../../arm-none-eabi/lib/thumb/v6-m/nofp\libcr_c.a(alloc.o)
 .rodata._initio.str1.1
                0x00004686        0x4 c:/nxp/mcuxpressoide_11.7.0_9198/ide/plugins/com.nxp.mcuxpresso.tools.win32_11.7.0.202209140929/tools/bin/../lib/gcc/arm-none-eabi/10.3.1/../../../../arm-none-eabi/lib/thumb/v6-m/nofp\libcr_c.a(initio.o)
 .rodata.__vfprintf.str1.1
                0x0000468a       0x37 c:/nxp/mcuxpressoide_11.7.0_9198/ide/plugins/com.nxp.mcuxpresso.tools.win32_11.7.0.202209140929/tools/bin/../lib/gcc/arm-none-eabi/10.3.1/../../../../arm-none-eabi/lib/thumb/v6-m/nofp\libcr_c.a(printf.o)
                                 0x38 (size before relaxing)
                0x000046c4                . = ALIGN (0x4)
 *fill*         0x000046c1        0x3 ff

.glue_7         0x000046c4        0x0
 .glue_7        0x000046c4        0x0 linker stubs

.glue_7t        0x000046c4        0x0
 .glue_7t       0x000046c4        0x0 linker stubs

.vfp11_veneer   0x000046c4        0x0
 .vfp11_veneer  0x000046c4        0x0 linker stubs

.v4_bx          0x000046c4        0x0
 .v4_bx         0x000046c4        0x0 linker stubs

.iplt           0x000046c4        0x0
 .iplt          0x000046c4        0x0 ./utilities/fsl_debug_console.o

.rel.dyn        0x000046c4        0x0
 .rel.iplt      0x000046c4        0x0 ./utilities/fsl_debug_console.o

.ARM.extab
 *(SORT_BY_ALIGNMENT(.ARM.extab*) SORT_BY_ALIGNMENT(.gnu.linkonce.armextab.*))

.ARM.exidx      0x000046c4        0x0
                0x000046c4                __exidx_start = .
 *(SORT_BY_ALIGNMENT(.ARM.exidx*) SORT_BY_ALIGNMENT(.gnu.linkonce.armexidx.*))
                0x000046c4                __exidx_end = .
                0x000046c4                _etext = .

.mtb_buffer_RAM2
 *(SORT_BY_ALIGNMENT(.mtb.$RAM2*))
 *(SORT_BY_ALIGNMENT(.mtb.$IAP_SRAM*))

.data_RAM2      0x10003fe0        0x0 load address 0x000046c4
 FILL mask 0xff
                [!provide]                PROVIDE (__start_data_RAM2 = .)
                [!provide]                PROVIDE (__start_data_IAP_SRAM = .)
 *(SORT_BY_ALIGNMENT(.ramfunc.$RAM2))
 *(SORT_BY_ALIGNMENT(.ramfunc.$IAP_SRAM))
 *(SORT_BY_ALIGNMENT(.data.$RAM2))
 *(SORT_BY_ALIGNMENT(.data.$IAP_SRAM))
 *(SORT_BY_ALIGNMENT(.data.$RAM2.*))
 *(SORT_BY_ALIGNMENT(.data.$IAP_SRAM.*))
                0x10003fe0                . = ALIGN (0x4)
                [!provide]                PROVIDE (__end_data_RAM2 = .)
                [!provide]                PROVIDE (__end_data_IAP_SRAM = .)

.mtb_buffer_default
                0x10000000       0x80
 *(SORT_BY_ALIGNMENT(.mtb*))
 .mtb.$RAM1     0x10000000       0x80 ./source/mtb.o
                0x10000000                __mtb_buffer__

.uninit_RESERVED
                0x10000080        0x0
                0x10000080                _start_uninit_RESERVED = .
 *(SORT_BY_ALIGNMENT(.bss.$RESERVED*))
                0x10000080                . = ALIGN (0x4)
                0x10000080                _end_uninit_RESERVED = .

.data           0x10000080        0x4 load address 0x000046c4
 FILL mask 0xff
                0x10000080                _data = .
                [!provide]                PROVIDE (__start_data_RAM = .)
                [!provide]                PROVIDE (__start_data_SRAM = .)
 *(SORT_BY_ALIGNMENT(vtable))
 *(SORT_BY_ALIGNMENT(.ramfunc*))
 *(SORT_BY_ALIGNMENT(CodeQuickAccess))
 *(SORT_BY_ALIGNMENT(DataQuickAccess))
 *(SORT_BY_ALIGNMENT(RamFunction))
 *(SORT_BY_ALIGNMENT(.data*))
 .data.SystemCoreClock
                0x10000080        0x4 ./device/system_LPC845.o
                0x10000080                SystemCoreClock
                0x10000084                . = ALIGN (0x4)
                0x10000084                _edata = .
                [!provide]                PROVIDE (__end_data_RAM = .)
                [!provide]                PROVIDE (__end_data_SRAM = .)

.igot.plt       0x10000084        0x0 load address 0x000046c8
 .igot.plt      0x10000084        0x0 ./utilities/fsl_debug_console.o

.bss_RAM2       0x10003fe0        0x0
                [!provide]                PROVIDE (__start_bss_RAM2 = .)
                [!provide]                PROVIDE (__start_bss_IAP_SRAM = .)
 *(SORT_BY_ALIGNMENT(.bss.$RAM2))
 *(SORT_BY_ALIGNMENT(.bss.$IAP_SRAM))
 *(SORT_BY_ALIGNMENT(.bss.$RAM2.*))
 *(SORT_BY_ALIGNMENT(.bss.$IAP_SRAM.*))
                0x10003fe0                . = ALIGN ((. != 0x0)?0x4:0x1)
                [!provide]                PROVIDE (__end_bss_RAM2 = .)
                [!provide]                PROVIDE (__end_bss_IAP_SRAM = .)

.bss            0x10000088      0x1f0
                0x10000088                _bss = .
                [!provide]                PROVIDE (__start_bss_RAM = .)
                [!provide]                PROVIDE (__start_bss_SRAM = .)
 *(SORT_BY_ALIGNMENT(.bss*))
 .bss.RPM_left  0x10000088        0x8 ./source/encoder.o
                0x10000088                RPM_left
 .bss.RPM_right
                0x10000090        0x8 ./source/encoder.o
                0x10000090                RPM_right
 .bss.s_debugConsole
                0x10000098       0x14 ./utilities/fsl_debug_console.o
 .bss.pid_left  0x100000ac       0x24 ./source/PID.o
                0x100000ac                pid_left
 .bss.pid_right
                0x100000d0       0x24 ./source/PID.o
                0x100000d0                pid_right
 .bss.car       0x100000f4        0x8 ./source/car.o
                0x100000f4                car
 .bss.car_prev  0x100000fc        0x8 ./source/car.o
                0x100000fc                car_prev
 .bss.back_left_first
                0x10000104        0x4 ./source/optic.o
                0x10000104                back_left_first
 .bss.back_left_second
                0x10000108        0x4 ./source/optic.o
                0x10000108                back_left_second
 .bss.back_right_first
                0x1000010c        0x4 ./source/optic.o
                0x1000010c                back_right_first
 .bss.back_right_second
                0x10000110        0x4 ./source/optic.o
                0x10000110                back_right_second
 .bss.front_left_first
                0x10000114        0x4 ./source/optic.o
                0x10000114                front_left_first
 .bss.front_left_second
                0x10000118        0x4 ./source/optic.o
                0x10000118                front_left_second
 .bss.front_right_first
                0x1000011c        0x4 ./source/optic.o
                0x1000011c                front_right_first
 .bss.front_right_second
                0x10000120        0x4 ./source/optic.o
                0x10000120                front_right_second
 .bss.optic_measurement
                0x10000124       0x18 ./source/optic.o
                0x10000124                optic_measurement
 .bss.g_systickCounter
                0x1000013c        0x4 ./source/sys.o
 .bss.ultrasonic_measurement
                0x10000140        0x8 ./source/ultrasonic.o
                0x10000140                ultrasonic_measurement
 .bss.g_Ext_Clk_Freq
                0x10000148        0x4 ./drivers/fsl_clock.o
                0x10000148                g_Ext_Clk_Freq
 .bss.g_Wdt_Osc_Freq
                0x1000014c        0x4 ./drivers/fsl_clock.o
                0x1000014c                g_Wdt_Osc_Freq
 .bss.s_ctimerCallback
                0x10000150        0x4 ./drivers/fsl_ctimer.o
 .bss.s_sctimerIsr
                0x10000154        0x4 ./drivers/fsl_sctimer.o
 .bss.s_usartHandle
                0x10000158       0x14 ./drivers/fsl_usart.o
 .bss.s_usartIsr
                0x1000016c        0x4 ./drivers/fsl_usart.o
 .bss.SCT0_pwmEvent
                0x10000170        0x8 ./board/peripherals.o
                0x10000170                SCT0_pwmEvent
 .bss.errno     0x10000178        0x4 c:/nxp/mcuxpressoide_11.7.0_9198/ide/plugins/com.nxp.mcuxpresso.tools.win32_11.7.0.202209140929/tools/bin/../lib/gcc/arm-none-eabi/10.3.1/../../../../arm-none-eabi/lib/thumb/v6-m/nofp\libcr_c.a(errno.o)
                0x10000178                errno
 .bss.__end_of_heap
                0x1000017c        0x4 c:/nxp/mcuxpressoide_11.7.0_9198/ide/plugins/com.nxp.mcuxpresso.tools.win32_11.7.0.202209140929/tools/bin/../lib/gcc/arm-none-eabi/10.3.1/../../../../arm-none-eabi/lib/thumb/v6-m/nofp\libcr_c.a(__init_alloc.o)
                0x1000017c                __end_of_heap
 .bss.__heaps   0x10000180        0x4 c:/nxp/mcuxpressoide_11.7.0_9198/ide/plugins/com.nxp.mcuxpresso.tools.win32_11.7.0.202209140929/tools/bin/../lib/gcc/arm-none-eabi/10.3.1/../../../../arm-none-eabi/lib/thumb/v6-m/nofp\libcr_c.a(__init_alloc.o)
                0x10000180                __heaps
 .bss.__Ciob    0x10000184       0xb4 c:/nxp/mcuxpressoide_11.7.0_9198/ide/plugins/com.nxp.mcuxpresso.tools.win32_11.7.0.202209140929/tools/bin/../lib/gcc/arm-none-eabi/10.3.1/../../../../arm-none-eabi/lib/thumb/v6-m/nofp\libcr_nohost_nf.a(__ciob.o)
                0x10000184                __Ciob
 .bss.Tou1      0x10000238        0x4 ./source/SysTimer.o
 .bss.Tou2      0x1000023c        0x4 ./source/SysTimer.o
 .bss.Tou3      0x10000240        0x4 ./source/SysTimer.o
 .bss.Tou4      0x10000244        0x4 ./source/SysTimer.o
 .bss.updated   0x10000248        0x1 ./source/PID.o
                0x10000248                updated
 .bss.buffer    0x10000249       0x12 ./source/bluetooth.o
                0x10000249                buffer
 .bss.bluetooth_prompts
                0x1000025b       0x12 ./source/car.o
                0x1000025b                bluetooth_prompts
 .bss.motor_left
                0x1000026d        0x3 ./source/motor.o
                0x1000026d                motor_left
 .bss.motor_right
                0x10000270        0x3 ./source/motor.o
                0x10000270                motor_right
 .bss.servo_turn_finished
                0x10000273        0x1 ./source/servo.o
                0x10000273                servo_turn_finished
 .bss.ctimerCallbackType
                0x10000274        0x1 ./drivers/fsl_ctimer.o
 *(SORT_BY_ALIGNMENT(COMMON))
                0x10000278                . = ALIGN (0x4)
 *fill*         0x10000275        0x3 
                0x10000278                _ebss = .
                [!provide]                PROVIDE (__end_bss_RAM = .)
                [!provide]                PROVIDE (__end_bss_SRAM = .)
                [!provide]                PROVIDE (end = .)

.noinit_RAM2    0x10003fe0        0x0
                [!provide]                PROVIDE (__start_noinit_RAM2 = .)
                [!provide]                PROVIDE (__start_noinit_IAP_SRAM = .)
 *(SORT_BY_ALIGNMENT(.noinit.$RAM2))
 *(SORT_BY_ALIGNMENT(.noinit.$IAP_SRAM))
 *(SORT_BY_ALIGNMENT(.noinit.$RAM2.*))
 *(SORT_BY_ALIGNMENT(.noinit.$IAP_SRAM.*))
                0x10003fe0                . = ALIGN (0x4)
                [!provide]                PROVIDE (__end_noinit_RAM2 = .)
                [!provide]                PROVIDE (__end_noinit_IAP_SRAM = .)

.noinit         0x10000278        0x0
                0x10000278                _noinit = .
                [!provide]                PROVIDE (__start_noinit_RAM = .)
                [!provide]                PROVIDE (__start_noinit_SRAM = .)
 *(SORT_BY_ALIGNMENT(.noinit*))
                0x10000278                . = ALIGN (0x4)
                0x10000278                _end_noinit = .
                [!provide]                PROVIDE (__end_noinit_RAM = .)
                [!provide]                PROVIDE (__end_noinit_SRAM = .)
                0x000003f8                _HeapSize = 0x3f8

.heap           0x10000278      0x3f8
                0x10000278                _pvHeapStart = .
                0x10000670                . = (. + _HeapSize)
 *fill*         0x10000278      0x3f8 
                0x10000670                . = ALIGN (0x4)
                0x10000670                _pvHeapLimit = .
                0x000003f8                _StackSize = 0x3f8

.heap2stackfill
                0x10000670      0x3f8
                0x10000a68                . = (. + _StackSize)
 *fill*         0x10000670      0x3f8 

.stack          0x10003be8        0x0
                0x10003be8                _vStackBase = .
                0x10003be8                . = ALIGN (0x4)
                0x10003fe0                _vStackTop = (. + _StackSize)
                0xefffb1c5                PROVIDE (__valid_user_code_checksum = (0x0 - (((_vStackTop + (ResetISR + 0x1)) + (DEFINED (NMI_Handler)?NMI_Handler:M0_NMI_Handler + 0x1)) + (DEFINED (HardFault_Handler)?HardFault_Handler:M0_HardFault_Handler + 0x1))))
                0x00000000                _image_start = LOADADDR (.text)
                0x000046c8                _image_end = (LOADADDR (.data) + SIZEOF (.data))
                0x000046c8                _image_size = (_image_end - _image_start)
OUTPUT(LPC845_Project.axf elf32-littlearm)
LOAD linker stubs

.debug_info     0x00000000    0x1bec1
 .debug_info    0x00000000     0x1417 ./utilities/fsl_debug_console.o
 .debug_info    0x00001417      0x664 ./startup/startup_lpc845.o
 .debug_info    0x00001a7b      0x95d ./source/MRT.o
 .debug_info    0x000023d8      0x370 ./source/PID.o
 .debug_info    0x00002748      0x4f9 ./source/SysTimer.o
 .debug_info    0x00002c41      0xc90 ./source/bluetooth.o
 .debug_info    0x000038d1      0xeec ./source/car.o
 .debug_info    0x000047bd       0xc2 ./source/distance.o
 .debug_info    0x0000487f      0xbcd ./source/encoder.o
 .debug_info    0x0000544c     0x1ae5 ./source/main.o
 .debug_info    0x00006f31     0x160d ./source/motor.o
 .debug_info    0x0000853e       0x4f ./source/mtb.o
 .debug_info    0x0000858d     0x1458 ./source/optic.o
 .debug_info    0x000099e5       0x38 ./source/semihost_hardfault.o
 .debug_info    0x00009a1d     0x1142 ./source/servo.o
 .debug_info    0x0000ab5f       0xbb ./source/sys.o
 .debug_info    0x0000ac1a      0xe66 ./source/ultrasonic.o
 .debug_info    0x0000ba80     0x16cf ./drivers/fsl_clock.o
 .debug_info    0x0000d14f     0x1867 ./drivers/fsl_ctimer.o
 .debug_info    0x0000e9b6      0xe75 ./drivers/fsl_gpio.o
 .debug_info    0x0000f82b      0x795 ./drivers/fsl_reset.o
 .debug_info    0x0000ffc0     0x1d3a ./drivers/fsl_sctimer.o
 .debug_info    0x00011cfa      0x73f ./drivers/fsl_swm.o
 .debug_info    0x00012439     0x22cb ./drivers/fsl_usart.o
 .debug_info    0x00014704      0x7a8 ./device/system_LPC845.o
 .debug_info    0x00014eac      0xfd4 ./component/uart/fsl_adapter_miniusart.o
 .debug_info    0x00015e80      0xca4 ./board/board.o
 .debug_info    0x00016b24      0xe7b ./board/clock_config.o
 .debug_info    0x0001799f     0x2a37 ./board/peripherals.o
 .debug_info    0x0001a3d6     0x1aeb ./board/pin_mux.o

.debug_abbrev   0x00000000     0x46db
 .debug_abbrev  0x00000000      0x37d ./utilities/fsl_debug_console.o
 .debug_abbrev  0x0000037d      0x192 ./startup/startup_lpc845.o
 .debug_abbrev  0x0000050f      0x26b ./source/MRT.o
 .debug_abbrev  0x0000077a      0x1a2 ./source/PID.o
 .debug_abbrev  0x0000091c      0x1f2 ./source/SysTimer.o
 .debug_abbrev  0x00000b0e      0x294 ./source/bluetooth.o
 .debug_abbrev  0x00000da2      0x1ff ./source/car.o
 .debug_abbrev  0x00000fa1       0x62 ./source/distance.o
 .debug_abbrev  0x00001003      0x1ae ./source/encoder.o
 .debug_abbrev  0x000011b1      0x382 ./source/main.o
 .debug_abbrev  0x00001533      0x2d7 ./source/motor.o
 .debug_abbrev  0x0000180a       0x43 ./source/mtb.o
 .debug_abbrev  0x0000184d      0x33f ./source/optic.o
 .debug_abbrev  0x00001b8c       0x2e ./source/semihost_hardfault.o
 .debug_abbrev  0x00001bba      0x25a ./source/servo.o
 .debug_abbrev  0x00001e14       0x8b ./source/sys.o
 .debug_abbrev  0x00001e9f      0x259 ./source/ultrasonic.o
 .debug_abbrev  0x000020f8      0x433 ./drivers/fsl_clock.o
 .debug_abbrev  0x0000252b      0x46b ./drivers/fsl_ctimer.o
 .debug_abbrev  0x00002996      0x227 ./drivers/fsl_gpio.o
 .debug_abbrev  0x00002bbd      0x1a6 ./drivers/fsl_reset.o
 .debug_abbrev  0x00002d63      0x430 ./drivers/fsl_sctimer.o
 .debug_abbrev  0x00003193      0x182 ./drivers/fsl_swm.o
 .debug_abbrev  0x00003315      0x4a8 ./drivers/fsl_usart.o
 .debug_abbrev  0x000037bd      0x15b ./device/system_LPC845.o
 .debug_abbrev  0x00003918      0x2a0 ./component/uart/fsl_adapter_miniusart.o
 .debug_abbrev  0x00003bb8      0x1e5 ./board/board.o
 .debug_abbrev  0x00003d9d      0x29a ./board/clock_config.o
 .debug_abbrev  0x00004037      0x3b6 ./board/peripherals.o
 .debug_abbrev  0x000043ed      0x2ee ./board/pin_mux.o

.debug_loc      0x00000000     0x68b3
 .debug_loc     0x00000000      0xc7c ./utilities/fsl_debug_console.o
 .debug_loc     0x00000c7c      0x234 ./startup/startup_lpc845.o
 .debug_loc     0x00000eb0      0x267 ./source/MRT.o
 .debug_loc     0x00001117      0x121 ./source/PID.o
 .debug_loc     0x00001238      0x167 ./source/SysTimer.o
 .debug_loc     0x0000139f      0x118 ./source/bluetooth.o
 .debug_loc     0x000014b7      0x2db ./source/car.o
 .debug_loc     0x00001792       0x4a ./source/encoder.o
 .debug_loc     0x000017dc      0x15d ./source/main.o
 .debug_loc     0x00001939      0x399 ./source/motor.o
 .debug_loc     0x00001cd2      0x177 ./source/optic.o
 .debug_loc     0x00001e49      0x402 ./source/servo.o
 .debug_loc     0x0000224b       0xe2 ./source/ultrasonic.o
 .debug_loc     0x0000232d      0xa34 ./drivers/fsl_clock.o
 .debug_loc     0x00002d61      0xa33 ./drivers/fsl_ctimer.o
 .debug_loc     0x00003794      0x22d ./drivers/fsl_gpio.o
 .debug_loc     0x000039c1      0x175 ./drivers/fsl_reset.o
 .debug_loc     0x00003b36      0xe6d ./drivers/fsl_sctimer.o
 .debug_loc     0x000049a3      0x187 ./drivers/fsl_swm.o
 .debug_loc     0x00004b2a      0xebc ./drivers/fsl_usart.o
 .debug_loc     0x000059e6       0xca ./device/system_LPC845.o
 .debug_loc     0x00005ab0      0x276 ./component/uart/fsl_adapter_miniusart.o
 .debug_loc     0x00005d26       0x2d ./board/board.o
 .debug_loc     0x00005d53       0xfa ./board/clock_config.o
 .debug_loc     0x00005e4d      0x658 ./board/peripherals.o
 .debug_loc     0x000064a5      0x40e ./board/pin_mux.o

.debug_aranges  0x00000000      0x9c0
 .debug_aranges
                0x00000000       0x58 ./utilities/fsl_debug_console.o
 .debug_aranges
                0x00000058      0x160 ./startup/startup_lpc845.o
 .debug_aranges
                0x000001b8       0x20 ./source/MRT.o
 .debug_aranges
                0x000001d8       0x38 ./source/PID.o
 .debug_aranges
                0x00000210       0x98 ./source/SysTimer.o
 .debug_aranges
                0x000002a8       0x48 ./source/bluetooth.o
 .debug_aranges
                0x000002f0       0x70 ./source/car.o
 .debug_aranges
                0x00000360       0x20 ./source/distance.o
 .debug_aranges
                0x00000380       0x28 ./source/encoder.o
 .debug_aranges
                0x000003a8       0x20 ./source/main.o
 .debug_aranges
                0x000003c8       0x50 ./source/motor.o
 .debug_aranges
                0x00000418       0x18 ./source/mtb.o
 .debug_aranges
                0x00000430       0x50 ./source/optic.o
 .debug_aranges
                0x00000480       0x20 ./source/semihost_hardfault.o
 .debug_aranges
                0x000004a0       0x30 ./source/servo.o
 .debug_aranges
                0x000004d0       0x20 ./source/sys.o
 .debug_aranges
                0x000004f0       0x48 ./source/ultrasonic.o
 .debug_aranges
                0x00000538       0xe0 ./drivers/fsl_clock.o
 .debug_aranges
                0x00000618       0x78 ./drivers/fsl_ctimer.o
 .debug_aranges
                0x00000690       0x28 ./drivers/fsl_gpio.o
 .debug_aranges
                0x000006b8       0x20 ./drivers/fsl_reset.o
 .debug_aranges
                0x000006d8       0x88 ./drivers/fsl_sctimer.o
 .debug_aranges
                0x00000760       0x28 ./drivers/fsl_swm.o
 .debug_aranges
                0x00000788       0xd0 ./drivers/fsl_usart.o
 .debug_aranges
                0x00000858       0x30 ./device/system_LPC845.o
 .debug_aranges
                0x00000888       0x40 ./component/uart/fsl_adapter_miniusart.o
 .debug_aranges
                0x000008c8       0x20 ./board/board.o
 .debug_aranges
                0x000008e8       0x58 ./board/clock_config.o
 .debug_aranges
                0x00000940       0x28 ./board/peripherals.o
 .debug_aranges
                0x00000968       0x58 ./board/pin_mux.o

.debug_ranges   0x00000000     0x1318
 .debug_ranges  0x00000000       0xa0 ./utilities/fsl_debug_console.o
 .debug_ranges  0x000000a0      0x150 ./startup/startup_lpc845.o
 .debug_ranges  0x000001f0       0x98 ./source/MRT.o
 .debug_ranges  0x00000288       0x28 ./source/PID.o
 .debug_ranges  0x000002b0       0xa0 ./source/SysTimer.o
 .debug_ranges  0x00000350       0xb0 ./source/bluetooth.o
 .debug_ranges  0x00000400       0x98 ./source/car.o
 .debug_ranges  0x00000498       0x10 ./source/distance.o
 .debug_ranges  0x000004a8       0x18 ./source/encoder.o
 .debug_ranges  0x000004c0       0xa8 ./source/main.o
 .debug_ranges  0x00000568       0xd8 ./source/motor.o
 .debug_ranges  0x00000640       0xd0 ./source/optic.o
 .debug_ranges  0x00000710       0x10 ./source/semihost_hardfault.o
 .debug_ranges  0x00000720       0x68 ./source/servo.o
 .debug_ranges  0x00000788       0x10 ./source/sys.o
 .debug_ranges  0x00000798       0x70 ./source/ultrasonic.o
 .debug_ranges  0x00000808      0x148 ./drivers/fsl_clock.o
 .debug_ranges  0x00000950      0x110 ./drivers/fsl_ctimer.o
 .debug_ranges  0x00000a60       0xa8 ./drivers/fsl_gpio.o
 .debug_ranges  0x00000b08       0x28 ./drivers/fsl_reset.o
 .debug_ranges  0x00000b30      0x168 ./drivers/fsl_sctimer.o
 .debug_ranges  0x00000c98       0x18 ./drivers/fsl_swm.o
 .debug_ranges  0x00000cb0      0x180 ./drivers/fsl_usart.o
 .debug_ranges  0x00000e30       0x20 ./device/system_LPC845.o
 .debug_ranges  0x00000e50       0x48 ./component/uart/fsl_adapter_miniusart.o
 .debug_ranges  0x00000e98       0x38 ./board/board.o
 .debug_ranges  0x00000ed0       0xb0 ./board/clock_config.o
 .debug_ranges  0x00000f80      0x220 ./board/peripherals.o
 .debug_ranges  0x000011a0      0x178 ./board/pin_mux.o

.debug_line     0x00000000     0x93bb
 .debug_line    0x00000000      0x8c6 ./utilities/fsl_debug_console.o
 .debug_line    0x000008c6      0x3bb ./startup/startup_lpc845.o
 .debug_line    0x00000c81      0x360 ./source/MRT.o
 .debug_line    0x00000fe1      0x1f4 ./source/PID.o
 .debug_line    0x000011d5      0x33f ./source/SysTimer.o
 .debug_line    0x00001514      0x41e ./source/bluetooth.o
 .debug_line    0x00001932      0x6c1 ./source/car.o
 .debug_line    0x00001ff3       0x77 ./source/distance.o
 .debug_line    0x0000206a      0x360 ./source/encoder.o
 .debug_line    0x000023ca      0x6a2 ./source/main.o
 .debug_line    0x00002a6c      0x53e ./source/motor.o
 .debug_line    0x00002faa       0x30 ./source/mtb.o
 .debug_line    0x00002fda      0x646 ./source/optic.o
 .debug_line    0x00003620       0x5a ./source/semihost_hardfault.o
 .debug_line    0x0000367a      0x504 ./source/servo.o
 .debug_line    0x00003b7e       0xee ./source/sys.o
 .debug_line    0x00003c6c      0x41e ./source/ultrasonic.o
 .debug_line    0x0000408a      0xc05 ./drivers/fsl_clock.o
 .debug_line    0x00004c8f      0x91b ./drivers/fsl_ctimer.o
 .debug_line    0x000055aa      0x30a ./drivers/fsl_gpio.o
 .debug_line    0x000058b4      0x19f ./drivers/fsl_reset.o
 .debug_line    0x00005a53      0xc26 ./drivers/fsl_sctimer.o
 .debug_line    0x00006679      0x1e5 ./drivers/fsl_swm.o
 .debug_line    0x0000685e      0xf9f ./drivers/fsl_usart.o
 .debug_line    0x000077fd      0x2a1 ./device/system_LPC845.o
 .debug_line    0x00007a9e      0x3c4 ./component/uart/fsl_adapter_miniusart.o
 .debug_line    0x00007e62      0x307 ./board/board.o
 .debug_line    0x00008169      0x426 ./board/clock_config.o
 .debug_line    0x0000858f      0x7a1 ./board/peripherals.o
 .debug_line    0x00008d30      0x68b ./board/pin_mux.o

.debug_str      0x00000000     0x77df
 .debug_str     0x00000000     0x1454 ./utilities/fsl_debug_console.o
                               0x14b8 (size before relaxing)
 .debug_str     0x00001454      0x3ad ./startup/startup_lpc845.o
                                0x4da (size before relaxing)
 .debug_str     0x00001801      0x2fa ./source/MRT.o
                                0x5a0 (size before relaxing)
 .debug_str     0x00001afb       0xd1 ./source/PID.o
                                0x292 (size before relaxing)
 .debug_str     0x00001bcc      0x12e ./source/SysTimer.o
                                0x2eb (size before relaxing)
 .debug_str     0x00001cfa      0x27d ./source/bluetooth.o
                               0x10d4 (size before relaxing)
 .debug_str     0x00001f77      0x2d1 ./source/car.o
                               0x131d (size before relaxing)
 .debug_str     0x00002248       0x42 ./source/distance.o
                                0x1f3 (size before relaxing)
 .debug_str     0x0000228a      0x127 ./source/encoder.o
                                0xf62 (size before relaxing)
 .debug_str     0x000023b1      0x84d ./source/main.o
                               0x1adf (size before relaxing)
 .debug_str     0x00002bfe      0x144 ./source/motor.o
                               0x1306 (size before relaxing)
 .debug_str     0x00002d42       0x1f ./source/mtb.o
                                0x14b (size before relaxing)
 .debug_str     0x00002d61      0x53d ./source/optic.o
                               0x17de (size before relaxing)
 .debug_str     0x0000329e       0x1f ./source/semihost_hardfault.o
                                0x14b (size before relaxing)
 .debug_str     0x000032bd       0x7c ./source/servo.o
                                0xfc0 (size before relaxing)
 .debug_str     0x00003339       0x21 ./source/sys.o
                                0x1de (size before relaxing)
 .debug_str     0x0000335a       0x91 ./source/ultrasonic.o
                               0x1042 (size before relaxing)
 .debug_str     0x000033eb      0x815 ./drivers/fsl_clock.o
                               0x166f (size before relaxing)
 .debug_str     0x00003c00      0xad6 ./drivers/fsl_ctimer.o
                               0x1392 (size before relaxing)
 .debug_str     0x000046d6       0xef ./drivers/fsl_gpio.o
                               0x13db (size before relaxing)
 .debug_str     0x000047c5       0x6e ./drivers/fsl_reset.o
                                0x7fa (size before relaxing)
 .debug_str     0x00004833      0xad0 ./drivers/fsl_sctimer.o
                               0x192c (size before relaxing)
 .debug_str     0x00005303      0xa8c ./drivers/fsl_swm.o
                                0xd79 (size before relaxing)
 .debug_str     0x00005d8f      0x8ce ./drivers/fsl_usart.o
                               0x22c9 (size before relaxing)
 .debug_str     0x0000665d       0x90 ./device/system_LPC845.o
                                0x588 (size before relaxing)
 .debug_str     0x000066ed       0xdf ./component/uart/fsl_adapter_miniusart.o
                               0x151c (size before relaxing)
 .debug_str     0x000067cc      0x6e3 ./board/board.o
                               0x18e7 (size before relaxing)
 .debug_str     0x00006eaf      0x1f8 ./board/clock_config.o
                               0x105a (size before relaxing)
 .debug_str     0x000070a7      0x54a ./board/peripherals.o
                               0x26d8 (size before relaxing)
 .debug_str     0x000075f1      0x1ee ./board/pin_mux.o
                               0x1477 (size before relaxing)

.comment        0x00000000       0x49
 .comment       0x00000000       0x49 ./utilities/fsl_debug_console.o
                                 0x4a (size before relaxing)
 .comment       0x00000049       0x4a ./startup/startup_lpc845.o
 .comment       0x00000049       0x4a ./source/MRT.o
 .comment       0x00000049       0x4a ./source/PID.o
 .comment       0x00000049       0x4a ./source/SysTimer.o
 .comment       0x00000049       0x4a ./source/bluetooth.o
 .comment       0x00000049       0x4a ./source/car.o
 .comment       0x00000049       0x4a ./source/distance.o
 .comment       0x00000049       0x4a ./source/encoder.o
 .comment       0x00000049       0x4a ./source/main.o
 .comment       0x00000049       0x4a ./source/motor.o
 .comment       0x00000049       0x4a ./source/mtb.o
 .comment       0x00000049       0x4a ./source/optic.o
 .comment       0x00000049       0x4a ./source/semihost_hardfault.o
 .comment       0x00000049       0x4a ./source/servo.o
 .comment       0x00000049       0x4a ./source/sys.o
 .comment       0x00000049       0x4a ./source/ultrasonic.o
 .comment       0x00000049       0x4a ./drivers/fsl_clock.o
 .comment       0x00000049       0x4a ./drivers/fsl_ctimer.o
 .comment       0x00000049       0x4a ./drivers/fsl_gpio.o
 .comment       0x00000049       0x4a ./drivers/fsl_reset.o
 .comment       0x00000049       0x4a ./drivers/fsl_sctimer.o
 .comment       0x00000049       0x4a ./drivers/fsl_swm.o
 .comment       0x00000049       0x4a ./drivers/fsl_usart.o
 .comment       0x00000049       0x4a ./device/system_LPC845.o
 .comment       0x00000049       0x4a ./component/uart/fsl_adapter_miniusart.o
 .comment       0x00000049       0x4a ./board/board.o
 .comment       0x00000049       0x4a ./board/clock_config.o
 .comment       0x00000049       0x4a ./board/peripherals.o
 .comment       0x00000049       0x4a ./board/pin_mux.o
 .comment       0x00000049       0x4a c:/nxp/mcuxpressoide_11.7.0_9198/ide/plugins/com.nxp.mcuxpresso.tools.win32_11.7.0.202209140929/tools/bin/../lib/gcc/arm-none-eabi/10.3.1/../../../../arm-none-eabi/lib/thumb/v6-m/nofp\libcr_nohost_nf.a(_cr__main.o)
 .comment       0x00000049       0x4a c:/nxp/mcuxpressoide_11.7.0_9198/ide/plugins/com.nxp.mcuxpresso.tools.win32_11.7.0.202209140929/tools/bin/../lib/gcc/arm-none-eabi/10.3.1/../../../../arm-none-eabi/lib/thumb/v6-m/nofp\libcr_c.a(ceilf.o)
 .comment       0x00000049       0x4a c:/nxp/mcuxpressoide_11.7.0_9198/ide/plugins/com.nxp.mcuxpresso.tools.win32_11.7.0.202209140929/tools/bin/../lib/gcc/arm-none-eabi/10.3.1/../../../../arm-none-eabi/lib/thumb/v6-m/nofp\libcr_c.a(memcpy.o)
 .comment       0x00000049       0x4a c:/nxp/mcuxpressoide_11.7.0_9198/ide/plugins/com.nxp.mcuxpresso.tools.win32_11.7.0.202209140929/tools/bin/../lib/gcc/arm-none-eabi/10.3.1/../../../../arm-none-eabi/lib/thumb/v6-m/nofp\libcr_c.a(memset.o)
 .comment       0x00000049       0x4a c:/nxp/mcuxpressoide_11.7.0_9198/ide/plugins/com.nxp.mcuxpresso.tools.win32_11.7.0.202209140929/tools/bin/../lib/gcc/arm-none-eabi/10.3.1/../../../../arm-none-eabi/lib/thumb/v6-m/nofp\libcr_c.a(alloc.o)
 .comment       0x00000049       0x4a c:/nxp/mcuxpressoide_11.7.0_9198/ide/plugins/com.nxp.mcuxpresso.tools.win32_11.7.0.202209140929/tools/bin/../lib/gcc/arm-none-eabi/10.3.1/../../../../arm-none-eabi/lib/thumb/v6-m/nofp\libcr_c.a(errno.o)
 .comment       0x00000049       0x4a c:/nxp/mcuxpressoide_11.7.0_9198/ide/plugins/com.nxp.mcuxpresso.tools.win32_11.7.0.202209140929/tools/bin/../lib/gcc/arm-none-eabi/10.3.1/../../../../arm-none-eabi/lib/thumb/v6-m/nofp\libcr_c.a(floor.o)
 .comment       0x00000049       0x4a c:/nxp/mcuxpressoide_11.7.0_9198/ide/plugins/com.nxp.mcuxpresso.tools.win32_11.7.0.202209140929/tools/bin/../lib/gcc/arm-none-eabi/10.3.1/../../../../arm-none-eabi/lib/thumb/v6-m/nofp\libcr_c.a(initio.o)
 .comment       0x00000049       0x4a c:/nxp/mcuxpressoide_11.7.0_9198/ide/plugins/com.nxp.mcuxpresso.tools.win32_11.7.0.202209140929/tools/bin/../lib/gcc/arm-none-eabi/10.3.1/../../../../arm-none-eabi/lib/thumb/v6-m/nofp\libcr_c.a(pow.o)
 .comment       0x00000049       0x4a c:/nxp/mcuxpressoide_11.7.0_9198/ide/plugins/com.nxp.mcuxpresso.tools.win32_11.7.0.202209140929/tools/bin/../lib/gcc/arm-none-eabi/10.3.1/../../../../arm-none-eabi/lib/thumb/v6-m/nofp\libcr_c.a(printf.o)
 .comment       0x00000049       0x4a c:/nxp/mcuxpressoide_11.7.0_9198/ide/plugins/com.nxp.mcuxpresso.tools.win32_11.7.0.202209140929/tools/bin/../lib/gcc/arm-none-eabi/10.3.1/../../../../arm-none-eabi/lib/thumb/v6-m/nofp\libcr_c.a(setvbuf.o)
 .comment       0x00000049       0x4a c:/nxp/mcuxpressoide_11.7.0_9198/ide/plugins/com.nxp.mcuxpresso.tools.win32_11.7.0.202209140929/tools/bin/../lib/gcc/arm-none-eabi/10.3.1/../../../../arm-none-eabi/lib/thumb/v6-m/nofp\libcr_c.a(strlen.o)
 .comment       0x00000049       0x4a c:/nxp/mcuxpressoide_11.7.0_9198/ide/plugins/com.nxp.mcuxpresso.tools.win32_11.7.0.202209140929/tools/bin/../lib/gcc/arm-none-eabi/10.3.1/../../../../arm-none-eabi/lib/thumb/v6-m/nofp\libcr_c.a(__init_alloc.o)
 .comment       0x00000049       0x4a c:/nxp/mcuxpressoide_11.7.0_9198/ide/plugins/com.nxp.mcuxpresso.tools.win32_11.7.0.202209140929/tools/bin/../lib/gcc/arm-none-eabi/10.3.1/../../../../arm-none-eabi/lib/thumb/v6-m/nofp\libcr_c.a(_cr_sbrk.o)
 .comment       0x00000049       0x4a c:/nxp/mcuxpressoide_11.7.0_9198/ide/plugins/com.nxp.mcuxpresso.tools.win32_11.7.0.202209140929/tools/bin/../lib/gcc/arm-none-eabi/10.3.1/../../../../arm-none-eabi/lib/thumb/v6-m/nofp\libcr_c.a(_deferredlazyseek.o)
 .comment       0x00000049       0x4a c:/nxp/mcuxpressoide_11.7.0_9198/ide/plugins/com.nxp.mcuxpresso.tools.win32_11.7.0.202209140929/tools/bin/../lib/gcc/arm-none-eabi/10.3.1/../../../../arm-none-eabi/lib/thumb/v6-m/nofp\libcr_c.a(_fdopen.o)
 .comment       0x00000049       0x4a c:/nxp/mcuxpressoide_11.7.0_9198/ide/plugins/com.nxp.mcuxpresso.tools.win32_11.7.0.202209140929/tools/bin/../lib/gcc/arm-none-eabi/10.3.1/../../../../arm-none-eabi/lib/thumb/v6-m/nofp\libcr_c.a(_fflush.o)
 .comment       0x00000049       0x4a c:/nxp/mcuxpressoide_11.7.0_9198/ide/plugins/com.nxp.mcuxpresso.tools.win32_11.7.0.202209140929/tools/bin/../lib/gcc/arm-none-eabi/10.3.1/../../../../arm-none-eabi/lib/thumb/v6-m/nofp\libcr_c.a(_writebuf.o)
 .comment       0x00000049       0x4a c:/nxp/mcuxpressoide_11.7.0_9198/ide/plugins/com.nxp.mcuxpresso.tools.win32_11.7.0.202209140929/tools/bin/../lib/gcc/arm-none-eabi/10.3.1/../../../../arm-none-eabi/lib/thumb/v6-m/nofp\libcr_c.a(fclose.o)
 .comment       0x00000049       0x4a c:/nxp/mcuxpressoide_11.7.0_9198/ide/plugins/com.nxp.mcuxpresso.tools.win32_11.7.0.202209140929/tools/bin/../lib/gcc/arm-none-eabi/10.3.1/../../../../arm-none-eabi/lib/thumb/v6-m/nofp\libcr_c.a(fflush.o)
 .comment       0x00000049       0x4a c:/nxp/mcuxpressoide_11.7.0_9198/ide/plugins/com.nxp.mcuxpresso.tools.win32_11.7.0.202209140929/tools/bin/../lib/gcc/arm-none-eabi/10.3.1/../../../../arm-none-eabi/lib/thumb/v6-m/nofp\libcr_c.a(frexp.o)
 .comment       0x00000049       0x4a c:/nxp/mcuxpressoide_11.7.0_9198/ide/plugins/com.nxp.mcuxpresso.tools.win32_11.7.0.202209140929/tools/bin/../lib/gcc/arm-none-eabi/10.3.1/../../../../arm-none-eabi/lib/thumb/v6-m/nofp\libcr_c.a(fseek.o)
 .comment       0x00000049       0x4a c:/nxp/mcuxpressoide_11.7.0_9198/ide/plugins/com.nxp.mcuxpresso.tools.win32_11.7.0.202209140929/tools/bin/../lib/gcc/arm-none-eabi/10.3.1/../../../../arm-none-eabi/lib/thumb/v6-m/nofp\libcr_c.a(ftell.o)
 .comment       0x00000049       0x4a c:/nxp/mcuxpressoide_11.7.0_9198/ide/plugins/com.nxp.mcuxpresso.tools.win32_11.7.0.202209140929/tools/bin/../lib/gcc/arm-none-eabi/10.3.1/../../../../arm-none-eabi/lib/thumb/v6-m/nofp\libcr_c.a(ldexp.o)
 .comment       0x00000049       0x4a c:/nxp/mcuxpressoide_11.7.0_9198/ide/plugins/com.nxp.mcuxpresso.tools.win32_11.7.0.202209140929/tools/bin/../lib/gcc/arm-none-eabi/10.3.1/../../../../arm-none-eabi/lib/thumb/v6-m/nofp\libcr_c.a(remove.o)
 .comment       0x00000049       0x4a c:/nxp/mcuxpressoide_11.7.0_9198/ide/plugins/com.nxp.mcuxpresso.tools.win32_11.7.0.202209140929/tools/bin/../lib/gcc/arm-none-eabi/10.3.1/../../../../arm-none-eabi/lib/thumb/v6-m/nofp\libcr_c.a(_cr_check_heap.o)
 .comment       0x00000049       0x4a c:/nxp/mcuxpressoide_11.7.0_9198/ide/plugins/com.nxp.mcuxpresso.tools.win32_11.7.0.202209140929/tools/bin/../lib/gcc/arm-none-eabi/10.3.1/../../../../arm-none-eabi/lib/thumb/v6-m/nofp\libcr_c.a(_do_fflush.o)
 .comment       0x00000049       0x4a c:/nxp/mcuxpressoide_11.7.0_9198/ide/plugins/com.nxp.mcuxpresso.tools.win32_11.7.0.202209140929/tools/bin/../lib/gcc/arm-none-eabi/10.3.1/thumb/v6-m/nofp\libcr_eabihelpers.a(double.o)
 .comment       0x00000049       0x4a c:/nxp/mcuxpressoide_11.7.0_9198/ide/plugins/com.nxp.mcuxpresso.tools.win32_11.7.0.202209140929/tools/bin/../lib/gcc/arm-none-eabi/10.3.1/thumb/v6-m/nofp\libcr_eabihelpers.a(float.o)
 .comment       0x00000049       0x4a c:/nxp/mcuxpressoide_11.7.0_9198/ide/plugins/com.nxp.mcuxpresso.tools.win32_11.7.0.202209140929/tools/bin/../lib/gcc/arm-none-eabi/10.3.1/../../../../arm-none-eabi/lib/thumb/v6-m/nofp\libcr_nohost_nf.a(__ciob.o)
 .comment       0x00000049       0x4a c:/nxp/mcuxpressoide_11.7.0_9198/ide/plugins/com.nxp.mcuxpresso.tools.win32_11.7.0.202209140929/tools/bin/../lib/gcc/arm-none-eabi/10.3.1/../../../../arm-none-eabi/lib/thumb/v6-m/nofp\libcr_nohost_nf.a(__sys_appexit.o)
 .comment       0x00000049       0x4a c:/nxp/mcuxpressoide_11.7.0_9198/ide/plugins/com.nxp.mcuxpresso.tools.win32_11.7.0.202209140929/tools/bin/../lib/gcc/arm-none-eabi/10.3.1/../../../../arm-none-eabi/lib/thumb/v6-m/nofp\libcr_nohost_nf.a(__sys_close.o)
 .comment       0x00000049       0x4a c:/nxp/mcuxpressoide_11.7.0_9198/ide/plugins/com.nxp.mcuxpresso.tools.win32_11.7.0.202209140929/tools/bin/../lib/gcc/arm-none-eabi/10.3.1/../../../../arm-none-eabi/lib/thumb/v6-m/nofp\libcr_nohost_nf.a(__sys_flen.o)
 .comment       0x00000049       0x4a c:/nxp/mcuxpressoide_11.7.0_9198/ide/plugins/com.nxp.mcuxpresso.tools.win32_11.7.0.202209140929/tools/bin/../lib/gcc/arm-none-eabi/10.3.1/../../../../arm-none-eabi/lib/thumb/v6-m/nofp\libcr_nohost_nf.a(__sys_istty.o)
 .comment       0x00000049       0x4a c:/nxp/mcuxpressoide_11.7.0_9198/ide/plugins/com.nxp.mcuxpresso.tools.win32_11.7.0.202209140929/tools/bin/../lib/gcc/arm-none-eabi/10.3.1/../../../../arm-none-eabi/lib/thumb/v6-m/nofp\libcr_nohost_nf.a(__sys_remove.o)
 .comment       0x00000049       0x4a c:/nxp/mcuxpressoide_11.7.0_9198/ide/plugins/com.nxp.mcuxpresso.tools.win32_11.7.0.202209140929/tools/bin/../lib/gcc/arm-none-eabi/10.3.1/../../../../arm-none-eabi/lib/thumb/v6-m/nofp\libcr_nohost_nf.a(__sys_seek.o)
 .comment       0x00000049       0x4a c:/nxp/mcuxpressoide_11.7.0_9198/ide/plugins/com.nxp.mcuxpresso.tools.win32_11.7.0.202209140929/tools/bin/../lib/gcc/arm-none-eabi/10.3.1/../../../../arm-none-eabi/lib/thumb/v6-m/nofp\libcr_nohost_nf.a(__sys_tmpnam.o)
 .comment       0x00000049       0x4a c:/nxp/mcuxpressoide_11.7.0_9198/ide/plugins/com.nxp.mcuxpresso.tools.win32_11.7.0.202209140929/tools/bin/../lib/gcc/arm-none-eabi/10.3.1/../../../../arm-none-eabi/lib/thumb/v6-m/nofp\libcr_nohost_nf.a(__sys_write.o)

.ARM.attributes
                0x00000000       0x2a
 .ARM.attributes
                0x00000000       0x2c ./utilities/fsl_debug_console.o
 .ARM.attributes
                0x0000002c       0x2c ./startup/startup_lpc845.o
 .ARM.attributes
                0x00000058       0x2c ./source/MRT.o
 .ARM.attributes
                0x00000084       0x2c ./source/PID.o
 .ARM.attributes
                0x000000b0       0x2c ./source/SysTimer.o
 .ARM.attributes
                0x000000dc       0x2c ./source/bluetooth.o
 .ARM.attributes
                0x00000108       0x2c ./source/car.o
 .ARM.attributes
                0x00000134       0x2c ./source/distance.o
 .ARM.attributes
                0x00000160       0x2c ./source/encoder.o
 .ARM.attributes
                0x0000018c       0x2c ./source/main.o
 .ARM.attributes
                0x000001b8       0x2c ./source/motor.o
 .ARM.attributes
                0x000001e4       0x2c ./source/mtb.o
 .ARM.attributes
                0x00000210       0x2c ./source/optic.o
 .ARM.attributes
                0x0000023c       0x2c ./source/semihost_hardfault.o
 .ARM.attributes
                0x00000268       0x2c ./source/servo.o
 .ARM.attributes
                0x00000294       0x2c ./source/sys.o
 .ARM.attributes
                0x000002c0       0x2c ./source/ultrasonic.o
 .ARM.attributes
                0x000002ec       0x2c ./drivers/fsl_clock.o
 .ARM.attributes
                0x00000318       0x2c ./drivers/fsl_ctimer.o
 .ARM.attributes
                0x00000344       0x2c ./drivers/fsl_gpio.o
 .ARM.attributes
                0x00000370       0x2c ./drivers/fsl_reset.o
 .ARM.attributes
                0x0000039c       0x2c ./drivers/fsl_sctimer.o
 .ARM.attributes
                0x000003c8       0x2c ./drivers/fsl_swm.o
 .ARM.attributes
                0x000003f4       0x2c ./drivers/fsl_usart.o
 .ARM.attributes
                0x00000420       0x2c ./device/system_LPC845.o
 .ARM.attributes
                0x0000044c       0x2c ./component/uart/fsl_adapter_miniusart.o
 .ARM.attributes
                0x00000478       0x2c ./board/board.o
 .ARM.attributes
                0x000004a4       0x2c ./board/clock_config.o
 .ARM.attributes
                0x000004d0       0x2c ./board/peripherals.o
 .ARM.attributes
                0x000004fc       0x2c ./board/pin_mux.o
 .ARM.attributes
                0x00000528       0x2c c:/nxp/mcuxpressoide_11.7.0_9198/ide/plugins/com.nxp.mcuxpresso.tools.win32_11.7.0.202209140929/tools/bin/../lib/gcc/arm-none-eabi/10.3.1/../../../../arm-none-eabi/lib/thumb/v6-m/nofp\libcr_nohost_nf.a(_cr__main.o)
 .ARM.attributes
                0x00000554       0x2c c:/nxp/mcuxpressoide_11.7.0_9198/ide/plugins/com.nxp.mcuxpresso.tools.win32_11.7.0.202209140929/tools/bin/../lib/gcc/arm-none-eabi/10.3.1/../../../../arm-none-eabi/lib/thumb/v6-m/nofp\libcr_c.a(ceilf.o)
 .ARM.attributes
                0x00000580       0x2c c:/nxp/mcuxpressoide_11.7.0_9198/ide/plugins/com.nxp.mcuxpresso.tools.win32_11.7.0.202209140929/tools/bin/../lib/gcc/arm-none-eabi/10.3.1/../../../../arm-none-eabi/lib/thumb/v6-m/nofp\libcr_c.a(memcpy.o)
 .ARM.attributes
                0x000005ac       0x2c c:/nxp/mcuxpressoide_11.7.0_9198/ide/plugins/com.nxp.mcuxpresso.tools.win32_11.7.0.202209140929/tools/bin/../lib/gcc/arm-none-eabi/10.3.1/../../../../arm-none-eabi/lib/thumb/v6-m/nofp\libcr_c.a(memset.o)
 .ARM.attributes
                0x000005d8       0x2c c:/nxp/mcuxpressoide_11.7.0_9198/ide/plugins/com.nxp.mcuxpresso.tools.win32_11.7.0.202209140929/tools/bin/../lib/gcc/arm-none-eabi/10.3.1/../../../../arm-none-eabi/lib/thumb/v6-m/nofp\libcr_c.a(alloc.o)
 .ARM.attributes
                0x00000604       0x2c c:/nxp/mcuxpressoide_11.7.0_9198/ide/plugins/com.nxp.mcuxpresso.tools.win32_11.7.0.202209140929/tools/bin/../lib/gcc/arm-none-eabi/10.3.1/../../../../arm-none-eabi/lib/thumb/v6-m/nofp\libcr_c.a(errno.o)
 .ARM.attributes
                0x00000630       0x2c c:/nxp/mcuxpressoide_11.7.0_9198/ide/plugins/com.nxp.mcuxpresso.tools.win32_11.7.0.202209140929/tools/bin/../lib/gcc/arm-none-eabi/10.3.1/../../../../arm-none-eabi/lib/thumb/v6-m/nofp\libcr_c.a(floor.o)
 .ARM.attributes
                0x0000065c       0x2c c:/nxp/mcuxpressoide_11.7.0_9198/ide/plugins/com.nxp.mcuxpresso.tools.win32_11.7.0.202209140929/tools/bin/../lib/gcc/arm-none-eabi/10.3.1/../../../../arm-none-eabi/lib/thumb/v6-m/nofp\libcr_c.a(initio.o)
 .ARM.attributes
                0x00000688       0x2c c:/nxp/mcuxpressoide_11.7.0_9198/ide/plugins/com.nxp.mcuxpresso.tools.win32_11.7.0.202209140929/tools/bin/../lib/gcc/arm-none-eabi/10.3.1/../../../../arm-none-eabi/lib/thumb/v6-m/nofp\libcr_c.a(pow.o)
 .ARM.attributes
                0x000006b4       0x2c c:/nxp/mcuxpressoide_11.7.0_9198/ide/plugins/com.nxp.mcuxpresso.tools.win32_11.7.0.202209140929/tools/bin/../lib/gcc/arm-none-eabi/10.3.1/../../../../arm-none-eabi/lib/thumb/v6-m/nofp\libcr_c.a(printf.o)
 .ARM.attributes
                0x000006e0       0x2c c:/nxp/mcuxpressoide_11.7.0_9198/ide/plugins/com.nxp.mcuxpresso.tools.win32_11.7.0.202209140929/tools/bin/../lib/gcc/arm-none-eabi/10.3.1/../../../../arm-none-eabi/lib/thumb/v6-m/nofp\libcr_c.a(setvbuf.o)
 .ARM.attributes
                0x0000070c       0x2c c:/nxp/mcuxpressoide_11.7.0_9198/ide/plugins/com.nxp.mcuxpresso.tools.win32_11.7.0.202209140929/tools/bin/../lib/gcc/arm-none-eabi/10.3.1/../../../../arm-none-eabi/lib/thumb/v6-m/nofp\libcr_c.a(strlen.o)
 .ARM.attributes
                0x00000738       0x2c c:/nxp/mcuxpressoide_11.7.0_9198/ide/plugins/com.nxp.mcuxpresso.tools.win32_11.7.0.202209140929/tools/bin/../lib/gcc/arm-none-eabi/10.3.1/../../../../arm-none-eabi/lib/thumb/v6-m/nofp\libcr_c.a(__init_alloc.o)
 .ARM.attributes
                0x00000764       0x2c c:/nxp/mcuxpressoide_11.7.0_9198/ide/plugins/com.nxp.mcuxpresso.tools.win32_11.7.0.202209140929/tools/bin/../lib/gcc/arm-none-eabi/10.3.1/../../../../arm-none-eabi/lib/thumb/v6-m/nofp\libcr_c.a(_cr_sbrk.o)
 .ARM.attributes
                0x00000790       0x2c c:/nxp/mcuxpressoide_11.7.0_9198/ide/plugins/com.nxp.mcuxpresso.tools.win32_11.7.0.202209140929/tools/bin/../lib/gcc/arm-none-eabi/10.3.1/../../../../arm-none-eabi/lib/thumb/v6-m/nofp\libcr_c.a(_deferredlazyseek.o)
 .ARM.attributes
                0x000007bc       0x2c c:/nxp/mcuxpressoide_11.7.0_9198/ide/plugins/com.nxp.mcuxpresso.tools.win32_11.7.0.202209140929/tools/bin/../lib/gcc/arm-none-eabi/10.3.1/../../../../arm-none-eabi/lib/thumb/v6-m/nofp\libcr_c.a(_fdopen.o)
 .ARM.attributes
                0x000007e8       0x2c c:/nxp/mcuxpressoide_11.7.0_9198/ide/plugins/com.nxp.mcuxpresso.tools.win32_11.7.0.202209140929/tools/bin/../lib/gcc/arm-none-eabi/10.3.1/../../../../arm-none-eabi/lib/thumb/v6-m/nofp\libcr_c.a(_fflush.o)
 .ARM.attributes
                0x00000814       0x2c c:/nxp/mcuxpressoide_11.7.0_9198/ide/plugins/com.nxp.mcuxpresso.tools.win32_11.7.0.202209140929/tools/bin/../lib/gcc/arm-none-eabi/10.3.1/../../../../arm-none-eabi/lib/thumb/v6-m/nofp\libcr_c.a(_writebuf.o)
 .ARM.attributes
                0x00000840       0x2c c:/nxp/mcuxpressoide_11.7.0_9198/ide/plugins/com.nxp.mcuxpresso.tools.win32_11.7.0.202209140929/tools/bin/../lib/gcc/arm-none-eabi/10.3.1/../../../../arm-none-eabi/lib/thumb/v6-m/nofp\libcr_c.a(fclose.o)
 .ARM.attributes
                0x0000086c       0x2c c:/nxp/mcuxpressoide_11.7.0_9198/ide/plugins/com.nxp.mcuxpresso.tools.win32_11.7.0.202209140929/tools/bin/../lib/gcc/arm-none-eabi/10.3.1/../../../../arm-none-eabi/lib/thumb/v6-m/nofp\libcr_c.a(fflush.o)
 .ARM.attributes
                0x00000898       0x2c c:/nxp/mcuxpressoide_11.7.0_9198/ide/plugins/com.nxp.mcuxpresso.tools.win32_11.7.0.202209140929/tools/bin/../lib/gcc/arm-none-eabi/10.3.1/../../../../arm-none-eabi/lib/thumb/v6-m/nofp\libcr_c.a(frexp.o)
 .ARM.attributes
                0x000008c4       0x2c c:/nxp/mcuxpressoide_11.7.0_9198/ide/plugins/com.nxp.mcuxpresso.tools.win32_11.7.0.202209140929/tools/bin/../lib/gcc/arm-none-eabi/10.3.1/../../../../arm-none-eabi/lib/thumb/v6-m/nofp\libcr_c.a(fseek.o)
 .ARM.attributes
                0x000008f0       0x2c c:/nxp/mcuxpressoide_11.7.0_9198/ide/plugins/com.nxp.mcuxpresso.tools.win32_11.7.0.202209140929/tools/bin/../lib/gcc/arm-none-eabi/10.3.1/../../../../arm-none-eabi/lib/thumb/v6-m/nofp\libcr_c.a(ftell.o)
 .ARM.attributes
                0x0000091c       0x2c c:/nxp/mcuxpressoide_11.7.0_9198/ide/plugins/com.nxp.mcuxpresso.tools.win32_11.7.0.202209140929/tools/bin/../lib/gcc/arm-none-eabi/10.3.1/../../../../arm-none-eabi/lib/thumb/v6-m/nofp\libcr_c.a(ldexp.o)
 .ARM.attributes
                0x00000948       0x2c c:/nxp/mcuxpressoide_11.7.0_9198/ide/plugins/com.nxp.mcuxpresso.tools.win32_11.7.0.202209140929/tools/bin/../lib/gcc/arm-none-eabi/10.3.1/../../../../arm-none-eabi/lib/thumb/v6-m/nofp\libcr_c.a(remove.o)
 .ARM.attributes
                0x00000974       0x2c c:/nxp/mcuxpressoide_11.7.0_9198/ide/plugins/com.nxp.mcuxpresso.tools.win32_11.7.0.202209140929/tools/bin/../lib/gcc/arm-none-eabi/10.3.1/../../../../arm-none-eabi/lib/thumb/v6-m/nofp\libcr_c.a(_cr_check_heap.o)
 .ARM.attributes
                0x000009a0       0x2c c:/nxp/mcuxpressoide_11.7.0_9198/ide/plugins/com.nxp.mcuxpresso.tools.win32_11.7.0.202209140929/tools/bin/../lib/gcc/arm-none-eabi/10.3.1/../../../../arm-none-eabi/lib/thumb/v6-m/nofp\libcr_c.a(_do_fflush.o)
 .ARM.attributes
                0x000009cc       0x1c c:/nxp/mcuxpressoide_11.7.0_9198/ide/plugins/com.nxp.mcuxpresso.tools.win32_11.7.0.202209140929/tools/bin/../lib/gcc/arm-none-eabi/10.3.1/thumb/v6-m/nofp\libcr_eabihelpers.a(division_32.o)
 .ARM.attributes