Archive member included to satisfy reference by file (symbol)

c:/nxp/mcuxpressoide_11.7.0_9198/ide/plugins/com.nxp.mcuxpresso.tools.win32_11.7.0.202209140929/tools/bin/../lib/gcc/arm-none-eabi/10.3.1/../../../../arm-none-eabi/lib/thumb/v6-m/nofp\libcr_nohost_nf.a(_cr__main.o)
                              ./startup/startup_lpc845.o (__main)
c:/nxp/mcuxpressoide_11.7.0_9198/ide/plugins/com.nxp.mcuxpresso.tools.win32_11.7.0.202209140929/tools/bin/../lib/gcc/arm-none-eabi/10.3.1/../../../../arm-none-eabi/lib/thumb/v6-m/nofp\libcr_c.a(ceilf.o)
                              ./source/SysTimer.o (ceilf)
c:/nxp/mcuxpressoide_11.7.0_9198/ide/plugins/com.nxp.mcuxpresso.tools.win32_11.7.0.202209140929/tools/bin/../lib/gcc/arm-none-eabi/10.3.1/../../../../arm-none-eabi/lib/thumb/v6-m/nofp\libcr_c.a(memcpy.o)
                              ./utilities/fsl_debug_console.o (memcpy)
c:/nxp/mcuxpressoide_11.7.0_9198/ide/plugins/com.nxp.mcuxpresso.tools.win32_11.7.0.202209140929/tools/bin/../lib/gcc/arm-none-eabi/10.3.1/../../../../arm-none-eabi/lib/thumb/v6-m/nofp\libcr_c.a(memset.o)
                              ./drivers/fsl_adc.o (memset)
c:/nxp/mcuxpressoide_11.7.0_9198/ide/plugins/com.nxp.mcuxpresso.tools.win32_11.7.0.202209140929/tools/bin/../lib/gcc/arm-none-eabi/10.3.1/../../../../arm-none-eabi/lib/thumb/v6-m/nofp\libcr_c.a(alloc.o)
                              ./drivers/fsl_common.o (malloc)
c:/nxp/mcuxpressoide_11.7.0_9198/ide/plugins/com.nxp.mcuxpresso.tools.win32_11.7.0.202209140929/tools/bin/../lib/gcc/arm-none-eabi/10.3.1/../../../../arm-none-eabi/lib/thumb/v6-m/nofp\libcr_c.a(errno.o)
                              ./utilities/fsl_str.o (errno)
c:/nxp/mcuxpressoide_11.7.0_9198/ide/plugins/com.nxp.mcuxpresso.tools.win32_11.7.0.202209140929/tools/bin/../lib/gcc/arm-none-eabi/10.3.1/../../../../arm-none-eabi/lib/thumb/v6-m/nofp\libcr_c.a(floor.o)
                              ./source/PID.o (floor)
c:/nxp/mcuxpressoide_11.7.0_9198/ide/plugins/com.nxp.mcuxpresso.tools.win32_11.7.0.202209140929/tools/bin/../lib/gcc/arm-none-eabi/10.3.1/../../../../arm-none-eabi/lib/thumb/v6-m/nofp\libcr_c.a(fpprintf.o)
                              ./source/encoder.o (snprintf)
c:/nxp/mcuxpressoide_11.7.0_9198/ide/plugins/com.nxp.mcuxpresso.tools.win32_11.7.0.202209140929/tools/bin/../lib/gcc/arm-none-eabi/10.3.1/../../../../arm-none-eabi/lib/thumb/v6-m/nofp\libcr_c.a(initio.o)
                              c:/nxp/mcuxpressoide_11.7.0_9198/ide/plugins/com.nxp.mcuxpresso.tools.win32_11.7.0.202209140929/tools/bin/../lib/gcc/arm-none-eabi/10.3.1/../../../../arm-none-eabi/lib/thumb/v6-m/nofp\libcr_nohost_nf.a(_cr__main.o) (_initio)
c:/nxp/mcuxpressoide_11.7.0_9198/ide/plugins/com.nxp.mcuxpresso.tools.win32_11.7.0.202209140929/tools/bin/../lib/gcc/arm-none-eabi/10.3.1/../../../../arm-none-eabi/lib/thumb/v6-m/nofp\libcr_c.a(pow.o)
                              ./source/PID.o (pow)
c:/nxp/mcuxpressoide_11.7.0_9198/ide/plugins/com.nxp.mcuxpresso.tools.win32_11.7.0.202209140929/tools/bin/../lib/gcc/arm-none-eabi/10.3.1/../../../../arm-none-eabi/lib/thumb/v6-m/nofp\libcr_c.a(printf.o)
                              c:/nxp/mcuxpressoide_11.7.0_9198/ide/plugins/com.nxp.mcuxpresso.tools.win32_11.7.0.202209140929/tools/bin/../lib/gcc/arm-none-eabi/10.3.1/../../../../arm-none-eabi/lib/thumb/v6-m/nofp\libcr_c.a(fpprintf.o) (__vfprintf)
c:/nxp/mcuxpressoide_11.7.0_9198/ide/plugins/com.nxp.mcuxpresso.tools.win32_11.7.0.202209140929/tools/bin/../lib/gcc/arm-none-eabi/10.3.1/../../../../arm-none-eabi/lib/thumb/v6-m/nofp\libcr_c.a(scanf.o)
                              ./utilities/fsl_str.o (strtoul)
c:/nxp/mcuxpressoide_11.7.0_9198/ide/plugins/com.nxp.mcuxpresso.tools.win32_11.7.0.202209140929/tools/bin/../lib/gcc/arm-none-eabi/10.3.1/../../../../arm-none-eabi/lib/thumb/v6-m/nofp\libcr_c.a(setvbuf.o)
                              c:/nxp/mcuxpressoide_11.7.0_9198/ide/plugins/com.nxp.mcuxpresso.tools.win32_11.7.0.202209140929/tools/bin/../lib/gcc/arm-none-eabi/10.3.1/../../../../arm-none-eabi/lib/thumb/v6-m/nofp\libcr_c.a(initio.o) (setvbuf)
c:/nxp/mcuxpressoide_11.7.0_9198/ide/plugins/com.nxp.mcuxpresso.tools.win32_11.7.0.202209140929/tools/bin/../lib/gcc/arm-none-eabi/10.3.1/../../../../arm-none-eabi/lib/thumb/v6-m/nofp\libcr_c.a(strlen.o)
                              ./utilities/fsl_debug_console.o (strlen)
c:/nxp/mcuxpressoide_11.7.0_9198/ide/plugins/com.nxp.mcuxpresso.tools.win32_11.7.0.202209140929/tools/bin/../lib/gcc/arm-none-eabi/10.3.1/../../../../arm-none-eabi/lib/thumb/v6-m/nofp\libcr_c.a(ungetc.o)
                              c:/nxp/mcuxpressoide_11.7.0_9198/ide/plugins/com.nxp.mcuxpresso.tools.win32_11.7.0.202209140929/tools/bin/../lib/gcc/arm-none-eabi/10.3.1/../../../../arm-none-eabi/lib/thumb/v6-m/nofp\libcr_c.a(scanf.o) (ungetc)
c:/nxp/mcuxpressoide_11.7.0_9198/ide/plugins/com.nxp.mcuxpresso.tools.win32_11.7.0.202209140929/tools/bin/../lib/gcc/arm-none-eabi/10.3.1/../../../../arm-none-eabi/lib/thumb/v6-m/nofp\libcr_c.a(__fillbuf.o)
[...]
Memory Configuration

Name             Origin             Length             Attributes
PROGRAM_FLASH    0x00000000         0x00010000         xr
SRAM             0x10000000         0x00003fe0         xrw
IAP_SRAM         0x10003fe0         0x00000020         xrw
*default*        0x00000000         0xffffffff

Linker script and memory map

LOAD ./utilities/fsl_assert.o
LOAD ./utilities/fsl_debug_console.o
LOAD ./utilities/fsl_str.o
LOAD ./startup/startup_lpc845.o
LOAD ./source/MRT.o
LOAD ./source/PID.o
LOAD ./source/SysTimer.o
LOAD ./source/bluetooth.o
LOAD ./source/car.o
LOAD ./source/direction.o
LOAD ./source/distance.o
LOAD ./source/encoder.o
LOAD ./source/main.o
LOAD ./source/motor.o
LOAD ./source/mtb.o
LOAD ./source/optic.o
LOAD ./source/semihost_hardfault.o
LOAD ./source/servo.o
LOAD ./source/state.o
LOAD ./source/sys.o
LOAD ./source/ultrasonic.o
LOAD ./drivers/fsl_adc.o
LOAD ./drivers/fsl_capt.o
LOAD ./drivers/fsl_clock.o
LOAD ./drivers/fsl_common.o
LOAD ./drivers/fsl_common_arm.o
LOAD ./drivers/fsl_ctimer.o
LOAD ./drivers/fsl_gpio.o
LOAD ./drivers/fsl_mrt.o
LOAD ./drivers/fsl_power.o
LOAD ./drivers/fsl_reset.o
LOAD ./drivers/fsl_sctimer.o
LOAD ./drivers/fsl_swm.o
LOAD ./drivers/fsl_usart.o
LOAD ./device/system_LPC845.o
LOAD ./component/uart/fsl_adapter_miniusart.o
LOAD ./board/board.o
LOAD ./board/clock_config.o
LOAD ./board/peripherals.o
LOAD ./board/pin_mux.o
START GROUP
LOAD c:/nxp/mcuxpressoide_11.7.0_9198/ide/plugins/com.nxp.mcuxpresso.tools.win32_11.7.0.202209140929/tools/bin/../lib/gcc/arm-none-eabi/10.3.1/../../../../arm-none-eabi/lib/thumb/v6-m/nofp\libcr_nohost_nf.a
LOAD c:/nxp/mcuxpressoide_11.7.0_9198/ide/plugins/com.nxp.mcuxpresso.tools.win32_11.7.0.202209140929/tools/bin/../lib/gcc/arm-none-eabi/10.3.1/../../../../arm-none-eabi/lib/thumb/v6-m/nofp\libcr_c.a
LOAD c:/nxp/mcuxpressoide_11.7.0_9198/ide/plugins/com.nxp.mcuxpresso.tools.win32_11.7.0.202209140929/tools/bin/../lib/gcc/arm-none-eabi/10.3.1/thumb/v6-m/nofp\libcr_eabihelpers.a
LOAD c:/nxp/mcuxpressoide_11.7.0_9198/ide/plugins/com.nxp.mcuxpresso.tools.win32_11.7.0.202209140929/tools/bin/../lib/gcc/arm-none-eabi/10.3.1/thumb/v6-m/nofp\libgcc.a
END GROUP
                0x00000000                __base_PROGRAM_FLASH = 0x0
                0x00000000                __base_Flash = 0x0
                0x00010000                __top_PROGRAM_FLASH = 0x10000
                0x00010000                __top_Flash = 0x10000
                0x10000000                __base_SRAM = 0x10000000
                0x10000000                __base_RAM = 0x10000000
                0x10003fe0                __top_SRAM = 0x10003fe0
                0x10003fe0                __top_RAM = 0x10003fe0
                0x10003fe0                __base_IAP_SRAM = 0x10003fe0
                0x10003fe0                __base_RAM2 = 0x10003fe0
                0x10004000                __top_IAP_SRAM = 0x10004000
                0x10004000                __top_RAM2 = 0x10004000

.text           0x00000000     0x3638
 FILL mask 0xff
                0x00000000                __vectors_start__ = ABSOLUTE (.)
 *(SORT_BY_ALIGNMENT(.isr_vector))
 .isr_vector    0x00000000       0xc0 ./startup/startup_lpc845.o
                0x00000000                g_pfnVectors
                0x00000000                __Vectors
                0x000000c0                . = ALIGN (0x4)
                0x000000c0                __section_table_start = .
                0x000000c0                __data_section_table = .
                0x000000c0        0x4 LONG 0x3638 LOADADDR (.data)
                0x000000c4        0x4 LONG 0x10000080 ADDR (.data)
                0x000000c8        0x4 LONG 0x4 SIZEOF (.data)
                0x000000cc        0x4 LONG 0x3638 LOADADDR (.data_RAM2)
                0x000000d0        0x4 LONG 0x10003fe0 ADDR (.data_RAM2)
                0x000000d4        0x4 LONG 0x0 SIZEOF (.data_RAM2)
                0x000000d8                __data_section_table_end = .
                0x000000d8                __bss_section_table = .
                0x000000d8        0x4 LONG 0x10000088 ADDR (.bss)
                0x000000dc        0x4 LONG 0x1e8 SIZEOF (.bss)
                0x000000e0        0x4 LONG 0x10003fe0 ADDR (.bss_RAM2)
                0x000000e4        0x4 LONG 0x0 SIZEOF (.bss_RAM2)
                0x000000e8                __bss_section_table_end = .
                0x000000e8                __section_table_end = .
 *(SORT_BY_ALIGNMENT(.after_vectors*))
 .after_vectors.reset
                0x000000e8       0x4c ./startup/startup_lpc845.o
                0x000000e8                ResetISR
 .after_vectors
                0x00000134      0x10c ./startup/startup_lpc845.o
                0x00000134                NMI_Handler
                0x00000138                SVC_Handler
                0x0000013a                PendSV_Handler
                0x0000013e                BOD_DriverIRQHandler
                0x0000013e                SPI1_DriverIRQHandler
                0x0000013e                PIN_INT1_DriverIRQHandler
                0x0000013e                I2C0_DriverIRQHandler
                0x0000013e                DMA0_DriverIRQHandler
                0x0000013e                ADC0_OVR_DriverIRQHandler
                0x0000013e                WDT_DriverIRQHandler
                0x0000013e                I2C3_DriverIRQHandler
                0x0000013e                I2C1_DriverIRQHandler
                0x0000013e                PIN_INT3_DriverIRQHandler
                0x0000013e                PIN_INT5_DAC1_DriverIRQHandler
                0x0000013e                PIN_INT2_DriverIRQHandler
                0x0000013e                ADC0_SEQB_DriverIRQHandler
                0x0000013e                I2C2_DriverIRQHandler
                0x0000013e                PIN_INT0_DriverIRQHandler
                0x0000013e                FLASH_DriverIRQHandler
                0x0000013e                IntDefaultHandler
                0x0000013e                SPI0_DriverIRQHandler
                0x0000013e                WKT_DriverIRQHandler
                0x0000013e                DAC0_DriverIRQHandler
                0x0000013e                MRT0_DriverIRQHandler
                0x0000013e                PIN_INT4_DriverIRQHandler
                0x0000013e                ADC0_SEQA_DriverIRQHandler
                0x0000013e                CMP_CAPT_DriverIRQHandler
                0x0000013e                ADC0_THCMP_DriverIRQHandler
                0x0000013e                Reserved22_DriverIRQHandler
                0x00000140                SPI0_IRQHandler
                0x00000148                SPI1_IRQHandler
                0x00000150                DAC0_IRQHandler
                0x00000158                USART0_IRQHandler
                0x00000168                USART2_IRQHandler
                0x00000170                Reserved22_IRQHandler
                0x00000178                I2C1_IRQHandler
                0x00000180                I2C0_IRQHandler
                0x00000188                SCT0_IRQHandler
                0x00000198                CMP_CAPT_IRQHandler
                0x000001a0                WDT_IRQHandler
                0x000001a8                BOD_IRQHandler
                0x000001b0                FLASH_IRQHandler
                0x000001b8                WKT_IRQHandler
                0x000001c8                ADC0_SEQB_IRQHandler
                0x000001d0                ADC0_THCMP_IRQHandler
                0x000001d8                ADC0_OVR_IRQHandler
                0x000001e0                DMA0_IRQHandler
                0x000001e8                I2C2_IRQHandler
                0x000001f0                I2C3_IRQHandler
                0x000001f8                CTIMER0_IRQHandler
                0x00000200                PIN_INT0_IRQHandler
                0x00000208                PIN_INT1_IRQHandler
                0x00000210                PIN_INT2_IRQHandler
                0x00000218                PIN_INT3_IRQHandler
                0x00000220                PIN_INT4_IRQHandler
                0x00000228                PIN_INT5_DAC1_IRQHandler
                0x00000230                PIN_INT6_USART3_IRQHandler
                0x00000238                PIN_INT7_USART4_IRQHandler
 .after_vectors.init_data
                0x00000240       0x16 ./startup/startup_lpc845.o
                0x00000240                data_init
 .after_vectors.init_bss
                0x00000256       0x14 ./startup/startup_lpc845.o
                0x00000256                bss_init
                0x000002fc                . = 0x2fc
 *fill*         0x0000026a       0x92 ff
                0x000002fc                PROVIDE (__CRP_WORD_START__ = .)
 *(SORT_BY_ALIGNMENT(.crp))
 .crp           0x000002fc        0x4 ./startup/startup_lpc845.o
                0x000002fc                CRP_WORD
                0x00000300                PROVIDE (__CRP_WORD_END__ = .)
                0x00000001                ASSERT (! ((__CRP_WORD_START__ == __CRP_WORD_END__)), Linker CRP Enabled, but no CRP_WORD provided within application)
 *(SORT_BY_ALIGNMENT(.text*))
 .text.DbgConsole_Putchar
                0x00000300       0x24 ./utilities/fsl_debug_console.o
                0x00000300                DbgConsole_Putchar
 .text.DbgConsole_Init
                0x00000324       0x4c ./utilities/fsl_debug_console.o
                0x00000324                DbgConsole_Init
 .text.DbgConsole_Vprintf
                0x00000370      0x208 ./utilities/fsl_debug_console.o
                0x00000370                DbgConsole_Vprintf
 .text.MRT0_IRQHandler
                0x00000578       0xa0 ./source/MRT.o
                0x00000578                MRT0_IRQHandler
 .text.isPIDUpdated
                0x00000618        0xc ./source/PID.o
                0x00000618                isPIDUpdated
 .text.PIDContollerUpdate
                0x00000624       0xa8 ./source/PID.o
                0x00000624                PIDContollerUpdate
 .text.SysTimer_Tou1
                0x000006cc       0x10 ./source/SysTimer.o
                0x000006cc                SysTimer_Tou1
 .text.StartTimeout1
                0x000006dc       0x10 ./source/SysTimer.o
                0x000006dc                StartTimeout1
 .text.TimeoutDone1
                0x000006ec       0x10 ./source/SysTimer.o
                0x000006ec                TimeoutDone1
 .text.SysTimer_Tou2
                0x000006fc       0x10 ./source/SysTimer.o
                0x000006fc                SysTimer_Tou2
 .text.StartTimeout2
                0x0000070c       0x10 ./source/SysTimer.o
                0x0000070c                StartTimeout2
 .text.TimeoutDone2
                0x0000071c       0x10 ./source/SysTimer.o
                0x0000071c                TimeoutDone2
 .text.SysTimer_Tou3
                0x0000072c       0x10 ./source/SysTimer.o
                0x0000072c                SysTimer_Tou3
 .text.SysTimer_Tou4
                0x0000073c       0x10 ./source/SysTimer.o
                0x0000073c                SysTimer_Tou4
 .text.hasNewPrompt
                0x0000074c        0xc ./source/bluetooth.o
                0x0000074c                hasNewPrompt
 .text.CopyMessage
                0x00000758       0x1c ./source/bluetooth.o
                0x00000758                CopyMessage
 .text.UsartBufferInit
                0x00000774       0x18 ./source/bluetooth.o
                0x00000774                UsartBufferInit
 .text.ClearBuffer
                0x0000078c       0x10 ./source/bluetooth.o
                0x0000078c                ClearBuffer
 .text.USART1_IRQHandler
                0x0000079c       0x38 ./source/bluetooth.o
                0x0000079c                USART1_IRQHandler
 .text.InitComponents
                0x000007d4       0x20 ./source/car.o
                0x000007d4                InitComponents
 .text.InitCar  0x000007f4       0x1c ./source/car.o
                0x000007f4                InitCar
 .text.ProcessPrompts
                0x00000810       0x90 ./source/car.o
                0x00000810                ProcessPrompts
 .text.GoForward
                0x000008a0       0x18 ./source/car.o
                0x000008a0                GoForward
 .text.GoBackward
                0x000008b8       0x18 ./source/car.o
                0x000008b8                GoBackward
 .text.TurnRight
                0x000008d0       0x18 ./source/car.o
                0x000008d0                TurnRight
 .text.TurnLeft
                0x000008e8       0x18 ./source/car.o
                0x000008e8                TurnLeft
 .text.StopCar  0x00000900       0x18 ./source/car.o
                0x00000900                StopCar
 .text.isObstacleDetected
                0x00000918       0x4c ./source/car.o
                0x00000918                isObstacleDetected
 .text.UpdateDirection
                0x00000964       0xc0 ./source/car.o
                0x00000964                UpdateDirection
 .text.startup.main
                0x00000a24      0x110 ./source/main.o
                0x00000a24                main
 .text.InitMotors
                0x00000b34       0x28 ./source/motor.o
                0x00000b34                InitMotors
 .text.SetPWM   0x00000b5c       0x2c ./source/motor.o
                0x00000b5c                SetPWM
 .text.MoveToNextState
                0x00000b88       0x18 ./source/optic.o
                0x00000b88                MoveToNextState
 .text.StartConversion
                0x00000ba0       0x28 ./source/optic.o
                0x00000ba0                StartConversion
 .text.OpticMeasure
                0x00000bc8       0x3c ./source/optic.o
                0x00000bc8                OpticMeasure
 .text.ADC0_SEQA_IRQHandler
                0x00000c04       0xe0 ./source/optic.o
                0x00000c04                ADC0_SEQA_IRQHandler
 .text.HardFault_Handler
                0x00000ce4       0x2c ./source/semihost_hardfault.o
                0x00000ce4                HardFault_Handler
 .text.SysTick_Handler
                0x00000d10       0x1c ./source/sys.o
                0x00000d10                SysTick_Handler
 .text.TriggerUltrasonicSensor
                0x00000d2c       0x1c ./source/ultrasonic.o
                0x00000d2c                TriggerUltrasonicSensor
 .text.EndTriggerUltrasonicSensor
                0x00000d48       0x1c ./source/ultrasonic.o
                0x00000d48                EndTriggerUltrasonicSensor
 .text.InvalidateMeasurement
                0x00000d64       0x10 ./source/ultrasonic.o
                0x00000d64                InvalidateMeasurement
 .text.UltrasonicMeasure
                0x00000d74       0x3c ./source/ultrasonic.o
                0x00000d74                UltrasonicMeasure
 .text.CLOCK_GetFroFreq
                0x00000db0       0x54 ./drivers/fsl_clock.o
                0x00000db0                CLOCK_GetFroFreq
 .text.CLOCK_GetSystemPLLInClockRate
                0x00000e04       0x3c ./drivers/fsl_clock.o
                0x00000e04                CLOCK_GetSystemPLLInClockRate
 .text.CLOCK_GetSystemPLLFreq
                0x00000e40       0x18 ./drivers/fsl_clock.o
 .text.CLOCK_GetMainClkFreq
                0x00000e58       0x4c ./drivers/fsl_clock.o
                0x00000e58                CLOCK_GetMainClkFreq
 .text.CLOCK_SetMainClkSrc
                0x00000ea4       0x54 ./drivers/fsl_clock.o
                0x00000ea4                CLOCK_SetMainClkSrc
 .text.CLOCK_SetFroOutClkSrc
                0x00000ef8       0x34 ./drivers/fsl_clock.o
                0x00000ef8                CLOCK_SetFroOutClkSrc
 .text.CTIMER0_DriverIRQHandler
                0x00000f2c       0x50 ./drivers/fsl_ctimer.o
                0x00000f2c                CTIMER0_DriverIRQHandler
 .text.GPIO_PinInit
                0x00000f7c       0x64 ./drivers/fsl_gpio.o
                0x00000f7c                GPIO_PinInit
 .text.RESET_PeripheralReset
                0x00000fe0       0x2c ./drivers/fsl_reset.o
                0x00000fe0                RESET_PeripheralReset
 .text.SCT0_DriverIRQHandler
                0x0000100c       0x14 ./drivers/fsl_sctimer.o
                0x0000100c                SCT0_DriverIRQHandler
 .text.USART_GetInstance
                0x00001020       0x44 ./drivers/fsl_usart.o
                0x00001020                USART_GetInstance
 .text.USART_SetBaudRate
                0x00001064       0xa4 ./drivers/fsl_usart.o
                0x00001064                USART_SetBaudRate
 .text.USART_Init
                0x00001108      0x108 ./drivers/fsl_usart.o
                0x00001108                USART_Init
 .text.USART_ReadBlocking
                0x00001210       0x7c ./drivers/fsl_usart.o
                0x00001210                USART_ReadBlocking
 .text.USART0_DriverIRQHandler
                0x0000128c       0x1c ./drivers/fsl_usart.o
                0x0000128c                USART0_DriverIRQHandler
 .text.USART1_DriverIRQHandler
                0x000012a8       0x1c ./drivers/fsl_usart.o
                0x000012a8                USART1_DriverIRQHandler
 .text.USART2_DriverIRQHandler
                0x000012c4       0x1c ./drivers/fsl_usart.o
                0x000012c4                USART2_DriverIRQHandler
 .text.PIN_INT6_USART3_DriverIRQHandler
                0x000012e0       0x1c ./drivers/fsl_usart.o
                0x000012e0                PIN_INT6_USART3_DriverIRQHandler
 .text.PIN_INT7_USART4_DriverIRQHandler
                0x000012fc       0x1c ./drivers/fsl_usart.o
                0x000012fc                PIN_INT7_USART4_DriverIRQHandler
 .text.SystemInit
                0x00001318       0x34 ./device/system_LPC845.o
                0x00001318                SystemInit
 .text.HAL_UartInit
                0x0000134c       0x6c ./component/uart/fsl_adapter_miniusart.o
                0x0000134c                HAL_UartInit
 .text.HAL_UartReceiveBlocking
                0x000013b8       0x2c ./component/uart/fsl_adapter_miniusart.o
                0x000013b8                HAL_UartReceiveBlocking
 .text.HAL_UartSendBlocking
                0x000013e4       0x18 ./component/uart/fsl_adapter_miniusart.o
                0x000013e4                HAL_UartSendBlocking
 .text.BOARD_InitDebugConsole
                0x000013fc       0x28 ./board/board.o
                0x000013fc                BOARD_InitDebugConsole
 .text.CLOCK_SetFroOscFreq
                0x00001424        0xc ./board/clock_config.o
 .text.POWER_DisablePD
                0x00001430       0x14 ./board/clock_config.o
 .text.CLOCK_SetCoreSysClkDiv.constprop.0
                0x00001444       0x18 ./board/clock_config.o
 .text.BOARD_BootClockFRO18M
                0x0000145c       0x70 ./board/clock_config.o
                0x0000145c                BOARD_BootClockFRO18M
 .text.CLOCK_EnableClock
                0x000014cc       0x14 ./board/pin_mux.o
 .text.BOARD_InitPins
                0x000014e0      0x148 ./board/pin_mux.o
                0x000014e0                BOARD_InitPins
 .text.BOARD_InitLEDsPins
                0x00001628       0x80 ./board/pin_mux.o
                0x00001628                BOARD_InitLEDsPins
 .text.BOARD_InitDEBUG_UARTPins
                0x000016a8       0x44 ./board/pin_mux.o
                0x000016a8                BOARD_InitDEBUG_UARTPins
 .text.BOARD_InitSWD_DEBUGPins
                0x000016ec       0x54 ./board/pin_mux.o
                0x000016ec                BOARD_InitSWD_DEBUGPins
 .text.BOARD_InitBUTTONsPins
                0x00001740       0x3c ./board/pin_mux.o
                0x00001740                BOARD_InitBUTTONsPins
 .text.BOARD_InitCAPTPins
                0x0000177c       0x70 ./board/pin_mux.o
                0x0000177c                BOARD_InitCAPTPins
 .text.ceilf    0x000017ec       0x54 c:/nxp/mcuxpressoide_11.7.0_9198/ide/plugins/com.nxp.mcuxpresso.tools.win32_11.7.0.202209140929/tools/bin/../lib/gcc/arm-none-eabi/10.3.1/../../../../arm-none-eabi/lib/thumb/v6-m/nofp\libcr_c.a(ceilf.o)
                0x000017ec                ceilf
 .text.floor    0x00001840       0xa0 c:/nxp/mcuxpressoide_11.7.0_9198/ide/plugins/com.nxp.mcuxpresso.tools.win32_11.7.0.202209140929/tools/bin/../lib/gcc/arm-none-eabi/10.3.1/../../../../arm-none-eabi/lib/thumb/v6-m/nofp\libcr_c.a(floor.o)
                0x00001840                floor
 .text._initio  0x000018e0       0x7c c:/nxp/mcuxpressoide_11.7.0_9198/ide/plugins/com.nxp.mcuxpresso.tools.win32_11.7.0.202209140929/tools/bin/../lib/gcc/arm-none-eabi/10.3.1/../../../../arm-none-eabi/lib/thumb/v6-m/nofp\libcr_c.a(initio.o)
                0x000018e0                _initio
 .text.pow      0x0000195c      0x544 c:/nxp/mcuxpressoide_11.7.0_9198/ide/plugins/com.nxp.mcuxpresso.tools.win32_11.7.0.202209140929/tools/bin/../lib/gcc/arm-none-eabi/10.3.1/../../../../arm-none-eabi/lib/thumb/v6-m/nofp\libcr_c.a(pow.o)
                0x0000195c                pow
 .text.setvbuf  0x00001ea0       0x4c c:/nxp/mcuxpressoide_11.7.0_9198/ide/plugins/com.nxp.mcuxpresso.tools.win32_11.7.0.202209140929/tools/bin/../lib/gcc/arm-none-eabi/10.3.1/../../../../arm-none-eabi/lib/thumb/v6-m/nofp\libcr_c.a(setvbuf.o)
                0x00001ea0                setvbuf
 .text.strlen   0x00001eec       0x58 c:/nxp/mcuxpressoide_11.7.0_9198/ide/plugins/com.nxp.mcuxpresso.tools.win32_11.7.0.202209140929/tools/bin/../lib/gcc/arm-none-eabi/10.3.1/../../../../arm-none-eabi/lib/thumb/v6-m/nofp\libcr_c.a(strlen.o)
                0x00001eec                strlen
 .text._deferredlazyseek
                0x00001f44       0x40 c:/nxp/mcuxpressoide_11.7.0_9198/ide/plugins/com.nxp.mcuxpresso.tools.win32_11.7.0.202209140929/tools/bin/../lib/gcc/arm-none-eabi/10.3.1/../../../../arm-none-eabi/lib/thumb/v6-m/nofp\libcr_c.a(_deferredlazyseek.o)
                0x00001f44                _deferredlazyseek
 .text._fdopen  0x00001f84       0x74 c:/nxp/mcuxpressoide_11.7.0_9198/ide/plugins/com.nxp.mcuxpresso.tools.win32_11.7.0.202209140929/tools/bin/../lib/gcc/arm-none-eabi/10.3.1/../../../../arm-none-eabi/lib/thumb/v6-m/nofp\libcr_c.a(_fdopen.o)
                0x00001f84                _fdopen
 .text._fflush  0x00001ff8       0x60 c:/nxp/mcuxpressoide_11.7.0_9198/ide/plugins/com.nxp.mcuxpresso.tools.win32_11.7.0.202209140929/tools/bin/../lib/gcc/arm-none-eabi/10.3.1/../../../../arm-none-eabi/lib/thumb/v6-m/nofp\libcr_c.a(_fflush.o)
                0x00001ff8                _fflush
 .text._Cwritebuf
                0x00002058       0x68 c:/nxp/mcuxpressoide_11.7.0_9198/ide/plugins/com.nxp.mcuxpresso.tools.win32_11.7.0.202209140929/tools/bin/../lib/gcc/arm-none-eabi/10.3.1/../../../../arm-none-eabi/lib/thumb/v6-m/nofp\libcr_c.a(_writebuf.o)
                0x00002058                _Cwritebuf
 .text.fclose   0x000020c0       0x5c c:/nxp/mcuxpressoide_11.7.0_9198/ide/plugins/com.nxp.mcuxpresso.tools.win32_11.7.0.202209140929/tools/bin/../lib/gcc/arm-none-eabi/10.3.1/../../../../arm-none-eabi/lib/thumb/v6-m/nofp\libcr_c.a(fclose.o)
                0x000020c0                fclose
 .text.fflush   0x0000211c       0x44 c:/nxp/mcuxpressoide_11.7.0_9198/ide/plugins/com.nxp.mcuxpresso.tools.win32_11.7.0.202209140929/tools/bin/../lib/gcc/arm-none-eabi/10.3.1/../../../../arm-none-eabi/lib/thumb/v6-m/nofp\libcr_c.a(fflush.o)
                0x0000211c                fflush
 .text.frexp    0x00002160       0x80 c:/nxp/mcuxpressoide_11.7.0_9198/ide/plugins/com.nxp.mcuxpresso.tools.win32_11.7.0.202209140929/tools/bin/../lib/gcc/arm-none-eabi/10.3.1/../../../../arm-none-eabi/lib/thumb/v6-m/nofp\libcr_c.a(frexp.o)
                0x00002160                frexp
 .text.fseek    0x000021e0       0xf0 c:/nxp/mcuxpressoide_11.7.0_9198/ide/plugins/com.nxp.mcuxpresso.tools.win32_11.7.0.202209140929/tools/bin/../lib/gcc/arm-none-eabi/10.3.1/../../../../arm-none-eabi/lib/thumb/v6-m/nofp\libcr_c.a(fseek.o)
                0x000021e0                fseek
 .text.ftell    0x000022d0       0x48 c:/nxp/mcuxpressoide_11.7.0_9198/ide/plugins/com.nxp.mcuxpresso.tools.win32_11.7.0.202209140929/tools/bin/../lib/gcc/arm-none-eabi/10.3.1/../../../../arm-none-eabi/lib/thumb/v6-m/nofp\libcr_c.a(ftell.o)
                0x000022d0                ftell
 .text.ldexp    0x00002318       0x58 c:/nxp/mcuxpressoide_11.7.0_9198/ide/plugins/com.nxp.mcuxpresso.tools.win32_11.7.0.202209140929/tools/bin/../lib/gcc/arm-none-eabi/10.3.1/../../../../arm-none-eabi/lib/thumb/v6-m/nofp\libcr_c.a(ldexp.o)
                0x00002318                ldexp
 .text._do_fflush
                0x00002370       0x48 c:/nxp/mcuxpressoide_11.7.0_9198/ide/plugins/com.nxp.mcuxpresso.tools.win32_11.7.0.202209140929/tools/bin/../lib/gcc/arm-none-eabi/10.3.1/../../../../arm-none-eabi/lib/thumb/v6-m/nofp\libcr_c.a(_do_fflush.o)
                0x00002370                _do_fflush
 .text.__aeabi_dmul
                0x000023b8      0x184 c:/nxp/mcuxpressoide_11.7.0_9198/ide/plugins/com.nxp.mcuxpresso.tools.win32_11.7.0.202209140929/tools/bin/../lib/gcc/arm-none-eabi/10.3.1/thumb/v6-m/nofp\libcr_eabihelpers.a(double.o)
                0x000023b8                __aeabi_dmul
 .text.__aeabi_ddiv
                0x0000253c      0x14c c:/nxp/mcuxpressoide_11.7.0_9198/ide/plugins/com.nxp.mcuxpresso.tools.win32_11.7.0.202209140929/tools/bin/../lib/gcc/arm-none-eabi/10.3.1/thumb/v6-m/nofp\libcr_eabihelpers.a(double.o)
                0x0000253c                __aeabi_ddiv
 .text.__aeabi_dsub
                0x00002688      0x1c0 c:/nxp/mcuxpressoide_11.7.0_9198/ide/plugins/com.nxp.mcuxpresso.tools.win32_11.7.0.202209140929/tools/bin/../lib/gcc/arm-none-eabi/10.3.1/thumb/v6-m/nofp\libcr_eabihelpers.a(double.o)
                0x00002688                __aeabi_dsub
 .text.__aeabi_dadd
                0x00002848      0x134 c:/nxp/mcuxpressoide_11.7.0_9198/ide/plugins/com.nxp.mcuxpresso.tools.win32_11.7.0.202209140929/tools/bin/../lib/gcc/arm-none-eabi/10.3.1/thumb/v6-m/nofp\libcr_eabihelpers.a(double.o)
                0x00002848                __aeabi_dadd
 .text.__aeabi_d2f
                0x0000297c       0x60 c:/nxp/mcuxpressoide_11.7.0_9198/ide/plugins/com.nxp.mcuxpresso.tools.win32_11.7.0.202209140929/tools/bin/../lib/gcc/arm-none-eabi/10.3.1/thumb/v6-m/nofp\libcr_eabihelpers.a(double.o)
                0x0000297c                __aeabi_d2f
 .text.__aeabi_d2iz
                0x000029dc       0x50 c:/nxp/mcuxpressoide_11.7.0_9198/ide/plugins/com.nxp.mcuxpresso.tools.win32_11.7.0.202209140929/tools/bin/../lib/gcc/arm-none-eabi/10.3.1/thumb/v6-m/nofp\libcr_eabihelpers.a(double.o)
                0x000029dc                __aeabi_d2iz
 .text.__aeabi_dcmpeq
                0x00002a2c       0x30 c:/nxp/mcuxpressoide_11.7.0_9198/ide/plugins/com.nxp.mcuxpresso.tools.win32_11.7.0.202209140929/tools/bin/../lib/gcc/arm-none-eabi/10.3.1/thumb/v6-m/nofp\libcr_eabihelpers.a(double.o)
                0x00002a2c                __aeabi_dcmpeq
 .text.__aeabi_dcmplt
                0x00002a5c       0x60 c:/nxp/mcuxpressoide_11.7.0_9198/ide/plugins/com.nxp.mcuxpresso.tools.win32_11.7.0.202209140929/tools/bin/../lib/gcc/arm-none-eabi/10.3.1/thumb/v6-m/nofp\libcr_eabihelpers.a(double.o)
                0x00002a5c                __aeabi_dcmplt
 .text.__aeabi_dcmpgt
                0x00002abc       0x5c c:/nxp/mcuxpressoide_11.7.0_9198/ide/plugins/com.nxp.mcuxpresso.tools.win32_11.7.0.202209140929/tools/bin/../lib/gcc/arm-none-eabi/10.3.1/thumb/v6-m/nofp\libcr_eabihelpers.a(double.o)
                0x00002abc                __aeabi_dcmpgt
 .text.__aeabi_dcmple
                0x00002b18       0x5c c:/nxp/mcuxpressoide_11.7.0_9198/ide/plugins/com.nxp.mcuxpresso.tools.win32_11.7.0.202209140929/tools/bin/../lib/gcc/arm-none-eabi/10.3.1/thumb/v6-m/nofp\libcr_eabihelpers.a(double.o)
                0x00002b18                __aeabi_dcmple
 .text.__aeabi_dcmpge
                0x00002b74       0x5c c:/nxp/mcuxpressoide_11.7.0_9198/ide/plugins/com.nxp.mcuxpresso.tools.win32_11.7.0.202209140929/tools/bin/../lib/gcc/arm-none-eabi/10.3.1/thumb/v6-m/nofp\libcr_eabihelpers.a(double.o)
                0x00002b74                __aeabi_dcmpge
 .text.__aeabi_fmul
                0x00002bd0       0xc0 c:/nxp/mcuxpressoide_11.7.0_9198/ide/plugins/com.nxp.mcuxpresso.tools.win32_11.7.0.202209140929/tools/bin/../lib/gcc/arm-none-eabi/10.3.1/thumb/v6-m/nofp\libcr_eabihelpers.a(float.o)
                0x00002bd0                __aeabi_fmul
 .text.__aeabi_fsub
                0x00002c90      0x128 c:/nxp/mcuxpressoide_11.7.0_9198/ide/plugins/com.nxp.mcuxpresso.tools.win32_11.7.0.202209140929/tools/bin/../lib/gcc/arm-none-eabi/10.3.1/thumb/v6-m/nofp\libcr_eabihelpers.a(float.o)
                0x00002c90                __aeabi_fsub
 .text.__aeabi_fadd
                0x00002db8       0xac c:/nxp/mcuxpressoide_11.7.0_9198/ide/plugins/com.nxp.mcuxpresso.tools.win32_11.7.0.202209140929/tools/bin/../lib/gcc/arm-none-eabi/10.3.1/thumb/v6-m/nofp\libcr_eabihelpers.a(float.o)
                0x00002db8                __aeabi_fadd
 .text.__aeabi_f2iz
                0x00002e64       0x3c c:/nxp/mcuxpressoide_11.7.0_9198/ide/plugins/com.nxp.mcuxpresso.tools.win32_11.7.0.202209140929/tools/bin/../lib/gcc/arm-none-eabi/10.3.1/thumb/v6-m/nofp\libcr_eabihelpers.a(float.o)
                0x00002e64                __aeabi_f2iz
 .text.__aeabi_f2d
                0x00002ea0       0x40 c:/nxp/mcuxpressoide_11.7.0_9198/ide/plugins/com.nxp.mcuxpresso.tools.win32_11.7.0.202209140929/tools/bin/../lib/gcc/arm-none-eabi/10.3.1/thumb/v6-m/nofp\libcr_eabihelpers.a(float.o)
                0x00002ea0                __aeabi_f2d
 .text.DbgConsole_ConvertRadixNumToString.constprop.0
                0x00002ee0       0x4a ./utilities/fsl_debug_console.o
 .text.DbgConsole_Printf
                0x00002f2a       0x16 ./utilities/fsl_debug_console.o
                0x00002f2a                DbgConsole_Printf
 .text.RoundPIDOutput
                0x00002f40       0x48 ./source/PID.o
                0x00002f40                RoundPIDOutput
 .text.SysTimer_Tou
                0x00002f88       0x18 ./source/SysTimer.o
                0x00002f88                SysTimer_Tou
 .text.StartTimeout
                0x00002fa0       0x1e ./source/SysTimer.o
                0x00002fa0                StartTimeout
 .text.TimeoutDone
                0x00002fbe       0x16 ./source/SysTimer.o
                0x00002fbe                TimeoutDone
 .text.TimeoutExtension
                0x00002fd4       0x14 ./source/SysTimer.o
                0x00002fd4                TimeoutExtension
 .text.SenseDistance
                0x00002fe8        0xc ./source/distance.o
                0x00002fe8                SenseDistance
 .text.RotateForward
                0x00002ff4       0x12 ./source/motor.o
                0x00002ff4                RotateForward
 .text.RotateBackward
                0x00003006       0x12 ./source/motor.o
                0x00003006                RotateBackward
 .text.StopMotors
                0x00003018       0x10 ./source/motor.o
                0x00003018                StopMotors
 .text.UpdatePwmDutycycleScaledUp
                0x00003028       0x52 ./source/motor.o
                0x00003028                UpdatePwmDutycycleScaledUp
 .text.InitOpticMeasurement
                0x0000307a       0x10 ./source/optic.o
                0x0000307a                InitOpticMeasurement
 .text.InitUltrasonicMeasurement
                0x0000308a        0xc ./source/ultrasonic.o
                0x0000308a                InitUltrasonicMeasurement
 .text.CLOCK_UpdateClkSrc
                0x00003096       0x14 ./drivers/fsl_clock.o
 .text.SWM_SetMovablePinSelect
                0x000030aa       0x1e ./drivers/fsl_swm.o
                0x000030aa                SWM_SetMovablePinSelect
 .text.SWM_SetFixedPinSelect
                0x000030c8       0x2a ./drivers/fsl_swm.o
                0x000030c8                SWM_SetFixedPinSelect
 .text.USART_GetDefaultConfig
                0x000030f2       0x20 ./drivers/fsl_usart.o
                0x000030f2                USART_GetDefaultConfig
 .text.USART_WriteBlocking
                0x00003112       0x24 ./drivers/fsl_usart.o
                0x00003112                USART_WriteBlocking
 .text.SystemInitHook
                0x00003136        0x2 ./device/system_LPC845.o
                0x00003136                SystemInitHook
 .text.BOARD_InitBootClocks
                0x00003138        0x8 ./board/clock_config.o
                0x00003138                BOARD_InitBootClocks
 .text.BOARD_InitBootPeripherals
                0x00003140        0x2 ./board/peripherals.o
                0x00003140                BOARD_InitBootPeripherals
 .text.BOARD_InitBootPins
                0x00003142       0x1c ./board/pin_mux.o
                0x00003142                BOARD_InitBootPins
 .text.__main   0x0000315e        0xc c:/nxp/mcuxpressoide_11.7.0_9198/ide/plugins/com.nxp.mcuxpresso.tools.win32_11.7.0.202209140929/tools/bin/../lib/gcc/arm-none-eabi/10.3.1/../../../../arm-none-eabi/lib/thumb/v6-m/nofp\libcr_nohost_nf.a(_cr__main.o)
                0x0000315e                __main
 .text.memcpy   0x0000316a        0x8 c:/nxp/mcuxpressoide_11.7.0_9198/ide/plugins/com.nxp.mcuxpresso.tools.win32_11.7.0.202209140929/tools/bin/../lib/gcc/arm-none-eabi/10.3.1/../../../../arm-none-eabi/lib/thumb/v6-m/nofp\libcr_c.a(memcpy.o)
                0x0000316a                memcpy
 .text.memset   0x00003172        0x8 c:/nxp/mcuxpressoide_11.7.0_9198/ide/plugins/com.nxp.mcuxpresso.tools.win32_11.7.0.202209140929/tools/bin/../lib/gcc/arm-none-eabi/10.3.1/../../../../arm-none-eabi/lib/thumb/v6-m/nofp\libcr_c.a(memset.o)
                0x00003172                memset
 .text.free     0x0000317a       0x2c c:/nxp/mcuxpressoide_11.7.0_9198/ide/plugins/com.nxp.mcuxpresso.tools.win32_11.7.0.202209140929/tools/bin/../lib/gcc/arm-none-eabi/10.3.1/../../../../arm-none-eabi/lib/thumb/v6-m/nofp\libcr_c.a(alloc.o)
                0x0000317a                free
 .text.remove   0x000031a6       0x12 c:/nxp/mcuxpressoide_11.7.0_9198/ide/plugins/com.nxp.mcuxpresso.tools.win32_11.7.0.202209140929/tools/bin/../lib/gcc/arm-none-eabi/10.3.1/../../../../arm-none-eabi/lib/thumb/v6-m/nofp\libcr_c.a(remove.o)
                0x000031a6                remove
 .text.__aeabi_division_idivmod
                0x000031b8       0x78 c:/nxp/mcuxpressoide_11.7.0_9198/ide/plugins/com.nxp.mcuxpresso.tools.win32_11.7.0.202209140929/tools/bin/../lib/gcc/arm-none-eabi/10.3.1/thumb/v6-m/nofp\libcr_eabihelpers.a(division_32.o)
                0x000031b8                __aeabi_idivmod
                0x000031b8                __aeabi_idiv
                0x000031be                __aeabi_uidivmod
                0x000031be                __aeabi_uidiv
 .text.__aeabi_division_uldivmod
                0x00003230       0x5a c:/nxp/mcuxpressoide_11.7.0_9198/ide/plugins/com.nxp.mcuxpresso.tools.win32_11.7.0.202209140929/tools/bin/../lib/gcc/arm-none-eabi/10.3.1/thumb/v6-m/nofp\libcr_eabihelpers.a(division_64.o)
                0x00003230                __aeabi_uldivmod
 .text.__aeabi_division_idiv0
                0x0000328a        0x2 c:/nxp/mcuxpressoide_11.7.0_9198/ide/plugins/com.nxp.mcuxpresso.tools.win32_11.7.0.202209140929/tools/bin/../lib/gcc/arm-none-eabi/10.3.1/thumb/v6-m/nofp\libcr_eabihelpers.a(division_idiv0.o)
                0x0000328a                __aeabi_idiv0
 .text.__bhs_ui2d
                0x0000328c       0x5e c:/nxp/mcuxpressoide_11.7.0_9198/ide/plugins/com.nxp.mcuxpresso.tools.win32_11.7.0.202209140929/tools/bin/../lib/gcc/arm-none-eabi/10.3.1/thumb/v6-m/nofp\libcr_eabihelpers.a(double.o)
                0x0000328c                __bhs_ui2d
 .text.__aeabi_i2d
                0x000032ea       0x18 c:/nxp/mcuxpressoide_11.7.0_9198/ide/plugins/com.nxp.mcuxpresso.tools.win32_11.7.0.202209140929/tools/bin/../lib/gcc/arm-none-eabi/10.3.1/thumb/v6-m/nofp\libcr_eabihelpers.a(double.o)
                0x000032ea                __aeabi_i2d
 .text.__aeabi_f2uiz
                0x00003302       0x2a c:/nxp/mcuxpressoide_11.7.0_9198/ide/plugins/com.nxp.mcuxpresso.tools.win32_11.7.0.202209140929/tools/bin/../lib/gcc/arm-none-eabi/10.3.1/thumb/v6-m/nofp\libcr_eabihelpers.a(float.o)
                0x00003302                __aeabi_f2uiz
 .text.__bhs_ui2f
                0x0000332c       0x60 c:/nxp/mcuxpressoide_11.7.0_9198/ide/plugins/com.nxp.mcuxpresso.tools.win32_11.7.0.202209140929/tools/bin/../lib/gcc/arm-none-eabi/10.3.1/thumb/v6-m/nofp\libcr_eabihelpers.a(float.o)
                0x0000332c                __bhs_ui2f
 .text.__aeabi_i2f
                0x0000338c       0x18 c:/nxp/mcuxpressoide_11.7.0_9198/ide/plugins/com.nxp.mcuxpresso.tools.win32_11.7.0.202209140929/tools/bin/../lib/gcc/arm-none-eabi/10.3.1/thumb/v6-m/nofp\libcr_eabihelpers.a(float.o)
                0x0000338c                __aeabi_i2f
 .text.__aeabi_ui2f
                0x000033a4        0xc c:/nxp/mcuxpressoide_11.7.0_9198/ide/plugins/com.nxp.mcuxpresso.tools.win32_11.7.0.202209140929/tools/bin/../lib/gcc/arm-none-eabi/10.3.1/thumb/v6-m/nofp\libcr_eabihelpers.a(float.o)
                0x000033a4                __aeabi_ui2f
 .text.__aeabi_fcmpeq
                0x000033b0       0x20 c:/nxp/mcuxpressoide_11.7.0_9198/ide/plugins/com.nxp.mcuxpresso.tools.win32_11.7.0.202209140929/tools/bin/../lib/gcc/arm-none-eabi/10.3.1/thumb/v6-m/nofp\libcr_eabihelpers.a(float.o)
                0x000033b0                __aeabi_fcmpeq
 .text.__aeabi_fcmplt
                0x000033d0       0x42 c:/nxp/mcuxpressoide_11.7.0_9198/ide/plugins/com.nxp.mcuxpresso.tools.win32_11.7.0.202209140929/tools/bin/../lib/gcc/arm-none-eabi/10.3.1/thumb/v6-m/nofp\libcr_eabihelpers.a(float.o)
                0x000033d0                __aeabi_fcmplt
 .text.__aeabi_fcmpgt
                0x00003412       0x3e c:/nxp/mcuxpressoide_11.7.0_9198/ide/plugins/com.nxp.mcuxpresso.tools.win32_11.7.0.202209140929/tools/bin/../lib/gcc/arm-none-eabi/10.3.1/thumb/v6-m/nofp\libcr_eabihelpers.a(float.o)
                0x00003412                __aeabi_fcmpgt
 .text.__aeabi_llong_lmul
                0x00003450       0x2e c:/nxp/mcuxpressoide_11.7.0_9198/ide/plugins/com.nxp.mcuxpresso.tools.win32_11.7.0.202209140929/tools/bin/../lib/gcc/arm-none-eabi/10.3.1/thumb/v6-m/nofp\libcr_eabihelpers.a(llong.o)
                0x00003450                __aeabi_lmul
 .text.__aeabi_memcpy
                0x0000347e       0x2c c:/nxp/mcuxpressoide_11.7.0_9198/ide/plugins/com.nxp.mcuxpresso.tools.win32_11.7.0.202209140929/tools/bin/../lib/gcc/arm-none-eabi/10.3.1/thumb/v6-m/nofp\libcr_eabihelpers.a(memcpy.o)
                0x0000347e                __aeabi_memcpy4
                0x0000347e                __aeabi_memcpy8
                0x0000347e                __aeabi_memcpy
 .text.__aeabi_memset_lowlevel
                0x000034aa       0x2a c:/nxp/mcuxpressoide_11.7.0_9198/ide/plugins/com.nxp.mcuxpresso.tools.win32_11.7.0.202209140929/tools/bin/../lib/gcc/arm-none-eabi/10.3.1/thumb/v6-m/nofp\libcr_eabihelpers.a(memcpy.o)
                0x000034aa                __aeabi_lowlevel_memset
 .text.__gnu_thumb1_case_uqi
                0x000034d4       0x10 c:/nxp/mcuxpressoide_11.7.0_9198/ide/plugins/com.nxp.mcuxpresso.tools.win32_11.7.0.202209140929/tools/bin/../lib/gcc/arm-none-eabi/10.3.1/thumb/v6-m/nofp\libcr_eabihelpers.a(thumb1_switch_helpers.o)
                0x000034d4                __gnu_thumb1_case_uqi
 .text.__sys_close
                0x000034e4        0x6 c:/nxp/mcuxpressoide_11.7.0_9198/ide/plugins/com.nxp.mcuxpresso.tools.win32_11.7.0.202209140929/tools/bin/../lib/gcc/arm-none-eabi/10.3.1/../../../../arm-none-eabi/lib/thumb/v6-m/nofp\libcr_nohost_nf.a(__sys_close.o)
                0x000034e4                __sys_close
 .text.__sys_flen
                0x000034ea        0x6 c:/nxp/mcuxpressoide_11.7.0_9198/ide/plugins/com.nxp.mcuxpresso.tools.win32_11.7.0.202209140929/tools/bin/../lib/gcc/arm-none-eabi/10.3.1/../../../../arm-none-eabi/lib/thumb/v6-m/nofp\libcr_nohost_nf.a(__sys_flen.o)
                0x000034ea                __sys_flen
 .text.__sys_istty
                0x000034f0        0x6 c:/nxp/mcuxpressoide_11.7.0_9198/ide/plugins/com.nxp.mcuxpresso.tools.win32_11.7.0.202209140929/tools/bin/../lib/gcc/arm-none-eabi/10.3.1/../../../../arm-none-eabi/lib/thumb/v6-m/nofp\libcr_nohost_nf.a(__sys_istty.o)
                0x000034f0                __sys_istty
 .text.__sys_remove
                0x000034f6        0x6 c:/nxp/mcuxpressoide_11.7.0_9198/ide/plugins/com.nxp.mcuxpresso.tools.win32_11.7.0.202209140929/tools/bin/../lib/gcc/arm-none-eabi/10.3.1/../../../../arm-none-eabi/lib/thumb/v6-m/nofp\libcr_nohost_nf.a(__sys_remove.o)
                0x000034f6                __sys_remove
 .text.__sys_seek
                0x000034fc        0x6 c:/nxp/mcuxpressoide_11.7.0_9198/ide/plugins/com.nxp.mcuxpresso.tools.win32_11.7.0.202209140929/tools/bin/../lib/gcc/arm-none-eabi/10.3.1/../../../../arm-none-eabi/lib/thumb/v6-m/nofp\libcr_nohost_nf.a(__sys_seek.o)
                0x000034fc                __sys_seek
 .text.__sys_tmpnam
                0x00003502        0x6 c:/nxp/mcuxpressoide_11.7.0_9198/ide/plugins/com.nxp.mcuxpresso.tools.win32_11.7.0.202209140929/tools/bin/../lib/gcc/arm-none-eabi/10.3.1/../../../../arm-none-eabi/lib/thumb/v6-m/nofp\libcr_nohost_nf.a(__sys_tmpnam.o)
                0x00003502                __sys_tmpnam
 .text.__sys_write
                0x00003508        0x4 c:/nxp/mcuxpressoide_11.7.0_9198/ide/plugins/com.nxp.mcuxpresso.tools.win32_11.7.0.202209140929/tools/bin/../lib/gcc/arm-none-eabi/10.3.1/../../../../arm-none-eabi/lib/thumb/v6-m/nofp\libcr_nohost_nf.a(__sys_write.o)
                0x00003508                __sys_write
 *(SORT_BY_ALIGNMENT(.rodata) SORT_BY_ALIGNMENT(.rodata.*) SORT_BY_ALIGNMENT(.constdata) SORT_BY_ALIGNMENT(.constdata.*))
 *fill*         0x0000350c        0x4 ff
 .rodata.a1.1   0x00003510       0x88 c:/nxp/mcuxpressoide_11.7.0_9198/ide/plugins/com.nxp.mcuxpresso.tools.win32_11.7.0.202209140929/tools/bin/../lib/gcc/arm-none-eabi/10.3.1/../../../../arm-none-eabi/lib/thumb/v6-m/nofp\libcr_c.a(pow.o)
 .rodata.a2.0   0x00003598       0x40 c:/nxp/mcuxpressoide_11.7.0_9198/ide/plugins/com.nxp.mcuxpresso.tools.win32_11.7.0.202209140929/tools/bin/../lib/gcc/arm-none-eabi/10.3.1/../../../../arm-none-eabi/lib/thumb/v6-m/nofp\libcr_c.a(pow.o)
 .rodata.s_usartRest
                0x000035d8       0x14 ./drivers/fsl_usart.o
 .rodata.s_UsartAdapterBase
                0x000035ec       0x14 ./component/uart/fsl_adapter_miniusart.o
 .rodata.__num_Ciob_streams
                0x00003600        0x4 c:/nxp/mcuxpressoide_11.7.0_9198/ide/plugins/com.nxp.mcuxpresso.tools.win32_11.7.0.202209140929/tools/bin/../lib/gcc/arm-none-eabi/10.3.1/../../../../arm-none-eabi/lib/thumb/v6-m/nofp\libcr_nohost_nf.a(__ciob.o)
                0x00003600                __num_Ciob_streams
 .rodata.s_gpioClockName
                0x00003604        0x4 ./drivers/fsl_gpio.o
 .rodata.s_usartClock
                0x00003608        0xa ./drivers/fsl_usart.o
 .rodata.main.str1.1
                0x00003612        0xc ./source/main.o
                                 0x10 (size before relaxing)
 .rodata.ADC0_SEQA_IRQHandler.str1.1
                0x0000361e       0x14 ./source/optic.o
 .rodata        0x00003632        0x2 ./board/pin_mux.o
 .rodata._initio.str1.1
                0x00003634        0x4 c:/nxp/mcuxpressoide_11.7.0_9198/ide/plugins/com.nxp.mcuxpresso.tools.win32_11.7.0.202209140929/tools/bin/../lib/gcc/arm-none-eabi/10.3.1/../../../../arm-none-eabi/lib/thumb/v6-m/nofp\libcr_c.a(initio.o)
                0x00003638                . = ALIGN (0x4)

.glue_7         0x00003638        0x0
 .glue_7        0x00003638        0x0 linker stubs

.glue_7t        0x00003638        0x0
 .glue_7t       0x00003638        0x0 linker stubs

.vfp11_veneer   0x00003638        0x0
 .vfp11_veneer  0x00003638        0x0 linker stubs

.v4_bx          0x00003638        0x0
 .v4_bx         0x00003638        0x0 linker stubs

.iplt           0x00003638        0x0
 .iplt          0x00003638        0x0 ./utilities/fsl_debug_console.o

.rel.dyn        0x00003638        0x0
 .rel.iplt      0x00003638        0x0 ./utilities/fsl_debug_console.o

.ARM.extab
 *(SORT_BY_ALIGNMENT(.ARM.extab*) SORT_BY_ALIGNMENT(.gnu.linkonce.armextab.*))

.ARM.exidx      0x00003638        0x0
                0x00003638                __exidx_start = .
 *(SORT_BY_ALIGNMENT(.ARM.exidx*) SORT_BY_ALIGNMENT(.gnu.linkonce.armexidx.*))
                0x00003638                __exidx_end = .
                0x00003638                _etext = .

.mtb_buffer_RAM2
 *(SORT_BY_ALIGNMENT(.mtb.$RAM2*))
 *(SORT_BY_ALIGNMENT(.mtb.$IAP_SRAM*))

.data_RAM2      0x10003fe0        0x0 load address 0x00003638
 FILL mask 0xff
                [!provide]                PROVIDE (__start_data_RAM2 = .)
                [!provide]                PROVIDE (__start_data_IAP_SRAM = .)
 *(SORT_BY_ALIGNMENT(.ramfunc.$RAM2))
 *(SORT_BY_ALIGNMENT(.ramfunc.$IAP_SRAM))
 *(SORT_BY_ALIGNMENT(.data.$RAM2))
 *(SORT_BY_ALIGNMENT(.data.$IAP_SRAM))
 *(SORT_BY_ALIGNMENT(.data.$RAM2.*))
 *(SORT_BY_ALIGNMENT(.data.$IAP_SRAM.*))
                0x10003fe0                . = ALIGN (0x4)
                [!provide]                PROVIDE (__end_data_RAM2 = .)
                [!provide]                PROVIDE (__end_data_IAP_SRAM = .)

.mtb_buffer_default
                0x10000000       0x80
 *(SORT_BY_ALIGNMENT(.mtb*))
 .mtb.$RAM1     0x10000000       0x80 ./source/mtb.o
                0x10000000                __mtb_buffer__

.uninit_RESERVED
                0x10000080        0x0
                0x10000080                _start_uninit_RESERVED = .
 *(SORT_BY_ALIGNMENT(.bss.$RESERVED*))
                0x10000080                . = ALIGN (0x4)
                0x10000080                _end_uninit_RESERVED = .

.data           0x10000080        0x4 load address 0x00003638
 FILL mask 0xff
                0x10000080                _data = .
                [!provide]                PROVIDE (__start_data_RAM = .)
                [!provide]                PROVIDE (__start_data_SRAM = .)
 *(SORT_BY_ALIGNMENT(vtable))
 *(SORT_BY_ALIGNMENT(.ramfunc*))
 *(SORT_BY_ALIGNMENT(CodeQuickAccess))
 *(SORT_BY_ALIGNMENT(DataQuickAccess))
 *(SORT_BY_ALIGNMENT(RamFunction))
 *(SORT_BY_ALIGNMENT(.data*))
 .data.SystemCoreClock
                0x10000080        0x4 ./device/system_LPC845.o
                0x10000080                SystemCoreClock
                0x10000084                . = ALIGN (0x4)
                0x10000084                _edata = .
                [!provide]                PROVIDE (__end_data_RAM = .)
                [!provide]                PROVIDE (__end_data_SRAM = .)

.igot.plt       0x10000084        0x0 load address 0x0000363c
 .igot.plt      0x10000084        0x0 ./utilities/fsl_debug_console.o

.bss_RAM2       0x10003fe0        0x0
                [!provide]                PROVIDE (__start_bss_RAM2 = .)
                [!provide]                PROVIDE (__start_bss_IAP_SRAM = .)
 *(SORT_BY_ALIGNMENT(.bss.$RAM2))
 *(SORT_BY_ALIGNMENT(.bss.$IAP_SRAM))
 *(SORT_BY_ALIGNMENT(.bss.$RAM2.*))
 *(SORT_BY_ALIGNMENT(.bss.$IAP_SRAM.*))
                0x10003fe0                . = ALIGN ((. != 0x0)?0x4:0x1)
                [!provide]                PROVIDE (__end_bss_RAM2 = .)
                [!provide]                PROVIDE (__end_bss_IAP_SRAM = .)

.bss            0x10000088      0x1e8
                0x10000088                _bss = .
                [!provide]                PROVIDE (__start_bss_RAM = .)
                [!provide]                PROVIDE (__start_bss_SRAM = .)
 *(SORT_BY_ALIGNMENT(.bss*))
 .bss.RPM_left  0x10000088        0x8 ./source/encoder.o
                0x10000088                RPM_left
 .bss.RPM_right
                0x10000090        0x8 ./source/encoder.o
                0x10000090                RPM_right
 .bss.s_debugConsole
                0x10000098       0x14 ./utilities/fsl_debug_console.o
 .bss.pid_left  0x100000ac       0x24 ./source/PID.o
                0x100000ac                pid_left
 .bss.pid_right
                0x100000d0       0x24 ./source/PID.o
                0x100000d0                pid_right
 .bss.car       0x100000f4        0x8 ./source/car.o
                0x100000f4                car
 .bss.car_prev  0x100000fc        0x8 ./source/car.o
                0x100000fc                car_prev
 .bss.back_left_first
                0x10000104        0x4 ./source/optic.o
                0x10000104                back_left_first
 .bss.back_left_second
                0x10000108        0x4 ./source/optic.o
                0x10000108                back_left_second
 .bss.back_right_first
                0x1000010c        0x4 ./source/optic.o
                0x1000010c                back_right_first
 .bss.back_right_second
                0x10000110        0x4 ./source/optic.o
                0x10000110                back_right_second
 .bss.front_left_first
                0x10000114        0x4 ./source/optic.o
                0x10000114                front_left_first
 .bss.front_left_second
                0x10000118        0x4 ./source/optic.o
                0x10000118                front_left_second
 .bss.front_right_first
                0x1000011c        0x4 ./source/optic.o
                0x1000011c                front_right_first
 .bss.front_right_second
                0x10000120        0x4 ./source/optic.o
                0x10000120                front_right_second
 .bss.optic_measurement
                0x10000124       0x18 ./source/optic.o
                0x10000124                optic_measurement
 .bss.g_systickCounter
                0x1000013c        0x4 ./source/sys.o
 .bss.ultrasonic_measurement
                0x10000140        0x8 ./source/ultrasonic.o
                0x10000140                ultrasonic_measurement
 .bss.g_Ext_Clk_Freq
                0x10000148        0x4 ./drivers/fsl_clock.o
                0x10000148                g_Ext_Clk_Freq
 .bss.g_Wdt_Osc_Freq
                0x1000014c        0x4 ./drivers/fsl_clock.o
                0x1000014c                g_Wdt_Osc_Freq
 .bss.s_ctimerCallback
                0x10000150        0x4 ./drivers/fsl_ctimer.o
 .bss.s_sctimerIsr
                0x10000154        0x4 ./drivers/fsl_sctimer.o
 .bss.s_usartHandle
                0x10000158       0x14 ./drivers/fsl_usart.o
 .bss.s_usartIsr
                0x1000016c        0x4 ./drivers/fsl_usart.o
 .bss.SCT0_pwmEvent
                0x10000170        0x8 ./board/peripherals.o
                0x10000170                SCT0_pwmEvent
 .bss.errno     0x10000178        0x4 c:/nxp/mcuxpressoide_11.7.0_9198/ide/plugins/com.nxp.mcuxpresso.tools.win32_11.7.0.202209140929/tools/bin/../lib/gcc/arm-none-eabi/10.3.1/../../../../arm-none-eabi/lib/thumb/v6-m/nofp\libcr_c.a(errno.o)
                0x10000178                errno
 .bss.__Ciob    0x1000017c       0xb4 c:/nxp/mcuxpressoide_11.7.0_9198/ide/plugins/com.nxp.mcuxpresso.tools.win32_11.7.0.202209140929/tools/bin/../lib/gcc/arm-none-eabi/10.3.1/../../../../arm-none-eabi/lib/thumb/v6-m/nofp\libcr_nohost_nf.a(__ciob.o)
                0x1000017c                __Ciob
 .bss.Tou1      0x10000230        0x4 ./source/SysTimer.o
 .bss.Tou2      0x10000234        0x4 ./source/SysTimer.o
 .bss.Tou3      0x10000238        0x4 ./source/SysTimer.o
 .bss.Tou4      0x1000023c        0x4 ./source/SysTimer.o
 .bss.updated   0x10000240        0x1 ./source/PID.o
                0x10000240                updated
 .bss.buffer    0x10000241       0x12 ./source/bluetooth.o
                0x10000241                buffer
 .bss.bluetooth_prompts
                0x10000253       0x12 ./source/car.o
                0x10000253                bluetooth_prompts
 .bss.motor_left
                0x10000265        0x3 ./source/motor.o
                0x10000265                motor_left
 .bss.motor_right
                0x10000268        0x3 ./source/motor.o
                0x10000268                motor_right
 .bss.servo_turn_finished
                0x1000026b        0x1 ./source/servo.o
                0x1000026b                servo_turn_finished
 .bss.ctimerCallbackType
                0x1000026c        0x1 ./drivers/fsl_ctimer.o
 *(SORT_BY_ALIGNMENT(COMMON))
                0x10000270                . = ALIGN (0x4)
 *fill*         0x1000026d        0x3 
                0x10000270                _ebss = .
                [!provide]                PROVIDE (__end_bss_RAM = .)
                [!provide]                PROVIDE (__end_bss_SRAM = .)
                [!provide]                PROVIDE (end = .)

.noinit_RAM2    0x10003fe0        0x0
                [!provide]                PROVIDE (__start_noinit_RAM2 = .)
                [!provide]                PROVIDE (__start_noinit_IAP_SRAM = .)
 *(SORT_BY_ALIGNMENT(.noinit.$RAM2))
 *(SORT_BY_ALIGNMENT(.noinit.$IAP_SRAM))
 *(SORT_BY_ALIGNMENT(.noinit.$RAM2.*))
 *(SORT_BY_ALIGNMENT(.noinit.$IAP_SRAM.*))
                0x10003fe0                . = ALIGN (0x4)
                [!provide]                PROVIDE (__end_noinit_RAM2 = .)
                [!provide]                PROVIDE (__end_noinit_IAP_SRAM = .)

.noinit         0x10000270        0x0
                0x10000270                _noinit = .
                [!provide]                PROVIDE (__start_noinit_RAM = .)
                [!provide]                PROVIDE (__start_noinit_SRAM = .)
 *(SORT_BY_ALIGNMENT(.noinit*))
                0x10000270                . = ALIGN (0x4)
                0x10000270                _end_noinit = .
                [!provide]                PROVIDE (__end_noinit_RAM = .)
                [!provide]                PROVIDE (__end_noinit_SRAM = .)
                0x000003f8                _HeapSize = 0x3f8

.heap           0x10000270      0x3f8
                0x10000270                _pvHeapStart = .
                0x10000668                . = (. + _HeapSize)
 *fill*         0x10000270      0x3f8 
                0x10000668                . = ALIGN (0x4)
                0x10000668                _pvHeapLimit = .
                0x000003f8                _StackSize = 0x3f8

.heap2stackfill
                0x10000668      0x3f8
                0x10000a60                . = (. + _StackSize)
 *fill*         0x10000668      0x3f8 

.stack          0x10003be8        0x0
                0x10003be8                _vStackBase = .
                0x10003be8                . = ALIGN (0x4)
                0x10003fe0                _vStackTop = (. + _StackSize)
                0xefffb11d                PROVIDE (__valid_user_code_checksum = (0x0 - (((_vStackTop + (ResetISR + 0x1)) + (DEFINED (NMI_Handler)?NMI_Handler:M0_NMI_Handler + 0x1)) + (DEFINED (HardFault_Handler)?HardFault_Handler:M0_HardFault_Handler + 0x1))))
                0x00000000                _image_start = LOADADDR (.text)
                0x0000363c                _image_end = (LOADADDR (.data) + SIZEOF (.data))
                0x0000363c                _image_size = (_image_end - _image_start)
OUTPUT(LPC845_Project.axf elf32-littlearm)
LOAD linker stubs

.debug_info     0x00000000    0x1b334
 .debug_info    0x00000000     0x1417 ./utilities/fsl_debug_console.o
 .debug_info    0x00001417      0x664 ./startup/startup_lpc845.o
 .debug_info    0x00001a7b      0x95d ./source/MRT.o
 .debug_info    0x000023d8      0x370 ./source/PID.o
 .debug_info    0x00002748      0x4f9 ./source/SysTimer.o
 .debug_info    0x00002c41      0xc90 ./source/bluetooth.o
 .debug_info    0x000038d1      0xe7f ./source/car.o
 .debug_info    0x00004750       0xc2 ./source/distance.o
 .debug_info    0x00004812      0xbcd ./source/encoder.o
 .debug_info    0x000053df      0xfc2 ./source/main.o
 .debug_info    0x000063a1     0x1610 ./source/motor.o
 .debug_info    0x000079b1       0x4f ./source/mtb.o
 .debug_info    0x00007a00     0x1458 ./source/optic.o
 .debug_info    0x00008e58       0x38 ./source/semihost_hardfault.o
 .debug_info    0x00008e90     0x1142 ./source/servo.o
 .debug_info    0x00009fd2       0xbb ./source/sys.o
 .debug_info    0x0000a08d      0xe66 ./source/ultrasonic.o
 .debug_info    0x0000aef3     0x16cf ./drivers/fsl_clock.o
 .debug_info    0x0000c5c2     0x1867 ./drivers/fsl_ctimer.o
 .debug_info    0x0000de29      0xe75 ./drivers/fsl_gpio.o
 .debug_info    0x0000ec9e      0x795 ./drivers/fsl_reset.o
 .debug_info    0x0000f433     0x1d3a ./drivers/fsl_sctimer.o
 .debug_info    0x0001116d      0x73f ./drivers/fsl_swm.o
 .debug_info    0x000118ac     0x22cb ./drivers/fsl_usart.o
 .debug_info    0x00013b77      0x7a8 ./device/system_LPC845.o
 .debug_info    0x0001431f      0xfd4 ./component/uart/fsl_adapter_miniusart.o
 .debug_info    0x000152f3      0xca4 ./board/board.o
 .debug_info    0x00015f97      0xe7b ./board/clock_config.o
 .debug_info    0x00016e12     0x2a37 ./board/peripherals.o
 .debug_info    0x00019849     0x1aeb ./board/pin_mux.o

.debug_abbrev   0x00000000     0x4633
 .debug_abbrev  0x00000000      0x37d ./utilities/fsl_debug_console.o
 .debug_abbrev  0x0000037d      0x192 ./startup/startup_lpc845.o
 .debug_abbrev  0x0000050f      0x26b ./source/MRT.o
 .debug_abbrev  0x0000077a      0x1a2 ./source/PID.o
 .debug_abbrev  0x0000091c      0x1f2 ./source/SysTimer.o
 .debug_abbrev  0x00000b0e      0x294 ./source/bluetooth.o
 .debug_abbrev  0x00000da2      0x1ff ./source/car.o
 .debug_abbrev  0x00000fa1       0x62 ./source/distance.o
 .debug_abbrev  0x00001003      0x1ae ./source/encoder.o
 .debug_abbrev  0x000011b1      0x2da ./source/main.o
 .debug_abbrev  0x0000148b      0x2d7 ./source/motor.o
 .debug_abbrev  0x00001762       0x43 ./source/mtb.o
 .debug_abbrev  0x000017a5      0x33f ./source/optic.o
 .debug_abbrev  0x00001ae4       0x2e ./source/semihost_hardfault.o
 .debug_abbrev  0x00001b12      0x25a ./source/servo.o
 .debug_abbrev  0x00001d6c       0x8b ./source/sys.o
 .debug_abbrev  0x00001df7      0x259 ./source/ultrasonic.o
 .debug_abbrev  0x00002050      0x433 ./drivers/fsl_clock.o
 .debug_abbrev  0x00002483      0x46b ./drivers/fsl_ctimer.o
 .debug_abbrev  0x000028ee      0x227 ./drivers/fsl_gpio.o
 .debug_abbrev  0x00002b15      0x1a6 ./drivers/fsl_reset.o
 .debug_abbrev  0x00002cbb      0x430 ./drivers/fsl_sctimer.o
 .debug_abbrev  0x000030eb      0x182 ./drivers/fsl_swm.o
 .debug_abbrev  0x0000326d      0x4a8 ./drivers/fsl_usart.o
 .debug_abbrev  0x00003715      0x15b ./device/system_LPC845.o
 .debug_abbrev  0x00003870      0x2a0 ./component/uart/fsl_adapter_miniusart.o
 .debug_abbrev  0x00003b10      0x1e5 ./board/board.o
 .debug_abbrev  0x00003cf5      0x29a ./board/clock_config.o
 .debug_abbrev  0x00003f8f      0x3b6 ./board/peripherals.o
 .debug_abbrev  0x00004345      0x2ee ./board/pin_mux.o

.debug_loc      0x00000000     0x688a
 .debug_loc     0x00000000      0xc7c ./utilities/fsl_debug_console.o
 .debug_loc     0x00000c7c      0x234 ./startup/startup_lpc845.o
 .debug_loc     0x00000eb0      0x267 ./source/MRT.o
 .debug_loc     0x00001117      0x121 ./source/PID.o
 .debug_loc     0x00001238      0x167 ./source/SysTimer.o
 .debug_loc     0x0000139f      0x118 ./source/bluetooth.o
 .debug_loc     0x000014b7      0x2c9 ./source/car.o
 .debug_loc     0x00001780       0x4a ./source/encoder.o
 .debug_loc     0x000017ca      0x146 ./source/main.o
 .debug_loc     0x00001910      0x399 ./source/motor.o
 .debug_loc     0x00001ca9      0x177 ./source/optic.o
 .debug_loc     0x00001e20      0x402 ./source/servo.o
 .debug_loc     0x00002222       0xe2 ./source/ultrasonic.o
 .debug_loc     0x00002304      0xa34 ./drivers/fsl_clock.o
 .debug_loc     0x00002d38      0xa33 ./drivers/fsl_ctimer.o
 .debug_loc     0x0000376b      0x22d ./drivers/fsl_gpio.o
 .debug_loc     0x00003998      0x175 ./drivers/fsl_reset.o
 .debug_loc     0x00003b0d      0xe6d ./drivers/fsl_sctimer.o
 .debug_loc     0x0000497a      0x187 ./drivers/fsl_swm.o
 .debug_loc     0x00004b01      0xebc ./drivers/fsl_usart.o
 .debug_loc     0x000059bd       0xca ./device/system_LPC845.o
 .debug_loc     0x00005a87      0x276 ./component/uart/fsl_adapter_miniusart.o
 .debug_loc     0x00005cfd       0x2d ./board/board.o
 .debug_loc     0x00005d2a       0xfa ./board/clock_config.o
 .debug_loc     0x00005e24      0x658 ./board/peripherals.o
 .debug_loc     0x0000647c      0x40e ./board/pin_mux.o

.debug_aranges  0x00000000      0x9c0
 .debug_aranges
                0x00000000       0x58 ./utilities/fsl_debug_console.o
 .debug_aranges
                0x00000058      0x160 ./startup/startup_lpc845.o
 .debug_aranges
                0x000001b8       0x20 ./source/MRT.o
 .debug_aranges
                0x000001d8       0x38 ./source/PID.o
 .debug_aranges
                0x00000210       0x98 ./source/SysTimer.o
 .debug_aranges
                0x000002a8       0x48 ./source/bluetooth.o
 .debug_aranges
                0x000002f0       0x70 ./source/car.o
 .debug_aranges
                0x00000360       0x20 ./source/distance.o
 .debug_aranges
                0x00000380       0x28 ./source/encoder.o
 .debug_aranges
                0x000003a8       0x20 ./source/main.o
 .debug_aranges
                0x000003c8       0x50 ./source/motor.o
 .debug_aranges
                0x00000418       0x18 ./source/mtb.o
 .debug_aranges
                0x00000430       0x50 ./source/optic.o
 .debug_aranges
                0x00000480       0x20 ./source/semihost_hardfault.o
 .debug_aranges
                0x000004a0       0x30 ./source/servo.o
 .debug_aranges
                0x000004d0       0x20 ./source/sys.o
 .debug_aranges
                0x000004f0       0x48 ./source/ultrasonic.o
 .debug_aranges
                0x00000538       0xe0 ./drivers/fsl_clock.o
 .debug_aranges
                0x00000618       0x78 ./drivers/fsl_ctimer.o
 .debug_aranges
                0x00000690       0x28 ./drivers/fsl_gpio.o
 .debug_aranges
                0x000006b8       0x20 ./drivers/fsl_reset.o
 .debug_aranges
                0x000006d8       0x88 ./drivers/fsl_sctimer.o
 .debug_aranges
                0x00000760       0x28 ./drivers/fsl_swm.o
 .debug_aranges
                0x00000788       0xd0 ./drivers/fsl_usart.o
 .debug_aranges
                0x00000858       0x30 ./device/system_LPC845.o
 .debug_aranges
                0x00000888       0x40 ./component/uart/fsl_adapter_miniusart.o
 .debug_aranges
                0x000008c8       0x20 ./board/board.o
 .debug_aranges
                0x000008e8       0x58 ./board/clock_config.o
 .debug_aranges
                0x00000940       0x28 ./board/peripherals.o
 .debug_aranges
                0x00000968       0x58 ./board/pin_mux.o

.debug_ranges   0x00000000     0x1330
 .debug_ranges  0x00000000       0xa0 ./utilities/fsl_debug_console.o
 .debug_ranges  0x000000a0      0x150 ./startup/startup_lpc845.o
 .debug_ranges  0x000001f0       0x98 ./source/MRT.o
 .debug_ranges  0x00000288       0x28 ./source/PID.o
 .debug_ranges  0x000002b0       0xa0 ./source/SysTimer.o
 .debug_ranges  0x00000350       0xb0 ./source/bluetooth.o
 .debug_ranges  0x00000400       0x80 ./source/car.o
 .debug_ranges  0x00000480       0x10 ./source/distance.o
 .debug_ranges  0x00000490       0x18 ./source/encoder.o
 .debug_ranges  0x000004a8       0xd8 ./source/main.o
 .debug_ranges  0x00000580       0xd8 ./source/motor.o
 .debug_ranges  0x00000658       0xd0 ./source/optic.o
 .debug_ranges  0x00000728       0x10 ./source/semihost_hardfault.o
 .debug_ranges  0x00000738       0x68 ./source/servo.o
 .debug_ranges  0x000007a0       0x10 ./source/sys.o
 .debug_ranges  0x000007b0       0x70 ./source/ultrasonic.o
 .debug_ranges  0x00000820      0x148 ./drivers/fsl_clock.o
 .debug_ranges  0x00000968      0x110 ./drivers/fsl_ctimer.o
 .debug_ranges  0x00000a78       0xa8 ./drivers/fsl_gpio.o
 .debug_ranges  0x00000b20       0x28 ./drivers/fsl_reset.o
 .debug_ranges  0x00000b48      0x168 ./drivers/fsl_sctimer.o
 .debug_ranges  0x00000cb0       0x18 ./drivers/fsl_swm.o
 .debug_ranges  0x00000cc8      0x180 ./drivers/fsl_usart.o
 .debug_ranges  0x00000e48       0x20 ./device/system_LPC845.o
 .debug_ranges  0x00000e68       0x48 ./component/uart/fsl_adapter_miniusart.o
 .debug_ranges  0x00000eb0       0x38 ./board/board.o
 .debug_ranges  0x00000ee8       0xb0 ./board/clock_config.o
 .debug_ranges  0x00000f98      0x220 ./board/peripherals.o
 .debug_ranges  0x000011b8      0x178 ./board/pin_mux.o

.debug_line     0x00000000     0x92e0
 .debug_line    0x00000000      0x8c6 ./utilities/fsl_debug_console.o
 .debug_line    0x000008c6      0x3bb ./startup/startup_lpc845.o
 .debug_line    0x00000c81      0x360 ./source/MRT.o
 .debug_line    0x00000fe1      0x1f4 ./source/PID.o
 .debug_line    0x000011d5      0x33f ./source/SysTimer.o
 .debug_line    0x00001514      0x41e ./source/bluetooth.o
 .debug_line    0x00001932      0x6b1 ./source/car.o
 .debug_line    0x00001fe3       0x77 ./source/distance.o
 .debug_line    0x0000205a      0x360 ./source/encoder.o
 .debug_line    0x000023ba      0x5ca ./source/main.o
 .debug_line    0x00002984      0x547 ./source/motor.o
 .debug_line    0x00002ecb       0x30 ./source/mtb.o
 .debug_line    0x00002efb      0x646 ./source/optic.o
 .debug_line    0x00003541       0x5a ./source/semihost_hardfault.o
 .debug_line    0x0000359b      0x504 ./source/servo.o
 .debug_line    0x00003a9f       0xee ./source/sys.o
 .debug_line    0x00003b8d      0x41e ./source/ultrasonic.o
 .debug_line    0x00003fab      0xc05 ./drivers/fsl_clock.o
 .debug_line    0x00004bb0      0x91b ./drivers/fsl_ctimer.o
 .debug_line    0x000054cb      0x30a ./drivers/fsl_gpio.o
 .debug_line    0x000057d5      0x19f ./drivers/fsl_reset.o
 .debug_line    0x00005974      0xc29 ./drivers/fsl_sctimer.o
 .debug_line    0x0000659d      0x1e5 ./drivers/fsl_swm.o
 .debug_line    0x00006782      0xf9f ./drivers/fsl_usart.o
 .debug_line    0x00007721      0x2a1 ./device/system_LPC845.o
 .debug_line    0x000079c2      0x3c4 ./component/uart/fsl_adapter_miniusart.o
 .debug_line    0x00007d86      0x307 ./board/board.o
 .debug_line    0x0000808d      0x426 ./board/clock_config.o
 .debug_line    0x000084b3      0x7a2 ./board/peripherals.o
 .debug_line    0x00008c55      0x68b ./board/pin_mux.o

.debug_str      0x00000000     0x77d4
 .debug_str     0x00000000     0x1454 ./utilities/fsl_debug_console.o
                               0x14b8 (size before relaxing)
 .debug_str     0x00001454      0x3ad ./startup/startup_lpc845.o
                                0x4da (size before relaxing)
 .debug_str     0x00001801      0x2fa ./source/MRT.o
                                0x5a0 (size before relaxing)
 .debug_str     0x00001afb       0xd1 ./source/PID.o
                                0x292 (size before relaxing)
 .debug_str     0x00001bcc      0x12e ./source/SysTimer.o
                                0x2eb (size before relaxing)
 .debug_str     0x00001cfa      0x27d ./source/bluetooth.o
                               0x10d4 (size before relaxing)
 .debug_str     0x00001f77      0x219 ./source/car.o
                               0x125f (size before relaxing)
 .debug_str     0x00002190       0x42 ./source/distance.o
                                0x1f3 (size before relaxing)
 .debug_str     0x000021d2      0x130 ./source/encoder.o
                                0xf62 (size before relaxing)
 .debug_str     0x00002302      0x63e ./source/main.o
                                0xd7f (size before relaxing)
 .debug_str     0x00002940      0x3e9 ./source/motor.o
                               0x1307 (size before relaxing)
 .debug_str     0x00002d29       0x1f ./source/mtb.o
                                0x14b (size before relaxing)
 .debug_str     0x00002d48      0x53d ./source/optic.o
                               0x17de (size before relaxing)
 .debug_str     0x00003285       0x1f ./source/semihost_hardfault.o
                                0x14b (size before relaxing)
 .debug_str     0x000032a4       0x8a ./source/servo.o
                                0xfc0 (size before relaxing)
 .debug_str     0x0000332e       0x21 ./source/sys.o
                                0x1de (size before relaxing)
 .debug_str     0x0000334f       0x91 ./source/ultrasonic.o
                               0x1042 (size before relaxing)
 .debug_str     0x000033e0      0x815 ./drivers/fsl_clock.o
                               0x166f (size before relaxing)
 .debug_str     0x00003bf5      0xad6 ./drivers/fsl_ctimer.o
                               0x1392 (size before relaxing)
 .debug_str     0x000046cb       0xef ./drivers/fsl_gpio.o
                               0x13db (size before relaxing)
 .debug_str     0x000047ba       0x6e ./drivers/fsl_reset.o
                                0x7fa (size before relaxing)
 .debug_str     0x00004828      0xad0 ./drivers/fsl_sctimer.o
                               0x192c (size before relaxing)
 .debug_str     0x000052f8      0xa8c ./drivers/fsl_swm.o
                                0xd79 (size before relaxing)
 .debug_str     0x00005d84      0x8ce ./drivers/fsl_usart.o
                               0x22c9 (size before relaxing)
 .debug_str     0x00006652       0x90 ./device/system_LPC845.o
                                0x588 (size before relaxing)
 .debug_str     0x000066e2       0xdf ./component/uart/fsl_adapter_miniusart.o
                               0x151c (size before relaxing)
 .debug_str     0x000067c1      0x6e3 ./board/board.o
                               0x18e7 (size before relaxing)
 .debug_str     0x00006ea4      0x1f8 ./board/clock_config.o
                               0x105a (size before relaxing)
 .debug_str     0x0000709c      0x54a ./board/peripherals.o
                               0x26d8 (size before relaxing)
 .debug_str     0x000075e6      0x1ee ./board/pin_mux.o
                               0x1477 (size before relaxing)

.comment        0x00000000       0x49
 .comment       0x00000000       0x49 ./utilities/fsl_debug_console.o
                                 0x4a (size before relaxing)
 .comment       0x00000049       0x4a ./startup/startup_lpc845.o
 .comment       0x00000049       0x4a ./source/MRT.o
 .comment       0x00000049       0x4a ./source/PID.o
 .comment       0x00000049       0x4a ./source/SysTimer.o
 .comment       0x00000049       0x4a ./source/bluetooth.o
 .comment       0x00000049       0x4a ./source/car.o
 .comment       0x00000049       0x4a ./source/distance.o
 .comment       0x00000049       0x4a ./source/encoder.o
 .comment       0x00000049       0x4a ./source/main.o
 .comment       0x00000049       0x4a ./source/motor.o
 .comment       0x00000049       0x4a ./source/mtb.o
 .comment       0x00000049       0x4a ./source/optic.o
 .comment       0x00000049       0x4a ./source/semihost_hardfault.o
 .comment       0x00000049       0x4a ./source/servo.o
 .comment       0x00000049       0x4a ./source/sys.o
 .comment       0x00000049       0x4a ./source/ultrasonic.o
 .comment       0x00000049       0x4a ./drivers/fsl_clock.o
 .comment       0x00000049       0x4a ./drivers/fsl_ctimer.o
 .comment       0x00000049       0x4a ./drivers/fsl_gpio.o
 .comment       0x00000049       0x4a ./drivers/fsl_reset.o
 .comment       0x00000049       0x4a ./drivers/fsl_sctimer.o
 .comment       0x00000049       0x4a ./drivers/fsl_swm.o
 .comment       0x00000049       0x4a ./drivers/fsl_usart.o
 .comment       0x00000049       0x4a ./device/system_LPC845.o
 .comment       0x00000049       0x4a ./component/uart/fsl_adapter_miniusart.o
 .comment       0x00000049       0x4a ./board/board.o
 .comment       0x00000049       0x4a ./board/clock_config.o
 .comment       0x00000049       0x4a ./board/peripherals.o
 .comment       0x00000049       0x4a ./board/pin_mux.o
 .comment       0x00000049       0x4a c:/nxp/mcuxpressoide_11.7.0_9198/ide/plugins/com.nxp.mcuxpresso.tools.win32_11.7.0.202209140929/tools/bin/../lib/gcc/arm-none-eabi/10.3.1/../../../../arm-none-eabi/lib/thumb/v6-m/nofp\libcr_nohost_nf.a(_cr__main.o)
 .comment       0x00000049       0x4a c:/nxp/mcuxpressoide_11.7.0_9198/ide/plugins/com.nxp.mcuxpresso.tools.win32_11.7.0.202209140929/tools/bin/../lib/gcc/arm-none-eabi/10.3.1/../../../../arm-none-eabi/lib/thumb/v6-m/nofp\libcr_c.a(ceilf.o)
 .comment       0x00000049       0x4a c:/nxp/mcuxpressoide_11.7.0_9198/ide/plugins/com.nxp.mcuxpresso.tools.win32_11.7.0.202209140929/tools/bin/../lib/gcc/arm-none-eabi/10.3.1/../../../../arm-none-eabi/lib/thumb/v6-m/nofp\libcr_c.a(memcpy.o)
 .comment       0x00000049       0x4a c:/nxp/mcuxpressoide_11.7.0_9198/ide/plugins/com.nxp.mcuxpresso.tools.win32_11.7.0.202209140929/tools/bin/../lib/gcc/arm-none-eabi/10.3.1/../../../../arm-none-eabi/lib/thumb/v6-m/nofp\libcr_c.a(memset.o)
 .comment       0x00000049       0x4a c:/nxp/mcuxpressoide_11.7.0_9198/ide/plugins/com.nxp.mcuxpresso.tools.win32_11.7.0.202209140929/tools/bin/../lib/gcc/arm-none-eabi/10.3.1/../../../../arm-none-eabi/lib/thumb/v6-m/nofp\libcr_c.a(alloc.o)
 .comment       0x00000049       0x4a c:/nxp/mcuxpressoide_11.7.0_9198/ide/plugins/com.nxp.mcuxpresso.tools.win32_11.7.0.202209140929/tools/bin/../lib/gcc/arm-none-eabi/10.3.1/../../../../arm-none-eabi/lib/thumb/v6-m/nofp\libcr_c.a(errno.o)
 .comment       0x00000049       0x4a c:/nxp/mcuxpressoide_11.7.0_9198/ide/plugins/com.nxp.mcuxpresso.tools.win32_11.7.0.202209140929/tools/bin/../lib/gcc/arm-none-eabi/10.3.1/../../../../arm-none-eabi/lib/thumb/v6-m/nofp\libcr_c.a(floor.o)
 .comment       0x00000049       0x4a c:/nxp/mcuxpressoide_11.7.0_9198/ide/plugins/com.nxp.mcuxpresso.tools.win32_11.7.0.202209140929/tools/bin/../lib/gcc/arm-none-eabi/10.3.1/../../../../arm-none-eabi/lib/thumb/v6-m/nofp\libcr_c.a(initio.o)
 .comment       0x00000049       0x4a c:/nxp/mcuxpressoide_11.7.0_9198/ide/plugins/com.nxp.mcuxpresso.tools.win32_11.7.0.202209140929/tools/bin/../lib/gcc/arm-none-eabi/10.3.1/../../../../arm-none-eabi/lib/thumb/v6-m/nofp\libcr_c.a(pow.o)
 .comment       0x00000049       0x4a c:/nxp/mcuxpressoide_11.7.0_9198/ide/plugins/com.nxp.mcuxpresso.tools.win32_11.7.0.202209140929/tools/bin/../lib/gcc/arm-none-eabi/10.3.1/../../../../arm-none-eabi/lib/thumb/v6-m/nofp\libcr_c.a(setvbuf.o)
 .comment       0x00000049       0x4a c:/nxp/mcuxpressoide_11.7.0_9198/ide/plugins/com.nxp.mcuxpresso.tools.win32_11.7.0.202209140929/tools/bin/../lib/gcc/arm-none-eabi/10.3.1/../../../../arm-none-eabi/lib/thumb/v6-m/nofp\libcr_c.a(strlen.o)
 .comment       0x00000049       0x4a c:/nxp/mcuxpressoide_11.7.0_9198/ide/plugins/com.nxp.mcuxpresso.tools.win32_11.7.0.202209140929/tools/bin/../lib/gcc/arm-none-eabi/10.3.1/../../../../arm-none-eabi/lib/thumb/v6-m/nofp\libcr_c.a(_deferredlazyseek.o)
 .comment       0x00000049       0x4a c:/nxp/mcuxpressoide_11.7.0_9198/ide/plugins/com.nxp.mcuxpresso.tools.win32_11.7.0.202209140929/tools/bin/../lib/gcc/arm-none-eabi/10.3.1/../../../../arm-none-eabi/lib/thumb/v6-m/nofp\libcr_c.a(_fdopen.o)
 .comment       0x00000049       0x4a c:/nxp/mcuxpressoide_11.7.0_9198/ide/plugins/com.nxp.mcuxpresso.tools.win32_11.7.0.202209140929/tools/bin/../lib/gcc/arm-none-eabi/10.3.1/../../../../arm-none-eabi/lib/thumb/v6-m/nofp\libcr_c.a(_fflush.o)
 .comment       0x00000049       0x4a c:/nxp/mcuxpressoide_11.7.0_9198/ide/plugins/com.nxp.mcuxpresso.tools.win32_11.7.0.202209140929/tools/bin/../lib/gcc/arm-none-eabi/10.3.1/../../../../arm-none-eabi/lib/thumb/v6-m/nofp\libcr_c.a(_writebuf.o)
 .comment       0x00000049       0x4a c:/nxp/mcuxpressoide_11.7.0_9198/ide/plugins/com.nxp.mcuxpresso.tools.win32_11.7.0.202209140929/tools/bin/../lib/gcc/arm-none-eabi/10.3.1/../../../../arm-none-eabi/lib/thumb/v6-m/nofp\libcr_c.a(fclose.o)
 .comment       0x00000049       0x4a c:/nxp/mcuxpressoide_11.7.0_9198/ide/plugins/com.nxp.mcuxpresso.tools.win32_11.7.0.202209140929/tools/bin/../lib/gcc/arm-none-eabi/10.3.1/../../../../arm-none-eabi/lib/thumb/v6-m/nofp\libcr_c.a(fflush.o)
 .comment       0x00000049       0x4a c:/nxp/mcuxpressoide_11.7.0_9198/ide/plugins/com.nxp.mcuxpresso.tools.win32_11.7.0.202209140929/tools/bin/../lib/gcc/arm-none-eabi/10.3.1/../../../../arm-none-eabi/lib/thumb/v6-m/nofp\libcr_c.a(frexp.o)
 .comment       0x00000049       0x4a c:/nxp/mcuxpressoide_11.7.0_9198/ide/plugins/com.nxp.mcuxpresso.tools.win32_11.7.0.202209140929/tools/bin/../lib/gcc/arm-none-eabi/10.3.1/../../../../arm-none-eabi/lib/thumb/v6-m/nofp\libcr_c.a(fseek.o)
 .comment       0x00000049       0x4a c:/nxp/mcuxpressoide_11.7.0_9198/ide/plugins/com.nxp.mcuxpresso.tools.win32_11.7.0.202209140929/tools/bin/../lib/gcc/arm-none-eabi/10.3.1/../../../../arm-none-eabi/lib/thumb/v6-m/nofp\libcr_c.a(ftell.o)
 .comment       0x00000049       0x4a c:/nxp/mcuxpressoide_11.7.0_9198/ide/plugins/com.nxp.mcuxpresso.tools.win32_11.7.0.202209140929/tools/bin/../lib/gcc/arm-none-eabi/10.3.1/../../../../arm-none-eabi/lib/thumb/v6-m/nofp\libcr_c.a(ldexp.o)
 .comment       0x00000049       0x4a c:/nxp/mcuxpressoide_11.7.0_9198/ide/plugins/com.nxp.mcuxpresso.tools.win32_11.7.0.202209140929/tools/bin/../lib/gcc/arm-none-eabi/10.3.1/../../../../arm-none-eabi/lib/thumb/v6-m/nofp\libcr_c.a(remove.o)
 .comment       0x00000049       0x4a c:/nxp/mcuxpressoide_11.7.0_9198/ide/plugins/com.nxp.mcuxpresso.tools.win32_11.7.0.202209140929/tools/bin/../lib/gcc/arm-none-eabi/10.3.1/../../../../arm-none-eabi/lib/thumb/v6-m/nofp\libcr_c.a(_do_fflush.o)
 .comment       0x00000049       0x4a c:/nxp/mcuxpressoide_11.7.0_9198/ide/plugins/com.nxp.mcuxpresso.tools.win32_11.7.0.202209140929/tools/bin/../lib/gcc/arm-none-eabi/10.3.1/thumb/v6-m/nofp\libcr_eabihelpers.a(double.o)
 .comment       0x00000049       0x4a c:/nxp/mcuxpressoide_11.7.0_9198/ide/plugins/com.nxp.mcuxpresso.tools.win32_11.7.0.202209140929/tools/bin/../lib/gcc/arm-none-eabi/10.3.1/thumb/v6-m/nofp\libcr_eabihelpers.a(float.o)
 .comment       0x00000049       0x4a c:/nxp/mcuxpressoide_11.7.0_9198/ide/plugins/com.nxp.mcuxpresso.tools.win32_11.7.0.202209140929/tools/bin/../lib/gcc/arm-none-eabi/10.3.1/../../../../arm-none-eabi/lib/thumb/v6-m/nofp\libcr_nohost_nf.a(__ciob.o)
 .comment       0x00000049       0x4a c:/nxp/mcuxpressoide_11.7.0_9198/ide/plugins/com.nxp.mcuxpresso.tools.win32_11.7.0.202209140929/tools/bin/../lib/gcc/arm-none-eabi/10.3.1/../../../../arm-none-eabi/lib/thumb/v6-m/nofp\libcr_nohost_nf.a(__sys_close.o)
 .comment       0x00000049       0x4a c:/nxp/mcuxpressoide_11.7.0_9198/ide/plugins/com.nxp.mcuxpresso.tools.win32_11.7.0.202209140929/tools/bin/../lib/gcc/arm-none-eabi/10.3.1/../../../../arm-none-eabi/lib/thumb/v6-m/nofp\libcr_nohost_nf.a(__sys_flen.o)
 .comment       0x00000049       0x4a c:/nxp/mcuxpressoide_11.7.0_9198/ide/plugins/com.nxp.mcuxpresso.tools.win32_11.7.0.202209140929/tools/bin/../lib/gcc/arm-none-eabi/10.3.1/../../../../arm-none-eabi/lib/thumb/v6-m/nofp\libcr_nohost_nf.a(__sys_istty.o)
 .comment       0x00000049       0x4a c:/nxp/mcuxpressoide_11.7.0_9198/ide/plugins/com.nxp.mcuxpresso.tools.win32_11.7.0.202209140929/tools/bin/../lib/gcc/arm-none-eabi/10.3.1/../../../../arm-none-eabi/lib/thumb/v6-m/nofp\libcr_nohost_nf.a(__sys_remove.o)
 .comment       0x00000049       0x4a c:/nxp/mcuxpressoide_11.7.0_9198/ide/plugins/com.nxp.mcuxpresso.tools.win32_11.7.0.202209140929/tools/bin/../lib/gcc/arm-none-eabi/10.3.1/../../../../arm-none-eabi/lib/thumb/v6-m/nofp\libcr_nohost_nf.a(__sys_seek.o)
 .comment       0x00000049       0x4a c:/nxp/mcuxpressoide_11.7.0_9198/ide/plugins/com.nxp.mcuxpresso.tools.win32_11.7.0.202209140929/tools/bin/../lib/gcc/arm-none-eabi/10.3.1/../../../../arm-none-eabi/lib/thumb/v6-m/nofp\libcr_nohost_nf.a(__sys_tmpnam.o)
 .comment       0x00000049       0x4a c:/nxp/mcuxpressoide_11.7.0_9198/ide/plugins/com.nxp.mcuxpresso.tools.win32_11.7.0.202209140929/tools/bin/../lib/gcc/arm-none-eabi/10.3.1/../../../../arm-none-eabi/lib/thumb/v6-m/nofp\libcr_nohost_nf.a(__sys_write.o)

.ARM.attributes
                0x00000000       0x2a
 .ARM.attributes
                0x00000000       0x2c ./utilities/fsl_debug_console.o
 .ARM.attributes
                0x0000002c       0x2c ./startup/startup_lpc845.o
 .ARM.attributes
                0x00000058       0x2c ./source/MRT.o
 .ARM.attributes
                0x00000084       0x2c ./source/PID.o
 .ARM.attributes
                0x000000b0       0x2c ./source/SysTimer.o
 .ARM.attributes
                0x000000dc       0x2c ./source/bluetooth.o
 .ARM.attributes
                0x00000108       0x2c ./source/car.o
 .ARM.attributes
                0x00000134       0x2c ./source/distance.o
 .ARM.attributes
                0x00000160       0x2c ./source/encoder.o
 .ARM.attributes
                0x0000018c       0x2c ./source/main.o
 .ARM.attributes
                0x000001b8       0x2c ./source/motor.o
 .ARM.attributes
                0x000001e4       0x2c ./source/mtb.o
 .ARM.attributes
                0x00000210       0x2c ./source/optic.o
 .ARM.attributes
                0x0000023c       0x2c ./source/semihost_hardfault.o
 .ARM.attributes
                0x00000268       0x2c ./source/servo.o
 .ARM.attributes
                0x00000294       0x2c ./source/sys.o
 .ARM.attributes
                0x000002c0       0x2c ./source/ultrasonic.o
 .ARM.attributes
                0x000002ec       0x2c ./drivers/fsl_clock.o
 .ARM.attributes
                0x00000318       0x2c ./drivers/fsl_ctimer.o
 .ARM.attributes
                0x00000344       0x2c ./drivers/fsl_gpio.o
 .ARM.attributes
                0x00000370       0x2c ./drivers/fsl_reset.o
 .ARM.attributes
                0x0000039c       0x2c ./drivers/fsl_sctimer.o
 .ARM.attributes
                0x000003c8       0x2c ./drivers/fsl_swm.o
 .ARM.attributes
                0x000003f4       0x2c ./drivers/fsl_usart.o
 .ARM.attributes
                0x00000420       0x2c ./device/system_LPC845.o
 .ARM.attributes
                0x0000044c       0x2c ./component/uart/fsl_adapter_miniusart.o
 .ARM.attributes
                0x00000478       0x2c ./board/board.o
 .ARM.attributes
                0x000004a4       0x2c ./board/clock_config.o
 .ARM.attributes
                0x000004d0       0x2c ./board/peripherals.o
 .ARM.attributes
                0x000004fc       0x2c ./board/pin_mux.o
 .ARM.attributes
                0x00000528       0x2c c:/nxp/mcuxpressoide_11.7.0_9198/ide/plugins/com.nxp.mcuxpresso.tools.win32_11.7.0.202209140929/tools/bin/../lib/gcc/arm-none-eabi/10.3.1/../../../../arm-none-eabi/lib/thumb/v6-m/nofp\libcr_nohost_nf.a(_cr__main.o)
 .ARM.attributes
                0x00000554       0x2c c:/nxp/mcuxpressoide_11.7.0_9198/ide/plugins/com.nxp.mcuxpresso.tools.win32_11.7.0.202209140929/tools/bin/../lib/gcc/arm-none-eabi/10.3.1/../../../../arm-none-eabi/lib/thumb/v6-m/nofp\libcr_c.a(ceilf.o)
 .ARM.attributes
                0x00000580       0x2c c:/nxp/mcuxpressoide_11.7.0_9198/ide/plugins/com.nxp.mcuxpresso.tools.win32_11.7.0.202209140929/tools/bin/../lib/gcc/arm-none-eabi/10.3.1/../../../../arm-none-eabi/lib/thumb/v6-m/nofp\libcr_c.a(memcpy.o)
 .ARM.attributes
                0x000005ac       0x2c c:/nxp/mcuxpressoide_11.7.0_9198/ide/plugins/com.nxp.mcuxpresso.tools.win32_11.7.0.202209140929/tools/bin/../lib/gcc/arm-none-eabi/10.3.1/../../../../arm-none-eabi/lib/thumb/v6-m/nofp\libcr_c.a(memset.o)
 .ARM.attributes
                0x000005d8       0x2c c:/nxp/mcuxpressoide_11.7.0_9198/ide/plugins/com.nxp.mcuxpresso.tools.win32_11.7.0.202209140929/tools/bin/../lib/gcc/arm-none-eabi/10.3.1/../../../../arm-none-eabi/lib/thumb/v6-m/nofp\libcr_c.a(alloc.o)
 .ARM.attributes
                0x00000604       0x2c c:/nxp/mcuxpressoide_11.7.0_9198/ide/plugins/com.nxp.mcuxpresso.tools.win32_11.7.0.202209140929/tools/bin/../lib/gcc/arm-none-eabi/10.3.1/../../../../arm-none-eabi/lib/thumb/v6-m/nofp\libcr_c.a(errno.o)
 .ARM.attributes
                0x00000630       0x2c c:/nxp/mcuxpressoide_11.7.0_9198/ide/plugins/com.nxp.mcuxpresso.tools.win32_11.7.0.202209140929/tools/bin/../lib/gcc/arm-none-eabi/10.3.1/../../../../arm-none-eabi/lib/thumb/v6-m/nofp\libcr_c.a(floor.o)
 .ARM.attributes
                0x0000065c       0x2c c:/nxp/mcuxpressoide_11.7.0_9198/ide/plugins/com.nxp.mcuxpresso.tools.win32_11.7.0.202209140929/tools/bin/../lib/gcc/arm-none-eabi/10.3.1/../../../../arm-none-eabi/lib/thumb/v6-m/nofp\libcr_c.a(initio.o)
 .ARM.attributes
                0x00000688       0x2c c:/nxp/mcuxpressoide_11.7.0_9198/ide/plugins/com.nxp.mcuxpresso.tools.win32_11.7.0.202209140929/tools/bin/../lib/gcc/arm-none-eabi/10.3.1/../../../../arm-none-eabi/lib/thumb/v6-m/nofp\libcr_c.a(pow.o)
 .ARM.attributes
                0x000006b4       0x2c c:/nxp/mcuxpressoide_11.7.0_9198/ide/plugins/com.nxp.mcuxpresso.tools.win32_11.7.0.202209140929/tools/bin/../lib/gcc/arm-none-eabi/10.3.1/../../../../arm-none-eabi/lib/thumb/v6-m/nofp\libcr_c.a(setvbuf.o)
 .ARM.attributes
                0x000006e0       0x2c c:/nxp/mcuxpressoide_11.7.0_9198/ide/plugins/com.nxp.mcuxpresso.tools.win32_11.7.0.202209140929/tools/bin/../lib/gcc/arm-none-eabi/10.3.1/../../../../arm-none-eabi/lib/thumb/v6-m/nofp\libcr_c.a(strlen.o)
 .ARM.attributes
                0x0000070c       0x2c c:/nxp/mcuxpressoide_11.7.0_9198/ide/plugins/com.nxp.mcuxpresso.tools.win32_11.7.0.202209140929/tools/bin/../lib/gcc/arm-none-eabi/10.3.1/../../../../arm-none-eabi/lib/thumb/v6-m/nofp\libcr_c.a(_deferredlazyseek.o)
 .ARM.attributes
                0x00000738       0x2c c:/nxp/mcuxpressoide_11.7.0_9198/ide/plugins/com.nxp.mcuxpresso.tools.win32_11.7.0.202209140929/tools/bin/../lib/gcc/arm-none-eabi/10.3.1/../../../../arm-none-eabi/lib/thumb/v6-m/nofp\libcr_c.a(_fdopen.o)
 .ARM.attributes
                0x00000764       0x2c c:/nxp/mcuxpressoide_11.7.0_9198/ide/plugins/com.nxp.mcuxpresso.tools.win32_11.7.0.202209140929/tools/bin/../lib/gcc/arm-none-eabi/10.3.1/../../../../arm-none-eabi/lib/thumb/v6-m/nofp\libcr_c.a(_fflush.o)
 .ARM.attributes
                0x00000790       0x2c c:/nxp/mcuxpressoide_11.7.0_9198/ide/plugins/com.nxp.mcuxpresso.tools.win32_11.7.0.202209140929/tools/bin/../lib/gcc/arm-none-eabi/10.3.1/../../../../arm-none-eabi/lib/thumb/v6-m/nofp\libcr_c.a(_writebuf.o)
 .ARM.attributes
                0x000007bc       0x2c c:/nxp/mcuxpressoide_11.7.0_9198/ide/plugins/com.nxp.mcuxpresso.tools.win32_11.7.0.202209140929/tools/bin/../lib/gcc/arm-none-eabi/10.3.1/../../../../arm-none-eabi/lib/thumb/v6-m/nofp\libcr_c.a(fclose.o)
 .ARM.attributes
                0x000007e8       0x2c c:/nxp/mcuxpressoide_11.7.0_9198/ide/plugins/com.nxp.mcuxpresso.tools.win32_11.7.0.202209140929/tools/bin/../lib/gcc/arm-none-eabi/10.3.1/../../../../arm-none-eabi/lib/thumb/v6-m/nofp\libcr_c.a(fflush.o)
 .ARM.attributes
                0x00000814       0x2c c:/nxp/mcuxpressoide_11.7.0_9198/ide/plugins/com.nxp.mcuxpresso.tools.win32_11.7.0.202209140929/tools/bin/../lib/gcc/arm-none-eabi/10.3.1/../../../../arm-none-eabi/lib/thumb/v6-m/nofp\libcr_c.a(frexp.o)
 .ARM.attributes
                0x00000840       0x2c c:/nxp/mcuxpressoide_11.7.0_9198/ide/plugins/com.nxp.mcuxpresso.tools.win32_11.7.0.202209140929/tools/bin/../lib/gcc/arm-none-eabi/10.3.1/../../../../arm-none-eabi/lib/thumb/v6-m/nofp\libcr_c.a(fseek.o)
 .ARM.attributes
                0x0000086c       0x2c c:/nxp/mcuxpressoide_11.7.0_9198/ide/plugins/com.nxp.mcuxpresso.tools.win32_11.7.0.202209140929/tools/bin/../lib/gcc/arm-none-eabi/10.3.1/../../../../arm-none-eabi/lib/thumb/v6-m/nofp\libcr_c.a(ftell.o)
 .ARM.attributes
                0x00000898       0x2c c:/nxp/mcuxpressoide_11.7.0_9198/ide/plugins/com.nxp.mcuxpresso.tools.win32_11.7.0.202209140929/tools/bin/../lib/gcc/arm-none-eabi/10.3.1/../../../../arm-none-eabi/lib/thumb/v6-m/nofp\libcr_c.a(ldexp.o)
 .ARM.attributes
                0x000008c4       0x2c c:/nxp/mcuxpressoide_11.7.0_9198/ide/plugins/com.nxp.mcuxpresso.tools.win32_11.7.0.202209140929/tools/bin/../lib/gcc/arm-none-eabi/10.3.1/../../../../arm-none-eabi/lib/thumb/v6-m/nofp\libcr_c.a(remove.o)
 .ARM.attributes
                0x000008f0       0x2c c:/nxp/mcuxpressoide_11.7.0_9198/ide/plugins/com.nxp.mcuxpresso.tools.win32_11.7.0.202209140929/tools/bin/../lib/gcc/arm-none-eabi/10.3.1/../../../../arm-none-eabi/lib/thumb/v6-m/nofp\libcr_c.a(_do_fflush.o)
 .ARM.attributes
                0x0000091c       0x1c c:/nxp/mcuxpressoide_11.7.0_9198/ide/plugins/com.nxp.mcuxpresso.tools.win32_11.7.0.202209140929/tools/bin/../lib/gcc/arm-none-eabi/10.3.1/thumb/v6-m/nofp\libcr_eabihelpers.a(division_32.o)
 .ARM.attributes
                0x00000938       0x1c c:/nxp/mcuxpressoide_11.7.0_9198/ide/plugins/com.nxp.mcuxpresso.tools.win32_11.7.0.202209140929/tools/bin/../lib/gcc/arm-none-eabi/10.3.1/thumb/v6-m/nofp\libcr_eabihelpers.a(division_64.o)
 .ARM.attributes
                0x00000954       0x1c c:/nxp/mcuxpressoide_11.7.0_9198/ide/plugins/com.nxp.mcuxpresso.tools.win32_11.7.0.202209140929/tools/bin/../lib/gcc/arm-none-eabi/10.3.1/thumb/v6-m/nofp\libcr_eabihelpers.a(division_idiv0.o)
 .ARM.attributes
                0x00000970       0x2c c:/nxp/mcuxpressoide_11.7.0_9198/ide/plugins/com.nxp.mcuxpresso.tools.win32_11.7.0.202209140929/tools/bin/../lib/gcc/arm-none-eabi/10.3.1/thumb/v6-m/nofp\libcr_eabihelpers.a(double.o)
 .ARM.attributes
                0x0000099c       0x2c c:/nxp/mcuxpressoide_11.7.0_9198/ide/plugins/com.nxp.mcuxpresso.tools.win32_11.7.0.202209140929/tools/bin/../lib/gcc/arm-none-eabi/10.3.1/thumb/v6-m/nofp\libcr_eabihelpers.a(float.o)
 .ARM.attributes
                0x000009c8       0x1c c:/nxp/mcuxpressoide_11.7.0_9198/ide/plugins/com.nxp.mcuxpresso.tools.win32_11.7.0.202209140929/tools/bin/../lib/gcc/arm-none-eabi/10.3.1/thumb/v6-m/nofp\libcr_eabihelpers.a(llong.o)
 .ARM.attributes
                0x000009e4       0x1c c:/nxp/mcuxpressoide_11.7.0_9198/ide/plugins/com.nxp.mcuxpresso.tools.win32_11.7.0.202209140929/tools/bin/../lib/gcc/arm-none-eabi/10.3.1/thumb/v6-m/nofp\libcr_eabihelpers.a(memcpy.o)
 .ARM.attributes
                0x00000a00       0x1c c:/nxp/mcuxpressoide_11.7.0_9198/ide/plugins/com.nxp.mcuxpresso.tools.win32_11.7.0.202209140929/tools/bin/../lib/gcc/arm-none-eabi/10.3.1/thumb/v6-m/nofp\libcr_eabihelpers.a(thumb1_switch_helpers.o)
 .ARM.attributes
                0x00000a1c       0x2c c:/nxp/mcuxpressoide_11.7.0_9198/ide/plugins/com.nxp.mcuxpresso.tools.win32_11.7.0.202209140929/tools/bin/../lib/gcc/arm-none-eabi/10.3.1/../../../../arm-none-eabi/lib/thumb/v6-m/nofp\libcr_nohost_nf.a(__ciob.o)
 .ARM.attributes
                0x00000a48       0x2c c:/nxp/mcuxpressoide_11.7.0_9198/ide/plugins/com.nxp.mcuxpresso.tools.win32_11.7.0.202209140929/tools/bin/../lib/gcc/arm-none-eabi/10.3.1/../../../../arm-none-eabi/lib/thumb/v6-m/nofp\libcr_nohost_nf.a(__sys_close.o)
 .ARM.attributes
                0x00000a74       0x2c c:/nxp/mcuxpressoide_11.7.0_9198/ide/plugins/com.nxp.mcuxpresso.tools.win32_11.7.0.202209140929/tools/bin/../lib/gcc/arm-none-eabi/10.3.1/../../../../arm-none-eabi/lib/thumb/v6-m/nofp\libcr_nohost_nf.a(__sys_flen.o)
 .ARM.attributes
                0x00000aa0       0x2c c:/nxp/mcuxpressoide_11.7.0_9198/ide/plugins/com.nxp.mcuxpresso.tools.win32_11.7.0.202209140929/tools/bin/../lib/gcc/arm-none-eabi/10.3.1/../../../../arm-none-eabi/lib/thumb/v6-m/nofp\libcr_nohost_nf.a(__sys_istty.o)
 .ARM.attributes
                0x00000acc       0x2c c:/nxp/mcuxpressoide_11.7.0_9198/ide/plugins/com.nxp.mcuxpresso.tools.win32_11.7.0.202209140929/tools/bin/../lib/gcc/arm-none-eabi/10.3.1/../../../../arm-none-eabi/lib/thumb/v6-m/nofp\libcr_nohost_nf.a(__sys_remove.o)
 .ARM.attributes
                0x00000af8       0x2c c:/nxp/mcuxpressoide_11.7.0_9198/ide/plugins/com.nxp.mcuxpresso.tools.win32_11.7.0.202209140929/tools/bin/../lib/gcc/arm-none-eabi/10.3.1/../../../../arm-none-eabi/lib/thumb/v6-m/nofp\libcr_nohost_nf.a(__sys_seek.o)
 .ARM.attributes
                0x00000b24       0x2c c:/nxp/mcuxpressoide_11.7.0_9198/ide/plugins/com.nxp.mcuxpresso.tools.win32_11.7.0.202209140929/tools/bin/../lib/gcc/arm-none-eabi/10.3.1/../../../../arm-none-eabi/lib/thumb/v6-m/nofp\libcr_nohost_nf.a(__sys_tmpnam.o)
 .ARM.attributes
                0x00000b50       0x2c c:/nxp/mcuxpressoide_11.7.0_9198/ide/plugins/com.nxp.mcuxpresso.tools.win32_11.7.0.202209140929/tools/bin/../lib/gcc/arm-none-eabi/10.3.1/../../../../arm-none-eabi/lib/thumb/v6-m/nofp\libcr_nohost_nf.a(__sys_write.o)

.debug_frame    0x00000000     0x166c
 .debug_frame   0x00000000      0x104 ./utilities/fsl_debug_console.o
 .debug_frame   0x00000104      0x3b4 ./startup/startup_lpc845.o
 .debug_frame   0x000004b8       0x2c ./source/MRT.o
 .debug_frame   0x000004e4       0x74 ./source/PID.o
 .debug_frame   0x00000558      0x180 ./source/SysTimer.o
 .debug_frame   0x000006d8       0x7c ./source/bluetooth.o
 .debug_frame   0x00000754      0x128 ./source/car.o
 .debug_frame   0x0000087c       0x28 ./source/distance.o
 .debug_frame   0x000008a4       0x40 ./source/encoder.o
 .debug_frame   0x000008e4       0x2c ./source/main.o
 .debug_frame   0x00000910       0x9c ./source/motor.o
 .debug_frame   0x000009ac       0x94 ./source/optic.o
 .debug_frame   0x00000a40       0x20 ./source/semihost_hardfault.o
 .debug_frame   0x00000a60       0x40 ./source/servo.o
 .debug_frame   0x00000aa0       0x28 ./source/sys.o
 .debug_frame   0x00000ac8       0x94 ./source/ultrasonic.o
 .debug_frame   0x00000b5c      0x274 ./drivers/fsl_clock.o
 .debug_frame   0x00000dd0      0x148 ./drivers/fsl_ctimer.o
 .debug_frame   0x00000f18       0x48 ./drivers/fsl_gpio.o
 .debug_frame   0x00000f60       0x20 ./drivers/fsl_reset.o
 .debug_frame   0x00000f80      0x17c ./drivers/fsl_sctimer.o
 .debug_frame   0x000010fc       0x38 ./drivers/fsl_swm.o
 .debug_frame   0x00001134      0x23c ./drivers/fsl_usart.o
 .debug_frame   0x00001370       0x58 ./device/system_LPC845.o
 .debug_frame   0x000013c8       0x94 ./component/uart/fsl_adapter_miniusart.o
 .debug_frame   0x0000145c       0x28 ./board/board.o
 .debug_frame   0x00001484       0xc4 ./board/clock_config.o
 .debug_frame   0x00001548       0x44 ./board/peripherals.o
 .debug_frame   0x0000158c       0xe0 ./board/pin_mux.o

Cross Reference Table

Symbol                                            File
ADC0ConvSeqAConfigStruct                          ./board/peripherals.o
ADC0_OVR_DriverIRQHandler                         ./startup/startup_lpc845.o
ADC0_OVR_IRQHandler                               ./startup/startup_lpc845.o
ADC0_SEQA_DriverIRQHandler                        ./startup/startup_lpc845.o
ADC0_SEQA_IRQHandler                              ./source/optic.o
                                                  ./startup/startup_lpc845.o
ADC0_SEQB_DriverIRQHandler                        ./startup/startup_lpc845.o
ADC0_SEQB_IRQHandler                              ./startup/startup_lpc845.o
ADC0_THCMP_DriverIRQHandler                       ./startup/startup_lpc845.o
ADC0_THCMP_IRQHandler                             ./startup/startup_lpc845.o