Archive member included to satisfy reference by file (symbol)

c:/nxp/mcuxpressoide_11.7.0_9198/ide/plugins/com.nxp.mcuxpresso.tools.win32_11.7.0.202209140929/tools/bin/../lib/gcc/arm-none-eabi/10.3.1/../../../../arm-none-eabi/lib/thumb/v6-m/nofp\libcr_nohost_nf.a(_cr__main.o)
                              ./startup/startup_lpc845.o (__main)
c:/nxp/mcuxpressoide_11.7.0_9198/ide/plugins/com.nxp.mcuxpresso.tools.win32_11.7.0.202209140929/tools/bin/../lib/gcc/arm-none-eabi/10.3.1/../../../../arm-none-eabi/lib/thumb/v6-m/nofp\libcr_c.a(ceilf.o)
                              ./source/SysTimer.o (ceilf)
c:/nxp/mcuxpressoide_11.7.0_9198/ide/plugins/com.nxp.mcuxpresso.tools.win32_11.7.0.202209140929/tools/bin/../lib/gcc/arm-none-eabi/10.3.1/../../../../arm-none-eabi/lib/thumb/v6-m/nofp\libcr_c.a(memcpy.o)
                              ./utilities/fsl_debug_console.o (memcpy)
c:/nxp/mcuxpressoide_11.7.0_9198/ide/plugins/com.nxp.mcuxpresso.tools.win32_11.7.0.202209140929/tools/bin/../lib/gcc/arm-none-eabi/10.3.1/../../../../arm-none-eabi/lib/thumb/v6-m/nofp\libcr_c.a(memset.o)
                              ./drivers/fsl_adc.o (memset)
c:/nxp/mcuxpressoide_11.7.0_9198/ide/plugins/com.nxp.mcuxpresso.tools.win32_11.7.0.202209140929/tools/bin/../lib/gcc/arm-none-eabi/10.3.1/../../../../arm-none-eabi/lib/thumb/v6-m/nofp\libcr_c.a(alloc.o)
                              ./drivers/fsl_common.o (malloc)
c:/nxp/mcuxpressoide_11.7.0_9198/ide/plugins/com.nxp.mcuxpresso.tools.win32_11.7.0.202209140929/tools/bin/../lib/gcc/arm-none-eabi/10.3.1/../../../../arm-none-eabi/lib/thumb/v6-m/nofp\libcr_c.a(errno.o)
                              ./utilities/fsl_str.o (errno)
c:/nxp/mcuxpressoide_11.7.0_9198/ide/plugins/com.nxp.mcuxpresso.tools.win32_11.7.0.202209140929/tools/bin/../lib/gcc/arm-none-eabi/10.3.1/../../../../arm-none-eabi/lib/thumb/v6-m/nofp\libcr_c.a(fpprintf.o)
                              ./source/encoder.o (snprintf)
c:/nxp/mcuxpressoide_11.7.0_9198/ide/plugins/com.nxp.mcuxpresso.tools.win32_11.7.0.202209140929/tools/bin/../lib/gcc/arm-none-eabi/10.3.1/../../../../arm-none-eabi/lib/thumb/v6-m/nofp\libcr_c.a(initio.o)
                              c:/nxp/mcuxpressoide_11.7.0_9198/ide/plugins/com.nxp.mcuxpresso.tools.win32_11.7.0.202209140929/tools/bin/../lib/gcc/arm-none-eabi/10.3.1/../../../../arm-none-eabi/lib/thumb/v6-m/nofp\libcr_nohost_nf.a(_cr__main.o) (_initio)
c:/nxp/mcuxpressoide_11.7.0_9198/ide/plugins/com.nxp.mcuxpresso.tools.win32_11.7.0.202209140929/tools/bin/../lib/gcc/arm-none-eabi/10.3.1/../../../../arm-none-eabi/lib/thumb/v6-m/nofp\libcr_c.a(printf.o)
                              c:/nxp/mcuxpressoide_11.7.0_9198/ide/plugins/com.nxp.mcuxpresso.tools.win32_11.7.0.202209140929/tools/bin/../lib/gcc/arm-none-eabi/10.3.1/../../../../arm-none-eabi/lib/thumb/v6-m/nofp\libcr_c.a(fpprintf.o) (__vfprintf)
c:/nxp/mcuxpressoide_11.7.0_9198/ide/plugins/com.nxp.mcuxpresso.tools.win32_11.7.0.202209140929/tools/bin/../lib/gcc/arm-none-eabi/10.3.1/../../../../arm-none-eabi/lib/thumb/v6-m/nofp\libcr_c.a(scanf.o)
                              ./utilities/fsl_str.o (strtoul)
c:/nxp/mcuxpressoide_11.7.0_9198/ide/plugins/com.nxp.mcuxpresso.tools.win32_11.7.0.202209140929/tools/bin/../lib/gcc/arm-none-eabi/10.3.1/../../../../arm-none-eabi/lib/thumb/v6-m/nofp\libcr_c.a(setvbuf.o)
                              c:/nxp/mcuxpressoide_11.7.0_9198/ide/plugins/com.nxp.mcuxpresso.tools.win32_11.7.0.202209140929/tools/bin/../lib/gcc/arm-none-eabi/10.3.1/../../../../arm-none-eabi/lib/thumb/v6-m/nofp\libcr_c.a(initio.o) (setvbuf)
c:/nxp/mcuxpressoide_11.7.0_9198/ide/plugins/com.nxp.mcuxpresso.tools.win32_11.7.0.202209140929/tools/bin/../lib/gcc/arm-none-eabi/10.3.1/../../../../arm-none-eabi/lib/thumb/v6-m/nofp\libcr_c.a(strlen.o)
                              ./utilities/fsl_debug_console.o (strlen)
c:/nxp/mcuxpressoide_11.7.0_9198/ide/plugins/com.nxp.mcuxpresso.tools.win32_11.7.0.202209140929/tools/bin/../lib/gcc/arm-none-eabi/10.3.1/../../../../arm-none-eabi/lib/thumb/v6-m/nofp\libcr_c.a(ungetc.o)
                              c:/nxp/mcuxpressoide_11.7.0_9198/ide/plugins/com.nxp.mcuxpresso.tools.win32_11.7.0.202209140929/tools/bin/../lib/gcc/arm-none-eabi/10.3.1/../../../../arm-none-eabi/lib/thumb/v6-m/nofp\libcr_c.a(scanf.o) (ungetc)
c:/nxp/mcuxpressoide_11.7.0_9198/ide/plugins/com.nxp.mcuxpresso.tools.win32_11.7.0.202209140929/tools/bin/../lib/gcc/arm-none-eabi/10.3.1/../../../../arm-none-eabi/lib/thumb/v6-m/nofp\libcr_c.a(__fillbuf.o)
                              c:/nxp/mcuxpressoide_11.7.0_9198/ide/plugins/com.nxp.mcuxpresso.tools.win32_11.7.0.202209140929/tools/bin/../lib/gcc/arm-none-eabi/10.3.1/../../../../arm-none-eabi/lib/thumb/v6-m/nofp\libcr_c.a(scanf.o) (__filbuf)
c:/nxp/mcuxpressoide_11.7.0_9198/ide/plugins/com.nxp.mcuxpresso.tools.win32_11.7.0.202209140929/tools/bin/../lib/gcc/arm-none-eabi/10.3.1/../../../../arm-none-eabi/lib/thumb/v6-m/nofp\libcr_c.a(__init_alloc.o)
[...]
Memory Configuration

Name             Origin             Length             Attributes
PROGRAM_FLASH    0x00000000         0x00010000         xr
SRAM             0x10000000         0x00003fe0         xrw
IAP_SRAM         0x10003fe0         0x00000020         xrw
*default*        0x00000000         0xffffffff

Linker script and memory map

LOAD ./utilities/fsl_assert.o
LOAD ./utilities/fsl_debug_console.o
LOAD ./utilities/fsl_str.o
LOAD ./startup/startup_lpc845.o
LOAD ./source/MRT.o
LOAD ./source/PID.o
LOAD ./source/SysTimer.o
LOAD ./source/bluetooth.o
LOAD ./source/car.o
LOAD ./source/direction.o
LOAD ./source/distance.o
LOAD ./source/encoder.o
LOAD ./source/main.o
LOAD ./source/motor.o
LOAD ./source/mtb.o
LOAD ./source/optic.o
LOAD ./source/semihost_hardfault.o
LOAD ./source/state.o
LOAD ./source/sys.o
LOAD ./source/ultrasonic.o
LOAD ./drivers/fsl_adc.o
LOAD ./drivers/fsl_capt.o
LOAD ./drivers/fsl_clock.o
LOAD ./drivers/fsl_common.o
LOAD ./drivers/fsl_common_arm.o
LOAD ./drivers/fsl_ctimer.o
LOAD ./drivers/fsl_gpio.o
LOAD ./drivers/fsl_mrt.o
LOAD ./drivers/fsl_power.o
LOAD ./drivers/fsl_reset.o
LOAD ./drivers/fsl_sctimer.o
LOAD ./drivers/fsl_swm.o
LOAD ./drivers/fsl_usart.o
LOAD ./device/system_LPC845.o
LOAD ./component/uart/fsl_adapter_miniusart.o
LOAD ./board/board.o
LOAD ./board/clock_config.o
LOAD ./board/peripherals.o
LOAD ./board/pin_mux.o
START GROUP
LOAD c:/nxp/mcuxpressoide_11.7.0_9198/ide/plugins/com.nxp.mcuxpresso.tools.win32_11.7.0.202209140929/tools/bin/../lib/gcc/arm-none-eabi/10.3.1/../../../../arm-none-eabi/lib/thumb/v6-m/nofp\libcr_nohost_nf.a
LOAD c:/nxp/mcuxpressoide_11.7.0_9198/ide/plugins/com.nxp.mcuxpresso.tools.win32_11.7.0.202209140929/tools/bin/../lib/gcc/arm-none-eabi/10.3.1/../../../../arm-none-eabi/lib/thumb/v6-m/nofp\libcr_c.a
LOAD c:/nxp/mcuxpressoide_11.7.0_9198/ide/plugins/com.nxp.mcuxpresso.tools.win32_11.7.0.202209140929/tools/bin/../lib/gcc/arm-none-eabi/10.3.1/thumb/v6-m/nofp\libcr_eabihelpers.a
LOAD c:/nxp/mcuxpressoide_11.7.0_9198/ide/plugins/com.nxp.mcuxpresso.tools.win32_11.7.0.202209140929/tools/bin/../lib/gcc/arm-none-eabi/10.3.1/thumb/v6-m/nofp\libgcc.a
END GROUP
                0x00000000                __base_PROGRAM_FLASH = 0x0
                0x00000000                __base_Flash = 0x0
                0x00010000                __top_PROGRAM_FLASH = 0x10000
                0x00010000                __top_Flash = 0x10000
                0x10000000                __base_SRAM = 0x10000000
                0x10000000                __base_RAM = 0x10000000
                0x10003fe0                __top_SRAM = 0x10003fe0
                0x10003fe0                __top_RAM = 0x10003fe0
                0x10003fe0                __base_IAP_SRAM = 0x10003fe0
                0x10003fe0                __base_RAM2 = 0x10003fe0
                0x10004000                __top_IAP_SRAM = 0x10004000
                0x10004000                __top_RAM2 = 0x10004000

.text           0x00000000     0x5124
 FILL mask 0xff
                0x00000000                __vectors_start__ = ABSOLUTE (.)
 *(SORT_BY_ALIGNMENT(.isr_vector))
 .isr_vector    0x00000000       0xc0 ./startup/startup_lpc845.o
                0x00000000                g_pfnVectors
                0x00000000                __Vectors
                0x000000c0                . = ALIGN (0x4)
                0x000000c0                __section_table_start = .
                0x000000c0                __data_section_table = .
                0x000000c0        0x4 LONG 0x5124 LOADADDR (.data)
                0x000000c4        0x4 LONG 0x10000080 ADDR (.data)
                0x000000c8        0x4 LONG 0x24 SIZEOF (.data)
                0x000000cc        0x4 LONG 0x5124 LOADADDR (.data_RAM2)
                0x000000d0        0x4 LONG 0x10003fe0 ADDR (.data_RAM2)
                0x000000d4        0x4 LONG 0x0 SIZEOF (.data_RAM2)
                0x000000d8                __data_section_table_end = .
                0x000000d8                __bss_section_table = .
                0x000000d8        0x4 LONG 0x100000a8 ADDR (.bss)
                0x000000dc        0x4 LONG 0x258 SIZEOF (.bss)
                0x000000e0        0x4 LONG 0x10003fe0 ADDR (.bss_RAM2)
                0x000000e4        0x4 LONG 0x0 SIZEOF (.bss_RAM2)
                0x000000e8                __bss_section_table_end = .
                0x000000e8                __section_table_end = .
 *(SORT_BY_ALIGNMENT(.after_vectors*))
 .after_vectors.reset
                0x000000e8       0x4c ./startup/startup_lpc845.o
                0x000000e8                ResetISR
 .after_vectors
                0x00000134      0x10c ./startup/startup_lpc845.o
                0x00000134                NMI_Handler
                0x00000138                SVC_Handler
                0x0000013a                PendSV_Handler
                0x0000013e                BOD_DriverIRQHandler
                0x0000013e                SPI1_DriverIRQHandler
                0x0000013e                PIN_INT1_DriverIRQHandler
                0x0000013e                I2C0_DriverIRQHandler
                0x0000013e                DMA0_DriverIRQHandler
                0x0000013e                ADC0_OVR_DriverIRQHandler
                0x0000013e                WDT_DriverIRQHandler
                0x0000013e                I2C3_DriverIRQHandler
                0x0000013e                I2C1_DriverIRQHandler
                0x0000013e                PIN_INT3_DriverIRQHandler
                0x0000013e                PIN_INT5_DAC1_DriverIRQHandler
                0x0000013e                PIN_INT2_DriverIRQHandler
                0x0000013e                ADC0_SEQB_DriverIRQHandler
                0x0000013e                I2C2_DriverIRQHandler
                0x0000013e                PIN_INT0_DriverIRQHandler
                0x0000013e                FLASH_DriverIRQHandler
                0x0000013e                IntDefaultHandler
                0x0000013e                SPI0_DriverIRQHandler
                0x0000013e                WKT_DriverIRQHandler
                0x0000013e                DAC0_DriverIRQHandler
                0x0000013e                MRT0_DriverIRQHandler
                0x0000013e                PIN_INT4_DriverIRQHandler
                0x0000013e                ADC0_SEQA_DriverIRQHandler
                0x0000013e                CMP_CAPT_DriverIRQHandler
                0x0000013e                ADC0_THCMP_DriverIRQHandler
                0x0000013e                Reserved22_DriverIRQHandler
                0x00000140                SPI0_IRQHandler
                0x00000148                SPI1_IRQHandler
                0x00000150                DAC0_IRQHandler
                0x00000158                USART0_IRQHandler
                0x00000168                USART2_IRQHandler
                0x00000170                Reserved22_IRQHandler
                0x00000178                I2C1_IRQHandler
                0x00000180                I2C0_IRQHandler
                0x00000188                SCT0_IRQHandler
                0x00000198                CMP_CAPT_IRQHandler
                0x000001a0                WDT_IRQHandler
                0x000001a8                BOD_IRQHandler
                0x000001b0                FLASH_IRQHandler
                0x000001b8                WKT_IRQHandler
                0x000001c8                ADC0_SEQB_IRQHandler
                0x000001d0                ADC0_THCMP_IRQHandler
                0x000001d8                ADC0_OVR_IRQHandler
                0x000001e0                DMA0_IRQHandler
                0x000001e8                I2C2_IRQHandler
                0x000001f0                I2C3_IRQHandler
                0x000001f8                CTIMER0_IRQHandler
                0x00000200                PIN_INT0_IRQHandler
                0x00000208                PIN_INT1_IRQHandler
                0x00000210                PIN_INT2_IRQHandler
                0x00000218                PIN_INT3_IRQHandler
                0x00000220                PIN_INT4_IRQHandler
                0x00000228                PIN_INT5_DAC1_IRQHandler
                0x00000230                PIN_INT6_USART3_IRQHandler
                0x00000238                PIN_INT7_USART4_IRQHandler
 .after_vectors.init_data
                0x00000240       0x16 ./startup/startup_lpc845.o
                0x00000240                data_init
 .after_vectors.init_bss
                0x00000256       0x14 ./startup/startup_lpc845.o
                0x00000256                bss_init
                0x000002fc                . = 0x2fc
 *fill*         0x0000026a       0x92 ff
                0x000002fc                PROVIDE (__CRP_WORD_START__ = .)
 *(SORT_BY_ALIGNMENT(.crp))
 .crp           0x000002fc        0x4 ./startup/startup_lpc845.o
                0x000002fc                CRP_WORD
                0x00000300                PROVIDE (__CRP_WORD_END__ = .)
                0x00000001                ASSERT (! ((__CRP_WORD_START__ == __CRP_WORD_END__)), Linker CRP Enabled, but no CRP_WORD provided within application)
 *(SORT_BY_ALIGNMENT(.text*))
 .text.DbgConsole_Putchar
                0x00000300       0x24 ./utilities/fsl_debug_console.o
                0x00000300                DbgConsole_Putchar
 .text.DbgConsole_Init
                0x00000324       0x4c ./utilities/fsl_debug_console.o
                0x00000324                DbgConsole_Init
 .text.DbgConsole_Vprintf
                0x00000370      0x208 ./utilities/fsl_debug_console.o
                0x00000370                DbgConsole_Vprintf
 .text.MRT0_IRQHandler
                0x00000578       0x78 ./source/MRT.o
                0x00000578                MRT0_IRQHandler
 .text.SysTimer_Tou1
                0x000005f0       0x10 ./source/SysTimer.o
                0x000005f0                SysTimer_Tou1
 .text.StartTimeout1
                0x00000600       0x10 ./source/SysTimer.o
                0x00000600                StartTimeout1
 .text.TimeoutDone1
                0x00000610       0x10 ./source/SysTimer.o
                0x00000610                TimeoutDone1
 .text.SysTimer_Tou2
                0x00000620       0x10 ./source/SysTimer.o
                0x00000620                SysTimer_Tou2
 .text.StartTimeout2
                0x00000630       0x10 ./source/SysTimer.o
                0x00000630                StartTimeout2
 .text.TimeoutDone2
                0x00000640       0x10 ./source/SysTimer.o
                0x00000640                TimeoutDone2
 .text.SysTimer_Tou3
                0x00000650       0x10 ./source/SysTimer.o
                0x00000650                SysTimer_Tou3
 .text.SysTimer_Tou4
                0x00000660       0x10 ./source/SysTimer.o
                0x00000660                SysTimer_Tou4
 .text.hasNewPrompt
                0x00000670        0xc ./source/bluetooth.o
                0x00000670                hasNewPrompt
 .text.CopyMessage
                0x0000067c       0x1c ./source/bluetooth.o
                0x0000067c                CopyMessage
 .text.UsartBufferInit
                0x00000698       0x18 ./source/bluetooth.o
                0x00000698                UsartBufferInit
 .text.ClearBuffer
                0x000006b0       0x10 ./source/bluetooth.o
                0x000006b0                ClearBuffer
 .text.USART1_IRQHandler
                0x000006c0       0x38 ./source/bluetooth.o
                0x000006c0                USART1_IRQHandler
 .text.InitComponents
                0x000006f8       0x20 ./source/car.o
                0x000006f8                InitComponents
 .text.InitCar  0x00000718       0x20 ./source/car.o
                0x00000718                InitCar
 .text.ProcessPrompts
                0x00000738       0x90 ./source/car.o
                0x00000738                ProcessPrompts
 .text.GoForward
                0x000007c8       0x18 ./source/car.o
                0x000007c8                GoForward
 .text.GoBackward
                0x000007e0       0x18 ./source/car.o
                0x000007e0                GoBackward
 .text.TurnRight
                0x000007f8       0x18 ./source/car.o
                0x000007f8                TurnRight
 .text.TurnLeft
                0x00000810       0x18 ./source/car.o
                0x00000810                TurnLeft
 .text.StopCar  0x00000828       0x18 ./source/car.o
                0x00000828                StopCar
 .text.isObstacleDetected
                0x00000840       0x4c ./source/car.o
                0x00000840                isObstacleDetected
 .text.UpdateDirection
                0x0000088c       0x94 ./source/car.o
                0x0000088c                UpdateDirection
 .text.EncoderRightCallback
                0x00000920       0x98 ./source/encoder.o
                0x00000920                EncoderRightCallback
 .text.EncoderLeftCallback
                0x000009b8       0x98 ./source/encoder.o
                0x000009b8                EncoderLeftCallback
 .text.startup.main
                0x00000a50       0xd4 ./source/main.o
                0x00000a50                main
 .text.InitMotors
                0x00000b24       0x28 ./source/motor.o
                0x00000b24                InitMotors
 .text.MoveToNextState
                0x00000b4c       0x18 ./source/optic.o
                0x00000b4c                MoveToNextState
 .text.StartConversion
                0x00000b64       0x28 ./source/optic.o
                0x00000b64                StartConversion
 .text.OpticMeasure
                0x00000b8c       0x3c ./source/optic.o
                0x00000b8c                OpticMeasure
 .text.ADC0_SEQA_IRQHandler
                0x00000bc8       0xe0 ./source/optic.o
                0x00000bc8                ADC0_SEQA_IRQHandler
 .text.HardFault_Handler
                0x00000ca8       0x2c ./source/semihost_hardfault.o
                0x00000ca8                HardFault_Handler
 .text.SysTick_Handler
                0x00000cd4       0x1c ./source/sys.o
                0x00000cd4                SysTick_Handler
 .text.TriggerUltrasonicSensor
                0x00000cf0       0x1c ./source/ultrasonic.o
                0x00000cf0                TriggerUltrasonicSensor
 .text.EndTriggerUltrasonicSensor
                0x00000d0c       0x1c ./source/ultrasonic.o
                0x00000d0c                EndTriggerUltrasonicSensor
 .text.InvalidateMeasurement
                0x00000d28       0x10 ./source/ultrasonic.o
                0x00000d28                InvalidateMeasurement
 .text.UltrasonicMeasure
                0x00000d38       0x3c ./source/ultrasonic.o
                0x00000d38                UltrasonicMeasure
 .text.Ultrasonic_Callback
                0x00000d74       0x70 ./source/ultrasonic.o
                0x00000d74                Ultrasonic_Callback
 .text.ADC_Init
                0x00000de4       0x48 ./drivers/fsl_adc.o
                0x00000de4                ADC_Init
 .text.ADC_DoSelfCalibration
                0x00000e2c       0x58 ./drivers/fsl_adc.o
                0x00000e2c                ADC_DoSelfCalibration
 .text.CLOCK_GetFroFreq
                0x00000e84       0x54 ./drivers/fsl_clock.o
                0x00000e84                CLOCK_GetFroFreq
 .text.CLOCK_GetSystemPLLInClockRate
                0x00000ed8       0x3c ./drivers/fsl_clock.o
                0x00000ed8                CLOCK_GetSystemPLLInClockRate
 .text.CLOCK_GetSystemPLLFreq
                0x00000f14       0x18 ./drivers/fsl_clock.o
 .text.CLOCK_GetMainClkFreq
                0x00000f2c       0x4c ./drivers/fsl_clock.o
                0x00000f2c                CLOCK_GetMainClkFreq
 .text.CLOCK_SetMainClkSrc
                0x00000f78       0x54 ./drivers/fsl_clock.o
                0x00000f78                CLOCK_SetMainClkSrc
 .text.CLOCK_SetFroOutClkSrc
                0x00000fcc       0x34 ./drivers/fsl_clock.o
                0x00000fcc                CLOCK_SetFroOutClkSrc
 .text.SDK_DelayAtLeastUs
                0x00001000       0x28 ./drivers/fsl_common_arm.o
                0x00001000                SDK_DelayAtLeastUs
 .text.CTIMER_GetInstance
                0x00001028       0x10 ./drivers/fsl_ctimer.o
 .text.CTIMER_Init
                0x00001038       0x34 ./drivers/fsl_ctimer.o
                0x00001038                CTIMER_Init
 .text.CTIMER_SetupCapture
                0x0000106c       0x34 ./drivers/fsl_ctimer.o
                0x0000106c                CTIMER_SetupCapture
 .text.CTIMER_RegisterCallBack
                0x000010a0       0x20 ./drivers/fsl_ctimer.o
                0x000010a0                CTIMER_RegisterCallBack
 .text.CTIMER0_DriverIRQHandler
                0x000010c0       0x50 ./drivers/fsl_ctimer.o
                0x000010c0                CTIMER0_DriverIRQHandler
 .text.GPIO_PinInit
                0x00001110       0x64 ./drivers/fsl_gpio.o
                0x00001110                GPIO_PinInit
 .text.MRT_Init
                0x00001174       0x1c ./drivers/fsl_mrt.o
                0x00001174                MRT_Init
 .text.RESET_PeripheralReset
                0x00001190       0x2c ./drivers/fsl_reset.o
                0x00001190                RESET_PeripheralReset
 .text.SCTIMER_EventHandleIRQ
                0x000011bc       0x40 ./drivers/fsl_sctimer.o
                0x000011bc                SCTIMER_EventHandleIRQ
 .text.SCTIMER_Init
                0x000011fc       0xc8 ./drivers/fsl_sctimer.o
                0x000011fc                SCTIMER_Init
 .text.SCTIMER_CreateAndScheduleEvent
                0x000012c4      0x128 ./drivers/fsl_sctimer.o
                0x000012c4                SCTIMER_CreateAndScheduleEvent
 .text.SCTIMER_SetupPwm
                0x000013ec      0x164 ./drivers/fsl_sctimer.o
                0x000013ec                SCTIMER_SetupPwm
 .text.SCT0_DriverIRQHandler
                0x00001550       0x14 ./drivers/fsl_sctimer.o
                0x00001550                SCT0_DriverIRQHandler
 .text.USART_GetInstance
                0x00001564       0x44 ./drivers/fsl_usart.o
                0x00001564                USART_GetInstance
 .text.USART_SetBaudRate
                0x000015a8       0xa4 ./drivers/fsl_usart.o
                0x000015a8                USART_SetBaudRate
 .text.USART_Init
                0x0000164c      0x108 ./drivers/fsl_usart.o
                0x0000164c                USART_Init
 .text.USART_ReadBlocking
                0x00001754       0x7c ./drivers/fsl_usart.o
                0x00001754                USART_ReadBlocking
 .text.USART0_DriverIRQHandler
                0x000017d0       0x1c ./drivers/fsl_usart.o
                0x000017d0                USART0_DriverIRQHandler
 .text.USART1_DriverIRQHandler
                0x000017ec       0x1c ./drivers/fsl_usart.o
                0x000017ec                USART1_DriverIRQHandler
 .text.USART2_DriverIRQHandler
                0x00001808       0x1c ./drivers/fsl_usart.o
                0x00001808                USART2_DriverIRQHandler
 .text.PIN_INT6_USART3_DriverIRQHandler
                0x00001824       0x1c ./drivers/fsl_usart.o
                0x00001824                PIN_INT6_USART3_DriverIRQHandler
 .text.PIN_INT7_USART4_DriverIRQHandler
                0x00001840       0x1c ./drivers/fsl_usart.o
                0x00001840                PIN_INT7_USART4_DriverIRQHandler
 .text.SystemInit
                0x0000185c       0x34 ./device/system_LPC845.o
                0x0000185c                SystemInit
 .text.HAL_UartInit
                0x00001890       0x6c ./component/uart/fsl_adapter_miniusart.o
                0x00001890                HAL_UartInit
 .text.HAL_UartReceiveBlocking
                0x000018fc       0x2c ./component/uart/fsl_adapter_miniusart.o
                0x000018fc                HAL_UartReceiveBlocking
 .text.HAL_UartSendBlocking
                0x00001928       0x18 ./component/uart/fsl_adapter_miniusart.o
                0x00001928                HAL_UartSendBlocking
 .text.BOARD_InitDebugConsole
                0x00001940       0x28 ./board/board.o
                0x00001940                BOARD_InitDebugConsole
 .text.CLOCK_SetFroOscFreq
                0x00001968        0xc ./board/clock_config.o
 .text.POWER_DisablePD
                0x00001974       0x14 ./board/clock_config.o
 .text.CLOCK_SetCoreSysClkDiv.constprop.0
                0x00001988       0x18 ./board/clock_config.o
 .text.BOARD_BootClockFRO18M
                0x000019a0       0x70 ./board/clock_config.o
                0x000019a0                BOARD_BootClockFRO18M
 .text.BOARD_InitPeripherals
                0x00001a10      0x1e4 ./board/peripherals.o
                0x00001a10                BOARD_InitPeripherals
 .text.CLOCK_EnableClock
                0x00001bf4       0x14 ./board/pin_mux.o
 .text.BOARD_InitPins
                0x00001c08      0x148 ./board/pin_mux.o
                0x00001c08                BOARD_InitPins
 .text.BOARD_InitLEDsPins
                0x00001d50       0x80 ./board/pin_mux.o
                0x00001d50                BOARD_InitLEDsPins
 .text.BOARD_InitDEBUG_UARTPins
                0x00001dd0       0x44 ./board/pin_mux.o
                0x00001dd0                BOARD_InitDEBUG_UARTPins
 .text.BOARD_InitSWD_DEBUGPins
                0x00001e14       0x54 ./board/pin_mux.o
                0x00001e14                BOARD_InitSWD_DEBUGPins
 .text.BOARD_InitBUTTONsPins
                0x00001e68       0x3c ./board/pin_mux.o
                0x00001e68                BOARD_InitBUTTONsPins
 .text.BOARD_InitCAPTPins
                0x00001ea4       0x70 ./board/pin_mux.o
                0x00001ea4                BOARD_InitCAPTPins
 .text.ceilf    0x00001f14       0x54 c:/nxp/mcuxpressoide_11.7.0_9198/ide/plugins/com.nxp.mcuxpresso.tools.win32_11.7.0.202209140929/tools/bin/../lib/gcc/arm-none-eabi/10.3.1/../../../../arm-none-eabi/lib/thumb/v6-m/nofp\libcr_c.a(ceilf.o)
                0x00001f14                ceilf
 .text.malloc   0x00001f68       0xcc c:/nxp/mcuxpressoide_11.7.0_9198/ide/plugins/com.nxp.mcuxpresso.tools.win32_11.7.0.202209140929/tools/bin/../lib/gcc/arm-none-eabi/10.3.1/../../../../arm-none-eabi/lib/thumb/v6-m/nofp\libcr_c.a(alloc.o)
                0x00001f68                malloc
 .text._Csys_alloc
                0x00002034       0x20 c:/nxp/mcuxpressoide_11.7.0_9198/ide/plugins/com.nxp.mcuxpresso.tools.win32_11.7.0.202209140929/tools/bin/../lib/gcc/arm-none-eabi/10.3.1/../../../../arm-none-eabi/lib/thumb/v6-m/nofp\libcr_c.a(alloc.o)
                0x00002034                _Csys_alloc
 .text.sprintf  0x00002054       0x6c c:/nxp/mcuxpressoide_11.7.0_9198/ide/plugins/com.nxp.mcuxpresso.tools.win32_11.7.0.202209140929/tools/bin/../lib/gcc/arm-none-eabi/10.3.1/../../../../arm-none-eabi/lib/thumb/v6-m/nofp\libcr_c.a(fpprintf.o)
                0x00002054                sprintf
 .text.fp_display
                0x000020c0      0x97c c:/nxp/mcuxpressoide_11.7.0_9198/ide/plugins/com.nxp.mcuxpresso.tools.win32_11.7.0.202209140929/tools/bin/../lib/gcc/arm-none-eabi/10.3.1/../../../../arm-none-eabi/lib/thumb/v6-m/nofp\libcr_c.a(fpprintf.o)
 .text.snprintf
                0x00002a3c       0x7c c:/nxp/mcuxpressoide_11.7.0_9198/ide/plugins/com.nxp.mcuxpresso.tools.win32_11.7.0.202209140929/tools/bin/../lib/gcc/arm-none-eabi/10.3.1/../../../../arm-none-eabi/lib/thumb/v6-m/nofp\libcr_c.a(fpprintf.o)
                0x00002a3c                snprintf
 .text._initio  0x00002ab8       0x7c c:/nxp/mcuxpressoide_11.7.0_9198/ide/plugins/com.nxp.mcuxpresso.tools.win32_11.7.0.202209140929/tools/bin/../lib/gcc/arm-none-eabi/10.3.1/../../../../arm-none-eabi/lib/thumb/v6-m/nofp\libcr_c.a(initio.o)
                0x00002ab8                _initio
 .text.__vfprintf
                0x00002b34      0xd40 c:/nxp/mcuxpressoide_11.7.0_9198/ide/plugins/com.nxp.mcuxpresso.tools.win32_11.7.0.202209140929/tools/bin/../lib/gcc/arm-none-eabi/10.3.1/../../../../arm-none-eabi/lib/thumb/v6-m/nofp\libcr_c.a(printf.o)
                0x00002b34                __vfprintf
 .text.setvbuf  0x00003874       0x4c c:/nxp/mcuxpressoide_11.7.0_9198/ide/plugins/com.nxp.mcuxpresso.tools.win32_11.7.0.202209140929/tools/bin/../lib/gcc/arm-none-eabi/10.3.1/../../../../arm-none-eabi/lib/thumb/v6-m/nofp\libcr_c.a(setvbuf.o)
                0x00003874                setvbuf
 .text.strlen   0x000038c0       0x58 c:/nxp/mcuxpressoide_11.7.0_9198/ide/plugins/com.nxp.mcuxpresso.tools.win32_11.7.0.202209140929/tools/bin/../lib/gcc/arm-none-eabi/10.3.1/../../../../arm-none-eabi/lib/thumb/v6-m/nofp\libcr_c.a(strlen.o)
                0x000038c0                strlen
 .text._sbrk    0x00003918       0x44 c:/nxp/mcuxpressoide_11.7.0_9198/ide/plugins/com.nxp.mcuxpresso.tools.win32_11.7.0.202209140929/tools/bin/../lib/gcc/arm-none-eabi/10.3.1/../../../../arm-none-eabi/lib/thumb/v6-m/nofp\libcr_c.a(_cr_sbrk.o)
                0x00003918                _sbrk
 .text._deferredlazyseek
                0x0000395c       0x40 c:/nxp/mcuxpressoide_11.7.0_9198/ide/plugins/com.nxp.mcuxpresso.tools.win32_11.7.0.202209140929/tools/bin/../lib/gcc/arm-none-eabi/10.3.1/../../../../arm-none-eabi/lib/thumb/v6-m/nofp\libcr_c.a(_deferredlazyseek.o)
                0x0000395c                _deferredlazyseek
 .text.__flsbuf
                0x0000399c      0x150 c:/nxp/mcuxpressoide_11.7.0_9198/ide/plugins/com.nxp.mcuxpresso.tools.win32_11.7.0.202209140929/tools/bin/../lib/gcc/arm-none-eabi/10.3.1/../../../../arm-none-eabi/lib/thumb/v6-m/nofp\libcr_c.a(_deferredlazyseek.o)
                0x0000399c                __flsbuf
 .text._fdopen  0x00003aec       0x74 c:/nxp/mcuxpressoide_11.7.0_9198/ide/plugins/com.nxp.mcuxpresso.tools.win32_11.7.0.202209140929/tools/bin/../lib/gcc/arm-none-eabi/10.3.1/../../../../arm-none-eabi/lib/thumb/v6-m/nofp\libcr_c.a(_fdopen.o)
                0x00003aec                _fdopen
 .text._fflush  0x00003b60       0x60 c:/nxp/mcuxpressoide_11.7.0_9198/ide/plugins/com.nxp.mcuxpresso.tools.win32_11.7.0.202209140929/tools/bin/../lib/gcc/arm-none-eabi/10.3.1/../../../../arm-none-eabi/lib/thumb/v6-m/nofp\libcr_c.a(_fflush.o)
                0x00003b60                _fflush
 .text._frexpl  0x00003bc0       0x80 c:/nxp/mcuxpressoide_11.7.0_9198/ide/plugins/com.nxp.mcuxpresso.tools.win32_11.7.0.202209140929/tools/bin/../lib/gcc/arm-none-eabi/10.3.1/../../../../arm-none-eabi/lib/thumb/v6-m/nofp\libcr_c.a(_frexpl.o)
                0x00003bc0                _frexpl
 .text._ldexpl  0x00003c40       0x58 c:/nxp/mcuxpressoide_11.7.0_9198/ide/plugins/com.nxp.mcuxpresso.tools.win32_11.7.0.202209140929/tools/bin/../lib/gcc/arm-none-eabi/10.3.1/../../../../arm-none-eabi/lib/thumb/v6-m/nofp\libcr_c.a(_ldexpl.o)
                0x00003c40                _ldexpl
 .text._Cwritebuf
                0x00003c98       0x68 c:/nxp/mcuxpressoide_11.7.0_9198/ide/plugins/com.nxp.mcuxpresso.tools.win32_11.7.0.202209140929/tools/bin/../lib/gcc/arm-none-eabi/10.3.1/../../../../arm-none-eabi/lib/thumb/v6-m/nofp\libcr_c.a(_writebuf.o)
                0x00003c98                _Cwritebuf
 .text.fclose   0x00003d00       0x5c c:/nxp/mcuxpressoide_11.7.0_9198/ide/plugins/com.nxp.mcuxpresso.tools.win32_11.7.0.202209140929/tools/bin/../lib/gcc/arm-none-eabi/10.3.1/../../../../arm-none-eabi/lib/thumb/v6-m/nofp\libcr_c.a(fclose.o)
                0x00003d00                fclose
 .text.fflush   0x00003d5c       0x44 c:/nxp/mcuxpressoide_11.7.0_9198/ide/plugins/com.nxp.mcuxpresso.tools.win32_11.7.0.202209140929/tools/bin/../lib/gcc/arm-none-eabi/10.3.1/../../../../arm-none-eabi/lib/thumb/v6-m/nofp\libcr_c.a(fflush.o)
                0x00003d5c                fflush
 .text.fseek    0x00003da0       0xf0 c:/nxp/mcuxpressoide_11.7.0_9198/ide/plugins/com.nxp.mcuxpresso.tools.win32_11.7.0.202209140929/tools/bin/../lib/gcc/arm-none-eabi/10.3.1/../../../../arm-none-eabi/lib/thumb/v6-m/nofp\libcr_c.a(fseek.o)
                0x00003da0                fseek
 .text.ftell    0x00003e90       0x48 c:/nxp/mcuxpressoide_11.7.0_9198/ide/plugins/com.nxp.mcuxpresso.tools.win32_11.7.0.202209140929/tools/bin/../lib/gcc/arm-none-eabi/10.3.1/../../../../arm-none-eabi/lib/thumb/v6-m/nofp\libcr_c.a(ftell.o)
                0x00003e90                ftell
 .text.__check_heap_overflow
                0x00003ed8       0x18 c:/nxp/mcuxpressoide_11.7.0_9198/ide/plugins/com.nxp.mcuxpresso.tools.win32_11.7.0.202209140929/tools/bin/../lib/gcc/arm-none-eabi/10.3.1/../../../../arm-none-eabi/lib/thumb/v6-m/nofp\libcr_c.a(_cr_check_heap.o)
                0x00003ed8                __check_heap_overflow
 .text._do_fflush
                0x00003ef0       0x48 c:/nxp/mcuxpressoide_11.7.0_9198/ide/plugins/com.nxp.mcuxpresso.tools.win32_11.7.0.202209140929/tools/bin/../lib/gcc/arm-none-eabi/10.3.1/../../../../arm-none-eabi/lib/thumb/v6-m/nofp\libcr_c.a(_do_fflush.o)
                0x00003ef0                _do_fflush
 .text.__aeabi_dmul
                0x00003f38      0x184 c:/nxp/mcuxpressoide_11.7.0_9198/ide/plugins/com.nxp.mcuxpresso.tools.win32_11.7.0.202209140929/tools/bin/../lib/gcc/arm-none-eabi/10.3.1/thumb/v6-m/nofp\libcr_eabihelpers.a(double.o)
                0x00003f38                __aeabi_dmul
 .text.__aeabi_ddiv
                0x000040bc      0x14c c:/nxp/mcuxpressoide_11.7.0_9198/ide/plugins/com.nxp.mcuxpresso.tools.win32_11.7.0.202209140929/tools/bin/../lib/gcc/arm-none-eabi/10.3.1/thumb/v6-m/nofp\libcr_eabihelpers.a(double.o)
                0x000040bc                __aeabi_ddiv
 .text.__aeabi_dsub
                0x00004208      0x1c0 c:/nxp/mcuxpressoide_11.7.0_9198/ide/plugins/com.nxp.mcuxpresso.tools.win32_11.7.0.202209140929/tools/bin/../lib/gcc/arm-none-eabi/10.3.1/thumb/v6-m/nofp\libcr_eabihelpers.a(double.o)
                0x00004208                __aeabi_dsub
 .text.__aeabi_dadd
                0x000043c8      0x134 c:/nxp/mcuxpressoide_11.7.0_9198/ide/plugins/com.nxp.mcuxpresso.tools.win32_11.7.0.202209140929/tools/bin/../lib/gcc/arm-none-eabi/10.3.1/thumb/v6-m/nofp\libcr_eabihelpers.a(double.o)
                0x000043c8                __aeabi_dadd
 .text.__aeabi_d2f
                0x000044fc       0x60 c:/nxp/mcuxpressoide_11.7.0_9198/ide/plugins/com.nxp.mcuxpresso.tools.win32_11.7.0.202209140929/tools/bin/../lib/gcc/arm-none-eabi/10.3.1/thumb/v6-m/nofp\libcr_eabihelpers.a(double.o)
                0x000044fc                __aeabi_d2f
 .text.__aeabi_d2iz
                0x0000455c       0x50 c:/nxp/mcuxpressoide_11.7.0_9198/ide/plugins/com.nxp.mcuxpresso.tools.win32_11.7.0.202209140929/tools/bin/../lib/gcc/arm-none-eabi/10.3.1/thumb/v6-m/nofp\libcr_eabihelpers.a(double.o)
                0x0000455c                __aeabi_d2iz
 .text.__aeabi_dcmpeq
                0x000045ac       0x30 c:/nxp/mcuxpressoide_11.7.0_9198/ide/plugins/com.nxp.mcuxpresso.tools.win32_11.7.0.202209140929/tools/bin/../lib/gcc/arm-none-eabi/10.3.1/thumb/v6-m/nofp\libcr_eabihelpers.a(double.o)
                0x000045ac                __aeabi_dcmpeq
 .text.__aeabi_dcmplt
                0x000045dc       0x60 c:/nxp/mcuxpressoide_11.7.0_9198/ide/plugins/com.nxp.mcuxpresso.tools.win32_11.7.0.202209140929/tools/bin/../lib/gcc/arm-none-eabi/10.3.1/thumb/v6-m/nofp\libcr_eabihelpers.a(double.o)
                0x000045dc                __aeabi_dcmplt
 .text.__aeabi_dcmple
                0x0000463c       0x5c c:/nxp/mcuxpressoide_11.7.0_9198/ide/plugins/com.nxp.mcuxpresso.tools.win32_11.7.0.202209140929/tools/bin/../lib/gcc/arm-none-eabi/10.3.1/thumb/v6-m/nofp\libcr_eabihelpers.a(double.o)
                0x0000463c                __aeabi_dcmple
 .text.__aeabi_dcmpge
                0x00004698       0x5c c:/nxp/mcuxpressoide_11.7.0_9198/ide/plugins/com.nxp.mcuxpresso.tools.win32_11.7.0.202209140929/tools/bin/../lib/gcc/arm-none-eabi/10.3.1/thumb/v6-m/nofp\libcr_eabihelpers.a(double.o)
                0x00004698                __aeabi_dcmpge
 .text.__aeabi_fmul
                0x000046f4       0xc0 c:/nxp/mcuxpressoide_11.7.0_9198/ide/plugins/com.nxp.mcuxpresso.tools.win32_11.7.0.202209140929/tools/bin/../lib/gcc/arm-none-eabi/10.3.1/thumb/v6-m/nofp\libcr_eabihelpers.a(float.o)
                0x000046f4                __aeabi_fmul
 .text.__aeabi_fsub
                0x000047b4      0x128 c:/nxp/mcuxpressoide_11.7.0_9198/ide/plugins/com.nxp.mcuxpresso.tools.win32_11.7.0.202209140929/tools/bin/../lib/gcc/arm-none-eabi/10.3.1/thumb/v6-m/nofp\libcr_eabihelpers.a(float.o)
                0x000047b4                __aeabi_fsub
 .text.__aeabi_fadd
                0x000048dc       0xac c:/nxp/mcuxpressoide_11.7.0_9198/ide/plugins/com.nxp.mcuxpresso.tools.win32_11.7.0.202209140929/tools/bin/../lib/gcc/arm-none-eabi/10.3.1/thumb/v6-m/nofp\libcr_eabihelpers.a(float.o)
                0x000048dc                __aeabi_fadd
 .text.DbgConsole_ConvertRadixNumToString.constprop.0
                0x00004988       0x4a ./utilities/fsl_debug_console.o
 .text.DbgConsole_Printf
                0x000049d2       0x16 ./utilities/fsl_debug_console.o
                0x000049d2                DbgConsole_Printf
 .text.PIDContollerUpdate
                0x000049e8       0x4c ./source/PID.o
                0x000049e8                PIDContollerUpdate
 .text.SysTimer_Tou
                0x00004a34       0x18 ./source/SysTimer.o
                0x00004a34                SysTimer_Tou
 .text.StartTimeout
                0x00004a4c       0x1e ./source/SysTimer.o
                0x00004a4c                StartTimeout
 .text.TimeoutDone
                0x00004a6a       0x16 ./source/SysTimer.o
                0x00004a6a                TimeoutDone
 .text.TimeoutExtension
                0x00004a80       0x14 ./source/SysTimer.o
                0x00004a80                TimeoutExtension
 .text.SenseDistance
                0x00004a94        0xc ./source/distance.o
                0x00004a94                SenseDistance
 .text.RotateForward
                0x00004aa0       0x12 ./source/motor.o
                0x00004aa0                RotateForward
 .text.RotateBackward
                0x00004ab2       0x12 ./source/motor.o
                0x00004ab2                RotateBackward
 .text.StopMotors
                0x00004ac4       0x10 ./source/motor.o
                0x00004ac4                StopMotors
 .text.InitOpticMeasurement
                0x00004ad4       0x10 ./source/optic.o
                0x00004ad4                InitOpticMeasurement
 .text.InitUltrasonicMeasurement
                0x00004ae4        0xc ./source/ultrasonic.o
                0x00004ae4                InitUltrasonicMeasurement
 .text.ADC_SetConvSeqAConfig
                0x00004af0       0x46 ./drivers/fsl_adc.o
                0x00004af0                ADC_SetConvSeqAConfig
 .text.CLOCK_UpdateClkSrc
                0x00004b36       0x14 ./drivers/fsl_clock.o
 .text.SWM_SetMovablePinSelect
                0x00004b4a       0x1e ./drivers/fsl_swm.o
                0x00004b4a                SWM_SetMovablePinSelect
 .text.SWM_SetFixedPinSelect
                0x00004b68       0x2a ./drivers/fsl_swm.o
                0x00004b68                SWM_SetFixedPinSelect
 .text.USART_GetDefaultConfig
                0x00004b92       0x20 ./drivers/fsl_usart.o
                0x00004b92                USART_GetDefaultConfig
 .text.USART_WriteBlocking
                0x00004bb2       0x24 ./drivers/fsl_usart.o
                0x00004bb2                USART_WriteBlocking
 .text.SystemInitHook
                0x00004bd6        0x2 ./device/system_LPC845.o
                0x00004bd6                SystemInitHook
 .text.BOARD_InitBootClocks
                0x00004bd8        0x8 ./board/clock_config.o
                0x00004bd8                BOARD_InitBootClocks
 .text.BOARD_InitBootPeripherals
                0x00004be0        0x8 ./board/peripherals.o
                0x00004be0                BOARD_InitBootPeripherals
 .text.BOARD_InitBootPins
                0x00004be8       0x1c ./board/pin_mux.o
                0x00004be8                BOARD_InitBootPins
 .text.__main   0x00004c04        0xc c:/nxp/mcuxpressoide_11.7.0_9198/ide/plugins/com.nxp.mcuxpresso.tools.win32_11.7.0.202209140929/tools/bin/../lib/gcc/arm-none-eabi/10.3.1/../../../../arm-none-eabi/lib/thumb/v6-m/nofp\libcr_nohost_nf.a(_cr__main.o)
                0x00004c04                __main
 .text.memcpy   0x00004c10        0x8 c:/nxp/mcuxpressoide_11.7.0_9198/ide/plugins/com.nxp.mcuxpresso.tools.win32_11.7.0.202209140929/tools/bin/../lib/gcc/arm-none-eabi/10.3.1/../../../../arm-none-eabi/lib/thumb/v6-m/nofp\libcr_c.a(memcpy.o)
                0x00004c10                memcpy
 .text.memset   0x00004c18        0x8 c:/nxp/mcuxpressoide_11.7.0_9198/ide/plugins/com.nxp.mcuxpresso.tools.win32_11.7.0.202209140929/tools/bin/../lib/gcc/arm-none-eabi/10.3.1/../../../../arm-none-eabi/lib/thumb/v6-m/nofp\libcr_c.a(memset.o)
                0x00004c18                memset
 .text.free     0x00004c20       0x2c c:/nxp/mcuxpressoide_11.7.0_9198/ide/plugins/com.nxp.mcuxpresso.tools.win32_11.7.0.202209140929/tools/bin/../lib/gcc/arm-none-eabi/10.3.1/../../../../arm-none-eabi/lib/thumb/v6-m/nofp\libcr_c.a(alloc.o)
                0x00004c20                free
 .text.fp_round
                0x00004c4c       0x4a c:/nxp/mcuxpressoide_11.7.0_9198/ide/plugins/com.nxp.mcuxpresso.tools.win32_11.7.0.202209140929/tools/bin/../lib/gcc/arm-none-eabi/10.3.1/../../../../arm-none-eabi/lib/thumb/v6-m/nofp\libcr_c.a(fpprintf.o)
 .text.pr_dec.constprop.0
                0x00004c96       0x30 c:/nxp/mcuxpressoide_11.7.0_9198/ide/plugins/com.nxp.mcuxpresso.tools.win32_11.7.0.202209140929/tools/bin/../lib/gcc/arm-none-eabi/10.3.1/../../../../arm-none-eabi/lib/thumb/v6-m/nofp\libcr_c.a(fpprintf.o)
 .text.remove   0x00004cc6       0x12 c:/nxp/mcuxpressoide_11.7.0_9198/ide/plugins/com.nxp.mcuxpresso.tools.win32_11.7.0.202209140929/tools/bin/../lib/gcc/arm-none-eabi/10.3.1/../../../../arm-none-eabi/lib/thumb/v6-m/nofp\libcr_c.a(remove.o)
                0x00004cc6                remove
 .text.__aeabi_division_idivmod
                0x00004cd8       0x78 c:/nxp/mcuxpressoide_11.7.0_9198/ide/plugins/com.nxp.mcuxpresso.tools.win32_11.7.0.202209140929/tools/bin/../lib/gcc/arm-none-eabi/10.3.1/thumb/v6-m/nofp\libcr_eabihelpers.a(division_32.o)
                0x00004cd8                __aeabi_idivmod
                0x00004cd8                __aeabi_idiv
                0x00004cde                __aeabi_uidivmod
                0x00004cde                __aeabi_uidiv
 .text.__aeabi_division_uldivmod
                0x00004d50       0x5a c:/nxp/mcuxpressoide_11.7.0_9198/ide/plugins/com.nxp.mcuxpresso.tools.win32_11.7.0.202209140929/tools/bin/../lib/gcc/arm-none-eabi/10.3.1/thumb/v6-m/nofp\libcr_eabihelpers.a(division_64.o)
                0x00004d50                __aeabi_uldivmod
 .text.__aeabi_division_idiv0
                0x00004daa        0x2 c:/nxp/mcuxpressoide_11.7.0_9198/ide/plugins/com.nxp.mcuxpresso.tools.win32_11.7.0.202209140929/tools/bin/../lib/gcc/arm-none-eabi/10.3.1/thumb/v6-m/nofp\libcr_eabihelpers.a(division_idiv0.o)
                0x00004daa                __aeabi_idiv0
 .text.__bhs_ui2d
                0x00004dac       0x5e c:/nxp/mcuxpressoide_11.7.0_9198/ide/plugins/com.nxp.mcuxpresso.tools.win32_11.7.0.202209140929/tools/bin/../lib/gcc/arm-none-eabi/10.3.1/thumb/v6-m/nofp\libcr_eabihelpers.a(double.o)
                0x00004dac                __bhs_ui2d
 .text.__aeabi_i2d
                0x00004e0a       0x18 c:/nxp/mcuxpressoide_11.7.0_9198/ide/plugins/com.nxp.mcuxpresso.tools.win32_11.7.0.202209140929/tools/bin/../lib/gcc/arm-none-eabi/10.3.1/thumb/v6-m/nofp\libcr_eabihelpers.a(double.o)
                0x00004e0a                __aeabi_i2d
 .text.__aeabi_ui2d
                0x00004e22        0xc c:/nxp/mcuxpressoide_11.7.0_9198/ide/plugins/com.nxp.mcuxpresso.tools.win32_11.7.0.202209140929/tools/bin/../lib/gcc/arm-none-eabi/10.3.1/thumb/v6-m/nofp\libcr_eabihelpers.a(double.o)
                0x00004e22                __aeabi_ui2d
 .text.__aeabi_f2uiz
                0x00004e2e       0x2a c:/nxp/mcuxpressoide_11.7.0_9198/ide/plugins/com.nxp.mcuxpresso.tools.win32_11.7.0.202209140929/tools/bin/../lib/gcc/arm-none-eabi/10.3.1/thumb/v6-m/nofp\libcr_eabihelpers.a(float.o)
                0x00004e2e                __aeabi_f2uiz
 .text.__bhs_ui2f
                0x00004e58       0x60 c:/nxp/mcuxpressoide_11.7.0_9198/ide/plugins/com.nxp.mcuxpresso.tools.win32_11.7.0.202209140929/tools/bin/../lib/gcc/arm-none-eabi/10.3.1/thumb/v6-m/nofp\libcr_eabihelpers.a(float.o)
                0x00004e58                __bhs_ui2f
 .text.__aeabi_ui2f
                0x00004eb8        0xc c:/nxp/mcuxpressoide_11.7.0_9198/ide/plugins/com.nxp.mcuxpresso.tools.win32_11.7.0.202209140929/tools/bin/../lib/gcc/arm-none-eabi/10.3.1/thumb/v6-m/nofp\libcr_eabihelpers.a(float.o)
                0x00004eb8                __aeabi_ui2f
 .text.__aeabi_fcmpeq
                0x00004ec4       0x20 c:/nxp/mcuxpressoide_11.7.0_9198/ide/plugins/com.nxp.mcuxpresso.tools.win32_11.7.0.202209140929/tools/bin/../lib/gcc/arm-none-eabi/10.3.1/thumb/v6-m/nofp\libcr_eabihelpers.a(float.o)
                0x00004ec4                __aeabi_fcmpeq
 .text.__aeabi_fcmpgt
                0x00004ee4       0x3e c:/nxp/mcuxpressoide_11.7.0_9198/ide/plugins/com.nxp.mcuxpresso.tools.win32_11.7.0.202209140929/tools/bin/../lib/gcc/arm-none-eabi/10.3.1/thumb/v6-m/nofp\libcr_eabihelpers.a(float.o)
                0x00004ee4                __aeabi_fcmpgt
 .text.__aeabi_llong_lmul
                0x00004f22       0x2e c:/nxp/mcuxpressoide_11.7.0_9198/ide/plugins/com.nxp.mcuxpresso.tools.win32_11.7.0.202209140929/tools/bin/../lib/gcc/arm-none-eabi/10.3.1/thumb/v6-m/nofp\libcr_eabihelpers.a(llong.o)
                0x00004f22                __aeabi_lmul
 .text.__aeabi_memcpy
                0x00004f50       0x2c c:/nxp/mcuxpressoide_11.7.0_9198/ide/plugins/com.nxp.mcuxpresso.tools.win32_11.7.0.202209140929/tools/bin/../lib/gcc/arm-none-eabi/10.3.1/thumb/v6-m/nofp\libcr_eabihelpers.a(memcpy.o)
                0x00004f50                __aeabi_memcpy4
                0x00004f50                __aeabi_memcpy8
                0x00004f50                __aeabi_memcpy
 .text.__aeabi_memset_lowlevel
                0x00004f7c       0x2a c:/nxp/mcuxpressoide_11.7.0_9198/ide/plugins/com.nxp.mcuxpresso.tools.win32_11.7.0.202209140929/tools/bin/../lib/gcc/arm-none-eabi/10.3.1/thumb/v6-m/nofp\libcr_eabihelpers.a(memcpy.o)
                0x00004f7c                __aeabi_lowlevel_memset
 .text.__gnu_thumb1_case_uqi
                0x00004fa6       0x10 c:/nxp/mcuxpressoide_11.7.0_9198/ide/plugins/com.nxp.mcuxpresso.tools.win32_11.7.0.202209140929/tools/bin/../lib/gcc/arm-none-eabi/10.3.1/thumb/v6-m/nofp\libcr_eabihelpers.a(thumb1_switch_helpers.o)
                0x00004fa6                __gnu_thumb1_case_uqi
 .text.__gnu_thumb1_case_shi
                0x00004fb6       0x10 c:/nxp/mcuxpressoide_11.7.0_9198/ide/plugins/com.nxp.mcuxpresso.tools.win32_11.7.0.202209140929/tools/bin/../lib/gcc/arm-none-eabi/10.3.1/thumb/v6-m/nofp\libcr_eabihelpers.a(thumb1_switch_helpers.o)
                0x00004fb6                __gnu_thumb1_case_shi
 .text.__sys_appexit
                0x00004fc6        0x2 c:/nxp/mcuxpressoide_11.7.0_9198/ide/plugins/com.nxp.mcuxpresso.tools.win32_11.7.0.202209140929/tools/bin/../lib/gcc/arm-none-eabi/10.3.1/../../../../arm-none-eabi/lib/thumb/v6-m/nofp\libcr_nohost_nf.a(__sys_appexit.o)
                0x00004fc6                __sys_appexit
                0x00004fc6                __exit
 .text.__sys_close
                0x00004fc8        0x6 c:/nxp/mcuxpressoide_11.7.0_9198/ide/plugins/com.nxp.mcuxpresso.tools.win32_11.7.0.202209140929/tools/bin/../lib/gcc/arm-none-eabi/10.3.1/../../../../arm-none-eabi/lib/thumb/v6-m/nofp\libcr_nohost_nf.a(__sys_close.o)
                0x00004fc8                __sys_close
 .text.__sys_flen
                0x00004fce        0x6 c:/nxp/mcuxpressoide_11.7.0_9198/ide/plugins/com.nxp.mcuxpresso.tools.win32_11.7.0.202209140929/tools/bin/../lib/gcc/arm-none-eabi/10.3.1/../../../../arm-none-eabi/lib/thumb/v6-m/nofp\libcr_nohost_nf.a(__sys_flen.o)
                0x00004fce                __sys_flen
 .text.__sys_istty
                0x00004fd4        0x6 c:/nxp/mcuxpressoide_11.7.0_9198/ide/plugins/com.nxp.mcuxpresso.tools.win32_11.7.0.202209140929/tools/bin/../lib/gcc/arm-none-eabi/10.3.1/../../../../arm-none-eabi/lib/thumb/v6-m/nofp\libcr_nohost_nf.a(__sys_istty.o)
                0x00004fd4                __sys_istty
 .text.__sys_remove
                0x00004fda        0x6 c:/nxp/mcuxpressoide_11.7.0_9198/ide/plugins/com.nxp.mcuxpresso.tools.win32_11.7.0.202209140929/tools/bin/../lib/gcc/arm-none-eabi/10.3.1/../../../../arm-none-eabi/lib/thumb/v6-m/nofp\libcr_nohost_nf.a(__sys_remove.o)
                0x00004fda                __sys_remove
 .text.__sys_seek
                0x00004fe0        0x6 c:/nxp/mcuxpressoide_11.7.0_9198/ide/plugins/com.nxp.mcuxpresso.tools.win32_11.7.0.202209140929/tools/bin/../lib/gcc/arm-none-eabi/10.3.1/../../../../arm-none-eabi/lib/thumb/v6-m/nofp\libcr_nohost_nf.a(__sys_seek.o)
                0x00004fe0                __sys_seek
 .text.__sys_tmpnam
                0x00004fe6        0x6 c:/nxp/mcuxpressoide_11.7.0_9198/ide/plugins/com.nxp.mcuxpresso.tools.win32_11.7.0.202209140929/tools/bin/../lib/gcc/arm-none-eabi/10.3.1/../../../../arm-none-eabi/lib/thumb/v6-m/nofp\libcr_nohost_nf.a(__sys_tmpnam.o)
                0x00004fe6                __sys_tmpnam
 .text.__sys_write
                0x00004fec        0x4 c:/nxp/mcuxpressoide_11.7.0_9198/ide/plugins/com.nxp.mcuxpresso.tools.win32_11.7.0.202209140929/tools/bin/../lib/gcc/arm-none-eabi/10.3.1/../../../../arm-none-eabi/lib/thumb/v6-m/nofp\libcr_nohost_nf.a(__sys_write.o)
                0x00004fec                __sys_write
 *(SORT_BY_ALIGNMENT(.rodata) SORT_BY_ALIGNMENT(.rodata.*) SORT_BY_ALIGNMENT(.constdata) SORT_BY_ALIGNMENT(.constdata.*))
 .rodata.s_usartRest
                0x00004ff0       0x14 ./drivers/fsl_usart.o
 .rodata.s_UsartAdapterBase
                0x00005004       0x14 ./component/uart/fsl_adapter_miniusart.o
 .rodata.ADC0ConvSeqAConfigStruct
                0x00005018        0xc ./board/peripherals.o
                0x00005018                ADC0ConvSeqAConfigStruct
 .rodata.ADC0configStruct
                0x00005024        0xc ./board/peripherals.o
                0x00005024                ADC0configStruct
 .rodata.CTIMER0_config
                0x00005030        0x8 ./board/peripherals.o
                0x00005030                CTIMER0_config
 .rodata.USART0_config
                0x00005038       0x10 ./board/peripherals.o
                0x00005038                USART0_config
 .rodata.USART1_config
                0x00005048       0x10 ./board/peripherals.o
                0x00005048                USART1_config
 .rodata.__num_Ciob_streams
                0x00005058        0x4 c:/nxp/mcuxpressoide_11.7.0_9198/ide/plugins/com.nxp.mcuxpresso.tools.win32_11.7.0.202209140929/tools/bin/../lib/gcc/arm-none-eabi/10.3.1/../../../../arm-none-eabi/lib/thumb/v6-m/nofp\libcr_nohost_nf.a(__ciob.o)
                0x00005058                __num_Ciob_streams
 .rodata.s_gpioClockName
                0x0000505c        0x4 ./drivers/fsl_gpio.o
 .rodata.s_usartClock
                0x00005060        0xa ./drivers/fsl_usart.o
 .rodata.EncoderRightCallback.str1.1
                0x0000506a        0x4 ./source/encoder.o
                                  0x7 (size before relaxing)
 .rodata.main.str1.1
                0x0000506e        0xc ./source/main.o
                                 0x10 (size before relaxing)
 .rodata.ADC0_SEQA_IRQHandler.str1.1
                0x0000507a       0x14 ./source/optic.o
 .rodata.MRT0_config
                0x0000508e        0x1 ./board/peripherals.o
                0x0000508e                MRT0_config
 .rodata.SCT0_initConfig
                0x0000508f        0x9 ./board/peripherals.o
                0x0000508f                SCT0_initConfig
 .rodata.SCT0_pwmSignalsConfig
                0x00005098        0x6 ./board/peripherals.o
                0x00005098                SCT0_pwmSignalsConfig
 .rodata        0x0000509e        0x2 ./board/pin_mux.o
 .rodata._Csys_alloc.str1.1
                0x000050a0       0x18 c:/nxp/mcuxpressoide_11.7.0_9198/ide/plugins/com.nxp.mcuxpresso.tools.win32_11.7.0.202209140929/tools/bin/../lib/gcc/arm-none-eabi/10.3.1/../../../../arm-none-eabi/lib/thumb/v6-m/nofp\libcr_c.a(alloc.o)
 .rodata.fp_display.str1.1
                0x000050b8       0x34 c:/nxp/mcuxpressoide_11.7.0_9198/ide/plugins/com.nxp.mcuxpresso.tools.win32_11.7.0.202209140929/tools/bin/../lib/gcc/arm-none-eabi/10.3.1/../../../../arm-none-eabi/lib/thumb/v6-m/nofp\libcr_c.a(fpprintf.o)
                                 0x35 (size before relaxing)
 .rodata._initio.str1.1
                0x000050ec        0x4 c:/nxp/mcuxpressoide_11.7.0_9198/ide/plugins/com.nxp.mcuxpresso.tools.win32_11.7.0.202209140929/tools/bin/../lib/gcc/arm-none-eabi/10.3.1/../../../../arm-none-eabi/lib/thumb/v6-m/nofp\libcr_c.a(initio.o)
 .rodata.__vfprintf.str1.1
                0x000050f0       0x31 c:/nxp/mcuxpressoide_11.7.0_9198/ide/plugins/com.nxp.mcuxpresso.tools.win32_11.7.0.202209140929/tools/bin/../lib/gcc/arm-none-eabi/10.3.1/../../../../arm-none-eabi/lib/thumb/v6-m/nofp\libcr_c.a(printf.o)
                                 0x38 (size before relaxing)
                0x00005124                . = ALIGN (0x4)
 *fill*         0x00005121        0x3 ff

.glue_7         0x00005124        0x0
 .glue_7        0x00005124        0x0 linker stubs

.glue_7t        0x00005124        0x0
 .glue_7t       0x00005124        0x0 linker stubs

.vfp11_veneer   0x00005124        0x0
 .vfp11_veneer  0x00005124        0x0 linker stubs

.v4_bx          0x00005124        0x0
 .v4_bx         0x00005124        0x0 linker stubs

.iplt           0x00005124        0x0
 .iplt          0x00005124        0x0 ./utilities/fsl_debug_console.o

.rel.dyn        0x00005124        0x0
 .rel.iplt      0x00005124        0x0 ./utilities/fsl_debug_console.o

.ARM.extab
 *(SORT_BY_ALIGNMENT(.ARM.extab*) SORT_BY_ALIGNMENT(.gnu.linkonce.armextab.*))

.ARM.exidx      0x00005124        0x0
                0x00005124                __exidx_start = .
 *(SORT_BY_ALIGNMENT(.ARM.exidx*) SORT_BY_ALIGNMENT(.gnu.linkonce.armexidx.*))
                0x00005124                __exidx_end = .
                0x00005124                _etext = .

.mtb_buffer_RAM2
 *(SORT_BY_ALIGNMENT(.mtb.$RAM2*))
 *(SORT_BY_ALIGNMENT(.mtb.$IAP_SRAM*))

.data_RAM2      0x10003fe0        0x0 load address 0x00005124
 FILL mask 0xff
                [!provide]                PROVIDE (__start_data_RAM2 = .)
                [!provide]                PROVIDE (__start_data_IAP_SRAM = .)
 *(SORT_BY_ALIGNMENT(.ramfunc.$RAM2))
 *(SORT_BY_ALIGNMENT(.ramfunc.$IAP_SRAM))
 *(SORT_BY_ALIGNMENT(.data.$RAM2))
 *(SORT_BY_ALIGNMENT(.data.$IAP_SRAM))
 *(SORT_BY_ALIGNMENT(.data.$RAM2.*))
 *(SORT_BY_ALIGNMENT(.data.$IAP_SRAM.*))
                0x10003fe0                . = ALIGN (0x4)
                [!provide]                PROVIDE (__end_data_RAM2 = .)
                [!provide]                PROVIDE (__end_data_IAP_SRAM = .)

.mtb_buffer_default
                0x10000000       0x80
 *(SORT_BY_ALIGNMENT(.mtb*))
 .mtb.$RAM1     0x10000000       0x80 ./source/mtb.o
                0x10000000                __mtb_buffer__

.uninit_RESERVED
                0x10000080        0x0
                0x10000080                _start_uninit_RESERVED = .
 *(SORT_BY_ALIGNMENT(.bss.$RESERVED*))
                0x10000080                . = ALIGN (0x4)
                0x10000080                _end_uninit_RESERVED = .

.data           0x10000080       0x24 load address 0x00005124
 FILL mask 0xff
                0x10000080                _data = .
                [!provide]                PROVIDE (__start_data_RAM = .)
                [!provide]                PROVIDE (__start_data_SRAM = .)
 *(SORT_BY_ALIGNMENT(vtable))
 *(SORT_BY_ALIGNMENT(.ramfunc*))
 *(SORT_BY_ALIGNMENT(CodeQuickAccess))
 *(SORT_BY_ALIGNMENT(DataQuickAccess))
 *(SORT_BY_ALIGNMENT(RamFunction))
 *(SORT_BY_ALIGNMENT(.data*))
 .data.SystemCoreClock
                0x10000080        0x4 ./device/system_LPC845.o
                0x10000080                SystemCoreClock
 .data.CTIMER0_callback
                0x10000084       0x20 ./board/peripherals.o
                0x10000084                CTIMER0_callback
                0x100000a4                . = ALIGN (0x4)
                0x100000a4                _edata = .
                [!provide]                PROVIDE (__end_data_RAM = .)
                [!provide]                PROVIDE (__end_data_SRAM = .)

.igot.plt       0x100000a4        0x0 load address 0x00005148
 .igot.plt      0x100000a4        0x0 ./utilities/fsl_debug_console.o

.bss_RAM2       0x10003fe0        0x0
                [!provide]                PROVIDE (__start_bss_RAM2 = .)
                [!provide]                PROVIDE (__start_bss_IAP_SRAM = .)
 *(SORT_BY_ALIGNMENT(.bss.$RAM2))
 *(SORT_BY_ALIGNMENT(.bss.$IAP_SRAM))
 *(SORT_BY_ALIGNMENT(.bss.$RAM2.*))
 *(SORT_BY_ALIGNMENT(.bss.$IAP_SRAM.*))
                0x10003fe0                . = ALIGN ((. != 0x0)?0x4:0x1)
                [!provide]                PROVIDE (__end_bss_RAM2 = .)
                [!provide]                PROVIDE (__end_bss_IAP_SRAM = .)

.bss            0x100000a8      0x258
                0x100000a8                _bss = .
                [!provide]                PROVIDE (__start_bss_RAM = .)
                [!provide]                PROVIDE (__start_bss_SRAM = .)
 *(SORT_BY_ALIGNMENT(.bss*))
 .bss.RPM_left  0x100000a8        0x8 ./source/encoder.o
                0x100000a8                RPM_left
 .bss.RPM_right
                0x100000b0        0x8 ./source/encoder.o
                0x100000b0                RPM_right
 .bss.microseconds_elapsed_left
                0x100000b8        0x8 ./source/encoder.o
                0x100000b8                microseconds_elapsed_left
 .bss.microseconds_elapsed_right
                0x100000c0        0x8 ./source/encoder.o
                0x100000c0                microseconds_elapsed_right
 .bss.s_debugConsole
                0x100000c8       0x14 ./utilities/fsl_debug_console.o
 .bss.pid_left  0x100000dc       0x1c ./source/PID.o
                0x100000dc                pid_left
 .bss.pid_right
                0x100000f8       0x1c ./source/PID.o
                0x100000f8                pid_right
 .bss.car       0x10000114        0x8 ./source/car.o
                0x10000114                car
 .bss.car_prev  0x1000011c        0x8 ./source/car.o
                0x1000011c                car_prev
 .bss.captured_time_left
                0x10000124        0x4 ./source/encoder.o
                0x10000124                captured_time_left
 .bss.captured_time_left_prev
                0x10000128        0x4 ./source/encoder.o
                0x10000128                captured_time_left_prev
 .bss.captured_time_right
                0x1000012c        0x4 ./source/encoder.o
                0x1000012c                captured_time_right
 .bss.captured_time_right_prev
                0x10000130        0x4 ./source/encoder.o
                0x10000130                captured_time_right_prev
 .bss.back_left_first
                0x10000134        0x4 ./source/optic.o
                0x10000134                back_left_first
 .bss.back_left_second
                0x10000138        0x4 ./source/optic.o
                0x10000138                back_left_second
 .bss.back_right_first
                0x1000013c        0x4 ./source/optic.o
                0x1000013c                back_right_first
 .bss.back_right_second
                0x10000140        0x4 ./source/optic.o
                0x10000140                back_right_second
 .bss.front_left_first
                0x10000144        0x4 ./source/optic.o
                0x10000144                front_left_first
 .bss.front_left_second
                0x10000148        0x4 ./source/optic.o
                0x10000148                front_left_second
 .bss.front_right_first
                0x1000014c        0x4 ./source/optic.o
                0x1000014c                front_right_first
 .bss.front_right_second
                0x10000150        0x4 ./source/optic.o
                0x10000150                front_right_second
 .bss.optic_measurement
                0x10000154       0x18 ./source/optic.o
                0x10000154                optic_measurement
 .bss.g_systickCounter
                0x1000016c        0x4 ./source/sys.o
 .bss.capture_value_0
                0x10000170        0x4 ./source/ultrasonic.o
                0x10000170                capture_value_0
 .bss.capture_value_1
                0x10000174        0x4 ./source/ultrasonic.o
                0x10000174                capture_value_1
 .bss.microseconds_elapsed
                0x10000178        0x4 ./source/ultrasonic.o
                0x10000178                microseconds_elapsed
 .bss.ultrasonic_measurement
                0x1000017c        0x8 ./source/ultrasonic.o
                0x1000017c                ultrasonic_measurement
 .bss.g_Ext_Clk_Freq
                0x10000184        0x4 ./drivers/fsl_clock.o
                0x10000184                g_Ext_Clk_Freq
 .bss.g_Wdt_Osc_Freq
                0x10000188        0x4 ./drivers/fsl_clock.o
                0x10000188                g_Wdt_Osc_Freq
 .bss.s_ctimerCallback
                0x1000018c        0x4 ./drivers/fsl_ctimer.o
 .bss.s_currentEvent
                0x10000190        0x4 ./drivers/fsl_sctimer.o
 .bss.s_currentMatch
                0x10000194        0x4 ./drivers/fsl_sctimer.o
 .bss.s_currentMatchhigh
                0x10000198        0x4 ./drivers/fsl_sctimer.o
 .bss.s_currentState
                0x1000019c        0x4 ./drivers/fsl_sctimer.o
 .bss.s_eventCallback
                0x100001a0       0x20 ./drivers/fsl_sctimer.o
 .bss.s_sctimerIsr
                0x100001c0        0x4 ./drivers/fsl_sctimer.o
 .bss.s_usartHandle
                0x100001c4       0x14 ./drivers/fsl_usart.o
 .bss.s_usartIsr
                0x100001d8        0x4 ./drivers/fsl_usart.o
 .bss.SCT0_pwmEvent
                0x100001dc        0x8 ./board/peripherals.o
                0x100001dc                SCT0_pwmEvent
 .bss.errno     0x100001e4        0x4 c:/nxp/mcuxpressoide_11.7.0_9198/ide/plugins/com.nxp.mcuxpresso.tools.win32_11.7.0.202209140929/tools/bin/../lib/gcc/arm-none-eabi/10.3.1/../../../../arm-none-eabi/lib/thumb/v6-m/nofp\libcr_c.a(errno.o)
                0x100001e4                errno
 .bss.__end_of_heap
                0x100001e8        0x4 c:/nxp/mcuxpressoide_11.7.0_9198/ide/plugins/com.nxp.mcuxpresso.tools.win32_11.7.0.202209140929/tools/bin/../lib/gcc/arm-none-eabi/10.3.1/../../../../arm-none-eabi/lib/thumb/v6-m/nofp\libcr_c.a(__init_alloc.o)
                0x100001e8                __end_of_heap
 .bss.__heaps   0x100001ec        0x4 c:/nxp/mcuxpressoide_11.7.0_9198/ide/plugins/com.nxp.mcuxpresso.tools.win32_11.7.0.202209140929/tools/bin/../lib/gcc/arm-none-eabi/10.3.1/../../../../arm-none-eabi/lib/thumb/v6-m/nofp\libcr_c.a(__init_alloc.o)
                0x100001ec                __heaps
 .bss.__Ciob    0x100001f0       0xb4 c:/nxp/mcuxpressoide_11.7.0_9198/ide/plugins/com.nxp.mcuxpresso.tools.win32_11.7.0.202209140929/tools/bin/../lib/gcc/arm-none-eabi/10.3.1/../../../../arm-none-eabi/lib/thumb/v6-m/nofp\libcr_nohost_nf.a(__ciob.o)
                0x100001f0                __Ciob
 .bss.Tou1      0x100002a4        0x4 ./source/SysTimer.o
 .bss.Tou2      0x100002a8        0x4 ./source/SysTimer.o
 .bss.Tou3      0x100002ac        0x4 ./source/SysTimer.o
 .bss.Tou4      0x100002b0        0x4 ./source/SysTimer.o
 .bss.updated   0x100002b4        0x1 ./source/PID.o
                0x100002b4                updated
 .bss.buffer    0x100002b5       0x12 ./source/bluetooth.o
                0x100002b5                buffer
 .bss.bluetooth_prompts
                0x100002c7       0x12 ./source/car.o
                0x100002c7                bluetooth_prompts
 .bss.str_left  0x100002d9       0x10 ./source/encoder.o
                0x100002d9                str_left
 .bss.str_right
                0x100002e9       0x10 ./source/encoder.o
                0x100002e9                str_right
 .bss.motor_left
                0x100002f9        0x3 ./source/motor.o
                0x100002f9                motor_left
 .bss.motor_right
                0x100002fc        0x3 ./source/motor.o
                0x100002fc                motor_right
 .bss.ctimerCallbackType
                0x100002ff        0x1 ./drivers/fsl_ctimer.o
 *(SORT_BY_ALIGNMENT(COMMON))
                0x10000300                . = ALIGN (0x4)
                0x10000300                _ebss = .
                [!provide]                PROVIDE (__end_bss_RAM = .)
                [!provide]                PROVIDE (__end_bss_SRAM = .)
                [!provide]                PROVIDE (end = .)

.noinit_RAM2    0x10003fe0        0x0
                [!provide]                PROVIDE (__start_noinit_RAM2 = .)
                [!provide]                PROVIDE (__start_noinit_IAP_SRAM = .)
 *(SORT_BY_ALIGNMENT(.noinit.$RAM2))
 *(SORT_BY_ALIGNMENT(.noinit.$IAP_SRAM))
 *(SORT_BY_ALIGNMENT(.noinit.$RAM2.*))
 *(SORT_BY_ALIGNMENT(.noinit.$IAP_SRAM.*))
                0x10003fe0                . = ALIGN (0x4)
                [!provide]                PROVIDE (__end_noinit_RAM2 = .)
                [!provide]                PROVIDE (__end_noinit_IAP_SRAM = .)

.noinit         0x10000300        0x0
                0x10000300                _noinit = .
                [!provide]                PROVIDE (__start_noinit_RAM = .)
                [!provide]                PROVIDE (__start_noinit_SRAM = .)
 *(SORT_BY_ALIGNMENT(.noinit*))
                0x10000300                . = ALIGN (0x4)
                0x10000300                _end_noinit = .
                [!provide]                PROVIDE (__end_noinit_RAM = .)
                [!provide]                PROVIDE (__end_noinit_SRAM = .)
                0x000003f8                _HeapSize = 0x3f8

.heap           0x10000300      0x3f8
                0x10000300                _pvHeapStart = .
                0x100006f8                . = (. + _HeapSize)
 *fill*         0x10000300      0x3f8 
                0x100006f8                . = ALIGN (0x4)
                0x100006f8                _pvHeapLimit = .
                0x000003f8                _StackSize = 0x3f8

.heap2stackfill
                0x100006f8      0x3f8
                0x10000af0                . = (. + _StackSize)
 *fill*         0x100006f8      0x3f8 

.stack          0x10003be8        0x0
                0x10003be8                _vStackBase = .
                0x10003be8                . = ALIGN (0x4)
                0x10003fe0                _vStackTop = (. + _StackSize)
                0xefffb159                PROVIDE (__valid_user_code_checksum = (0x0 - (((_vStackTop + (ResetISR + 0x1)) + (DEFINED (NMI_Handler)?NMI_Handler:M0_NMI_Handler + 0x1)) + (DEFINED (HardFault_Handler)?HardFault_Handler:M0_HardFault_Handler + 0x1))))
                0x00000000                _image_start = LOADADDR (.text)
                0x00005148                _image_end = (LOADADDR (.data) + SIZEOF (.data))
                0x00005148                _image_size = (_image_end - _image_start)
OUTPUT(LPC845_Project.axf elf32-littlearm)
LOAD linker stubs

.debug_info     0x00000000    0x1b487
 .debug_info    0x00000000     0x1417 ./utilities/fsl_debug_console.o
 .debug_info    0x00001417      0x664 ./startup/startup_lpc845.o
 .debug_info    0x00001a7b      0x583 ./source/MRT.o
 .debug_info    0x00001ffe      0x201 ./source/PID.o
 .debug_info    0x000021ff      0x4f9 ./source/SysTimer.o
 .debug_info    0x000026f8      0xc90 ./source/bluetooth.o
 .debug_info    0x00003388      0xdbe ./source/car.o
 .debug_info    0x00004146       0xc2 ./source/distance.o
 .debug_info    0x00004208      0xbcd ./source/encoder.o
 .debug_info    0x00004dd5      0xef6 ./source/main.o
 .debug_info    0x00005ccb     0x142b ./source/motor.o
 .debug_info    0x000070f6       0x4f ./source/mtb.o
 .debug_info    0x00007145     0x1458 ./source/optic.o
 .debug_info    0x0000859d       0x38 ./source/semihost_hardfault.o
 .debug_info    0x000085d5       0xbb ./source/sys.o
 .debug_info    0x00008690      0xe66 ./source/ultrasonic.o
 .debug_info    0x000094f6      0xdea ./drivers/fsl_adc.o
 .debug_info    0x0000a2e0     0x16cf ./drivers/fsl_clock.o
 .debug_info    0x0000b9af      0x138 ./drivers/fsl_common_arm.o
 .debug_info    0x0000bae7     0x1867 ./drivers/fsl_ctimer.o
 .debug_info    0x0000d34e      0xe75 ./drivers/fsl_gpio.o
 .debug_info    0x0000e1c3      0xb9a ./drivers/fsl_mrt.o
 .debug_info    0x0000ed5d      0x795 ./drivers/fsl_reset.o
 .debug_info    0x0000f4f2     0x1d3a ./drivers/fsl_sctimer.o
 .debug_info    0x0001122c      0x73f ./drivers/fsl_swm.o
 .debug_info    0x0001196b     0x22cb ./drivers/fsl_usart.o
 .debug_info    0x00013c36      0x7a8 ./device/system_LPC845.o
 .debug_info    0x000143de      0xfd4 ./component/uart/fsl_adapter_miniusart.o
 .debug_info    0x000153b2      0xca4 ./board/board.o
 .debug_info    0x00016056      0xe7b ./board/clock_config.o
 .debug_info    0x00016ed1     0x2acb ./board/peripherals.o
 .debug_info    0x0001999c     0x1aeb ./board/pin_mux.o

.debug_abbrev   0x00000000     0x4839
 .debug_abbrev  0x00000000      0x37d ./utilities/fsl_debug_console.o
 .debug_abbrev  0x0000037d      0x192 ./startup/startup_lpc845.o
 .debug_abbrev  0x0000050f      0x1bc ./source/MRT.o
 .debug_abbrev  0x000006cb      0x133 ./source/PID.o
 .debug_abbrev  0x000007fe      0x1f2 ./source/SysTimer.o
 .debug_abbrev  0x000009f0      0x294 ./source/bluetooth.o
 .debug_abbrev  0x00000c84      0x1ff ./source/car.o
 .debug_abbrev  0x00000e83       0x62 ./source/distance.o
 .debug_abbrev  0x00000ee5      0x1ae ./source/encoder.o
 .debug_abbrev  0x00001093      0x2c6 ./source/main.o
 .debug_abbrev  0x00001359      0x284 ./source/motor.o
 .debug_abbrev  0x000015dd       0x43 ./source/mtb.o
 .debug_abbrev  0x00001620      0x33f ./source/optic.o
 .debug_abbrev  0x0000195f       0x2e ./source/semihost_hardfault.o
 .debug_abbrev  0x0000198d       0x8b ./source/sys.o
 .debug_abbrev  0x00001a18      0x259 ./source/ultrasonic.o
 .debug_abbrev  0x00001c71      0x2ba ./drivers/fsl_adc.o
 .debug_abbrev  0x00001f2b      0x433 ./drivers/fsl_clock.o
 .debug_abbrev  0x0000235e       0xd9 ./drivers/fsl_common_arm.o
 .debug_abbrev  0x00002437      0x46b ./drivers/fsl_ctimer.o
 .debug_abbrev  0x000028a2      0x227 ./drivers/fsl_gpio.o
 .debug_abbrev  0x00002ac9      0x261 ./drivers/fsl_mrt.o
 .debug_abbrev  0x00002d2a      0x1a6 ./drivers/fsl_reset.o
 .debug_abbrev  0x00002ed0      0x430 ./drivers/fsl_sctimer.o
 .debug_abbrev  0x00003300      0x182 ./drivers/fsl_swm.o
 .debug_abbrev  0x00003482      0x4a8 ./drivers/fsl_usart.o
 .debug_abbrev  0x0000392a      0x15b ./device/system_LPC845.o
 .debug_abbrev  0x00003a85      0x2a0 ./component/uart/fsl_adapter_miniusart.o
 .debug_abbrev  0x00003d25      0x1e5 ./board/board.o
 .debug_abbrev  0x00003f0a      0x29a ./board/clock_config.o
 .debug_abbrev  0x000041a4      0x3a7 ./board/peripherals.o
 .debug_abbrev  0x0000454b      0x2ee ./board/pin_mux.o

.debug_loc      0x00000000     0x67df
 .debug_loc     0x00000000      0xc7c ./utilities/fsl_debug_console.o
 .debug_loc     0x00000c7c      0x234 ./startup/startup_lpc845.o
 .debug_loc     0x00000eb0      0x1c2 ./source/MRT.o
 .debug_loc     0x00001072       0xd0 ./source/PID.o
 .debug_loc     0x00001142      0x167 ./source/SysTimer.o
 .debug_loc     0x000012a9      0x118 ./source/bluetooth.o
 .debug_loc     0x000013c1      0x222 ./source/car.o
 .debug_loc     0x000015e3       0x4a ./source/encoder.o
 .debug_loc     0x0000162d      0x12e ./source/main.o
 .debug_loc     0x0000175b      0x270 ./source/motor.o
 .debug_loc     0x000019cb      0x177 ./source/optic.o
 .debug_loc     0x00001b42       0xe2 ./source/ultrasonic.o
 .debug_loc     0x00001c24      0x298 ./drivers/fsl_adc.o
 .debug_loc     0x00001ebc      0xa34 ./drivers/fsl_clock.o
 .debug_loc     0x000028f0      0x165 ./drivers/fsl_common_arm.o
 .debug_loc     0x00002a55      0xa33 ./drivers/fsl_ctimer.o
 .debug_loc     0x00003488      0x22d ./drivers/fsl_gpio.o
 .debug_loc     0x000036b5      0x1a6 ./drivers/fsl_mrt.o
 .debug_loc     0x0000385b      0x175 ./drivers/fsl_reset.o
 .debug_loc     0x000039d0      0xe6d ./drivers/fsl_sctimer.o
 .debug_loc     0x0000483d      0x187 ./drivers/fsl_swm.o
 .debug_loc     0x000049c4      0xebc ./drivers/fsl_usart.o
 .debug_loc     0x00005880       0xca ./device/system_LPC845.o
 .debug_loc     0x0000594a      0x276 ./component/uart/fsl_adapter_miniusart.o
 .debug_loc     0x00005bc0       0x2d ./board/board.o
 .debug_loc     0x00005bed       0xfa ./board/clock_config.o
 .debug_loc     0x00005ce7      0x6ea ./board/peripherals.o
 .debug_loc     0x000063d1      0x40e ./board/pin_mux.o

.debug_aranges  0x00000000      0xa30
 .debug_aranges
                0x00000000       0x58 ./utilities/fsl_debug_console.o
 .debug_aranges
                0x00000058      0x160 ./startup/startup_lpc845.o
 .debug_aranges
                0x000001b8       0x20 ./source/MRT.o
 .debug_aranges
                0x000001d8       0x30 ./source/PID.o
 .debug_aranges
                0x00000208       0x98 ./source/SysTimer.o
 .debug_aranges
                0x000002a0       0x48 ./source/bluetooth.o
 .debug_aranges
                0x000002e8       0x68 ./source/car.o
 .debug_aranges
                0x00000350       0x20 ./source/distance.o
 .debug_aranges
                0x00000370       0x28 ./source/encoder.o
 .debug_aranges
                0x00000398       0x20 ./source/main.o
 .debug_aranges
                0x000003b8       0x50 ./source/motor.o
 .debug_aranges
                0x00000408       0x18 ./source/mtb.o
 .debug_aranges
                0x00000420       0x50 ./source/optic.o
 .debug_aranges
                0x00000470       0x20 ./source/semihost_hardfault.o
 .debug_aranges
                0x00000490       0x20 ./source/sys.o
 .debug_aranges
                0x000004b0       0x48 ./source/ultrasonic.o
 .debug_aranges
                0x000004f8       0x60 ./drivers/fsl_adc.o
 .debug_aranges
                0x00000558       0xe0 ./drivers/fsl_clock.o
 .debug_aranges
                0x00000638       0x20 ./drivers/fsl_common_arm.o
 .debug_aranges
                0x00000658       0x78 ./drivers/fsl_ctimer.o
 .debug_aranges
                0x000006d0       0x28 ./drivers/fsl_gpio.o
 .debug_aranges
                0x000006f8       0x30 ./drivers/fsl_mrt.o
 .debug_aranges
                0x00000728       0x20 ./drivers/fsl_reset.o
 .debug_aranges
                0x00000748       0x88 ./drivers/fsl_sctimer.o
 .debug_aranges
                0x000007d0       0x28 ./drivers/fsl_swm.o
 .debug_aranges
                0x000007f8       0xd0 ./drivers/fsl_usart.o
 .debug_aranges
                0x000008c8       0x30 ./device/system_LPC845.o
 .debug_aranges
                0x000008f8       0x40 ./component/uart/fsl_adapter_miniusart.o
 .debug_aranges
                0x00000938       0x20 ./board/board.o
 .debug_aranges
                0x00000958       0x58 ./board/clock_config.o
 .debug_aranges
                0x000009b0       0x28 ./board/peripherals.o
 .debug_aranges
                0x000009d8       0x58 ./board/pin_mux.o

.debug_ranges   0x00000000     0x1330
 .debug_ranges  0x00000000       0xa0 ./utilities/fsl_debug_console.o
 .debug_ranges  0x000000a0      0x150 ./startup/startup_lpc845.o
 .debug_ranges  0x000001f0       0x58 ./source/MRT.o
 .debug_ranges  0x00000248       0x20 ./source/PID.o
 .debug_ranges  0x00000268       0xa0 ./source/SysTimer.o
 .debug_ranges  0x00000308       0xb0 ./source/bluetooth.o
 .debug_ranges  0x000003b8       0x78 ./source/car.o
 .debug_ranges  0x00000430       0x10 ./source/distance.o
 .debug_ranges  0x00000440       0x18 ./source/encoder.o
 .debug_ranges  0x00000458       0x90 ./source/main.o
 .debug_ranges  0x000004e8       0xb8 ./source/motor.o
 .debug_ranges  0x000005a0       0xd0 ./source/optic.o
 .debug_ranges  0x00000670       0x10 ./source/semihost_hardfault.o
 .debug_ranges  0x00000680       0x10 ./source/sys.o
 .debug_ranges  0x00000690       0x70 ./source/ultrasonic.o
 .debug_ranges  0x00000700       0x80 ./drivers/fsl_adc.o
 .debug_ranges  0x00000780      0x148 ./drivers/fsl_clock.o
 .debug_ranges  0x000008c8       0x28 ./drivers/fsl_common_arm.o
 .debug_ranges  0x000008f0      0x110 ./drivers/fsl_ctimer.o
 .debug_ranges  0x00000a00       0xa8 ./drivers/fsl_gpio.o
 .debug_ranges  0x00000aa8       0x78 ./drivers/fsl_mrt.o
 .debug_ranges  0x00000b20       0x28 ./drivers/fsl_reset.o
 .debug_ranges  0x00000b48      0x168 ./drivers/fsl_sctimer.o
 .debug_ranges  0x00000cb0       0x18 ./drivers/fsl_swm.o
 .debug_ranges  0x00000cc8      0x180 ./drivers/fsl_usart.o
 .debug_ranges  0x00000e48       0x20 ./device/system_LPC845.o
 .debug_ranges  0x00000e68       0x48 ./component/uart/fsl_adapter_miniusart.o
 .debug_ranges  0x00000eb0       0x38 ./board/board.o
 .debug_ranges  0x00000ee8       0xb0 ./board/clock_config.o
 .debug_ranges  0x00000f98      0x220 ./board/peripherals.o
 .debug_ranges  0x000011b8      0x178 ./board/pin_mux.o

.debug_line     0x00000000     0x9319
 .debug_line    0x00000000      0x8c6 ./utilities/fsl_debug_console.o
 .debug_line    0x000008c6      0x3bb ./startup/startup_lpc845.o
 .debug_line    0x00000c81      0x2cc ./source/MRT.o
 .debug_line    0x00000f4d       0xe0 ./source/PID.o
 .debug_line    0x0000102d      0x33f ./source/SysTimer.o
 .debug_line    0x0000136c      0x41e ./source/bluetooth.o
 .debug_line    0x0000178a      0x5a8 ./source/car.o
 .debug_line    0x00001d32       0x77 ./source/distance.o
 .debug_line    0x00001da9      0x360 ./source/encoder.o
 .debug_line    0x00002109      0x53f ./source/main.o
 .debug_line    0x00002648      0x497 ./source/motor.o
 .debug_line    0x00002adf       0x30 ./source/mtb.o
 .debug_line    0x00002b0f      0x646 ./source/optic.o
 .debug_line    0x00003155       0x5a ./source/semihost_hardfault.o
 .debug_line    0x000031af       0xee ./source/sys.o
 .debug_line    0x0000329d      0x41e ./source/ultrasonic.o
 .debug_line    0x000036bb      0x530 ./drivers/fsl_adc.o
 .debug_line    0x00003beb      0xc05 ./drivers/fsl_clock.o
 .debug_line    0x000047f0      0x108 ./drivers/fsl_common_arm.o
 .debug_line    0x000048f8      0x91b ./drivers/fsl_ctimer.o
 .debug_line    0x00005213      0x30a ./drivers/fsl_gpio.o
 .debug_line    0x0000551d      0x2ad ./drivers/fsl_mrt.o
 .debug_line    0x000057ca      0x19f ./drivers/fsl_reset.o
 .debug_line    0x00005969      0xc29 ./drivers/fsl_sctimer.o
 .debug_line    0x00006592      0x1e5 ./drivers/fsl_swm.o
 .debug_line    0x00006777      0xf9f ./drivers/fsl_usart.o
 .debug_line    0x00007716      0x2a1 ./device/system_LPC845.o
 .debug_line    0x000079b7      0x3c4 ./component/uart/fsl_adapter_miniusart.o
 .debug_line    0x00007d7b      0x307 ./board/board.o
 .debug_line    0x00008082      0x426 ./board/clock_config.o
 .debug_line    0x000084a8      0x7e6 ./board/peripherals.o
 .debug_line    0x00008c8e      0x68b ./board/pin_mux.o

.debug_str      0x00000000     0x79aa
 .debug_str     0x00000000     0x1454 ./utilities/fsl_debug_console.o
                               0x14b8 (size before relaxing)
 .debug_str     0x00001454      0x3ad ./startup/startup_lpc845.o
                                0x4da (size before relaxing)
 .debug_str     0x00001801      0x233 ./source/MRT.o
                                0x42e (size before relaxing)
 .debug_str     0x00001a34       0x64 ./source/PID.o
                                0x1fc (size before relaxing)
 .debug_str     0x00001a98      0x12e ./source/SysTimer.o
                                0x2eb (size before relaxing)
 .debug_str     0x00001bc6      0x27d ./source/bluetooth.o
                               0x10d4 (size before relaxing)
 .debug_str     0x00001e43      0x228 ./source/car.o
                               0x11d4 (size before relaxing)
 .debug_str     0x0000206b       0x42 ./source/distance.o
                                0x1f3 (size before relaxing)
 .debug_str     0x000020ad      0x130 ./source/encoder.o
                                0xf62 (size before relaxing)
 .debug_str     0x000021dd      0x628 ./source/main.o
                                0xd1c (size before relaxing)
 .debug_str     0x00002805      0x291 ./source/motor.o
                               0x1158 (size before relaxing)
 .debug_str     0x00002a96       0x1f ./source/mtb.o
                                0x14b (size before relaxing)
 .debug_str     0x00002ab5      0x53d ./source/optic.o
                               0x17de (size before relaxing)
 .debug_str     0x00002ff2       0x1f ./source/semihost_hardfault.o
                                0x14b (size before relaxing)
 .debug_str     0x00003011       0x21 ./source/sys.o
                                0x1de (size before relaxing)
 .debug_str     0x00003032       0x91 ./source/ultrasonic.o
                               0x1042 (size before relaxing)
 .debug_str     0x000030c3      0x70a ./drivers/fsl_adc.o
                                0xc38 (size before relaxing)
 .debug_str     0x000037cd      0x81c ./drivers/fsl_clock.o
                               0x166f (size before relaxing)
 .debug_str     0x00003fe9       0x4d ./drivers/fsl_common_arm.o
                                0x21c (size before relaxing)
 .debug_str     0x00004036      0x912 ./drivers/fsl_ctimer.o
                               0x1392 (size before relaxing)
 .debug_str     0x00004948       0xef ./drivers/fsl_gpio.o
                               0x13db (size before relaxing)
 .debug_str     0x00004a37      0x115 ./drivers/fsl_mrt.o
                                0xb24 (size before relaxing)
 .debug_str     0x00004b4c       0x6e ./drivers/fsl_reset.o
                                0x7fa (size before relaxing)
 .debug_str     0x00004bba      0xc05 ./drivers/fsl_sctimer.o
                               0x192c (size before relaxing)
 .debug_str     0x000057bf      0xa8c ./drivers/fsl_swm.o
                                0xd79 (size before relaxing)
 .debug_str     0x0000624b      0x8ce ./drivers/fsl_usart.o
                               0x22c9 (size before relaxing)
 .debug_str     0x00006b19       0x90 ./device/system_LPC845.o
                                0x588 (size before relaxing)
 .debug_str     0x00006ba9       0xdf ./component/uart/fsl_adapter_miniusart.o
                               0x151c (size before relaxing)
 .debug_str     0x00006c88      0x6e3 ./board/board.o
                               0x18e7 (size before relaxing)
 .debug_str     0x0000736b      0x1f8 ./board/clock_config.o
                               0x105a (size before relaxing)
 .debug_str     0x00007563      0x259 ./board/peripherals.o
                               0x26d8 (size before relaxing)
 .debug_str     0x000077bc      0x1ee ./board/pin_mux.o
                               0x1477 (size before relaxing)

.comment        0x00000000       0x49
 .comment       0x00000000       0x49 ./utilities/fsl_debug_console.o
                                 0x4a (size before relaxing)
 .comment       0x00000049       0x4a ./startup/startup_lpc845.o
 .comment       0x00000049       0x4a ./source/MRT.o
 .comment       0x00000049       0x4a ./source/PID.o
 .comment       0x00000049       0x4a ./source/SysTimer.o
 .comment       0x00000049       0x4a ./source/bluetooth.o
 .comment       0x00000049       0x4a ./source/car.o
 .comment       0x00000049       0x4a ./source/distance.o
 .comment       0x00000049       0x4a ./source/encoder.o
 .comment       0x00000049       0x4a ./source/main.o
 .comment       0x00000049       0x4a ./source/motor.o
 .comment       0x00000049       0x4a ./source/mtb.o
 .comment       0x00000049       0x4a ./source/optic.o
 .comment       0x00000049       0x4a ./source/semihost_hardfault.o
 .comment       0x00000049       0x4a ./source/sys.o
 .comment       0x00000049       0x4a ./source/ultrasonic.o
 .comment       0x00000049       0x4a ./drivers/fsl_adc.o
 .comment       0x00000049       0x4a ./drivers/fsl_clock.o
 .comment       0x00000049       0x4a ./drivers/fsl_common_arm.o
 .comment       0x00000049       0x4a ./drivers/fsl_ctimer.o
 .comment       0x00000049       0x4a ./drivers/fsl_gpio.o
 .comment       0x00000049       0x4a ./drivers/fsl_mrt.o
 .comment       0x00000049       0x4a ./drivers/fsl_reset.o
 .comment       0x00000049       0x4a ./drivers/fsl_sctimer.o
 .comment       0x00000049       0x4a ./drivers/fsl_swm.o
 .comment       0x00000049       0x4a ./drivers/fsl_usart.o
 .comment       0x00000049       0x4a ./device/system_LPC845.o
 .comment       0x00000049       0x4a ./component/uart/fsl_adapter_miniusart.o
 .comment       0x00000049       0x4a ./board/board.o
 .comment       0x00000049       0x4a ./board/clock_config.o
 .comment       0x00000049       0x4a ./board/peripherals.o
 .comment       0x00000049       0x4a ./board/pin_mux.o
 .comment       0x00000049       0x4a c:/nxp/mcuxpressoide_11.7.0_9198/ide/plugins/com.nxp.mcuxpresso.tools.win32_11.7.0.202209140929/tools/bin/../lib/gcc/arm-none-eabi/10.3.1/../../../../arm-none-eabi/lib/thumb/v6-m/nofp\libcr_nohost_nf.a(_cr__main.o)
 .comment       0x00000049       0x4a c:/nxp/mcuxpressoide_11.7.0_9198/ide/plugins/com.nxp.mcuxpresso.tools.win32_11.7.0.202209140929/tools/bin/../lib/gcc/arm-none-eabi/10.3.1/../../../../arm-none-eabi/lib/thumb/v6-m/nofp\libcr_c.a(ceilf.o)
 .comment       0x00000049       0x4a c:/nxp/mcuxpressoide_11.7.0_9198/ide/plugins/com.nxp.mcuxpresso.tools.win32_11.7.0.202209140929/tools/bin/../lib/gcc/arm-none-eabi/10.3.1/../../../../arm-none-eabi/lib/thumb/v6-m/nofp\libcr_c.a(memcpy.o)
 .comment       0x00000049       0x4a c:/nxp/mcuxpressoide_11.7.0_9198/ide/plugins/com.nxp.mcuxpresso.tools.win32_11.7.0.202209140929/tools/bin/../lib/gcc/arm-none-eabi/10.3.1/../../../../arm-none-eabi/lib/thumb/v6-m/nofp\libcr_c.a(memset.o)
 .comment       0x00000049       0x4a c:/nxp/mcuxpressoide_11.7.0_9198/ide/plugins/com.nxp.mcuxpresso.tools.win32_11.7.0.202209140929/tools/bin/../lib/gcc/arm-none-eabi/10.3.1/../../../../arm-none-eabi/lib/thumb/v6-m/nofp\libcr_c.a(alloc.o)
 .comment       0x00000049       0x4a c:/nxp/mcuxpressoide_11.7.0_9198/ide/plugins/com.nxp.mcuxpresso.tools.win32_11.7.0.202209140929/tools/bin/../lib/gcc/arm-none-eabi/10.3.1/../../../../arm-none-eabi/lib/thumb/v6-m/nofp\libcr_c.a(errno.o)
 .comment       0x00000049       0x4a c:/nxp/mcuxpressoide_11.7.0_9198/ide/plugins/com.nxp.mcuxpresso.tools.win32_11.7.0.202209140929/tools/bin/../lib/gcc/arm-none-eabi/10.3.1/../../../../arm-none-eabi/lib/thumb/v6-m/nofp\libcr_c.a(fpprintf.o)
 .comment       0x00000049       0x4a c:/nxp/mcuxpressoide_11.7.0_9198/ide/plugins/com.nxp.mcuxpresso.tools.win32_11.7.0.202209140929/tools/bin/../lib/gcc/arm-none-eabi/10.3.1/../../../../arm-none-eabi/lib/thumb/v6-m/nofp\libcr_c.a(initio.o)
 .comment       0x00000049       0x4a c:/nxp/mcuxpressoide_11.7.0_9198/ide/plugins/com.nxp.mcuxpresso.tools.win32_11.7.0.202209140929/tools/bin/../lib/gcc/arm-none-eabi/10.3.1/../../../../arm-none-eabi/lib/thumb/v6-m/nofp\libcr_c.a(printf.o)
 .comment       0x00000049       0x4a c:/nxp/mcuxpressoide_11.7.0_9198/ide/plugins/com.nxp.mcuxpresso.tools.win32_11.7.0.202209140929/tools/bin/../lib/gcc/arm-none-eabi/10.3.1/../../../../arm-none-eabi/lib/thumb/v6-m/nofp\libcr_c.a(setvbuf.o)
 .comment       0x00000049       0x4a c:/nxp/mcuxpressoide_11.7.0_9198/ide/plugins/com.nxp.mcuxpresso.tools.win32_11.7.0.202209140929/tools/bin/../lib/gcc/arm-none-eabi/10.3.1/../../../../arm-none-eabi/lib/thumb/v6-m/nofp\libcr_c.a(strlen.o)
 .comment       0x00000049       0x4a c:/nxp/mcuxpressoide_11.7.0_9198/ide/plugins/com.nxp.mcuxpresso.tools.win32_11.7.0.202209140929/tools/bin/../lib/gcc/arm-none-eabi/10.3.1/../../../../arm-none-eabi/lib/thumb/v6-m/nofp\libcr_c.a(__init_alloc.o)
 .comment       0x00000049       0x4a c:/nxp/mcuxpressoide_11.7.0_9198/ide/plugins/com.nxp.mcuxpresso.tools.win32_11.7.0.202209140929/tools/bin/../lib/gcc/arm-none-eabi/10.3.1/../../../../arm-none-eabi/lib/thumb/v6-m/nofp\libcr_c.a(_cr_sbrk.o)
 .comment       0x00000049       0x4a c:/nxp/mcuxpressoide_11.7.0_9198/ide/plugins/com.nxp.mcuxpresso.tools.win32_11.7.0.202209140929/tools/bin/../lib/gcc/arm-none-eabi/10.3.1/../../../../arm-none-eabi/lib/thumb/v6-m/nofp\libcr_c.a(_deferredlazyseek.o)
 .comment       0x00000049       0x4a c:/nxp/mcuxpressoide_11.7.0_9198/ide/plugins/com.nxp.mcuxpresso.tools.win32_11.7.0.202209140929/tools/bin/../lib/gcc/arm-none-eabi/10.3.1/../../../../arm-none-eabi/lib/thumb/v6-m/nofp\libcr_c.a(_fdopen.o)
 .comment       0x00000049       0x4a c:/nxp/mcuxpressoide_11.7.0_9198/ide/plugins/com.nxp.mcuxpresso.tools.win32_11.7.0.202209140929/tools/bin/../lib/gcc/arm-none-eabi/10.3.1/../../../../arm-none-eabi/lib/thumb/v6-m/nofp\libcr_c.a(_fflush.o)
 .comment       0x00000049       0x4a c:/nxp/mcuxpressoide_11.7.0_9198/ide/plugins/com.nxp.mcuxpresso.tools.win32_11.7.0.202209140929/tools/bin/../lib/gcc/arm-none-eabi/10.3.1/../../../../arm-none-eabi/lib/thumb/v6-m/nofp\libcr_c.a(_frexpl.o)
 .comment       0x00000049       0x4a c:/nxp/mcuxpressoide_11.7.0_9198/ide/plugins/com.nxp.mcuxpresso.tools.win32_11.7.0.202209140929/tools/bin/../lib/gcc/arm-none-eabi/10.3.1/../../../../arm-none-eabi/lib/thumb/v6-m/nofp\libcr_c.a(_ldexpl.o)
 .comment       0x00000049       0x4a c:/nxp/mcuxpressoide_11.7.0_9198/ide/plugins/com.nxp.mcuxpresso.tools.win32_11.7.0.202209140929/tools/bin/../lib/gcc/arm-none-eabi/10.3.1/../../../../arm-none-eabi/lib/thumb/v6-m/nofp\libcr_c.a(_writebuf.o)
 .comment       0x00000049       0x4a c:/nxp/mcuxpressoide_11.7.0_9198/ide/plugins/com.nxp.mcuxpresso.tools.win32_11.7.0.202209140929/tools/bin/../lib/gcc/arm-none-eabi/10.3.1/../../../../arm-none-eabi/lib/thumb/v6-m/nofp\libcr_c.a(fclose.o)
 .comment       0x00000049       0x4a c:/nxp/mcuxpressoide_11.7.0_9198/ide/plugins/com.nxp.mcuxpresso.tools.win32_11.7.0.202209140929/tools/bin/../lib/gcc/arm-none-eabi/10.3.1/../../../../arm-none-eabi/lib/thumb/v6-m/nofp\libcr_c.a(fflush.o)
 .comment       0x00000049       0x4a c:/nxp/mcuxpressoide_11.7.0_9198/ide/plugins/com.nxp.mcuxpresso.tools.win32_11.7.0.202209140929/tools/bin/../lib/gcc/arm-none-eabi/10.3.1/../../../../arm-none-eabi/lib/thumb/v6-m/nofp\libcr_c.a(fseek.o)
 .comment       0x00000049       0x4a c:/nxp/mcuxpressoide_11.7.0_9198/ide/plugins/com.nxp.mcuxpresso.tools.win32_11.7.0.202209140929/tools/bin/../lib/gcc/arm-none-eabi/10.3.1/../../../../arm-none-eabi/lib/thumb/v6-m/nofp\libcr_c.a(ftell.o)
 .comment       0x00000049       0x4a c:/nxp/mcuxpressoide_11.7.0_9198/ide/plugins/com.nxp.mcuxpresso.tools.win32_11.7.0.202209140929/tools/bin/../lib/gcc/arm-none-eabi/10.3.1/../../../../arm-none-eabi/lib/thumb/v6-m/nofp\libcr_c.a(remove.o)
 .comment       0x00000049       0x4a c:/nxp/mcuxpressoide_11.7.0_9198/ide/plugins/com.nxp.mcuxpresso.tools.win32_11.7.0.202209140929/tools/bin/../lib/gcc/arm-none-eabi/10.3.1/../../../../arm-none-eabi/lib/thumb/v6-m/nofp\libcr_c.a(_cr_check_heap.o)
 .comment       0x00000049       0x4a c:/nxp/mcuxpressoide_11.7.0_9198/ide/plugins/com.nxp.mcuxpresso.tools.win32_11.7.0.202209140929/tools/bin/../lib/gcc/arm-none-eabi/10.3.1/../../../../arm-none-eabi/lib/thumb/v6-m/nofp\libcr_c.a(_do_fflush.o)
 .comment       0x00000049       0x4a c:/nxp/mcuxpressoide_11.7.0_9198/ide/plugins/com.nxp.mcuxpresso.tools.win32_11.7.0.202209140929/tools/bin/../lib/gcc/arm-none-eabi/10.3.1/thumb/v6-m/nofp\libcr_eabihelpers.a(double.o)
 .comment       0x00000049       0x4a c:/nxp/mcuxpressoide_11.7.0_9198/ide/plugins/com.nxp.mcuxpresso.tools.win32_11.7.0.202209140929/tools/bin/../lib/gcc/arm-none-eabi/10.3.1/thumb/v6-m/nofp\libcr_eabihelpers.a(float.o)
 .comment       0x00000049       0x4a c:/nxp/mcuxpressoide_11.7.0_9198/ide/plugins/com.nxp.mcuxpresso.tools.win32_11.7.0.202209140929/tools/bin/../lib/gcc/arm-none-eabi/10.3.1/../../../../arm-none-eabi/lib/thumb/v6-m/nofp\libcr_nohost_nf.a(__ciob.o)
 .comment       0x00000049       0x4a c:/nxp/mcuxpressoide_11.7.0_9198/ide/plugins/com.nxp.mcuxpresso.tools.win32_11.7.0.202209140929/tools/bin/../lib/gcc/arm-none-eabi/10.3.1/../../../../arm-none-eabi/lib/thumb/v6-m/nofp\libcr_nohost_nf.a(__sys_appexit.o)
 .comment       0x00000049       0x4a c:/nxp/mcuxpressoide_11.7.0_9198/ide/plugins/com.nxp.mcuxpresso.tools.win32_11.7.0.202209140929/tools/bin/../lib/gcc/arm-none-eabi/10.3.1/../../../../arm-none-eabi/lib/thumb/v6-m/nofp\libcr_nohost_nf.a(__sys_close.o)
 .comment       0x00000049       0x4a c:/nxp/mcuxpressoide_11.7.0_9198/ide/plugins/com.nxp.mcuxpresso.tools.win32_11.7.0.202209140929/tools/bin/../lib/gcc/arm-none-eabi/10.3.1/../../../../arm-none-eabi/lib/thumb/v6-m/nofp\libcr_nohost_nf.a(__sys_flen.o)
 .comment       0x00000049       0x4a c:/nxp/mcuxpressoide_11.7.0_9198/ide/plugins/com.nxp.mcuxpresso.tools.win32_11.7.0.202209140929/tools/bin/../lib/gcc/arm-none-eabi/10.3.1/../../../../arm-none-eabi/lib/thumb/v6-m/nofp\libcr_nohost_nf.a(__sys_istty.o)
 .comment       0x00000049       0x4a c:/nxp/mcuxpressoide_11.7.0_9198/ide/plugins/com.nxp.mcuxpresso.tools.win32_11.7.0.202209140929/tools/bin/../lib/gcc/arm-none-eabi/10.3.1/../../../../arm-none-eabi/lib/thumb/v6-m/nofp\libcr_nohost_nf.a(__sys_remove.o)
 .comment       0x00000049       0x4a c:/nxp/mcuxpressoide_11.7.0_9198/ide/plugins/com.nxp.mcuxpresso.tools.win32_11.7.0.202209140929/tools/bin/../lib/gcc/arm-none-eabi/10.3.1/../../../../arm-none-eabi/lib/thumb/v6-m/nofp\libcr_nohost_nf.a(__sys_seek.o)
 .comment       0x00000049       0x4a c:/nxp/mcuxpressoide_11.7.0_9198/ide/plugins/com.nxp.mcuxpresso.tools.win32_11.7.0.202209140929/tools/bin/../lib/gcc/arm-none-eabi/10.3.1/../../../../arm-none-eabi/lib/thumb/v6-m/nofp\libcr_nohost_nf.a(__sys_tmpnam.o)
 .comment       0x00000049       0x4a c:/nxp/mcuxpressoide_11.7.0_9198/ide/plugins/com.nxp.mcuxpresso.tools.win32_11.7.0.202209140929/tools/bin/../lib/gcc/arm-none-eabi/10.3.1/../../../../arm-none-eabi/lib/thumb/v6-m/nofp\libcr_nohost_nf.a(__sys_write.o)

.ARM.attributes
                0x00000000       0x2a
 .ARM.attributes
                0x00000000       0x2c ./utilities/fsl_debug_console.o
 .ARM.attributes
                0x0000002c       0x2c ./startup/startup_lpc845.o
 .ARM.attributes
                0x00000058       0x2c ./source/MRT.o
 .ARM.attributes
                0x00000084       0x2c ./source/PID.o
 .ARM.attributes
                0x000000b0       0x2c ./source/SysTimer.o
 .ARM.attributes
                0x000000dc       0x2c ./source/bluetooth.o
 .ARM.attributes
                0x00000108       0x2c ./source/car.o
 .ARM.attributes
                0x00000134       0x2c ./source/distance.o
 .ARM.attributes
                0x00000160       0x2c ./source/encoder.o
 .ARM.attributes
                0x0000018c       0x2c ./source/main.o
 .ARM.attributes
                0x000001b8       0x2c ./source/motor.o
 .ARM.attributes
                0x000001e4       0x2c ./source/mtb.o
 .ARM.attributes
                0x00000210       0x2c ./source/optic.o
 .ARM.attributes
                0x0000023c       0x2c ./source/semihost_hardfault.o
 .ARM.attributes
                0x00000268       0x2c ./source/sys.o
 .ARM.attributes
                0x00000294       0x2c ./source/ultrasonic.o
 .ARM.attributes
                0x000002c0       0x2c ./drivers/fsl_adc.o
 .ARM.attributes
                0x000002ec       0x2c ./drivers/fsl_clock.o
 .ARM.attributes
                0x00000318       0x2c ./drivers/fsl_common_arm.o
 .ARM.attributes
                0x00000344       0x2c ./drivers/fsl_ctimer.o
 .ARM.attributes
                0x00000370       0x2c ./drivers/fsl_gpio.o
 .ARM.attributes
                0x0000039c       0x2c ./drivers/fsl_mrt.o
 .ARM.attributes
                0x000003c8       0x2c ./drivers/fsl_reset.o
 .ARM.attributes
                0x000003f4       0x2c ./drivers/fsl_sctimer.o
 .ARM.attributes
                0x00000420       0x2c ./drivers/fsl_swm.o
 .ARM.attributes
                0x0000044c       0x2c ./drivers/fsl_usart.o
 .ARM.attributes
                0x00000478       0x2c ./device/system_LPC845.o
 .ARM.attributes
                0x000004a4       0x2c ./component/uart/fsl_adapter_miniusart.o
 .ARM.attributes
                0x000004d0       0x2c ./board/board.o
 .ARM.attributes
                0x000004fc       0x2c ./board/clock_config.o
 .ARM.attributes
                0x00000528       0x2c ./board/peripherals.o
 .ARM.attributes
                0x00000554       0x2c ./board/pin_mux.o
 .ARM.attributes
                0x00000580       0x2c c:/nxp/mcuxpressoide_11.7.0_9198/ide/plugins/com.nxp.mcuxpresso.tools.win32_11.7.0.202209140929/tools/bin/../lib/gcc/arm-none-eabi/10.3.1/../../../../arm-none-eabi/lib/thumb/v6-m/nofp\libcr_nohost_nf.a(_cr__main.o)
 .ARM.attributes
                0x000005ac       0x2c c:/nxp/mcuxpressoide_11.7.0_9198/ide/plugins/com.nxp.mcuxpresso.tools.win32_11.7.0.202209140929/tools/bin/../lib/gcc/arm-none-eabi/10.3.1/../../../../arm-none-eabi/lib/thumb/v6-m/nofp\libcr_c.a(ceilf.o)
 .ARM.attributes
                0x000005d8       0x2c c:/nxp/mcuxpressoide_11.7.0_9198/ide/plugins/com.nxp.mcuxpresso.tools.win32_11.7.0.202209140929/tools/bin/../lib/gcc/arm-none-eabi/10.3.1/../../../../arm-none-eabi/lib/thumb/v6-m/nofp\libcr_c.a(memcpy.o)
 .ARM.attributes
                0x00000604       0x2c c:/nxp/mcuxpressoide_11.7.0_9198/ide/plugins/com.nxp.mcuxpresso.tools.win32_11.7.0.202209140929/tools/bin/../lib/gcc/arm-none-eabi/10.3.1/../../../../arm-none-eabi/lib/thumb/v6-m/nofp\libcr_c.a(memset.o)
 .ARM.attributes
                0x00000630       0x2c c:/nxp/mcuxpressoide_11.7.0_9198/ide/plugins/com.nxp.mcuxpresso.tools.win32_11.7.0.202209140929/tools/bin/../lib/gcc/arm-none-eabi/10.3.1/../../../../arm-none-eabi/lib/thumb/v6-m/nofp\libcr_c.a(alloc.o)
 .ARM.attributes
                0x0000065c       0x2c c:/nxp/mcuxpressoide_11.7.0_9198/ide/plugins/com.nxp.mcuxpresso.tools.win32_11.7.0.202209140929/tools/bin/../lib/gcc/arm-none-eabi/10.3.1/../../../../arm-none-eabi/lib/thumb/v6-m/nofp\libcr_c.a(errno.o)
 .ARM.attributes
                0x00000688       0x2c c:/nxp/mcuxpressoide_11.7.0_9198/ide/plugins/com.nxp.mcuxpresso.tools.win32_11.7.0.202209140929/tools/bin/../lib/gcc/arm-none-eabi/10.3.1/../../../../arm-none-eabi/lib/thumb/v6-m/nofp\libcr_c.a(fpprintf.o)
 .ARM.attributes